Microchip MPLAB XC8 Compiler V2.05 ()

Linker command line:

-W-3 --edf=C:\Program Files (x86)\Microchip\xc8\v2.05\pic\dat\en_msgs.txt \
  -cs -h+dist/default/production\ECM_Final_Project.X.production.sym \
  --cmf=dist/default/production\ECM_Final_Project.X.production.cmf -z \
  -Q18F4331 -oC:\Users\charl\AppData\Local\Temp\s6mg.2 \
  --defsym=__MPLAB_BUILD=1 \
  -Mdist/default/production/ECM_Final_Project.X.production.map -E1 -ver=XC8 \
  --acfsm=1493 -ASTACK=0120h-02FFh -pstack=STACK -ACODE=00h-01FFFh \
  -ACONST=00h-01FFFh -ASMALLCONST=0300h-03FFhx29 -AMEDIUMCONST=0300h-01FFFh \
  -ACOMRAM=01h-05Fh -AABS1=00h-02FFh -ABIGRAM=01h-02FFh \
  -ARAM=060h-0FFh,0100h-01FFhx2 -ABANK0=060h-0FFh -ABANK1=0100h-01FFh \
  -ABANK2=0200h-02FFh -ASFR=0F60h-0FFFh \
  -preset_vec=00h,intcode=08h,intcodelo=018h,powerup,init -pramtop=0300h \
  -psmallconst=SMALLCONST -pmediumconst=MEDIUMCONST -pconst=CONST \
  -AFARRAM=00h-00h -ACONFIG=0300000h-030000Dh -pconfig=CONFIG \
  -AIDLOC=0200000h-0200007h -pidloc=IDLOC -AEEDATA=0F00000h-0F000FFh \
  -peeprom_data=EEDATA \
  -prdata=COMRAM,nvrram=COMRAM,nvbit=COMRAM,rbss=COMRAM,rbit=COMRAM \
  -pfarbss=FARRAM,fardata=FARRAM,nvFARRAM=FARRAM \
  -pintsave_regs=BIGRAM,bigbss=BIGRAM,bigdata=BIGRAM -pbss=RAM \
  -pidata=CODE,irdata=CODE,ibigdata=CODE,ifardata=CODE -prparam=COMRAM \
  C:\Users\charl\AppData\Local\Temp\s6mg.o \
  dist/default/production\ECM_Final_Project.X.production.o 

Object code version is 3.11

Machine type is 18F4331

Call graph: (short form)




                Name                               Link     Load   Length Selector   Space Scale
C:\Users\charl\AppData\Local\Temp\s6mg.o
                init                                 26       26        4        C       0
                reset_vec                             0        0        4        0       0
                idloc                            200000   200000        8   200000       0
                config                           300000   300000        E   300000       0
dist/default/production\ECM_Final_Project.X.production.o
                intcodelo                            18       18        E        C       0
                intcode                               8        8        6        4       0
                temp                                 39       39        1        1       1
                smallconst                          300      300       46      180       0
                text31                             11BA     11BA        E      1A3       0
                text30                              DD8      DD8       78      1A3       0
                text29                             1092     1092       30      1A3       0
                text28                              EB2      EB2       5E      1A3       0
                text27                             10F0     10F0       2E      1A3       0
                text26                              668      668      150      1A3       0
                text25                             1192     1192       1A      1A3       0
                text24                              CD4      CD4       88      1A3       0
                intcode_body                        C4A      C4A       8A      1A3       0
                text21                             11AC     11AC        E      1A3       0
                text20                              D5C      D5C       7C      1A3       0
                text19                              FF4      FF4       38      1A3       0
                text18                             111E     111E       20      1A3       0
                text17                              E50      E50       62      1A3       0
                text16                             102C     102C       34      1A3       0
                text15                              8B0      8B0       DA      1A3       0
                text14                             1178     1178       1A      1A3       0
                text13                             115C     115C       1C      1A3       0
                text12                             113E     113E       1E      1A3       0
                text11                              98A      98A       D0      1A3       0
                text10                              A5A      A5A       B0      1A3       0
                text9                              11C8     11C8        2      1A3       0
                text8                               B0A      B0A       A2      1A3       0
                text7                               FB8      FB8       3C      1A3       0
                text6                              10C2     10C2       2E      1A3       0
                text5                               BAC      BAC       9E      1A3       0
                text4                               346      346      1B4      1A3       0
                text3                               4FA      4FA      16E      1A3       0
                text2                               F10      F10       56      1A3       0
                text1                               F66      F66       52      1A3       0
                text0                               7B8      7B8       F8      1A3       0
                cstackCOMRAM                          1        1       2A        1       1
                cstackBANK0                          60       60       8C       60       1
                bssBANK1                            100      100       20      100       1
                bssBANK0                             EC       EC        8       60       1
                bssCOMRAM                            2B       2B        E        1       1
                cinit                              1060     1060       32      1A3       0

TOTAL           Name                               Link     Load   Length     Space
        CLASS   STACK          

        CLASS   CODE           
                intcodelo                            18       18        E         0
                intcode                               8        8        6         0
                init                                 26       26        4         0
                reset_vec                             0        0        4         0
                text31                             11BA     11BA        E         0
                text30                              DD8      DD8       78         0
                text29                             1092     1092       30         0
                text28                              EB2      EB2       5E         0
                text27                             10F0     10F0       2E         0
                text26                              668      668      150         0
                text25                             1192     1192       1A         0
                text24                              CD4      CD4       88         0
                intcode_body                        C4A      C4A       8A         0
                text21                             11AC     11AC        E         0
                text20                              D5C      D5C       7C         0
                text19                              FF4      FF4       38         0
                text18                             111E     111E       20         0
                text17                              E50      E50       62         0
                text16                             102C     102C       34         0
                text15                              8B0      8B0       DA         0
                text14                             1178     1178       1A         0
                text13                             115C     115C       1C         0
                text12                             113E     113E       1E         0
                text11                              98A      98A       D0         0
                text10                              A5A      A5A       B0         0
                text9                              11C8     11C8        2         0
                text8                               B0A      B0A       A2         0
                text7                               FB8      FB8       3C         0
                text6                              10C2     10C2       2E         0
                text5                               BAC      BAC       9E         0
                text4                               346      346      1B4         0
                text3                               4FA      4FA      16E         0
                text2                               F10      F10       56         0
                text1                               F66      F66       52         0
                text0                               7B8      7B8       F8         0
                cinit                              1060     1060       32         0

        CLASS   CONST          

        CLASS   SMALLCONST     
                smallconst                          300      300       46         0

        CLASS   MEDIUMCONST    

        CLASS   COMRAM         
                temp                                 39       39        1         1
                cstackCOMRAM                          1        1       2A         1
                bssCOMRAM                            2B       2B        E         1

        CLASS   ABS1           

        CLASS   BIGRAM         

        CLASS   RAM            

        CLASS   BANK0          
                cstackBANK0                          60       60       8C         1
                bssBANK0                             EC       EC        8         1

        CLASS   BANK1          
                bssBANK1                            100      100       20         1

        CLASS   BANK2          

        CLASS   SFR            

        CLASS   FARRAM         

        CLASS   CONFIG         
                config                           300000   300000        E         0

        CLASS   IDLOC          
                idloc                            200000   200000        8         0

        CLASS   EEDATA         



SEGMENTS        Name                           Load    Length   Top    Selector   Space  Class

                reset_vec                      000000  000004  000004         0       0  CODE    
                cstackCOMRAM                   000001  000039  00003A         1       1  COMRAM  
                intcode                        000008  000006  00000E         4       0  CODE    
                intcodelo                      000018  000012  00002A         C       0  CODE    
                cstackBANK0                    000060  000094  0000F4        60       1  BANK0   
                bssBANK1                       000100  000020  000120       100       1  BANK1   
                smallconst                     000300  000046  000346       180       0  SMALLCON
                text4                          000346  000E84  0011CA       1A3       0  CODE    
                idloc                          200000  000008  200008    200000       0  IDLOC   
                config                         300000  00000E  30000E    300000       0  CONFIG  


UNUSED ADDRESS RANGES

        Name                Unused          Largest block    Delta
        BANK0            0000F4-0000FF                C
        BANK1            000120-0001FF               E0
        BANK2            000200-0002FF              100
        BIGRAM           00003A-00005F               26
                         0000F4-0000FF                C
                         000120-0002FF              1E0
        CODE             000004-000007                4
                         00000E-000017                A
                         00002A-0002FF              2D6
                         0011CA-001FFF              E36
        COMRAM           00003A-00005F               26
        CONST            000004-000007                4
                         00000E-000017                A
                         00002A-0002FF              2D6
                         0011CA-001FFF              E36
        EEDATA           F00000-F000FF              100
        MEDIUMCONST      0011CA-001FFF              E36
        RAM              0000F4-0000FF                C
                         000120-0002FF               E0
        SFR              000F60-000FFF               A0
        SMALLCONST       0011CA-001FFF              100
        STACK            000120-0002FF              1E0

                                  Symbol Table

?___lodiv                      cstackBANK0  000061
?___lomod                      cstackBANK0  000061
?_pad                          cstackBANK0  000071
?_sprintf                      cstackBANK0  0000B6
?_strlen                       cstackBANK0  000061
?_utoa                         cstackBANK0  00007C
?_vfpfcnvrt                    cstackBANK0  00009C
?_vfprintf                     cstackBANK0  0000AE
InterruptHandlerHigh@RFID_flag cstackCOMRAM 00002A
InterruptHandlerHigh@RFIDbuf   bssCOMRAM    00002D
LCD_String@string              cstackBANK0  000065
LCDout@number                  cstackBANK0  000062
SendLCD@Byte                   cstackBANK0  000064
SendLCD@type                   cstackBANK0  000063
SetLine@line                   cstackBANK0  000065
_ANSEL0                        (abs)        000FB8
_ANSEL1                        (abs)        000FB9
_BAUDCONbits                   (abs)        000FAA
_CAP1BUFH                      (abs)        000F69
_CAP1BUFL                      (abs)        000F68
_CAP1CON                       (abs)        000F63
_ClearLCD                      text18       00111E
_DFLTCON                       (abs)        000F60
_E_TOG                         text21       0011AC
_INTCONbits                    (abs)        000FF2
_IPR1bits                      (abs)        000F9F
_InterruptHandlerHigh          intcode      000008
_InterruptHandlerLow           intcodelo    000018
_LATAbits                      (abs)        000F89
_LATB                          (abs)        000F8A
_LATCbits                      (abs)        000F8B
_LATDbits                      (abs)        000F8C
_LCD_String                    text17       000E50
_LCDout                        text20       000D5C
_OSCCON                        (abs)        000FD3
_OSCCONbits                    (abs)        000FD3
_PIE1bits                      (abs)        000F9D
_PIR1bits                      (abs)        000F9E
_PORTDbits                     (abs)        000F83
_PTCON0                        (abs)        000F7F
_PTCON1                        (abs)        000F7E
_PTPERH                        (abs)        000F7A
_PTPERL                        (abs)        000F7B
_PWMCON0                       (abs)        000F6F
_PWMCON1                       (abs)        000F6E
_RCONbits                      (abs)        000FD0
_RCREG                         (abs)        000FAE
_RCSTAbits                     (abs)        000FAB
_SPBRG                         (abs)        000FAF
_SPBRGH                        (abs)        000FB0
_SendLCD                       text19       000FF4
_SetLine                       text16       00102C
_T5CON                         (abs)        000FB7
_TRISAbits                     (abs)        000F92
_TRISCbits                     (abs)        000F94
_TRISDbits                     (abs)        000F95
_TXSTAbits                     (abs)        000FAC
__CFG_LVP$OFF                  (abs)        000000
__CFG_MCLRE$OFF                (abs)        000000
__CFG_OSC$IRCIO                (abs)        000000
__HRAM                         (abs)        000000
__Habs1                        abs1         000000
__Hbank0                       bank0        000000
__Hbank1                       bank1        000000
__Hbank2                       bank2        000000
__Hbigbss                      bigbss       000000
__Hbigdata                     bigdata      000000
__Hbigram                      bigram       000000
__Hbss                         bss          000000
__HbssBANK0                    bssBANK0     000000
__HbssBANK1                    bssBANK1     000000
__HbssCOMRAM                   bssCOMRAM    000000
__Hcinit                       cinit        000000
__Hclrtext                     clrtext      000000
__Hcomram                      comram       000000
__Hconfig                      config       30000E
__Hconst                       const        000000
__HcstackBANK0                 cstackBANK0  000000
__HcstackCOMRAM                cstackCOMRAM 000000
__Hdata                        data         000000
__Heeprom_data                 eeprom_data  000000
__Hfarbss                      farbss       000000
__Hfardata                     fardata      000000
__Hibigdata                    ibigdata     000000
__Hidata                       idata        000000
__Hidloc                       idloc        200008
__Hifardata                    ifardata     000000
__Hinit                        init         00002A
__Hintcode                     intcode      00000E
__Hintcode_body                intcode_body 000000
__Hintcodelo                   intcodelo    000026
__Hintentry                    intentry     000000
__Hintret                      intret       000000
__Hintsave_regs                intsave_regs 000000
__Hirdata                      irdata       000000
__Hmediumconst                 mediumconst  000000
__HnvFARRAM                    nvFARRAM     000000
__Hnvbit                       nvbit        000000
__Hnvrram                      nvrram       000000
__Hparam                       rparam       000000
__Hpowerup                     powerup      000026
__Hram                         ram          000000
__Hramtop                      ramtop       000300
__Hrbit                        rbit         000000
__Hrbss                        rbss         000000
__Hrdata                       rdata        000000
__Hreset_vec                   reset_vec    000004
__Hrparam                      rparam       000000
__Hsfr                         sfr          000000
__Hsmallconst                  smallconst   000346
__Hspace_0                     (abs)        30000E
__Hspace_1                     (abs)        000120
__Hspace_2                     (abs)        000000
__Hstack                       stack        000000
__Hstruct                      struct       000000
__Htemp                        temp         00003A
__Htext                        text         000000
__Htext0                       text0        000000
__Htext1                       text1        000000
__Htext10                      text10       000000
__Htext11                      text11       000000
__Htext12                      text12       000000
__Htext13                      text13       000000
__Htext14                      text14       000000
__Htext15                      text15       000000
__Htext16                      text16       000000
__Htext17                      text17       000000
__Htext18                      text18       000000
__Htext19                      text19       000000
__Htext2                       text2        000000
__Htext20                      text20       000000
__Htext21                      text21       000000
__Htext24                      text24       000000
__Htext25                      text25       000000
__Htext26                      text26       000000
__Htext27                      text27       000000
__Htext28                      text28       000000
__Htext29                      text29       000000
__Htext3                       text3        000000
__Htext30                      text30       000000
__Htext31                      text31       000000
__Htext4                       text4        000000
__Htext5                       text5        000000
__Htext6                       text6        000000
__Htext7                       text7        000000
__Htext8                       text8        000000
__Htext9                       text9        000000
__LRAM                         (abs)        000001
__Labs1                        abs1         000000
__Lbank0                       bank0        000000
__Lbank1                       bank1        000000
__Lbank2                       bank2        000000
__Lbigbss                      bigbss       000000
__Lbigdata                     bigdata      000000
__Lbigram                      bigram       000000
__Lbss                         bss          000000
__LbssBANK0                    bssBANK0     000000
__LbssBANK1                    bssBANK1     000000
__LbssCOMRAM                   bssCOMRAM    000000
__Lcinit                       cinit        000000
__Lclrtext                     clrtext      000000
__Lcomram                      comram       000000
__Lconfig                      config       300000
__Lconst                       const        000000
__LcstackBANK0                 cstackBANK0  000000
__LcstackCOMRAM                cstackCOMRAM 000000
__Ldata                        data         000000
__Leeprom_data                 eeprom_data  000000
__Lfarbss                      farbss       000000
__Lfardata                     fardata      000000
__Libigdata                    ibigdata     000000
__Lidata                       idata        000000
__Lidloc                       idloc        200000
__Lifardata                    ifardata     000000
__Linit                        init         000026
__Lintcode                     intcode      000008
__Lintcode_body                intcode_body 000000
__Lintcodelo                   intcodelo    000018
__Lintentry                    intentry     000000
__Lintret                      intret       000000
__Lintsave_regs                intsave_regs 000000
__Lirdata                      irdata       000000
__Lmediumconst                 mediumconst  000000
__LnvFARRAM                    nvFARRAM     000000
__Lnvbit                       nvbit        000000
__Lnvrram                      nvrram       000000
__Lparam                       rparam       000000
__Lpowerup                     powerup      000026
__Lram                         ram          000000
__Lramtop                      ramtop       000300
__Lrbit                        rbit         000000
__Lrbss                        rbss         000000
__Lrdata                       rdata        000000
__Lreset_vec                   reset_vec    000000
__Lrparam                      rparam       000000
__Lsfr                         sfr          000000
__Lsmallconst                  smallconst   000300
__Lspace_0                     (abs)        000000
__Lspace_1                     (abs)        000000
__Lspace_2                     (abs)        000000
__Lstack                       stack        000000
__Lstruct                      struct       000000
__Ltemp                        temp         000039
__Ltext                        text         000000
__Ltext0                       text0        000000
__Ltext1                       text1        000000
__Ltext10                      text10       000000
__Ltext11                      text11       000000
__Ltext12                      text12       000000
__Ltext13                      text13       000000
__Ltext14                      text14       000000
__Ltext15                      text15       000000
__Ltext16                      text16       000000
__Ltext17                      text17       000000
__Ltext18                      text18       000000
__Ltext19                      text19       000000
__Ltext2                       text2        000000
__Ltext20                      text20       000000
__Ltext21                      text21       000000
__Ltext24                      text24       000000
__Ltext25                      text25       000000
__Ltext26                      text26       000000
__Ltext27                      text27       000000
__Ltext28                      text28       000000
__Ltext29                      text29       000000
__Ltext3                       text3        000000
__Ltext30                      text30       000000
__Ltext31                      text31       000000
__Ltext4                       text4        000000
__Ltext5                       text5        000000
__Ltext6                       text6        000000
__Ltext7                       text7        000000
__Ltext8                       text8        000000
__Ltext9                       text9        000000
__S0                           (abs)        30000E
__S1                           (abs)        000120
__S2                           (abs)        000000
___inthi_sp                    stack        000000
___intlo_sp                    stack        000000
___lodiv                       text11       00098A
___lodiv@counter               cstackBANK0  000079
___lodiv@dividend              cstackBANK0  000061
___lodiv@divisor               cstackBANK0  000069
___lodiv@quotient              cstackBANK0  000071
___lomod                       text10       000A5A
___lomod@counter               cstackBANK0  000071
___lomod@dividend              cstackBANK0  000061
___lomod@divisor               cstackBANK0  000069
___param_bank                  (abs)        000000
___rparam_used                 (abs)        000001
___sp                          stack        000000
__accesstop                    (abs)        000060
__activetblptr                 (abs)        000002
__end_of_ClearLCD              text18       00113E
__end_of_E_TOG                 text21       0011BA
__end_of_InterruptHandlerHigh  intcode_body 000CD4
__end_of_InterruptHandlerLow   intcodelo    000026
__end_of_LCD_String            text17       000EB2
__end_of_LCDout                text20       000DD8
__end_of_SendLCD               text19       00102C
__end_of_SetLine               text16       001060
__end_of___lodiv               text11       000A5A
__end_of___lomod               text10       000B0A
__end_of__initialization       cinit        001084
__end_of_check_RFID            text26       0007B8
__end_of_fputc                 text8        000BAC
__end_of_fputs                 text7        000FF4
__end_of_init_LCD              text15       00098A
__end_of_init_RFID             text14       001192
__end_of_init_sensors          text13       001178
__end_of_main                  text0        0008B0
__end_of_pad                   text5        000C4A
__end_of_processRFID           text24       000D5C
__end_of_putch                 text9        0011CA
__end_of_setup                 text12       00115C
__end_of_sprintf               text1        000FB8
__end_of_strlen                text6        0010F0
__end_of_utoa                  text4        0004FA
__end_of_vfpfcnvrt             text3        000668
__end_of_vfprintf              text2        000F66
__end_ofi2_ClearLCD            text25       0011AC
__end_ofi2_E_TOG               text31       0011C8
__end_ofi2_LCD_String          text28       000F10
__end_ofi2_LCDout              text30       000E50
__end_ofi2_SendLCD             text29       0010C2
__end_ofi2_SetLine             text27       00111E
__initialization               cinit        001060
__mediumconst                  mediumconst  000000
__pbssBANK0                    bssBANK0     0000EC
__pbssBANK1                    bssBANK1     000100
__pbssCOMRAM                   bssCOMRAM    00002B
__pcinit                       cinit        001060
__pcstackBANK0                 cstackBANK0  000060
__pcstackCOMRAM                cstackCOMRAM 000001
__pintcode                     intcode      000008
__pintcode_body                intcode_body 000C4A
__pintcodelo                   intcodelo    000018
__psmallconst                  smallconst   000300
__ptext0                       text0        0007B8
__ptext1                       text1        000F66
__ptext10                      text10       000A5A
__ptext11                      text11       00098A
__ptext12                      text12       00113E
__ptext13                      text13       00115C
__ptext14                      text14       001178
__ptext15                      text15       0008B0
__ptext16                      text16       00102C
__ptext17                      text17       000E50
__ptext18                      text18       00111E
__ptext19                      text19       000FF4
__ptext2                       text2        000F10
__ptext20                      text20       000D5C
__ptext21                      text21       0011AC
__ptext24                      text24       000CD4
__ptext25                      text25       001192
__ptext26                      text26       000668
__ptext27                      text27       0010F0
__ptext28                      text28       000EB2
__ptext29                      text29       001092
__ptext3                       text3        0004FA
__ptext30                      text30       000DD8
__ptext31                      text31       0011BA
__ptext4                       text4        000346
__ptext5                       text5        000BAC
__ptext6                       text6        0010C2
__ptext7                       text7        000FB8
__ptext8                       text8        000B0A
__ptext9                       text9        0011C8
__ramtop                       ramtop       000300
__size_of_ClearLCD             (abs)        000000
__size_of_E_TOG                (abs)        000000
__size_of_InterruptHandlerHigh (abs)        000000
__size_of_InterruptHandlerLow  (abs)        000000
__size_of_LCD_String           (abs)        000000
__size_of_LCDout               (abs)        000000
__size_of_SendLCD              (abs)        000000
__size_of_SetLine              (abs)        000000
__size_of___lodiv              (abs)        000000
__size_of___lomod              (abs)        000000
__size_of_check_RFID           (abs)        000000
__size_of_fputc                (abs)        000000
__size_of_fputs                (abs)        000000
__size_of_init_LCD             (abs)        000000
__size_of_init_RFID            (abs)        000000
__size_of_init_sensors         (abs)        000000
__size_of_main                 (abs)        000000
__size_of_pad                  (abs)        000000
__size_of_processRFID          (abs)        000000
__size_of_putch                (abs)        000000
__size_of_setup                (abs)        000000
__size_of_sprintf              (abs)        000000
__size_of_strlen               (abs)        000000
__size_of_utoa                 (abs)        000000
__size_of_vfpfcnvrt            (abs)        000000
__size_of_vfprintf             (abs)        000000
__size_ofi2_ClearLCD           (abs)        000000
__size_ofi2_E_TOG              (abs)        000000
__size_ofi2_LCD_String         (abs)        000000
__size_ofi2_LCDout             (abs)        000000
__size_ofi2_SendLCD            (abs)        000000
__size_ofi2_SetLine            (abs)        000000
__smallconst                   smallconst   000300
_check_RFID                    text26       000668
_dbuf                          bssBANK1     000100
_flags                         bssBANK0     0000F2
_fputc                         text8        000B0A
_fputs                         text7        000FB8
_init_LCD                      text15       0008B0
_init_RFID                     text14       001178
_init_sensors                  text13       00115C
_main                          text0        0007B8
_nout                          bssBANK0     0000EC
_pad                           text5        000BAC
_prec                          bssBANK0     0000F0
_processRFID                   text24       000CD4
_putch                         text9        0011C8
_robot_mode                    bssCOMRAM    00002C
_setup                         text12       00113E
_sprintf                       text1        000F66
_strlen                        text6        0010C2
_utoa                          text4        000346
_vfpfcnvrt                     text3        0004FA
_vfprintf                      text2        000F10
_width                         bssBANK0     0000EE
btemp                          temp         000039
check_RFID@byte1               cstackCOMRAM 000017
check_RFID@byte2               cstackCOMRAM 000018
check_RFID@byte3               cstackCOMRAM 000019
check_RFID@byte4               cstackCOMRAM 00001A
check_RFID@byte5               cstackCOMRAM 00001B
check_RFID@checksum            cstackCOMRAM 00001C
check_RFID@dataBuf             cstackCOMRAM 000007
check_RFID@hexBuf              cstackCOMRAM 00000B
check_RFID@i                   cstackCOMRAM 00001D
end_of_initialization          cinit        001084
fputc@c                        cstackBANK0  000061
fputc@fp                       cstackBANK0  000063
fputs@c                        cstackBANK0  00006E
fputs@fp                       cstackBANK0  00006C
fputs@i                        cstackBANK0  00006F
fputs@s                        cstackBANK0  00006A
i2LCD_String@string            cstackCOMRAM 000005
i2LCDout@number                cstackCOMRAM 000002
i2SendLCD@Byte                 cstackCOMRAM 000004
i2SendLCD@type                 cstackCOMRAM 000003
i2SetLine@line                 cstackCOMRAM 000005
i2_ClearLCD                    text25       001192
i2_E_TOG                       text31       0011BA
i2_LCD_String                  text28       000EB2
i2_LCDout                      text30       000DD8
i2_SendLCD                     text29       001092
i2_SetLine                     text27       0010F0
int$flags                      temp         000039
int_func                       intcode_body 000C4A
intlevel0                      text         000000
intlevel1                      text         000000
intlevel2                      text         000000
intlevel3                      text         000000
main@i                         cstackBANK0  0000EA
main@raw_data                  cstackBANK0  0000E8
main@temp                      cstackBANK0  0000C8
pad@buf                        cstackBANK0  000073
pad@fp                         cstackBANK0  000071
pad@i                          cstackBANK0  000078
pad@p                          cstackBANK0  000075
pad@w                          cstackBANK0  00007A
processRFID@RFIDbuf            cstackCOMRAM 000006
processRFID@i                  cstackCOMRAM 000009
processRFID@i_1070             cstackCOMRAM 00000B
processRFID@latestChar         cstackCOMRAM 000008
processRFID@position_in_buf    bssCOMRAM    00002B
sprintf@ap                     cstackBANK0  0000BE
sprintf@f                      cstackBANK0  0000C0
sprintf@fmt                    cstackBANK0  0000B8
sprintf@s                      cstackBANK0  0000B6
stackhi                        (abs)        0002FF
stacklo                        (abs)        000120
start                          init         000026
start_initialization           cinit        001060
strlen@a                       cstackBANK0  000063
strlen@s                       cstackBANK0  000061
ttemp5                         temp         00003A
ttemp6                         temp         00003D
ttemp7                         temp         000041
utoa@d                         cstackBANK0  00007E
utoa@fp                        cstackBANK0  00007C
utoa@i                         cstackBANK0  00009A
utoa@n                         cstackBANK0  000092
utoa@p                         cstackBANK0  00008E
utoa@w                         cstackBANK0  000090
vfpfcnvrt@ap                   cstackBANK0  0000A0
vfpfcnvrt@fmt                  cstackBANK0  00009E
vfpfcnvrt@fp                   cstackBANK0  00009C
vfpfcnvrt@llu                  cstackBANK0  0000A6
vfprintf@ap                    cstackBANK0  0000B2
vfprintf@cfmt                  cstackBANK0  0000B4
vfprintf@fmt                   cstackBANK0  0000B0
vfprintf@fp                    cstackBANK0  0000AE
wtemp8                         temp         00003A


FUNCTION INFORMATION:

 *************** function _main *****************
 Defined at:
		line 91 in file "main.c"
 Parameters:    Size  Location     Type
		None
 Auto vars:     Size  Location     Type
  i               2  138[BANK0 ] int 
  temp           32  104[BANK0 ] unsigned char [32]
  raw_data        2  136[BANK0 ] int 
 Return value:  Size  Location     Type
                  1    wreg      void 
 Registers used:
		wreg, fsr0l, fsr0h, fsr1l, fsr1h, fsr2l, fsr2h, status,2, status,0, tblptrl, tblptrh, tblptru, cstack
 Tracked objects:
		On entry : 
		On exit  : 
		Unchanged: 
 Data sizes:     COMRAM   BANK0   BANK1   BANK2
      Params:         0       0       0       0
      Locals:         0      36       0       0
      Temps:          0       2       0       0
      Totals:         0      38       0       0
Total ram usage:       38 bytes
 Hardware stack levels required when called:   15
 This function calls:
		_ClearLCD
		_LCD_String
		_SetLine
		_setup
		_sprintf
 This function is called by:
		Startup code after reset
 This function uses a non-reentrant model


 *************** function _sprintf *****************
 Defined at:
		line 9 in file "C:\Program Files (x86)\Microchip\xc8\v2.05\pic\sources\c99\common\nf_sprintf.c"
 Parameters:    Size  Location     Type
  s               2   86[BANK0 ] PTR unsigned char 
		 -> main@temp(32), 
  fmt             2   88[BANK0 ] PTR const unsigned char 
		 -> STR_2(5), 
 Auto vars:     Size  Location     Type
  f               6   96[BANK0 ] struct _IO_FILE
  ap              2   94[BANK0 ] PTR void [1]
		 -> ?_sprintf(2), 
  ret             2    0        int 
 Return value:  Size  Location     Type
                  2   86[BANK0 ] int 
 Registers used:
		wreg, fsr1l, fsr1h, fsr2l, fsr2h, status,2, status,0, tblptrl, tblptrh, tblptru, cstack
 Tracked objects:
		On entry : 
		On exit  : 
		Unchanged: 
 Data sizes:     COMRAM   BANK0   BANK1   BANK2
      Params:         0       6       0       0
      Locals:         0      10       0       0
      Temps:          0       0       0       0
      Totals:         0      16       0       0
Total ram usage:       16 bytes
 Hardware stack levels used:    1
 Hardware stack levels required when called:   14
 This function calls:
		_vfprintf
 This function is called by:
		_main
 This function uses a non-reentrant model


 *************** function _vfprintf *****************
 Defined at:
		line 1368 in file "C:\Program Files (x86)\Microchip\xc8\v2.05\pic\sources\c99\common\doprnt.c"
 Parameters:    Size  Location     Type
  fp              2   78[BANK0 ] PTR struct _IO_FILE
		 -> sprintf@f(6), 
  fmt             2   80[BANK0 ] PTR const unsigned char 
		 -> STR_2(5), 
  ap              2   82[BANK0 ] PTR PTR void 
		 -> sprintf@ap(2), 
 Auto vars:     Size  Location     Type
  cfmt            2   84[BANK0 ] PTR unsigned char 
		 -> STR_2(5), 
 Return value:  Size  Location     Type
                  2   78[BANK0 ] int 
 Registers used:
		wreg, fsr1l, fsr1h, fsr2l, fsr2h, status,2, status,0, tblptrl, tblptrh, tblptru, cstack
 Tracked objects:
		On entry : 
		On exit  : 
		Unchanged: 
 Data sizes:     COMRAM   BANK0   BANK1   BANK2
      Params:         0       6       0       0
      Locals:         0       2       0       0
      Temps:          0       0       0       0
      Totals:         0       8       0       0
Total ram usage:        8 bytes
 Hardware stack levels used:    1
 Hardware stack levels required when called:   13
 This function calls:
		_vfpfcnvrt
 This function is called by:
		_sprintf
 This function uses a non-reentrant model


 *************** function _vfpfcnvrt *****************
 Defined at:
		line 670 in file "C:\Program Files (x86)\Microchip\xc8\v2.05\pic\sources\c99\common\doprnt.c"
 Parameters:    Size  Location     Type
  fp              2   60[BANK0 ] PTR struct _IO_FILE
		 -> sprintf@f(6), 
  fmt             2   62[BANK0 ] PTR PTR unsigned char 
		 -> vfprintf@cfmt(2), 
  ap              2   64[BANK0 ] PTR PTR void 
		 -> sprintf@ap(2), 
 Auto vars:     Size  Location     Type
  llu             8   70[BANK0 ] unsigned long long 
  ll              8    0        long long 
  f               4    0        long long 
  vp              3    0        PTR void 
  ct              3    0        unsigned char [3]
  cp              3    0        PTR unsigned char 
  i               2    0        int 
  done            2    0        int 
  c               1    0        unsigned char 
 Return value:  Size  Location     Type
                  2   60[BANK0 ] int 
 Registers used:
		wreg, fsr1l, fsr1h, fsr2l, fsr2h, status,2, status,0, tblptrl, tblptrh, tblptru, cstack
 Tracked objects:
		On entry : 
		On exit  : 
		Unchanged: 
 Data sizes:     COMRAM   BANK0   BANK1   BANK2
      Params:         0       6       0       0
      Locals:         0       8       0       0
      Temps:          0       4       0       0
      Totals:         0      18       0       0
Total ram usage:       18 bytes
 Hardware stack levels used:    1
 Hardware stack levels required when called:   12
 This function calls:
		_fputc
		_utoa
 This function is called by:
		_vfprintf
 This function uses a non-reentrant model


 *************** function _utoa *****************
 Defined at:
		line 593 in file "C:\Program Files (x86)\Microchip\xc8\v2.05\pic\sources\c99\common\doprnt.c"
 Parameters:    Size  Location     Type
  fp              2   28[BANK0 ] PTR struct _IO_FILE
		 -> sprintf@f(6), 
  d               8   30[BANK0 ] unsigned long long 
 Auto vars:     Size  Location     Type
  n               8   50[BANK0 ] unsigned long long 
  i               2   58[BANK0 ] int 
  w               2   48[BANK0 ] int 
  p               2   46[BANK0 ] int 
 Return value:  Size  Location     Type
                  2   28[BANK0 ] int 
 Registers used:
		wreg, fsr1l, fsr1h, fsr2l, fsr2h, status,2, status,0, cstack
 Tracked objects:
		On entry : 
		On exit  : 
		Unchanged: 
 Data sizes:     COMRAM   BANK0   BANK1   BANK2
      Params:         0      10       0       0
      Locals:         0      14       0       0
      Temps:          0       8       0       0
      Totals:         0      32       0       0
Total ram usage:       32 bytes
 Hardware stack levels used:    1
 Hardware stack levels required when called:   11
 This function calls:
		___lodiv
		___lomod
		_pad
 This function is called by:
		_vfpfcnvrt
 This function uses a non-reentrant model


 *************** function _pad *****************
 Defined at:
		line 72 in file "C:\Program Files (x86)\Microchip\xc8\v2.05\pic\sources\c99\common\doprnt.c"
 Parameters:    Size  Location     Type
  fp              2   17[BANK0 ] PTR struct _IO_FILE
		 -> sprintf@f(6), 
  buf             2   19[BANK0 ] PTR unsigned char 
		 -> dbuf(32), 
  p               2   21[BANK0 ] int 
 Auto vars:     Size  Location     Type
  w               2   26[BANK0 ] int 
  i               2   24[BANK0 ] int 
 Return value:  Size  Location     Type
                  2   17[BANK0 ] int 
 Registers used:
		wreg, fsr1l, fsr1h, fsr2l, fsr2h, status,2, status,0, cstack
 Tracked objects:
		On entry : 
		On exit  : 
		Unchanged: 
 Data sizes:     COMRAM   BANK0   BANK1   BANK2
      Params:         0       6       0       0
      Locals:         0       4       0       0
      Temps:          0       1       0       0
      Totals:         0      11       0       0
Total ram usage:       11 bytes
 Hardware stack levels used:    1
 Hardware stack levels required when called:   10
 This function calls:
		_fputc
		_fputs
		_strlen
 This function is called by:
		_utoa
 This function uses a non-reentrant model


 *************** function _strlen *****************
 Defined at:
		line 12 in file "C:\Program Files (x86)\Microchip\xc8\v2.05\pic\sources\c99\common\strlen.c"
 Parameters:    Size  Location     Type
  s               2    1[BANK0 ] PTR const unsigned char 
		 -> dbuf(32), 
 Auto vars:     Size  Location     Type
  a               2    3[BANK0 ] PTR const unsigned char 
		 -> dbuf(32), 
 Return value:  Size  Location     Type
                  2    1[BANK0 ] unsigned int 
 Registers used:
		wreg, fsr2l, fsr2h, status,2, status,0
 Tracked objects:
		On entry : 
		On exit  : 
		Unchanged: 
 Data sizes:     COMRAM   BANK0   BANK1   BANK2
      Params:         0       2       0       0
      Locals:         0       2       0       0
      Temps:          0       0       0       0
      Totals:         0       4       0       0
Total ram usage:        4 bytes
 Hardware stack levels used:    1
 Hardware stack levels required when called:    7
 This function calls:
		Nothing
 This function is called by:
		_pad
 This function uses a non-reentrant model


 *************** function _fputs *****************
 Defined at:
		line 8 in file "C:\Program Files (x86)\Microchip\xc8\v2.05\pic\sources\c99\common\nf_fputs.c"
 Parameters:    Size  Location     Type
  s               2   10[BANK0 ] PTR const unsigned char 
		 -> dbuf(32), 
  fp              2   12[BANK0 ] PTR struct _IO_FILE
		 -> sprintf@f(6), 
 Auto vars:     Size  Location     Type
  i               2   15[BANK0 ] int 
  c               1   14[BANK0 ] unsigned char 
 Return value:  Size  Location     Type
                  2   10[BANK0 ] int 
 Registers used:
		wreg, fsr1l, fsr1h, fsr2l, fsr2h, status,2, status,0, cstack
 Tracked objects:
		On entry : 
		On exit  : 
		Unchanged: 
 Data sizes:     COMRAM   BANK0   BANK1   BANK2
      Params:         0       4       0       0
      Locals:         0       3       0       0
      Temps:          0       0       0       0
      Totals:         0       7       0       0
Total ram usage:        7 bytes
 Hardware stack levels used:    1
 Hardware stack levels required when called:    9
 This function calls:
		_fputc
 This function is called by:
		_pad
 This function uses a non-reentrant model


 *************** function _fputc *****************
 Defined at:
		line 8 in file "C:\Program Files (x86)\Microchip\xc8\v2.05\pic\sources\c99\common\nf_fputc.c"
 Parameters:    Size  Location     Type
  c               2    1[BANK0 ] int 
  fp              2    3[BANK0 ] PTR struct _IO_FILE
		 -> sprintf@f(6), 
 Auto vars:     Size  Location     Type
		None
 Return value:  Size  Location     Type
                  2    1[BANK0 ] int 
 Registers used:
		wreg, fsr1l, fsr1h, fsr2l, fsr2h, status,2, status,0, cstack
 Tracked objects:
		On entry : 
		On exit  : 
		Unchanged: 
 Data sizes:     COMRAM   BANK0   BANK1   BANK2
      Params:         0       4       0       0
      Locals:         0       0       0       0
      Temps:          0       5       0       0
      Totals:         0       9       0       0
Total ram usage:        9 bytes
 Hardware stack levels used:    1
 Hardware stack levels required when called:    8
 This function calls:
		_putch
 This function is called by:
		_pad
		_vfpfcnvrt
		_fputs
 This function uses a non-reentrant model


 *************** function _putch *****************
 Defined at:
		line 7 in file "C:\Program Files (x86)\Microchip\xc8\v2.05\pic\sources\c99\common\putch.c"
 Parameters:    Size  Location     Type
  c               1    wreg     unsigned char 
 Auto vars:     Size  Location     Type
  c               1    0[COMRAM] unsigned char 
 Return value:  Size  Location     Type
                  1    wreg      void 
 Registers used:
		wreg
 Tracked objects:
		On entry : 
		On exit  : 
		Unchanged: 
 Data sizes:     COMRAM   BANK0   BANK1   BANK2
      Params:         0       0       0       0
      Locals:         0       0       0       0
      Temps:          0       0       0       0
      Totals:         0       0       0       0
Total ram usage:        0 bytes
 Hardware stack levels used:    1
 Hardware stack levels required when called:    7
 This function calls:
		Nothing
 This function is called by:
		_fputc
 This function uses a non-reentrant model


 *************** function ___lomod *****************
 Defined at:
		line 9 in file "C:\Program Files (x86)\Microchip\xc8\v2.05\pic\sources\c99\common\lomod.c"
 Parameters:    Size  Location     Type
  dividend        8    1[BANK0 ] unsigned long long 
  divisor         8    9[BANK0 ] unsigned long long 
 Auto vars:     Size  Location     Type
  counter         1   17[BANK0 ] unsigned char 
 Return value:  Size  Location     Type
                  8    1[BANK0 ] unsigned long long 
 Registers used:
		wreg, status,2, status,0
 Tracked objects:
		On entry : 
		On exit  : 
		Unchanged: 
 Data sizes:     COMRAM   BANK0   BANK1   BANK2
      Params:         0      16       0       0
      Locals:         0       1       0       0
      Temps:          0       0       0       0
      Totals:         0      17       0       0
Total ram usage:       17 bytes
 Hardware stack levels used:    1
 Hardware stack levels required when called:    7
 This function calls:
		Nothing
 This function is called by:
		_utoa
 This function uses a non-reentrant model


 *************** function ___lodiv *****************
 Defined at:
		line 9 in file "C:\Program Files (x86)\Microchip\xc8\v2.05\pic\sources\c99\common\lodiv.c"
 Parameters:    Size  Location     Type
  dividend        8    1[BANK0 ] unsigned long long 
  divisor         8    9[BANK0 ] unsigned long long 
 Auto vars:     Size  Location     Type
  quotient        8   17[BANK0 ] unsigned long long 
  counter         1   25[BANK0 ] unsigned char 
 Return value:  Size  Location     Type
                  8    1[BANK0 ] unsigned long long 
 Registers used:
		wreg, fsr2l, fsr2h, status,2, status,0
 Tracked objects:
		On entry : 
		On exit  : 
		Unchanged: 
 Data sizes:     COMRAM   BANK0   BANK1   BANK2
      Params:         0      16       0       0
      Locals:         0       9       0       0
      Temps:          0       0       0       0
      Totals:         0      25       0       0
Total ram usage:       25 bytes
 Hardware stack levels used:    1
 Hardware stack levels required when called:    7
 This function calls:
		Nothing
 This function is called by:
		_utoa
 This function uses a non-reentrant model


 *************** function _setup *****************
 Defined at:
		line 34 in file "main.c"
 Parameters:    Size  Location     Type
		None
 Auto vars:     Size  Location     Type
		None
 Return value:  Size  Location     Type
                  1    wreg      void 
 Registers used:
		wreg, status,2, status,0, cstack
 Tracked objects:
		On entry : 
		On exit  : 
		Unchanged: 
 Data sizes:     COMRAM   BANK0   BANK1   BANK2
      Params:         0       0       0       0
      Locals:         0       0       0       0
      Temps:          0       0       0       0
      Totals:         0       0       0       0
Total ram usage:        0 bytes
 Hardware stack levels used:    1
 Hardware stack levels required when called:   11
 This function calls:
		_init_LCD
		_init_RFID
		_init_sensors
 This function is called by:
		_main
 This function uses a non-reentrant model


 *************** function _init_sensors *****************
 Defined at:
		line 13 in file "signal_processing.c"
 Parameters:    Size  Location     Type
		None
 Auto vars:     Size  Location     Type
  throwaway       2    0        int 
 Return value:  Size  Location     Type
                  1    wreg      void 
 Registers used:
		wreg, status,2, status,0
 Tracked objects:
		On entry : 
		On exit  : 
		Unchanged: 
 Data sizes:     COMRAM   BANK0   BANK1   BANK2
      Params:         0       0       0       0
      Locals:         0       2       0       0
      Temps:          0       0       0       0
      Totals:         0       2       0       0
Total ram usage:        2 bytes
 Hardware stack levels used:    1
 Hardware stack levels required when called:    7
 This function calls:
		Nothing
 This function is called by:
		_setup
 This function uses a non-reentrant model


 *************** function _init_RFID *****************
 Defined at:
		line 13 in file "RFID.c"
 Parameters:    Size  Location     Type
		None
 Auto vars:     Size  Location     Type
		None
 Return value:  Size  Location     Type
                  1    wreg      void 
 Registers used:
		wreg, status,2
 Tracked objects:
		On entry : 
		On exit  : 
		Unchanged: 
 Data sizes:     COMRAM   BANK0   BANK1   BANK2
      Params:         0       0       0       0
      Locals:         0       0       0       0
      Temps:          0       0       0       0
      Totals:         0       0       0       0
Total ram usage:        0 bytes
 Hardware stack levels used:    1
 Hardware stack levels required when called:    7
 This function calls:
		Nothing
 This function is called by:
		_setup
 This function uses a non-reentrant model


 *************** function _init_LCD *****************
 Defined at:
		line 56 in file "LCDIO.c"
 Parameters:    Size  Location     Type
		None
 Auto vars:     Size  Location     Type
		None
 Return value:  Size  Location     Type
                  1    wreg      void 
 Registers used:
		wreg, status,2, status,0, cstack
 Tracked objects:
		On entry : 
		On exit  : 
		Unchanged: 
 Data sizes:     COMRAM   BANK0   BANK1   BANK2
      Params:         0       0       0       0
      Locals:         0       0       0       0
      Temps:          0       1       0       0
      Totals:         0       1       0       0
Total ram usage:        1 bytes
 Hardware stack levels used:    1
 Hardware stack levels required when called:   10
 This function calls:
		_LCDout
		_SendLCD
 This function is called by:
		_setup
 This function uses a non-reentrant model


 *************** function _SetLine *****************
 Defined at:
		line 107 in file "LCDIO.c"
 Parameters:    Size  Location     Type
  line            1    wreg     unsigned char 
 Auto vars:     Size  Location     Type
  line            1    5[BANK0 ] unsigned char 
 Return value:  Size  Location     Type
                  1    wreg      void 
 Registers used:
		wreg, status,2, status,0, cstack
 Tracked objects:
		On entry : 
		On exit  : 
		Unchanged: 
 Data sizes:     COMRAM   BANK0   BANK1   BANK2
      Params:         0       0       0       0
      Locals:         0       1       0       0
      Temps:          0       0       0       0
      Totals:         0       1       0       0
Total ram usage:        1 bytes
 Hardware stack levels used:    1
 Hardware stack levels required when called:   10
 This function calls:
		_SendLCD
 This function is called by:
		_main
 This function uses a non-reentrant model


 *************** function _LCD_String *****************
 Defined at:
		line 119 in file "LCDIO.c"
 Parameters:    Size  Location     Type
  string          2    5[BANK0 ] PTR unsigned char 
		 -> STR_5(16), STR_4(16), STR_3(16), main@temp(32), 
		 -> STR_1(15), 
 Auto vars:     Size  Location     Type
		None
 Return value:  Size  Location     Type
                  1    wreg      void 
 Registers used:
		wreg, fsr0l, fsr0h, status,2, status,0, tblptrl, tblptrh, tblptru, cstack
 Tracked objects:
		On entry : 
		On exit  : 
		Unchanged: 
 Data sizes:     COMRAM   BANK0   BANK1   BANK2
      Params:         0       2       0       0
      Locals:         0       0       0       0
      Temps:          0       0       0       0
      Totals:         0       2       0       0
Total ram usage:        2 bytes
 Hardware stack levels used:    1
 Hardware stack levels required when called:   10
 This function calls:
		_SendLCD
 This function is called by:
		_main
 This function uses a non-reentrant model


 *************** function _ClearLCD *****************
 Defined at:
		line 137 in file "LCDIO.c"
 Parameters:    Size  Location     Type
		None
 Auto vars:     Size  Location     Type
		None
 Return value:  Size  Location     Type
                  1    wreg      void 
 Registers used:
		wreg, status,2, status,0, cstack
 Tracked objects:
		On entry : 
		On exit  : 
		Unchanged: 
 Data sizes:     COMRAM   BANK0   BANK1   BANK2
      Params:         0       0       0       0
      Locals:         0       0       0       0
      Temps:          0       1       0       0
      Totals:         0       1       0       0
Total ram usage:        1 bytes
 Hardware stack levels used:    1
 Hardware stack levels required when called:   10
 This function calls:
		_SendLCD
 This function is called by:
		_main
 This function uses a non-reentrant model


 *************** function _SendLCD *****************
 Defined at:
		line 44 in file "LCDIO.c"
 Parameters:    Size  Location     Type
  Byte            1    wreg     unsigned char 
  type            1    3[BANK0 ] unsigned char 
 Auto vars:     Size  Location     Type
  Byte            1    4[BANK0 ] unsigned char 
 Return value:  Size  Location     Type
                  1    wreg      void 
 Registers used:
		wreg, status,2, status,0, cstack
 Tracked objects:
		On entry : 
		On exit  : 
		Unchanged: 
 Data sizes:     COMRAM   BANK0   BANK1   BANK2
      Params:         0       1       0       0
      Locals:         0       1       0       0
      Temps:          0       0       0       0
      Totals:         0       2       0       0
Total ram usage:        2 bytes
 Hardware stack levels used:    1
 Hardware stack levels required when called:    9
 This function calls:
		_LCDout
 This function is called by:
		_init_LCD
		_SetLine
		_LCD_String
		_ClearLCD
		_ShiftLeft
		_ShiftRight
 This function uses a non-reentrant model


 *************** function _LCDout *****************
 Defined at:
		line 31 in file "LCDIO.c"
 Parameters:    Size  Location     Type
  number          1    wreg     unsigned char 
 Auto vars:     Size  Location     Type
  number          1    2[BANK0 ] unsigned char 
 Return value:  Size  Location     Type
                  1    wreg      void 
 Registers used:
		wreg, status,2, status,0, cstack
 Tracked objects:
		On entry : 
		On exit  : 
		Unchanged: 
 Data sizes:     COMRAM   BANK0   BANK1   BANK2
      Params:         0       0       0       0
      Locals:         0       1       0       0
      Temps:          0       1       0       0
      Totals:         0       2       0       0
Total ram usage:        2 bytes
 Hardware stack levels used:    1
 Hardware stack levels required when called:    8
 This function calls:
		_E_TOG
 This function is called by:
		_SendLCD
		_init_LCD
 This function uses a non-reentrant model


 *************** function _E_TOG *****************
 Defined at:
		line 23 in file "LCDIO.c"
 Parameters:    Size  Location     Type
		None
 Auto vars:     Size  Location     Type
		None
 Return value:  Size  Location     Type
                  1    wreg      void 
 Registers used:
		wreg
 Tracked objects:
		On entry : 
		On exit  : 
		Unchanged: 
 Data sizes:     COMRAM   BANK0   BANK1   BANK2
      Params:         0       0       0       0
      Locals:         0       0       0       0
      Temps:          0       0       0       0
      Totals:         0       0       0       0
Total ram usage:        0 bytes
 Hardware stack levels used:    1
 Hardware stack levels required when called:    7
 This function calls:
		Nothing
 This function is called by:
		_LCDout
 This function uses a non-reentrant model


 *************** function _InterruptHandlerLow *****************
 Defined at:
		line 84 in file "main.c"
 Parameters:    Size  Location     Type
		None
 Auto vars:     Size  Location     Type
		None
 Return value:  Size  Location     Type
                  1    wreg      void 
 Registers used:
		None
 Tracked objects:
		On entry : 
		On exit  : 
		Unchanged: 
 Data sizes:     COMRAM   BANK0   BANK1   BANK2
      Params:         0       0       0       0
      Locals:         0       0       0       0
      Temps:          0       1       0       0
      Totals:         0       1       0       0
Total ram usage:        1 bytes
 Hardware stack levels used:    1
 Hardware stack levels required when called:    6
 This function calls:
		Nothing
 This function is called by:
		Interrupt level 1
 This function uses a non-reentrant model


 *************** function _InterruptHandlerHigh *****************
 Defined at:
		line 52 in file "main.c"
 Parameters:    Size  Location     Type
		None
 Auto vars:     Size  Location     Type
  throwaway       1    0        unsigned char 
  RFID_flag       1   41[COMRAM] unsigned char 
 Return value:  Size  Location     Type
                  1    wreg      void 
 Registers used:
		wreg, fsr0l, fsr0h, fsr1l, fsr1h, fsr2l, fsr2h, status,2, status,0, tblptrl, tblptrh, tblptru, cstack
 Tracked objects:
		On entry : 
		On exit  : 
		Unchanged: 
 Data sizes:     COMRAM   BANK0   BANK1   BANK2
      Params:         0       0       0       0
      Locals:         2       0       0       0
      Temps:         10       0       0       0
      Totals:        12       0       0       0
Total ram usage:       12 bytes
 Hardware stack levels used:    1
 Hardware stack levels required when called:    5
 This function calls:
		_check_RFID
		_processRFID
 This function is called by:
		Interrupt level 2
 This function uses a non-reentrant model


 *************** function _processRFID *****************
 Defined at:
		line 34 in file "RFID.c"
 Parameters:    Size  Location     Type
  RFIDbuf         2    5[COMRAM] PTR unsigned char 
		 -> InterruptHandlerHigh@RFIDbuf(12), 
  latestChar      1    7[COMRAM] unsigned char 
 Auto vars:     Size  Location     Type
  i               1   10[COMRAM] unsigned char 
  i               2    8[COMRAM] int 
 Return value:  Size  Location     Type
                  1    wreg      unsigned char 
 Registers used:
		wreg, fsr2l, fsr2h, status,2, status,0, cstack
 Tracked objects:
		On entry : 
		On exit  : 
		Unchanged: 
 Data sizes:     COMRAM   BANK0   BANK1   BANK2
      Params:         3       0       0       0
      Locals:         3       0       0       0
      Temps:          0       0       0       0
      Totals:         6       0       0       0
Total ram usage:        6 bytes
 Hardware stack levels used:    1
 Hardware stack levels required when called:    4
 This function calls:
		i2_ClearLCD
		i2_SendLCD
		i2_SetLine
 This function is called by:
		_InterruptHandlerHigh
 This function uses a non-reentrant model


 *************** function i2_ClearLCD *****************
 Defined at:
		line 137 in file "LCDIO.c"
 Parameters:    Size  Location     Type
		None
 Auto vars:     Size  Location     Type
		None
 Return value:  Size  Location     Type
                  1    wreg      void 
 Registers used:
		wreg, status,2, status,0, cstack
 Tracked objects:
		On entry : 
		On exit  : 
		Unchanged: 
 Data sizes:     COMRAM   BANK0   BANK1   BANK2
      Params:         0       0       0       0
      Locals:         0       0       0       0
      Temps:          1       0       0       0
      Totals:         1       0       0       0
Total ram usage:        1 bytes
 Hardware stack levels used:    1
 Hardware stack levels required when called:    3
 This function calls:
		i2_SendLCD
 This function is called by:
		_processRFID
 This function uses a non-reentrant model


 *************** function _check_RFID *****************
 Defined at:
		line 79 in file "RFID.c"
 Parameters:    Size  Location     Type
  dataBuf         2    6[COMRAM] PTR unsigned char 
		 -> InterruptHandlerHigh@RFIDbuf(12), 
 Auto vars:     Size  Location     Type
  i               2   28[COMRAM] int 
  hexBuf         12   10[COMRAM] unsigned char [12]
  checksum        1   27[COMRAM] unsigned char 
  byte5           1   26[COMRAM] unsigned char 
  byte4           1   25[COMRAM] unsigned char 
  byte3           1   24[COMRAM] unsigned char 
  byte2           1   23[COMRAM] unsigned char 
  byte1           1   22[COMRAM] unsigned char 
 Return value:  Size  Location     Type
                  1    wreg      void 
 Registers used:
		wreg, fsr0l, fsr0h, fsr1l, fsr1h, fsr2l, fsr2h, status,2, status,0, tblptrl, tblptrh, tblptru, cstack
 Tracked objects:
		On entry : 
		On exit  : 
		Unchanged: 
 Data sizes:     COMRAM   BANK0   BANK1   BANK2
      Params:         2       0       0       0
      Locals:        20       0       0       0
      Temps:          2       0       0       0
      Totals:        24       0       0       0
Total ram usage:       24 bytes
 Hardware stack levels used:    1
 Hardware stack levels required when called:    4
 This function calls:
		i2_LCD_String
		i2_SetLine
 This function is called by:
		_InterruptHandlerHigh
 This function uses a non-reentrant model


 *************** function i2_SetLine *****************
 Defined at:
		line 107 in file "LCDIO.c"
 Parameters:    Size  Location     Type
  line            1    wreg     unsigned char 
 Auto vars:     Size  Location     Type
  line            1    4[COMRAM] unsigned char 
 Return value:  Size  Location     Type
                  1    wreg      void 
 Registers used:
		wreg, status,2, status,0, cstack
 Tracked objects:
		On entry : 
		On exit  : 
		Unchanged: 
 Data sizes:     COMRAM   BANK0   BANK1   BANK2
      Params:         0       0       0       0
      Locals:         1       0       0       0
      Temps:          0       0       0       0
      Totals:         1       0       0       0
Total ram usage:        1 bytes
 Hardware stack levels used:    1
 Hardware stack levels required when called:    3
 This function calls:
		i2_SendLCD
 This function is called by:
		_processRFID
		_check_RFID
 This function uses a non-reentrant model


 *************** function i2_LCD_String *****************
 Defined at:
		line 119 in file "LCDIO.c"
 Parameters:    Size  Location     Type
  string          2    4[COMRAM] PTR unsigned char 
		 -> STR_5(16), STR_4(16), STR_3(16), main@temp(32), 
		 -> STR_1(15), 
 Auto vars:     Size  Location     Type
		None
 Return value:  Size  Location     Type
                  1    wreg      void 
 Registers used:
		wreg, fsr0l, fsr0h, status,2, status,0, tblptrl, tblptrh, tblptru, cstack
 Tracked objects:
		On entry : 
		On exit  : 
		Unchanged: 
 Data sizes:     COMRAM   BANK0   BANK1   BANK2
      Params:         2       0       0       0
      Locals:         0       0       0       0
      Temps:          0       0       0       0
      Totals:         2       0       0       0
Total ram usage:        2 bytes
 Hardware stack levels used:    1
 Hardware stack levels required when called:    3
 This function calls:
		i2_SendLCD
 This function is called by:
		_check_RFID
 This function uses a non-reentrant model


 *************** function i2_SendLCD *****************
 Defined at:
		line 44 in file "LCDIO.c"
 Parameters:    Size  Location     Type
  Byte            1    wreg     unsigned char 
  type            1    2[COMRAM] unsigned char 
 Auto vars:     Size  Location     Type
  Byte            1    3[COMRAM] unsigned char 
 Return value:  Size  Location     Type
                  1    wreg      void 
 Registers used:
		wreg, status,2, status,0, cstack
 Tracked objects:
		On entry : 
		On exit  : 
		Unchanged: 
 Data sizes:     COMRAM   BANK0   BANK1   BANK2
      Params:         1       0       0       0
      Locals:         1       0       0       0
      Temps:          0       0       0       0
      Totals:         2       0       0       0
Total ram usage:        2 bytes
 Hardware stack levels used:    1
 Hardware stack levels required when called:    2
 This function calls:
		i2_LCDout
 This function is called by:
		_processRFID
		i2_SetLine
		i2_LCD_String
		i2_ClearLCD
 This function uses a non-reentrant model


 *************** function i2_LCDout *****************
 Defined at:
		line 31 in file "LCDIO.c"
 Parameters:    Size  Location     Type
  number          1    wreg     unsigned char 
 Auto vars:     Size  Location     Type
  number          1    1[COMRAM] unsigned char 
 Return value:  Size  Location     Type
                  1    wreg      void 
 Registers used:
		wreg, status,2, status,0, cstack
 Tracked objects:
		On entry : 
		On exit  : 
		Unchanged: 
 Data sizes:     COMRAM   BANK0   BANK1   BANK2
      Params:         0       0       0       0
      Locals:         1       0       0       0
      Temps:          1       0       0       0
      Totals:         2       0       0       0
Total ram usage:        2 bytes
 Hardware stack levels used:    1
 Hardware stack levels required when called:    1
 This function calls:
		i2_E_TOG
 This function is called by:
		i2_SendLCD
 This function uses a non-reentrant model


 *************** function i2_E_TOG *****************
 Defined at:
		line 23 in file "LCDIO.c"
 Parameters:    Size  Location     Type
		None
 Auto vars:     Size  Location     Type
		None
 Return value:  Size  Location     Type
                  1    wreg      void 
 Registers used:
		wreg
 Tracked objects:
		On entry : 
		On exit  : 
		Unchanged: 
 Data sizes:     COMRAM   BANK0   BANK1   BANK2
      Params:         0       0       0       0
      Locals:         0       0       0       0
      Temps:          0       0       0       0
      Totals:         0       0       0       0
Total ram usage:        0 bytes
 Hardware stack levels used:    1
 This function calls:
		Nothing
 This function is called by:
		i2_LCDout
 This function uses a non-reentrant model



MODULE INFORMATION

Module		Function		Class		Link	Load	Size
C:\Program Files (x86)\Microchip\xc8\v2.05\pic\sources\c99\common\putch.c
		_putch         		CODE           	11C8	0000	3

C:\Program Files (x86)\Microchip\xc8\v2.05\pic\sources\c99\common\putch.c estimated size: 3

C:\Program Files (x86)\Microchip\xc8\v2.05\pic\sources\c99\common\nf_fputc.c
		_fputc         		CODE           	0B0A	0000	163

C:\Program Files (x86)\Microchip\xc8\v2.05\pic\sources\c99\common\nf_fputc.c estimated size: 163

C:\Program Files (x86)\Microchip\xc8\v2.05\pic\sources\c99\common\lodiv.c
		___lodiv       		CODE           	098A	0000	209

C:\Program Files (x86)\Microchip\xc8\v2.05\pic\sources\c99\common\lodiv.c estimated size: 209

signal_processing.c
		_init_sensors  		CODE           	115C	0000	29

signal_processing.c estimated size: 29

C:\Program Files (x86)\Microchip\xc8\v2.05\pic\sources\c99\common\strlen.c
		_strlen        		CODE           	10C2	0000	47

C:\Program Files (x86)\Microchip\xc8\v2.05\pic\sources\c99\common\strlen.c estimated size: 47

RFID.c
		_processRFID   		CODE           	0CD4	0000	137
		_check_RFID    		CODE           	0668	0000	337
		_init_RFID     		CODE           	1178	0000	27

RFID.c estimated size: 501

C:\Program Files (x86)\Microchip\xc8\v2.05\pic\sources\c99\common\doprnt.c
		_vfpfcnvrt     		CODE           	04FA	0000	367
		_pad           		CODE           	0BAC	0000	159
		_vfprintf      		CODE           	0F10	0000	87
		_utoa          		CODE           	0346	0000	437

C:\Program Files (x86)\Microchip\xc8\v2.05\pic\sources\c99\common\doprnt.c estimated size: 1050

shared
		i2_ClearLCD    		CODE           	1192	0000	27
		i2_LCDout      		CODE           	0DD8	0000	121
		i2_LCD_String  		CODE           	0EB2	0000	95
		i2_SetLine     		CODE           	10F0	0000	47
		i2_E_TOG       		CODE           	11BA	0000	15
		__initialization		CODE           	1060	0000	37
		i2_SendLCD     		CODE           	1092	0000	49

shared estimated size: 391

C:\Program Files (x86)\Microchip\xc8\v2.05\pic\sources\c99\common\nf_sprintf.c
		_sprintf       		CODE           	0F66	0000	83

C:\Program Files (x86)\Microchip\xc8\v2.05\pic\sources\c99\common\nf_sprintf.c estimated size: 83

C:\Program Files (x86)\Microchip\xc8\v2.05\pic\sources\c99\common\nf_fputs.c
		_fputs         		CODE           	0FB8	0000	61

C:\Program Files (x86)\Microchip\xc8\v2.05\pic\sources\c99\common\nf_fputs.c estimated size: 61

LCDIO.c
		_SetLine       		CODE           	102C	0000	53
		_LCD_String    		CODE           	0E50	0000	99
		_SendLCD       		CODE           	0FF4	0000	57
		_E_TOG         		CODE           	11AC	0000	15
		_init_LCD      		CODE           	08B0	0000	219
		_ClearLCD      		CODE           	111E	0000	33
		_LCDout        		CODE           	0D5C	0000	125

LCDIO.c estimated size: 601

main.c
		_main          		CODE           	07B8	0000	249
		_InterruptHandlerLow		CODE           	0018	0000	15
		_InterruptHandlerHigh		CODE           	0008	0000	145
		_setup         		CODE           	113E	0000	31

main.c estimated size: 440

C:\Program Files (x86)\Microchip\xc8\v2.05\pic\sources\c99\common\lomod.c
		___lomod       		CODE           	0A5A	0000	177

C:\Program Files (x86)\Microchip\xc8\v2.05\pic\sources\c99\common\lomod.c estimated size: 177

