Microchip MPLAB XC8 Compiler V2.05 ()

Linker command line:

-W-3 --edf=C:\Program Files (x86)\Microchip\xc8\v2.05\pic\dat\en_msgs.txt \
  -cs -h+dist/default/production\ECM_Final_Project.X.production.sym \
  --cmf=dist/default/production\ECM_Final_Project.X.production.cmf -z \
  -Q18F4331 -oC:\Users\charl\AppData\Local\Temp\sfv4.2 \
  --defsym=__MPLAB_BUILD=1 \
  -Mdist/default/production/ECM_Final_Project.X.production.map -E1 -ver=XC8 \
  --acfsm=1493 -ASTACK=0EBh-02FFh -pstack=STACK -ACODE=00h-01FFFh \
  -ACONST=00h-01FFFh -ASMALLCONST=0300h-03FFhx29 -AMEDIUMCONST=0300h-01FFFh \
  -ACOMRAM=01h-05Fh -AABS1=00h-02FFh -ABIGRAM=01h-02FFh \
  -ARAM=060h-0FFh,0100h-01FFhx2 -ABANK0=060h-0FFh -ABANK1=0100h-01FFh \
  -ABANK2=0200h-02FFh -ASFR=0F60h-0FFFh \
  -preset_vec=00h,intcode=08h,intcodelo=018h,powerup,init -pramtop=0300h \
  -psmallconst=SMALLCONST -pmediumconst=MEDIUMCONST -pconst=CONST \
  -AFARRAM=00h-00h -ACONFIG=0300000h-030000Dh -pconfig=CONFIG \
  -AIDLOC=0200000h-0200007h -pidloc=IDLOC -AEEDATA=0F00000h-0F000FFh \
  -peeprom_data=EEDATA \
  -prdata=COMRAM,nvrram=COMRAM,nvbit=COMRAM,rbss=COMRAM,rbit=COMRAM \
  -pfarbss=FARRAM,fardata=FARRAM,nvFARRAM=FARRAM \
  -pintsave_regs=BIGRAM,bigbss=BIGRAM,bigdata=BIGRAM -pbss=RAM \
  -pidata=CODE,irdata=CODE,ibigdata=CODE,ifardata=CODE -prparam=COMRAM \
  C:\Users\charl\AppData\Local\Temp\sfv4.o \
  dist/default/production\ECM_Final_Project.X.production.o 

Object code version is 3.11

Machine type is 18F4331

Call graph: (short form)




                Name                               Link     Load   Length Selector   Space Scale
C:\Users\charl\AppData\Local\Temp\sfv4.o
                init                                 26       26        4        C       0
                reset_vec                             0        0        4        0       0
                idloc                            200000   200000        8   200000       0
                config                           300000   300000        E   300000       0
dist/default/production\ECM_Final_Project.X.production.o
                intcodelo                            18       18        E        C       0
                intcode                               8        8        6        4       0
                temp                                 56       56        1        1       1
                smallconst                          300      300       48      180       0
                text37                             1290     1290       4C      1A4       0
                intcode_body                       139C     139C       36      1A4       0
                text34                             154E     154E        E      1A4       0
                text33                             1050     1050       78      1A4       0
                text32                             13D2     13D2       30      1A4       0
                text31                             1138     1138       5E      1A4       0
                text30                             1430     1430       2E      1A4       0
                text29                              7E8      7E8      150      1A4       0
                text28                             1522     1522       18      1A4       0
                text27                             1508     1508       1A      1A4       0
                text26                             1324     1324       40      1A4       0
                text25                              F4E      F4E       84      1A4       0
                text24                             14AE     14AE       26      1A4       0
                text23                              938      938      124      1A4       0
                text22                              A5C      A5C       EA      1A4       0
                text21                             10C8     10C8       70      1A4       0
                text20                              FD2      FD2       7E      1A4       0
                text19                             12DC     12DC       48      1A4       0
                text18                             123E     123E       52      1A4       0
                text17                              EC0      EC0       8E      1A4       0
                text16                             14EE     14EE       1A      1A4       0
                text15                              C14      C14       C8      1A4       0
                text14                             14D4     14D4       1A      1A4       0
                text13                             153A     153A       14      1A4       0
                text12                             1402     1402       2E      1A4       0
                text11                              B46      B46       CE      1A4       0
                text10                              CDC      CDC       AE      1A4       0
                text9                              155C     155C        2      1A4       0
                text8                               D8A      D8A       A0      1A4       0
                text7                              1364     1364       38      1A4       0
                text6                              145E     145E       2A      1A4       0
                text5                               E2A      E2A       96      1A4       0
                text4                               348      348      1AE      1A4       0
                text3                               67E      67E      16A      1A4       0
                text2                              1196     1196       56      1A4       0
                text1                              11EC     11EC       52      1A4       0
                text0                               4F6      4F6      188      1A4       0
                cstackCOMRAM                          1        1       4D        1       1
                cstackBANK0                          60       60       5B       60       1
                bssBANK0                             BB       BB       30       60       1
                bssCOMRAM                            4E       4E        8        1       1
                cinit                              1488     1488       26      1A4       0

TOTAL           Name                               Link     Load   Length     Space
        CLASS   STACK          

        CLASS   CODE           
                intcodelo                            18       18        E         0
                intcode                               8        8        6         0
                init                                 26       26        4         0
                reset_vec                             0        0        4         0
                text37                             1290     1290       4C         0
                intcode_body                       139C     139C       36         0
                text34                             154E     154E        E         0
                text33                             1050     1050       78         0
                text32                             13D2     13D2       30         0
                text31                             1138     1138       5E         0
                text30                             1430     1430       2E         0
                text29                              7E8      7E8      150         0
                text28                             1522     1522       18         0
                text27                             1508     1508       1A         0
                text26                             1324     1324       40         0
                text25                              F4E      F4E       84         0
                text24                             14AE     14AE       26         0
                text23                              938      938      124         0
                text22                              A5C      A5C       EA         0
                text21                             10C8     10C8       70         0
                text20                              FD2      FD2       7E         0
                text19                             12DC     12DC       48         0
                text18                             123E     123E       52         0
                text17                              EC0      EC0       8E         0
                text16                             14EE     14EE       1A         0
                text15                              C14      C14       C8         0
                text14                             14D4     14D4       1A         0
                text13                             153A     153A       14         0
                text12                             1402     1402       2E         0
                text11                              B46      B46       CE         0
                text10                              CDC      CDC       AE         0
                text9                              155C     155C        2         0
                text8                               D8A      D8A       A0         0
                text7                              1364     1364       38         0
                text6                              145E     145E       2A         0
                text5                               E2A      E2A       96         0
                text4                               348      348      1AE         0
                text3                               67E      67E      16A         0
                text2                              1196     1196       56         0
                text1                              11EC     11EC       52         0
                text0                               4F6      4F6      188         0
                cinit                              1488     1488       26         0

        CLASS   CONST          

        CLASS   SMALLCONST     
                smallconst                          300      300       48         0

        CLASS   MEDIUMCONST    

        CLASS   COMRAM         
                temp                                 56       56        1         1
                cstackCOMRAM                          1        1       4D         1
                bssCOMRAM                            4E       4E        8         1

        CLASS   ABS1           

        CLASS   BIGRAM         

        CLASS   RAM            

        CLASS   BANK0          
                cstackBANK0                          60       60       5B         1
                bssBANK0                             BB       BB       30         1

        CLASS   BANK1          

        CLASS   BANK2          

        CLASS   SFR            

        CLASS   FARRAM         

        CLASS   CONFIG         
                config                           300000   300000        E         0

        CLASS   IDLOC          
                idloc                            200000   200000        8         0

        CLASS   EEDATA         



SEGMENTS        Name                           Load    Length   Top    Selector   Space  Class

                reset_vec                      000000  000004  000004         0       0  CODE    
                cstackCOMRAM                   000001  000056  000057         1       1  COMRAM  
                intcode                        000008  000006  00000E         4       0  CODE    
                intcodelo                      000018  000012  00002A         C       0  CODE    
                cstackBANK0                    000060  00008B  0000EB        60       1  BANK0   
                smallconst                     000300  000048  000348       180       0  SMALLCON
                text4                          000348  001216  00155E       1A4       0  CODE    
                idloc                          200000  000008  200008    200000       0  IDLOC   
                config                         300000  00000E  30000E    300000       0  CONFIG  


UNUSED ADDRESS RANGES

        Name                Unused          Largest block    Delta
        BANK0            0000EB-0000FF               15
        BANK1            000100-0001FF              100
        BANK2            000200-0002FF              100
        BIGRAM           000057-00005F                9
                         0000EB-0002FF              215
        CODE             000004-000007                4
                         00000E-000017                A
                         00002A-0002FF              2D6
                         00155E-001FFF              AA2
        COMRAM           000057-00005F                9
        CONST            000004-000007                4
                         00000E-000017                A
                         00002A-0002FF              2D6
                         00155E-001FFF              AA2
        EEDATA           F00000-F000FF              100
        MEDIUMCONST      00155E-001FFF              AA2
        RAM              0000EB-0002FF              100
        SFR              000F60-000FFF               A0
        SMALLCONST       00155E-001FFF              100
        STACK            0000EB-0002FF              215

                                  Symbol Table

?___awdiv                      cstackCOMRAM 000009
?___lodiv                      cstackCOMRAM 000009
?___lomod                      cstackCOMRAM 000009
?___lwdiv                      cstackCOMRAM 000017
?___wmul                       cstackCOMRAM 000011
?_pad                          cstackCOMRAM 000019
?_sprintf                      cstackBANK0  000070
?_strlen                       cstackCOMRAM 000009
?_utoa                         cstackCOMRAM 000024
?_vfpfcnvrt                    cstackCOMRAM 000044
?_vfprintf                     cstackBANK0  000068
LCD_String@string              cstackCOMRAM 00000D
LCDout@number                  cstackCOMRAM 00000A
SendLCD@Byte                   cstackCOMRAM 00000C
SendLCD@type                   cstackCOMRAM 00000B
SetLine@line                   cstackCOMRAM 00000D
_ANSEL0                        (abs)        000FB8
_ANSEL1                        (abs)        000FB9
_BAUDCONbits                   (abs)        000FAA
_CAP1BUFH                      (abs)        000F69
_CAP1BUFL                      (abs)        000F68
_CAP1CON                       (abs)        000F63
_ClearLCD                      text27       001508
_E_TOG                         text34       00154E
_INTCONbits                    (abs)        000FF2
_IPR1bits                      (abs)        000F9F
_InterruptHandlerHigh          intcode      000008
_InterruptHandlerLow           intcodelo    000018
_LATAbits                      (abs)        000F89
_LATB                          (abs)        000F8A
_LATCbits                      (abs)        000F8B
_LATDbits                      (abs)        000F8C
_LCD_String                    text31       001138
_LCDout                        text33       001050
_OSCCON                        (abs)        000FD3
_OSCCONbits                    (abs)        000FD3
_PDC0H                         (abs)        000F78
_PDC0L                         (abs)        000F79
_PDC1H                         (abs)        000F76
_PDC1L                         (abs)        000F77
_PIE1bits                      (abs)        000F9D
_PIR1bits                      (abs)        000F9E
_PORTDbits                     (abs)        000F83
_PTCON0                        (abs)        000F7F
_PTCON1                        (abs)        000F7E
_PTPERH                        (abs)        000F7A
_PTPERL                        (abs)        000F7B
_PWMCON0                       (abs)        000F6F
_PWMCON1                       (abs)        000F6E
_RCONbits                      (abs)        000FD0
_RCREG                         (abs)        000FAE
_RCSTAbits                     (abs)        000FAB
_RFID_flag                     bssBANK0     0000BE
_RFIDbuf                       bssBANK0     0000DF
_SPBRG                         (abs)        000FAF
_SPBRGH                        (abs)        000FB0
_SendLCD                       text32       0013D2
_SetLine                       text30       001430
_T5CON                         (abs)        000FB7
_TRISAbits                     (abs)        000F92
_TRISBbits                     (abs)        000F93
_TRISCbits                     (abs)        000F94
_TRISDbits                     (abs)        000F95
_TXSTAbits                     (abs)        000FAC
__CFG_LVP$OFF                  (abs)        000000
__CFG_MCLRE$OFF                (abs)        000000
__CFG_OSC$IRCIO                (abs)        000000
__HRAM                         (abs)        000000
__Habs1                        abs1         000000
__Hbank0                       bank0        000000
__Hbank1                       bank1        000000
__Hbank2                       bank2        000000
__Hbigbss                      bigbss       000000
__Hbigdata                     bigdata      000000
__Hbigram                      bigram       000000
__Hbss                         bss          000000
__HbssBANK0                    bssBANK0     000000
__HbssCOMRAM                   bssCOMRAM    000000
__Hcinit                       cinit        000000
__Hclrtext                     clrtext      000000
__Hcomram                      comram       000000
__Hconfig                      config       30000E
__Hconst                       const        000000
__HcstackBANK0                 cstackBANK0  000000
__HcstackCOMRAM                cstackCOMRAM 000000
__Hdata                        data         000000
__Heeprom_data                 eeprom_data  000000
__Hfarbss                      farbss       000000
__Hfardata                     fardata      000000
__Hibigdata                    ibigdata     000000
__Hidata                       idata        000000
__Hidloc                       idloc        200008
__Hifardata                    ifardata     000000
__Hinit                        init         00002A
__Hintcode                     intcode      00000E
__Hintcode_body                intcode_body 000000
__Hintcodelo                   intcodelo    000026
__Hintentry                    intentry     000000
__Hintret                      intret       000000
__Hintsave_regs                intsave_regs 000000
__Hirdata                      irdata       000000
__Hmediumconst                 mediumconst  000000
__HnvFARRAM                    nvFARRAM     000000
__Hnvbit                       nvbit        000000
__Hnvrram                      nvrram       000000
__Hparam                       rparam       000000
__Hpowerup                     powerup      000026
__Hram                         ram          000000
__Hramtop                      ramtop       000300
__Hrbit                        rbit         000000
__Hrbss                        rbss         000000
__Hrdata                       rdata        000000
__Hreset_vec                   reset_vec    000004
__Hrparam                      rparam       000000
__Hsfr                         sfr          000000
__Hsmallconst                  smallconst   000348
__Hspace_0                     (abs)        30000E
__Hspace_1                     (abs)        0000EB
__Hspace_2                     (abs)        000000
__Hstack                       stack        000000
__Hstruct                      struct       000000
__Htemp                        temp         000057
__Htext                        text         000000
__Htext0                       text0        000000
__Htext1                       text1        000000
__Htext10                      text10       000000
__Htext11                      text11       000000
__Htext12                      text12       000000
__Htext13                      text13       000000
__Htext14                      text14       000000
__Htext15                      text15       000000
__Htext16                      text16       000000
__Htext17                      text17       000000
__Htext18                      text18       000000
__Htext19                      text19       000000
__Htext2                       text2        000000
__Htext20                      text20       000000
__Htext21                      text21       000000
__Htext22                      text22       000000
__Htext23                      text23       000000
__Htext24                      text24       000000
__Htext25                      text25       000000
__Htext26                      text26       000000
__Htext27                      text27       000000
__Htext28                      text28       000000
__Htext29                      text29       000000
__Htext3                       text3        000000
__Htext30                      text30       000000
__Htext31                      text31       000000
__Htext32                      text32       000000
__Htext33                      text33       000000
__Htext34                      text34       000000
__Htext37                      text37       000000
__Htext4                       text4        000000
__Htext5                       text5        000000
__Htext6                       text6        000000
__Htext7                       text7        000000
__Htext8                       text8        000000
__Htext9                       text9        000000
__LRAM                         (abs)        000001
__Labs1                        abs1         000000
__Lbank0                       bank0        000000
__Lbank1                       bank1        000000
__Lbank2                       bank2        000000
__Lbigbss                      bigbss       000000
__Lbigdata                     bigdata      000000
__Lbigram                      bigram       000000
__Lbss                         bss          000000
__LbssBANK0                    bssBANK0     000000
__LbssCOMRAM                   bssCOMRAM    000000
__Lcinit                       cinit        000000
__Lclrtext                     clrtext      000000
__Lcomram                      comram       000000
__Lconfig                      config       300000
__Lconst                       const        000000
__LcstackBANK0                 cstackBANK0  000000
__LcstackCOMRAM                cstackCOMRAM 000000
__Ldata                        data         000000
__Leeprom_data                 eeprom_data  000000
__Lfarbss                      farbss       000000
__Lfardata                     fardata      000000
__Libigdata                    ibigdata     000000
__Lidata                       idata        000000
__Lidloc                       idloc        200000
__Lifardata                    ifardata     000000
__Linit                        init         000026
__Lintcode                     intcode      000008
__Lintcode_body                intcode_body 000000
__Lintcodelo                   intcodelo    000018
__Lintentry                    intentry     000000
__Lintret                      intret       000000
__Lintsave_regs                intsave_regs 000000
__Lirdata                      irdata       000000
__Lmediumconst                 mediumconst  000000
__LnvFARRAM                    nvFARRAM     000000
__Lnvbit                       nvbit        000000
__Lnvrram                      nvrram       000000
__Lparam                       rparam       000000
__Lpowerup                     powerup      000026
__Lram                         ram          000000
__Lramtop                      ramtop       000300
__Lrbit                        rbit         000000
__Lrbss                        rbss         000000
__Lrdata                       rdata        000000
__Lreset_vec                   reset_vec    000000
__Lrparam                      rparam       000000
__Lsfr                         sfr          000000
__Lsmallconst                  smallconst   000300
__Lspace_0                     (abs)        000000
__Lspace_1                     (abs)        000000
__Lspace_2                     (abs)        000000
__Lstack                       stack        000000
__Lstruct                      struct       000000
__Ltemp                        temp         000056
__Ltext                        text         000000
__Ltext0                       text0        000000
__Ltext1                       text1        000000
__Ltext10                      text10       000000
__Ltext11                      text11       000000
__Ltext12                      text12       000000
__Ltext13                      text13       000000
__Ltext14                      text14       000000
__Ltext15                      text15       000000
__Ltext16                      text16       000000
__Ltext17                      text17       000000
__Ltext18                      text18       000000
__Ltext19                      text19       000000
__Ltext2                       text2        000000
__Ltext20                      text20       000000
__Ltext21                      text21       000000
__Ltext22                      text22       000000
__Ltext23                      text23       000000
__Ltext24                      text24       000000
__Ltext25                      text25       000000
__Ltext26                      text26       000000
__Ltext27                      text27       000000
__Ltext28                      text28       000000
__Ltext29                      text29       000000
__Ltext3                       text3        000000
__Ltext30                      text30       000000
__Ltext31                      text31       000000
__Ltext32                      text32       000000
__Ltext33                      text33       000000
__Ltext34                      text34       000000
__Ltext37                      text37       000000
__Ltext4                       text4        000000
__Ltext5                       text5        000000
__Ltext6                       text6        000000
__Ltext7                       text7        000000
__Ltext8                       text8        000000
__Ltext9                       text9        000000
__S0                           (abs)        30000E
__S1                           (abs)        0000EB
__S2                           (abs)        000000
___awdiv                       text25       000F4E
___awdiv@counter               cstackCOMRAM 00000D
___awdiv@dividend              cstackCOMRAM 000009
___awdiv@divisor               cstackCOMRAM 00000B
___awdiv@quotient              cstackCOMRAM 00000F
___awdiv@sign                  cstackCOMRAM 00000E
___inthi_sp                    stack        000000
___intlo_sp                    stack        000000
___lodiv                       text11       000B46
___lodiv@counter               cstackCOMRAM 000021
___lodiv@dividend              cstackCOMRAM 000009
___lodiv@divisor               cstackCOMRAM 000011
___lodiv@quotient              cstackCOMRAM 000019
___lomod                       text10       000CDC
___lomod@counter               cstackCOMRAM 000019
___lomod@dividend              cstackCOMRAM 000009
___lomod@divisor               cstackCOMRAM 000011
___lwdiv                       text18       00123E
___lwdiv@counter               cstackCOMRAM 00001D
___lwdiv@dividend              cstackCOMRAM 000017
___lwdiv@divisor               cstackCOMRAM 000019
___lwdiv@quotient              cstackCOMRAM 00001B
___param_bank                  (abs)        000000
___rparam_used                 (abs)        000001
___sp                          stack        000000
___wmul                        text24       0014AE
___wmul@multiplicand           cstackCOMRAM 000013
___wmul@multiplier             cstackCOMRAM 000011
___wmul@product                cstackCOMRAM 000015
__accesstop                    (abs)        000060
__activetblptr                 (abs)        000002
__end_of_ClearLCD              text27       001522
__end_of_E_TOG                 text34       00155C
__end_of_InterruptHandlerHigh  intcode_body 0013D2
__end_of_InterruptHandlerLow   intcodelo    000026
__end_of_LCD_String            text31       001196
__end_of_LCDout                text33       0010C8
__end_of_SendLCD               text32       001402
__end_of_SetLine               text30       00145E
__end_of___awdiv               text25       000FD2
__end_of___lodiv               text11       000C14
__end_of___lomod               text10       000D8A
__end_of___lwdiv               text18       001290
__end_of___wmul                text24       0014D4
__end_of__initialization       cinit        0014A0
__end_of_check_RFID            text29       000938
__end_of_classify_data         text28       00153A
__end_of_display_RFID          text26       001364
__end_of_fputc                 text8        000E2A
__end_of_fputs                 text7        00139C
__end_of_fullSpeedAhead        text21       001138
__end_of_initPWM               text16       001508
__end_of_init_LCD              text15       000CDC
__end_of_init_RFID             text14       0014EE
__end_of_init_motors           text22       000B46
__end_of_init_sensor           text13       00154E
__end_of_main                  text0        00067E
__end_of_moveToBeacon          text19       001324
__end_of_pad                   text5        000EC0
__end_of_processRFID           text37       0012DC
__end_of_process_signal        text17       000F4E
__end_of_putch                 text9        00155E
__end_of_setMotorPWM           text23       000A5C
__end_of_setup                 text12       001430
__end_of_sprintf               text1        00123E
__end_of_strlen                text6        001488
__end_of_turnRight             text20       001050
__end_of_utoa                  text4        0004F6
__end_of_vfpfcnvrt             text3        0007E8
__end_of_vfprintf              text2        0011EC
__initialization               cinit        001488
__mediumconst                  mediumconst  000000
__pbssBANK0                    bssBANK0     0000BB
__pbssCOMRAM                   bssCOMRAM    00004E
__pcinit                       cinit        001488
__pcstackBANK0                 cstackBANK0  000060
__pcstackCOMRAM                cstackCOMRAM 000001
__pintcode                     intcode      000008
__pintcode_body                intcode_body 00139C
__pintcodelo                   intcodelo    000018
__psmallconst                  smallconst   000300
__ptext0                       text0        0004F6
__ptext1                       text1        0011EC
__ptext10                      text10       000CDC
__ptext11                      text11       000B46
__ptext12                      text12       001402
__ptext13                      text13       00153A
__ptext14                      text14       0014D4
__ptext15                      text15       000C14
__ptext16                      text16       0014EE
__ptext17                      text17       000EC0
__ptext18                      text18       00123E
__ptext19                      text19       0012DC
__ptext2                       text2        001196
__ptext20                      text20       000FD2
__ptext21                      text21       0010C8
__ptext22                      text22       000A5C
__ptext23                      text23       000938
__ptext24                      text24       0014AE
__ptext25                      text25       000F4E
__ptext26                      text26       001324
__ptext27                      text27       001508
__ptext28                      text28       001522
__ptext29                      text29       0007E8
__ptext3                       text3        00067E
__ptext30                      text30       001430
__ptext31                      text31       001138
__ptext32                      text32       0013D2
__ptext33                      text33       001050
__ptext34                      text34       00154E
__ptext37                      text37       001290
__ptext4                       text4        000348
__ptext5                       text5        000E2A
__ptext6                       text6        00145E
__ptext7                       text7        001364
__ptext8                       text8        000D8A
__ptext9                       text9        00155C
__ramtop                       ramtop       000300
__size_of_ClearLCD             (abs)        000000
__size_of_E_TOG                (abs)        000000
__size_of_InterruptHandlerHigh (abs)        000000
__size_of_InterruptHandlerLow  (abs)        000000
__size_of_LCD_String           (abs)        000000
__size_of_LCDout               (abs)        000000
__size_of_SendLCD              (abs)        000000
__size_of_SetLine              (abs)        000000
__size_of___awdiv              (abs)        000000
__size_of___lodiv              (abs)        000000
__size_of___lomod              (abs)        000000
__size_of___lwdiv              (abs)        000000
__size_of___wmul               (abs)        000000
__size_of_check_RFID           (abs)        000000
__size_of_classify_data        (abs)        000000
__size_of_display_RFID         (abs)        000000
__size_of_fputc                (abs)        000000
__size_of_fputs                (abs)        000000
__size_of_fullSpeedAhead       (abs)        000000
__size_of_initPWM              (abs)        000000
__size_of_init_LCD             (abs)        000000
__size_of_init_RFID            (abs)        000000
__size_of_init_motors          (abs)        000000
__size_of_init_sensor          (abs)        000000
__size_of_main                 (abs)        000000
__size_of_moveToBeacon         (abs)        000000
__size_of_pad                  (abs)        000000
__size_of_processRFID          (abs)        000000
__size_of_process_signal       (abs)        000000
__size_of_putch                (abs)        000000
__size_of_setMotorPWM          (abs)        000000
__size_of_setup                (abs)        000000
__size_of_sprintf              (abs)        000000
__size_of_strlen               (abs)        000000
__size_of_turnRight            (abs)        000000
__size_of_utoa                 (abs)        000000
__size_of_vfpfcnvrt            (abs)        000000
__size_of_vfprintf             (abs)        000000
__smallconst                   smallconst   000300
_check_RFID                    text29       0007E8
_classify_data                 text28       001522
_dbuf                          bssBANK0     0000BF
_display_RFID                  text26       001324
_flags                         bssCOMRAM    000052
_fputc                         text8        000D8A
_fputs                         text7        001364
_fullSpeedAhead                text21       0010C8
_initPWM                       text16       0014EE
_init_LCD                      text15       000C14
_init_RFID                     text14       0014D4
_init_motors                   text22       000A5C
_init_sensor                   text13       00153A
_main                          text0        0004F6
_moveToBeacon                  text19       0012DC
_nout                          bssBANK0     0000BB
_pad                           text5        000E2A
_prec                          bssCOMRAM    000050
_processRFID                   text37       001290
_process_signal                text17       000EC0
_putch                         text9        00155C
_robot_mode                    bssCOMRAM    000055
_setMotorPWM                   text23       000938
_setup                         text12       001402
_sprintf                       text1        0011EC
_strlen                        text6        00145E
_turnRight                     text20       000FD2
_utoa                          text4        000348
_vfpfcnvrt                     text3        00067E
_vfprintf                      text2        001196
_width                         bssCOMRAM    00004E
btemp                          temp         000056
check_RFID@byte1               cstackCOMRAM 00001F
check_RFID@byte2               cstackCOMRAM 000020
check_RFID@byte3               cstackCOMRAM 000021
check_RFID@byte4               cstackCOMRAM 000022
check_RFID@byte5               cstackCOMRAM 000023
check_RFID@checksum            cstackCOMRAM 000024
check_RFID@dataBuf             cstackCOMRAM 00000F
check_RFID@hexBuf              cstackCOMRAM 000013
check_RFID@i                   cstackCOMRAM 000025
classify_data@smoothed_data    cstackCOMRAM 000009
display_RFID@dataBuf           cstackCOMRAM 00000E
display_RFID@i                 cstackCOMRAM 000010
end_of_initialization          cinit        0014A0
fputc@c                        cstackCOMRAM 000009
fputc@fp                       cstackCOMRAM 00000B
fputs@c                        cstackCOMRAM 000016
fputs@fp                       cstackCOMRAM 000014
fputs@i                        cstackCOMRAM 000017
fputs@s                        cstackCOMRAM 000012
fullSpeedAhead@i               cstackCOMRAM 000024
fullSpeedAhead@mL              cstackCOMRAM 000020
fullSpeedAhead@mR              cstackCOMRAM 000022
initPWM@PWMperiod              cstackCOMRAM 000009
init_motors@mL                 cstackCOMRAM 000020
init_motors@mR                 cstackCOMRAM 000022
int$flags                      temp         000056
int_func                       intcode_body 00139C
intlevel0                      text         000000
intlevel1                      text         000000
intlevel2                      text         000000
intlevel3                      text         000000
main@beacon_location           bssBANK0     0000BD
main@i                         cstackBANK0  0000A3
main@motorL                    cstackBANK0  0000A9
main@motorR                    cstackBANK0  0000B2
main@previous_location         cstackBANK0  0000A2
main@sensor                    cstackBANK0  0000A5
main@temp1                     cstackBANK0  000092
main@temp2                     cstackBANK0  000082
moveToBeacon@beacon_location   cstackCOMRAM 00002C
moveToBeacon@mL                cstackCOMRAM 000028
moveToBeacon@mR                cstackCOMRAM 00002A
moveToBeacon@prev_location     cstackCOMRAM 000027
pad@buf                        cstackCOMRAM 00001B
pad@fp                         cstackCOMRAM 000019
pad@i                          cstackCOMRAM 000020
pad@p                          cstackCOMRAM 00001D
pad@w                          cstackCOMRAM 000022
processRFID@RFIDbuf            cstackCOMRAM 000001
processRFID@i                  cstackCOMRAM 000004
processRFID@latestChar         cstackCOMRAM 000003
processRFID@position_in_buf    bssCOMRAM    000054
process_signal@S               cstackCOMRAM 00001E
setMotorPWM@PWMduty            cstackCOMRAM 00001E
setMotorPWM@m                  cstackCOMRAM 000017
sprintf@ap                     cstackBANK0  000078
sprintf@f                      cstackBANK0  00007A
sprintf@fmt                    cstackBANK0  000072
sprintf@s                      cstackBANK0  000070
stackhi                        (abs)        0002FF
stacklo                        (abs)        0000EB
start                          init         000026
start_initialization           cinit        001488
strlen@a                       cstackCOMRAM 00000B
strlen@s                       cstackCOMRAM 000009
ttemp5                         temp         000057
ttemp6                         temp         00005A
ttemp7                         temp         00005E
turnRight@i                    cstackCOMRAM 000025
turnRight@mL                   cstackCOMRAM 000020
turnRight@mR                   cstackCOMRAM 000022
utoa@d                         cstackCOMRAM 000026
utoa@fp                        cstackCOMRAM 000024
utoa@i                         cstackCOMRAM 000042
utoa@n                         cstackCOMRAM 00003A
utoa@p                         cstackCOMRAM 000036
utoa@w                         cstackCOMRAM 000038
vfpfcnvrt@ap                   cstackCOMRAM 000048
vfpfcnvrt@fmt                  cstackCOMRAM 000046
vfpfcnvrt@fp                   cstackCOMRAM 000044
vfpfcnvrt@llu                  cstackBANK0  000060
vfprintf@ap                    cstackBANK0  00006C
vfprintf@cfmt                  cstackBANK0  00006E
vfprintf@fmt                   cstackBANK0  00006A
vfprintf@fp                    cstackBANK0  000068
wtemp8                         temp         000057


FUNCTION INFORMATION:

 *************** function _main *****************
 Defined at:
		line 84 in file "main.c"
 Parameters:    Size  Location     Type
		None
 Auto vars:     Size  Location     Type
  i               2   67[BANK0 ] int 
  temp1          16   50[BANK0 ] unsigned char [16]
  temp2          16   34[BANK0 ] unsigned char [16]
  previous_loc    1   66[BANK0 ] unsigned char 
  motorR          9   82[BANK0 ] struct DC_motor
  motorL          9   73[BANK0 ] struct DC_motor
  sensor          4   69[BANK0 ] struct Sensor
 Return value:  Size  Location     Type
                  1    wreg      void 
 Registers used:
		wreg, fsr1l, fsr1h, fsr2l, fsr2h, status,2, status,0, tblptrl, tblptrh, tblptru, prodl, prodh, cstack
 Tracked objects:
		On entry : 
		On exit  : 
		Unchanged: 
 Data sizes:     COMRAM   BANK0   BANK1   BANK2
      Params:         0       0       0       0
      Locals:         0      57       0       0
      Temps:          0       2       0       0
      Totals:         0      59       0       0
Total ram usage:       59 bytes
 Hardware stack levels required when called:   11
 This function calls:
		_ClearLCD
		_LCD_String
		_SetLine
		_check_RFID
		_classify_data
		_display_RFID
		_init_motors
		_moveToBeacon
		_process_signal
		_setup
		_sprintf
 This function is called by:
		Startup code after reset
 This function uses a non-reentrant model


 *************** function _sprintf *****************
 Defined at:
		line 9 in file "C:\Program Files (x86)\Microchip\xc8\v2.05\pic\sources\c99\common\nf_sprintf.c"
 Parameters:    Size  Location     Type
  s               2   16[BANK0 ] PTR unsigned char 
		 -> main@temp1(16), main@temp2(16), 
  fmt             2   18[BANK0 ] PTR const unsigned char 
		 -> STR_2(8), STR_1(13), 
 Auto vars:     Size  Location     Type
  f               6   26[BANK0 ] struct _IO_FILE
  ap              2   24[BANK0 ] PTR void [1]
		 -> ?_sprintf(2), 
  ret             2    0        int 
 Return value:  Size  Location     Type
                  2   16[BANK0 ] int 
 Registers used:
		wreg, fsr1l, fsr1h, fsr2l, fsr2h, status,2, status,0, tblptrl, tblptrh, tblptru, cstack
 Tracked objects:
		On entry : 
		On exit  : 
		Unchanged: 
 Data sizes:     COMRAM   BANK0   BANK1   BANK2
      Params:         0       6       0       0
      Locals:         0      10       0       0
      Temps:          0       0       0       0
      Totals:         0      16       0       0
Total ram usage:       16 bytes
 Hardware stack levels used:    1
 Hardware stack levels required when called:   10
 This function calls:
		_vfprintf
 This function is called by:
		_main
 This function uses a non-reentrant model


 *************** function _vfprintf *****************
 Defined at:
		line 1368 in file "C:\Program Files (x86)\Microchip\xc8\v2.05\pic\sources\c99\common\doprnt.c"
 Parameters:    Size  Location     Type
  fp              2    8[BANK0 ] PTR struct _IO_FILE
		 -> sprintf@f(6), 
  fmt             2   10[BANK0 ] PTR const unsigned char 
		 -> STR_2(8), STR_1(13), 
  ap              2   12[BANK0 ] PTR PTR void 
		 -> sprintf@ap(2), 
 Auto vars:     Size  Location     Type
  cfmt            2   14[BANK0 ] PTR unsigned char 
		 -> STR_2(8), STR_1(13), 
 Return value:  Size  Location     Type
                  2    8[BANK0 ] int 
 Registers used:
		wreg, fsr1l, fsr1h, fsr2l, fsr2h, status,2, status,0, tblptrl, tblptrh, tblptru, cstack
 Tracked objects:
		On entry : 
		On exit  : 
		Unchanged: 
 Data sizes:     COMRAM   BANK0   BANK1   BANK2
      Params:         0       6       0       0
      Locals:         0       2       0       0
      Temps:          0       0       0       0
      Totals:         0       8       0       0
Total ram usage:        8 bytes
 Hardware stack levels used:    1
 Hardware stack levels required when called:    9
 This function calls:
		_vfpfcnvrt
 This function is called by:
		_sprintf
 This function uses a non-reentrant model


 *************** function _vfpfcnvrt *****************
 Defined at:
		line 670 in file "C:\Program Files (x86)\Microchip\xc8\v2.05\pic\sources\c99\common\doprnt.c"
 Parameters:    Size  Location     Type
  fp              2   67[COMRAM] PTR struct _IO_FILE
		 -> sprintf@f(6), 
  fmt             2   69[COMRAM] PTR PTR unsigned char 
		 -> vfprintf@cfmt(2), 
  ap              2   71[COMRAM] PTR PTR void 
		 -> sprintf@ap(2), 
 Auto vars:     Size  Location     Type
  llu             8    0[BANK0 ] unsigned long long 
  ll              8    0        long long 
  f               4    0        long long 
  vp              3    0        PTR void 
  ct              3    0        unsigned char [3]
  cp              3    0        PTR unsigned char 
  i               2    0        int 
  done            2    0        int 
  c               1    0        unsigned char 
 Return value:  Size  Location     Type
                  2   67[COMRAM] int 
 Registers used:
		wreg, fsr1l, fsr1h, fsr2l, fsr2h, status,2, status,0, tblptrl, tblptrh, tblptru, cstack
 Tracked objects:
		On entry : 
		On exit  : 
		Unchanged: 
 Data sizes:     COMRAM   BANK0   BANK1   BANK2
      Params:         6       0       0       0
      Locals:         0       8       0       0
      Temps:          4       0       0       0
      Totals:        10       8       0       0
Total ram usage:       18 bytes
 Hardware stack levels used:    1
 Hardware stack levels required when called:    8
 This function calls:
		_fputc
		_utoa
 This function is called by:
		_vfprintf
 This function uses a non-reentrant model


 *************** function _utoa *****************
 Defined at:
		line 593 in file "C:\Program Files (x86)\Microchip\xc8\v2.05\pic\sources\c99\common\doprnt.c"
 Parameters:    Size  Location     Type
  fp              2   35[COMRAM] PTR struct _IO_FILE
		 -> sprintf@f(6), 
  d               8   37[COMRAM] unsigned long long 
 Auto vars:     Size  Location     Type
  n               8   57[COMRAM] unsigned long long 
  i               2   65[COMRAM] int 
  w               2   55[COMRAM] int 
  p               2   53[COMRAM] int 
 Return value:  Size  Location     Type
                  2   35[COMRAM] int 
 Registers used:
		wreg, fsr1l, fsr1h, fsr2l, fsr2h, status,2, status,0, cstack
 Tracked objects:
		On entry : 
		On exit  : 
		Unchanged: 
 Data sizes:     COMRAM   BANK0   BANK1   BANK2
      Params:        10       0       0       0
      Locals:        14       0       0       0
      Temps:          8       0       0       0
      Totals:        32       0       0       0
Total ram usage:       32 bytes
 Hardware stack levels used:    1
 Hardware stack levels required when called:    7
 This function calls:
		___lodiv
		___lomod
		_pad
 This function is called by:
		_vfpfcnvrt
 This function uses a non-reentrant model


 *************** function _pad *****************
 Defined at:
		line 72 in file "C:\Program Files (x86)\Microchip\xc8\v2.05\pic\sources\c99\common\doprnt.c"
 Parameters:    Size  Location     Type
  fp              2   24[COMRAM] PTR struct _IO_FILE
		 -> sprintf@f(6), 
  buf             2   26[COMRAM] PTR unsigned char 
		 -> dbuf(32), 
  p               2   28[COMRAM] int 
 Auto vars:     Size  Location     Type
  w               2   33[COMRAM] int 
  i               2   31[COMRAM] int 
 Return value:  Size  Location     Type
                  2   24[COMRAM] int 
 Registers used:
		wreg, fsr1l, fsr1h, fsr2l, fsr2h, status,2, status,0, cstack
 Tracked objects:
		On entry : 
		On exit  : 
		Unchanged: 
 Data sizes:     COMRAM   BANK0   BANK1   BANK2
      Params:         6       0       0       0
      Locals:         4       0       0       0
      Temps:          1       0       0       0
      Totals:        11       0       0       0
Total ram usage:       11 bytes
 Hardware stack levels used:    1
 Hardware stack levels required when called:    6
 This function calls:
		_fputc
		_fputs
		_strlen
 This function is called by:
		_utoa
 This function uses a non-reentrant model


 *************** function _strlen *****************
 Defined at:
		line 12 in file "C:\Program Files (x86)\Microchip\xc8\v2.05\pic\sources\c99\common\strlen.c"
 Parameters:    Size  Location     Type
  s               2    8[COMRAM] PTR const unsigned char 
		 -> dbuf(32), 
 Auto vars:     Size  Location     Type
  a               2   10[COMRAM] PTR const unsigned char 
		 -> dbuf(32), 
 Return value:  Size  Location     Type
                  2    8[COMRAM] unsigned int 
 Registers used:
		wreg, fsr2l, fsr2h, status,2, status,0
 Tracked objects:
		On entry : 
		On exit  : 
		Unchanged: 
 Data sizes:     COMRAM   BANK0   BANK1   BANK2
      Params:         2       0       0       0
      Locals:         2       0       0       0
      Temps:          0       0       0       0
      Totals:         4       0       0       0
Total ram usage:        4 bytes
 Hardware stack levels used:    1
 Hardware stack levels required when called:    3
 This function calls:
		Nothing
 This function is called by:
		_pad
 This function uses a non-reentrant model


 *************** function _fputs *****************
 Defined at:
		line 8 in file "C:\Program Files (x86)\Microchip\xc8\v2.05\pic\sources\c99\common\nf_fputs.c"
 Parameters:    Size  Location     Type
  s               2   17[COMRAM] PTR const unsigned char 
		 -> dbuf(32), 
  fp              2   19[COMRAM] PTR struct _IO_FILE
		 -> sprintf@f(6), 
 Auto vars:     Size  Location     Type
  i               2   22[COMRAM] int 
  c               1   21[COMRAM] unsigned char 
 Return value:  Size  Location     Type
                  2   17[COMRAM] int 
 Registers used:
		wreg, fsr1l, fsr1h, fsr2l, fsr2h, status,2, status,0, cstack
 Tracked objects:
		On entry : 
		On exit  : 
		Unchanged: 
 Data sizes:     COMRAM   BANK0   BANK1   BANK2
      Params:         4       0       0       0
      Locals:         3       0       0       0
      Temps:          0       0       0       0
      Totals:         7       0       0       0
Total ram usage:        7 bytes
 Hardware stack levels used:    1
 Hardware stack levels required when called:    5
 This function calls:
		_fputc
 This function is called by:
		_pad
 This function uses a non-reentrant model


 *************** function _fputc *****************
 Defined at:
		line 8 in file "C:\Program Files (x86)\Microchip\xc8\v2.05\pic\sources\c99\common\nf_fputc.c"
 Parameters:    Size  Location     Type
  c               2    8[COMRAM] int 
  fp              2   10[COMRAM] PTR struct _IO_FILE
		 -> sprintf@f(6), 
 Auto vars:     Size  Location     Type
		None
 Return value:  Size  Location     Type
                  2    8[COMRAM] int 
 Registers used:
		wreg, fsr1l, fsr1h, fsr2l, fsr2h, status,2, status,0, cstack
 Tracked objects:
		On entry : 
		On exit  : 
		Unchanged: 
 Data sizes:     COMRAM   BANK0   BANK1   BANK2
      Params:         4       0       0       0
      Locals:         0       0       0       0
      Temps:          5       0       0       0
      Totals:         9       0       0       0
Total ram usage:        9 bytes
 Hardware stack levels used:    1
 Hardware stack levels required when called:    4
 This function calls:
		_putch
 This function is called by:
		_pad
		_vfpfcnvrt
		_fputs
 This function uses a non-reentrant model


 *************** function _putch *****************
 Defined at:
		line 7 in file "C:\Program Files (x86)\Microchip\xc8\v2.05\pic\sources\c99\common\putch.c"
 Parameters:    Size  Location     Type
  c               1    wreg     unsigned char 
 Auto vars:     Size  Location     Type
  c               1    0[COMRAM] unsigned char 
 Return value:  Size  Location     Type
                  1    wreg      void 
 Registers used:
		wreg
 Tracked objects:
		On entry : 
		On exit  : 
		Unchanged: 
 Data sizes:     COMRAM   BANK0   BANK1   BANK2
      Params:         0       0       0       0
      Locals:         0       0       0       0
      Temps:          0       0       0       0
      Totals:         0       0       0       0
Total ram usage:        0 bytes
 Hardware stack levels used:    1
 Hardware stack levels required when called:    3
 This function calls:
		Nothing
 This function is called by:
		_fputc
 This function uses a non-reentrant model


 *************** function ___lomod *****************
 Defined at:
		line 9 in file "C:\Program Files (x86)\Microchip\xc8\v2.05\pic\sources\c99\common\lomod.c"
 Parameters:    Size  Location     Type
  dividend        8    8[COMRAM] unsigned long long 
  divisor         8   16[COMRAM] unsigned long long 
 Auto vars:     Size  Location     Type
  counter         1   24[COMRAM] unsigned char 
 Return value:  Size  Location     Type
                  8    8[COMRAM] unsigned long long 
 Registers used:
		wreg, status,2, status,0
 Tracked objects:
		On entry : 
		On exit  : 
		Unchanged: 
 Data sizes:     COMRAM   BANK0   BANK1   BANK2
      Params:        16       0       0       0
      Locals:         1       0       0       0
      Temps:          0       0       0       0
      Totals:        17       0       0       0
Total ram usage:       17 bytes
 Hardware stack levels used:    1
 Hardware stack levels required when called:    3
 This function calls:
		Nothing
 This function is called by:
		_utoa
 This function uses a non-reentrant model


 *************** function ___lodiv *****************
 Defined at:
		line 9 in file "C:\Program Files (x86)\Microchip\xc8\v2.05\pic\sources\c99\common\lodiv.c"
 Parameters:    Size  Location     Type
  dividend        8    8[COMRAM] unsigned long long 
  divisor         8   16[COMRAM] unsigned long long 
 Auto vars:     Size  Location     Type
  quotient        8   24[COMRAM] unsigned long long 
  counter         1   32[COMRAM] unsigned char 
 Return value:  Size  Location     Type
                  8    8[COMRAM] unsigned long long 
 Registers used:
		wreg, fsr2l, fsr2h, status,2, status,0
 Tracked objects:
		On entry : 
		On exit  : 
		Unchanged: 
 Data sizes:     COMRAM   BANK0   BANK1   BANK2
      Params:        16       0       0       0
      Locals:         9       0       0       0
      Temps:          0       0       0       0
      Totals:        25       0       0       0
Total ram usage:       25 bytes
 Hardware stack levels used:    1
 Hardware stack levels required when called:    3
 This function calls:
		Nothing
 This function is called by:
		_utoa
 This function uses a non-reentrant model


 *************** function _setup *****************
 Defined at:
		line 38 in file "main.c"
 Parameters:    Size  Location     Type
		None
 Auto vars:     Size  Location     Type
		None
 Return value:  Size  Location     Type
                  1    wreg      void 
 Registers used:
		wreg, status,2, status,0, cstack
 Tracked objects:
		On entry : 
		On exit  : 
		Unchanged: 
 Data sizes:     COMRAM   BANK0   BANK1   BANK2
      Params:         0       0       0       0
      Locals:         0       0       0       0
      Temps:          0       0       0       0
      Totals:         0       0       0       0
Total ram usage:        0 bytes
 Hardware stack levels used:    1
 Hardware stack levels required when called:    7
 This function calls:
		_initPWM
		_init_LCD
		_init_RFID
		_init_sensor
 This function is called by:
		_main
 This function uses a non-reentrant model


 *************** function _init_sensor *****************
 Defined at:
		line 14 in file "signal_processing.c"
 Parameters:    Size  Location     Type
		None
 Auto vars:     Size  Location     Type
		None
 Return value:  Size  Location     Type
                  1    wreg      void 
 Registers used:
		wreg, status,2
 Tracked objects:
		On entry : 
		On exit  : 
		Unchanged: 
 Data sizes:     COMRAM   BANK0   BANK1   BANK2
      Params:         0       0       0       0
      Locals:         0       0       0       0
      Temps:          0       0       0       0
      Totals:         0       0       0       0
Total ram usage:        0 bytes
 Hardware stack levels used:    1
 Hardware stack levels required when called:    3
 This function calls:
		Nothing
 This function is called by:
		_setup
 This function uses a non-reentrant model


 *************** function _init_RFID *****************
 Defined at:
		line 13 in file "RFID.c"
 Parameters:    Size  Location     Type
		None
 Auto vars:     Size  Location     Type
		None
 Return value:  Size  Location     Type
                  1    wreg      void 
 Registers used:
		wreg, status,2
 Tracked objects:
		On entry : 
		On exit  : 
		Unchanged: 
 Data sizes:     COMRAM   BANK0   BANK1   BANK2
      Params:         0       0       0       0
      Locals:         0       0       0       0
      Temps:          0       0       0       0
      Totals:         0       0       0       0
Total ram usage:        0 bytes
 Hardware stack levels used:    1
 Hardware stack levels required when called:    3
 This function calls:
		Nothing
 This function is called by:
		_setup
 This function uses a non-reentrant model


 *************** function _init_LCD *****************
 Defined at:
		line 56 in file "LCDIO.c"
 Parameters:    Size  Location     Type
		None
 Auto vars:     Size  Location     Type
		None
 Return value:  Size  Location     Type
                  1    wreg      void 
 Registers used:
		wreg, status,2, status,0, cstack
 Tracked objects:
		On entry : 
		On exit  : 
		Unchanged: 
 Data sizes:     COMRAM   BANK0   BANK1   BANK2
      Params:         0       0       0       0
      Locals:         0       0       0       0
      Temps:          1       0       0       0
      Totals:         1       0       0       0
Total ram usage:        1 bytes
 Hardware stack levels used:    1
 Hardware stack levels required when called:    6
 This function calls:
		_LCDout
		_SendLCD
 This function is called by:
		_setup
 This function uses a non-reentrant model


 *************** function _initPWM *****************
 Defined at:
		line 5 in file "dc_motor.c"
 Parameters:    Size  Location     Type
  PWMperiod       2    8[COMRAM] int 
 Auto vars:     Size  Location     Type
		None
 Return value:  Size  Location     Type
                  1    wreg      void 
 Registers used:
		wreg, status,2
 Tracked objects:
		On entry : 
		On exit  : 
		Unchanged: 
 Data sizes:     COMRAM   BANK0   BANK1   BANK2
      Params:         2       0       0       0
      Locals:         0       0       0       0
      Temps:          0       0       0       0
      Totals:         2       0       0       0
Total ram usage:        2 bytes
 Hardware stack levels used:    1
 Hardware stack levels required when called:    3
 This function calls:
		Nothing
 This function is called by:
		_setup
 This function uses a non-reentrant model


 *************** function _process_signal *****************
 Defined at:
		line 30 in file "signal_processing.c"
 Parameters:    Size  Location     Type
  S               2   29[COMRAM] PTR struct Sensor
		 -> main@sensor(4), 
 Auto vars:     Size  Location     Type
  smoothing_co    2    0        int 
 Return value:  Size  Location     Type
                  1    wreg      void 
 Registers used:
		wreg, fsr2l, fsr2h, status,2, status,0, prodl, prodh, cstack
 Tracked objects:
		On entry : 
		On exit  : 
		Unchanged: 
 Data sizes:     COMRAM   BANK0   BANK1   BANK2
      Params:         2       0       0       0
      Locals:         2       0       0       0
      Temps:          0       0       0       0
      Totals:         4       0       0       0
Total ram usage:        4 bytes
 Hardware stack levels used:    1
 Hardware stack levels required when called:    4
 This function calls:
		___awdiv
		___lwdiv
		___wmul
 This function is called by:
		_main
 This function uses a non-reentrant model


 *************** function ___lwdiv *****************
 Defined at:
		line 7 in file "C:\Program Files (x86)\Microchip\xc8\v2.05\pic\sources\c99\common\lwdiv.c"
 Parameters:    Size  Location     Type
  dividend        2   22[COMRAM] unsigned int 
  divisor         2   24[COMRAM] unsigned int 
 Auto vars:     Size  Location     Type
  quotient        2   26[COMRAM] unsigned int 
  counter         1   28[COMRAM] unsigned char 
 Return value:  Size  Location     Type
                  2   22[COMRAM] unsigned int 
 Registers used:
		wreg, status,2, status,0
 Tracked objects:
		On entry : 
		On exit  : 
		Unchanged: 
 Data sizes:     COMRAM   BANK0   BANK1   BANK2
      Params:         4       0       0       0
      Locals:         3       0       0       0
      Temps:          0       0       0       0
      Totals:         7       0       0       0
Total ram usage:        7 bytes
 Hardware stack levels used:    1
 Hardware stack levels required when called:    3
 This function calls:
		Nothing
 This function is called by:
		_process_signal
 This function uses a non-reentrant model


 *************** function _moveToBeacon *****************
 Defined at:
		line 117 in file "dc_motor.c"
 Parameters:    Size  Location     Type
  beacon_locat    1    wreg     unsigned char 
  prev_locatio    1   38[COMRAM] unsigned char 
  mL              2   39[COMRAM] PTR struct DC_motor
		 -> main@motorL(9), 
  mR              2   41[COMRAM] PTR struct DC_motor
		 -> main@motorR(9), 
 Auto vars:     Size  Location     Type
  beacon_locat    1   43[COMRAM] unsigned char 
 Return value:  Size  Location     Type
                  1    wreg      void 
 Registers used:
		wreg, fsr2l, fsr2h, status,2, status,0, prodl, prodh, cstack
 Tracked objects:
		On entry : 
		On exit  : 
		Unchanged: 
 Data sizes:     COMRAM   BANK0   BANK1   BANK2
      Params:         5       0       0       0
      Locals:         1       0       0       0
      Temps:          0       0       0       0
      Totals:         6       0       0       0
Total ram usage:        6 bytes
 Hardware stack levels used:    1
 Hardware stack levels required when called:    6
 This function calls:
		_fullSpeedAhead
		_turnRight
 This function is called by:
		_main
 This function uses a non-reentrant model


 *************** function _turnRight *****************
 Defined at:
		line 86 in file "dc_motor.c"
 Parameters:    Size  Location     Type
  mL              2   31[COMRAM] PTR struct DC_motor
		 -> main@motorL(9), 
  mR              2   33[COMRAM] PTR struct DC_motor
		 -> main@motorR(9), 
 Auto vars:     Size  Location     Type
  i               2   36[COMRAM] int 
 Return value:  Size  Location     Type
                  1    wreg      void 
 Registers used:
		wreg, fsr2l, fsr2h, status,2, status,0, prodl, prodh, cstack
 Tracked objects:
		On entry : 
		On exit  : 
		Unchanged: 
 Data sizes:     COMRAM   BANK0   BANK1   BANK2
      Params:         4       0       0       0
      Locals:         2       0       0       0
      Temps:          1       0       0       0
      Totals:         7       0       0       0
Total ram usage:        7 bytes
 Hardware stack levels used:    1
 Hardware stack levels required when called:    5
 This function calls:
		_setMotorPWM
 This function is called by:
		_moveToBeacon
 This function uses a non-reentrant model


 *************** function _fullSpeedAhead *****************
 Defined at:
		line 103 in file "dc_motor.c"
 Parameters:    Size  Location     Type
  mL              2   31[COMRAM] PTR struct DC_motor
		 -> main@motorL(9), 
  mR              2   33[COMRAM] PTR struct DC_motor
		 -> main@motorR(9), 
 Auto vars:     Size  Location     Type
  i               2   35[COMRAM] int 
 Return value:  Size  Location     Type
                  1    wreg      void 
 Registers used:
		wreg, fsr2l, fsr2h, status,2, status,0, prodl, prodh, cstack
 Tracked objects:
		On entry : 
		On exit  : 
		Unchanged: 
 Data sizes:     COMRAM   BANK0   BANK1   BANK2
      Params:         4       0       0       0
      Locals:         2       0       0       0
      Temps:          0       0       0       0
      Totals:         6       0       0       0
Total ram usage:        6 bytes
 Hardware stack levels used:    1
 Hardware stack levels required when called:    5
 This function calls:
		_setMotorPWM
 This function is called by:
		_moveToBeacon
 This function uses a non-reentrant model


 *************** function _init_motors *****************
 Defined at:
		line 138 in file "dc_motor.c"
 Parameters:    Size  Location     Type
  mL              2   31[COMRAM] PTR struct DC_motor
		 -> main@motorL(9), 
  mR              2   33[COMRAM] PTR struct DC_motor
		 -> main@motorR(9), 
 Auto vars:     Size  Location     Type
		None
 Return value:  Size  Location     Type
                  1    wreg      void 
 Registers used:
		wreg, fsr2l, fsr2h, status,2, status,0, prodl, prodh, cstack
 Tracked objects:
		On entry : 
		On exit  : 
		Unchanged: 
 Data sizes:     COMRAM   BANK0   BANK1   BANK2
      Params:         4       0       0       0
      Locals:         0       0       0       0
      Temps:          0       0       0       0
      Totals:         4       0       0       0
Total ram usage:        4 bytes
 Hardware stack levels used:    1
 Hardware stack levels required when called:    5
 This function calls:
		_setMotorPWM
 This function is called by:
		_main
 This function uses a non-reentrant model


 *************** function _setMotorPWM *****************
 Defined at:
		line 18 in file "dc_motor.c"
 Parameters:    Size  Location     Type
  m               2   22[COMRAM] PTR struct DC_motor
		 -> main@motorR(9), main@motorL(9), 
 Auto vars:     Size  Location     Type
  PWMduty         2   29[COMRAM] int 
 Return value:  Size  Location     Type
                  1    wreg      void 
 Registers used:
		wreg, fsr2l, fsr2h, status,2, status,0, prodl, prodh, cstack
 Tracked objects:
		On entry : 
		On exit  : 
		Unchanged: 
 Data sizes:     COMRAM   BANK0   BANK1   BANK2
      Params:         2       0       0       0
      Locals:         2       0       0       0
      Temps:          5       0       0       0
      Totals:         9       0       0       0
Total ram usage:        9 bytes
 Hardware stack levels used:    1
 Hardware stack levels required when called:    4
 This function calls:
		___awdiv
		___wmul
 This function is called by:
		_turnRight
		_fullSpeedAhead
		_init_motors
		_setMotorFullSpeed
		_stopMotor
		_stop
		_turnLeft
 This function uses a non-reentrant model


 *************** function ___wmul *****************
 Defined at:
		line 15 in file "C:\Program Files (x86)\Microchip\xc8\v2.05\pic\sources\c99\common\Umul16.c"
 Parameters:    Size  Location     Type
  multiplier      2   16[COMRAM] unsigned int 
  multiplicand    2   18[COMRAM] unsigned int 
 Auto vars:     Size  Location     Type
  product         2   20[COMRAM] unsigned int 
 Return value:  Size  Location     Type
                  2   16[COMRAM] unsigned int 
 Registers used:
		wreg, status,2, status,0, prodl, prodh
 Tracked objects:
		On entry : 
		On exit  : 
		Unchanged: 
 Data sizes:     COMRAM   BANK0   BANK1   BANK2
      Params:         4       0       0       0
      Locals:         2       0       0       0
      Temps:          0       0       0       0
      Totals:         6       0       0       0
Total ram usage:        6 bytes
 Hardware stack levels used:    1
 Hardware stack levels required when called:    3
 This function calls:
		Nothing
 This function is called by:
		_setMotorPWM
		_process_signal
 This function uses a non-reentrant model


 *************** function ___awdiv *****************
 Defined at:
		line 7 in file "C:\Program Files (x86)\Microchip\xc8\v2.05\pic\sources\c99\common\awdiv.c"
 Parameters:    Size  Location     Type
  dividend        2    8[COMRAM] int 
  divisor         2   10[COMRAM] int 
 Auto vars:     Size  Location     Type
  quotient        2   14[COMRAM] int 
  sign            1   13[COMRAM] unsigned char 
  counter         1   12[COMRAM] unsigned char 
 Return value:  Size  Location     Type
                  2    8[COMRAM] int 
 Registers used:
		wreg, status,2, status,0
 Tracked objects:
		On entry : 
		On exit  : 
		Unchanged: 
 Data sizes:     COMRAM   BANK0   BANK1   BANK2
      Params:         4       0       0       0
      Locals:         4       0       0       0
      Temps:          0       0       0       0
      Totals:         8       0       0       0
Total ram usage:        8 bytes
 Hardware stack levels used:    1
 Hardware stack levels required when called:    3
 This function calls:
		Nothing
 This function is called by:
		_setMotorPWM
		_process_signal
 This function uses a non-reentrant model


 *************** function _display_RFID *****************
 Defined at:
		line 109 in file "RFID.c"
 Parameters:    Size  Location     Type
  dataBuf         2   13[COMRAM] PTR unsigned char 
		 -> RFIDbuf(12), 
 Auto vars:     Size  Location     Type
  i               2   15[COMRAM] int 
 Return value:  Size  Location     Type
                  1    wreg      void 
 Registers used:
		wreg, fsr2l, fsr2h, status,2, status,0, cstack
 Tracked objects:
		On entry : 
		On exit  : 
		Unchanged: 
 Data sizes:     COMRAM   BANK0   BANK1   BANK2
      Params:         2       0       0       0
      Locals:         2       0       0       0
      Temps:          0       0       0       0
      Totals:         4       0       0       0
Total ram usage:        4 bytes
 Hardware stack levels used:    1
 Hardware stack levels required when called:    7
 This function calls:
		_ClearLCD
		_SendLCD
		_SetLine
 This function is called by:
		_main
 This function uses a non-reentrant model


 *************** function _ClearLCD *****************
 Defined at:
		line 137 in file "LCDIO.c"
 Parameters:    Size  Location     Type
		None
 Auto vars:     Size  Location     Type
		None
 Return value:  Size  Location     Type
                  1    wreg      void 
 Registers used:
		wreg, status,2, status,0, cstack
 Tracked objects:
		On entry : 
		On exit  : 
		Unchanged: 
 Data sizes:     COMRAM   BANK0   BANK1   BANK2
      Params:         0       0       0       0
      Locals:         0       0       0       0
      Temps:          1       0       0       0
      Totals:         1       0       0       0
Total ram usage:        1 bytes
 Hardware stack levels used:    1
 Hardware stack levels required when called:    6
 This function calls:
		_SendLCD
 This function is called by:
		_main
		_display_RFID
 This function uses a non-reentrant model


 *************** function _classify_data *****************
 Defined at:
		line 41 in file "signal_processing.c"
 Parameters:    Size  Location     Type
  smoothed_dat    2    8[COMRAM] int 
 Auto vars:     Size  Location     Type
		None
 Return value:  Size  Location     Type
                  1    wreg      unsigned char 
 Registers used:
		wreg, status,2, status,0
 Tracked objects:
		On entry : 
		On exit  : 
		Unchanged: 
 Data sizes:     COMRAM   BANK0   BANK1   BANK2
      Params:         2       0       0       0
      Locals:         0       0       0       0
      Temps:          0       0       0       0
      Totals:         2       0       0       0
Total ram usage:        2 bytes
 Hardware stack levels used:    1
 Hardware stack levels required when called:    3
 This function calls:
		Nothing
 This function is called by:
		_main
 This function uses a non-reentrant model


 *************** function _check_RFID *****************
 Defined at:
		line 72 in file "RFID.c"
 Parameters:    Size  Location     Type
  dataBuf         2   14[COMRAM] PTR unsigned char 
		 -> RFIDbuf(12), 
 Auto vars:     Size  Location     Type
  i               2   36[COMRAM] int 
  hexBuf         12   18[COMRAM] unsigned char [12]
  checksum        1   35[COMRAM] unsigned char 
  byte5           1   34[COMRAM] unsigned char 
  byte4           1   33[COMRAM] unsigned char 
  byte3           1   32[COMRAM] unsigned char 
  byte2           1   31[COMRAM] unsigned char 
  byte1           1   30[COMRAM] unsigned char 
 Return value:  Size  Location     Type
                  1    wreg      void 
 Registers used:
		wreg, fsr1l, fsr1h, fsr2l, fsr2h, status,2, status,0, tblptrl, tblptrh, tblptru, cstack
 Tracked objects:
		On entry : 
		On exit  : 
		Unchanged: 
 Data sizes:     COMRAM   BANK0   BANK1   BANK2
      Params:         2       0       0       0
      Locals:        20       0       0       0
      Temps:          2       0       0       0
      Totals:        24       0       0       0
Total ram usage:       24 bytes
 Hardware stack levels used:    1
 Hardware stack levels required when called:    7
 This function calls:
		_LCD_String
		_SetLine
 This function is called by:
		_main
 This function uses a non-reentrant model


 *************** function _SetLine *****************
 Defined at:
		line 107 in file "LCDIO.c"
 Parameters:    Size  Location     Type
  line            1    wreg     unsigned char 
 Auto vars:     Size  Location     Type
  line            1   12[COMRAM] unsigned char 
 Return value:  Size  Location     Type
                  1    wreg      void 
 Registers used:
		wreg, status,2, status,0, cstack
 Tracked objects:
		On entry : 
		On exit  : 
		Unchanged: 
 Data sizes:     COMRAM   BANK0   BANK1   BANK2
      Params:         0       0       0       0
      Locals:         1       0       0       0
      Temps:          0       0       0       0
      Totals:         1       0       0       0
Total ram usage:        1 bytes
 Hardware stack levels used:    1
 Hardware stack levels required when called:    6
 This function calls:
		_SendLCD
 This function is called by:
		_main
		_check_RFID
		_display_RFID
 This function uses a non-reentrant model


 *************** function _LCD_String *****************
 Defined at:
		line 119 in file "LCDIO.c"
 Parameters:    Size  Location     Type
  string          2   12[COMRAM] PTR unsigned char 
		 -> STR_5(16), STR_4(16), STR_3(16), main@temp1(16), 
		 -> main@temp2(16), 
 Auto vars:     Size  Location     Type
		None
 Return value:  Size  Location     Type
                  1    wreg      void 
 Registers used:
		wreg, fsr1l, fsr1h, status,2, status,0, tblptrl, tblptrh, tblptru, cstack
 Tracked objects:
		On entry : 
		On exit  : 
		Unchanged: 
 Data sizes:     COMRAM   BANK0   BANK1   BANK2
      Params:         2       0       0       0
      Locals:         0       0       0       0
      Temps:          0       0       0       0
      Totals:         2       0       0       0
Total ram usage:        2 bytes
 Hardware stack levels used:    1
 Hardware stack levels required when called:    6
 This function calls:
		_SendLCD
 This function is called by:
		_main
		_check_RFID
 This function uses a non-reentrant model


 *************** function _SendLCD *****************
 Defined at:
		line 44 in file "LCDIO.c"
 Parameters:    Size  Location     Type
  Byte            1    wreg     unsigned char 
  type            1   10[COMRAM] unsigned char 
 Auto vars:     Size  Location     Type
  Byte            1   11[COMRAM] unsigned char 
 Return value:  Size  Location     Type
                  1    wreg      void 
 Registers used:
		wreg, status,2, status,0, cstack
 Tracked objects:
		On entry : 
		On exit  : 
		Unchanged: 
 Data sizes:     COMRAM   BANK0   BANK1   BANK2
      Params:         1       0       0       0
      Locals:         1       0       0       0
      Temps:          0       0       0       0
      Totals:         2       0       0       0
Total ram usage:        2 bytes
 Hardware stack levels used:    1
 Hardware stack levels required when called:    5
 This function calls:
		_LCDout
 This function is called by:
		_init_LCD
		_SetLine
		_LCD_String
		_ClearLCD
		_display_RFID
		_ShiftLeft
		_ShiftRight
 This function uses a non-reentrant model


 *************** function _LCDout *****************
 Defined at:
		line 31 in file "LCDIO.c"
 Parameters:    Size  Location     Type
  number          1    wreg     unsigned char 
 Auto vars:     Size  Location     Type
  number          1    9[COMRAM] unsigned char 
 Return value:  Size  Location     Type
                  1    wreg      void 
 Registers used:
		wreg, status,2, status,0, cstack
 Tracked objects:
		On entry : 
		On exit  : 
		Unchanged: 
 Data sizes:     COMRAM   BANK0   BANK1   BANK2
      Params:         0       0       0       0
      Locals:         1       0       0       0
      Temps:          1       0       0       0
      Totals:         2       0       0       0
Total ram usage:        2 bytes
 Hardware stack levels used:    1
 Hardware stack levels required when called:    4
 This function calls:
		_E_TOG
 This function is called by:
		_SendLCD
		_init_LCD
 This function uses a non-reentrant model


 *************** function _E_TOG *****************
 Defined at:
		line 23 in file "LCDIO.c"
 Parameters:    Size  Location     Type
		None
 Auto vars:     Size  Location     Type
		None
 Return value:  Size  Location     Type
                  1    wreg      void 
 Registers used:
		wreg
 Tracked objects:
		On entry : 
		On exit  : 
		Unchanged: 
 Data sizes:     COMRAM   BANK0   BANK1   BANK2
      Params:         0       0       0       0
      Locals:         0       0       0       0
      Temps:          0       0       0       0
      Totals:         0       0       0       0
Total ram usage:        0 bytes
 Hardware stack levels used:    1
 Hardware stack levels required when called:    3
 This function calls:
		Nothing
 This function is called by:
		_LCDout
 This function uses a non-reentrant model


 *************** function _InterruptHandlerLow *****************
 Defined at:
		line 77 in file "main.c"
 Parameters:    Size  Location     Type
		None
 Auto vars:     Size  Location     Type
		None
 Return value:  Size  Location     Type
                  1    wreg      void 
 Registers used:
		None
 Tracked objects:
		On entry : 
		On exit  : 
		Unchanged: 
 Data sizes:     COMRAM   BANK0   BANK1   BANK2
      Params:         0       0       0       0
      Locals:         0       0       0       0
      Temps:          1       0       0       0
      Totals:         1       0       0       0
Total ram usage:        1 bytes
 Hardware stack levels used:    1
 Hardware stack levels required when called:    2
 This function calls:
		Nothing
 This function is called by:
		Interrupt level 1
 This function uses a non-reentrant model


 *************** function _InterruptHandlerHigh *****************
 Defined at:
		line 59 in file "main.c"
 Parameters:    Size  Location     Type
		None
 Auto vars:     Size  Location     Type
  throwaway       1    0        unsigned char 
 Return value:  Size  Location     Type
                  1    wreg      void 
 Registers used:
		wreg, fsr2l, fsr2h, status,2, status,0, cstack
 Tracked objects:
		On entry : 
		On exit  : 
		Unchanged: 
 Data sizes:     COMRAM   BANK0   BANK1   BANK2
      Params:         0       0       0       0
      Locals:         1       0       0       0
      Temps:          2       0       0       0
      Totals:         3       0       0       0
Total ram usage:        3 bytes
 Hardware stack levels used:    1
 Hardware stack levels required when called:    1
 This function calls:
		_processRFID
 This function is called by:
		Interrupt level 2
 This function uses a non-reentrant model


 *************** function _processRFID *****************
 Defined at:
		line 34 in file "RFID.c"
 Parameters:    Size  Location     Type
  RFIDbuf         2    0[COMRAM] PTR unsigned char 
		 -> RFIDbuf(12), 
  latestChar      1    2[COMRAM] unsigned char 
 Auto vars:     Size  Location     Type
  i               1    3[COMRAM] unsigned char 
 Return value:  Size  Location     Type
                  1    wreg      unsigned char 
 Registers used:
		wreg, fsr2l, fsr2h, status,2, status,0
 Tracked objects:
		On entry : 
		On exit  : 
		Unchanged: 
 Data sizes:     COMRAM   BANK0   BANK1   BANK2
      Params:         3       0       0       0
      Locals:         1       0       0       0
      Temps:          0       0       0       0
      Totals:         4       0       0       0
Total ram usage:        4 bytes
 Hardware stack levels used:    1
 This function calls:
		Nothing
 This function is called by:
		_InterruptHandlerHigh
 This function uses a non-reentrant model



MODULE INFORMATION

Module		Function		Class		Link	Load	Size
C:\Program Files (x86)\Microchip\xc8\v2.05\pic\sources\c99\common\putch.c
		_putch         		CODE           	155C	0000	3

C:\Program Files (x86)\Microchip\xc8\v2.05\pic\sources\c99\common\putch.c estimated size: 3

dc_motor.c
		_fullSpeedAhead		CODE           	10C8	0000	113
		_turnRight     		CODE           	0FD2	0000	127
		_init_motors   		CODE           	0A5C	0000	235
		_setMotorPWM   		CODE           	0938	0000	293
		_moveToBeacon  		CODE           	12DC	0000	73
		_initPWM       		CODE           	14EE	0000	27

dc_motor.c estimated size: 868

C:\Program Files (x86)\Microchip\xc8\v2.05\pic\sources\c99\common\nf_fputc.c
		_fputc         		CODE           	0D8A	0000	161

C:\Program Files (x86)\Microchip\xc8\v2.05\pic\sources\c99\common\nf_fputc.c estimated size: 161

C:\Program Files (x86)\Microchip\xc8\v2.05\pic\sources\c99\common\lodiv.c
		___lodiv       		CODE           	0B46	0000	207

C:\Program Files (x86)\Microchip\xc8\v2.05\pic\sources\c99\common\lodiv.c estimated size: 207

signal_processing.c
		_process_signal		CODE           	0EC0	0000	143
		_init_sensor   		CODE           	153A	0000	21
		_classify_data 		CODE           	1522	0000	25

signal_processing.c estimated size: 189

C:\Program Files (x86)\Microchip\xc8\v2.05\pic\sources\c99\common\strlen.c
		_strlen        		CODE           	145E	0000	43

C:\Program Files (x86)\Microchip\xc8\v2.05\pic\sources\c99\common\strlen.c estimated size: 43

RFID.c
		_processRFID   		CODE           	1290	0000	77
		_display_RFID  		CODE           	1324	0000	65
		_check_RFID    		CODE           	07E8	0000	337
		_init_RFID     		CODE           	14D4	0000	27

RFID.c estimated size: 506

C:\Program Files (x86)\Microchip\xc8\v2.05\pic\sources\c99\common\lwdiv.c
		___lwdiv       		CODE           	123E	0000	83

C:\Program Files (x86)\Microchip\xc8\v2.05\pic\sources\c99\common\lwdiv.c estimated size: 83

C:\Program Files (x86)\Microchip\xc8\v2.05\pic\sources\c99\common\awdiv.c
		___awdiv       		CODE           	0F4E	0000	133

C:\Program Files (x86)\Microchip\xc8\v2.05\pic\sources\c99\common\awdiv.c estimated size: 133

C:\Program Files (x86)\Microchip\xc8\v2.05\pic\sources\c99\common\doprnt.c
		_vfpfcnvrt     		CODE           	067E	0000	363
		_pad           		CODE           	0E2A	0000	151
		_vfprintf      		CODE           	1196	0000	87
		_utoa          		CODE           	0348	0000	431

C:\Program Files (x86)\Microchip\xc8\v2.05\pic\sources\c99\common\doprnt.c estimated size: 1032

shared
		__initialization		CODE           	1488	0000	25

shared estimated size: 25

C:\Program Files (x86)\Microchip\xc8\v2.05\pic\sources\c99\common\nf_sprintf.c
		_sprintf       		CODE           	11EC	0000	83

C:\Program Files (x86)\Microchip\xc8\v2.05\pic\sources\c99\common\nf_sprintf.c estimated size: 83

C:\Program Files (x86)\Microchip\xc8\v2.05\pic\sources\c99\common\Umul16.c
		___wmul        		CODE           	14AE	0000	39

C:\Program Files (x86)\Microchip\xc8\v2.05\pic\sources\c99\common\Umul16.c estimated size: 39

C:\Program Files (x86)\Microchip\xc8\v2.05\pic\sources\c99\common\nf_fputs.c
		_fputs         		CODE           	1364	0000	57

C:\Program Files (x86)\Microchip\xc8\v2.05\pic\sources\c99\common\nf_fputs.c estimated size: 57

LCDIO.c
		_SetLine       		CODE           	1430	0000	47
		_LCD_String    		CODE           	1138	0000	95
		_SendLCD       		CODE           	13D2	0000	49
		_E_TOG         		CODE           	154E	0000	15
		_init_LCD      		CODE           	0C14	0000	201
		_ClearLCD      		CODE           	1508	0000	27
		_LCDout        		CODE           	1050	0000	121

LCDIO.c estimated size: 555

main.c
		_main          		CODE           	04F6	0000	393
		_InterruptHandlerLow		CODE           	0018	0000	15
		_InterruptHandlerHigh		CODE           	0008	0000	61
		_setup         		CODE           	1402	0000	47

main.c estimated size: 516

C:\Program Files (x86)\Microchip\xc8\v2.05\pic\sources\c99\common\lomod.c
		___lomod       		CODE           	0CDC	0000	175

C:\Program Files (x86)\Microchip\xc8\v2.05\pic\sources\c99\common\lomod.c estimated size: 175

