Microchip MPLAB XC8 Compiler V2.05 ()

Linker command line:

-W-3 --edf=C:\Program Files (x86)\Microchip\xc8\v2.05\pic\dat\en_msgs.txt \
  -cs -h+dist/default/production\ECM_Final_Project.X.production.sym \
  --cmf=dist/default/production\ECM_Final_Project.X.production.cmf -z \
  -Q18F4331 -oC:\Users\charl\AppData\Local\Temp\sblo.2 \
  --defsym=__MPLAB_BUILD=1 \
  -Mdist/default/production/ECM_Final_Project.X.production.map -E1 -ver=XC8 \
  --acfsm=1493 -ASTACK=0A8h-02FFh -pstack=STACK -ACODE=00h-01FFFh \
  -ACONST=00h-01FFFh -ASMALLCONST=0300h-03FFhx29 -AMEDIUMCONST=0300h-01FFFh \
  -ACOMRAM=01h-05Fh -AABS1=00h-02FFh -ABIGRAM=01h-02FFh \
  -ARAM=060h-0FFh,0100h-01FFhx2 -ABANK0=060h-0FFh -ABANK1=0100h-01FFh \
  -ABANK2=0200h-02FFh -ASFR=0F60h-0FFFh \
  -preset_vec=00h,intcode=08h,intcodelo=018h,powerup,init -pramtop=0300h \
  -psmallconst=SMALLCONST -pmediumconst=MEDIUMCONST -pconst=CONST \
  -AFARRAM=00h-00h -ACONFIG=0300000h-030000Dh -pconfig=CONFIG \
  -AIDLOC=0200000h-0200007h -pidloc=IDLOC -AEEDATA=0F00000h-0F000FFh \
  -peeprom_data=EEDATA \
  -prdata=COMRAM,nvrram=COMRAM,nvbit=COMRAM,rbss=COMRAM,rbit=COMRAM \
  -pfarbss=FARRAM,fardata=FARRAM,nvFARRAM=FARRAM \
  -pintsave_regs=BIGRAM,bigbss=BIGRAM,bigdata=BIGRAM -pbss=RAM \
  -pidata=CODE,irdata=CODE,ibigdata=CODE,ifardata=CODE -prparam=COMRAM \
  C:\Users\charl\AppData\Local\Temp\sblo.o \
  dist/default/production\ECM_Final_Project.X.production.o 

Object code version is 3.11

Machine type is 18F4331

Call graph: (short form)




                Name                               Link     Load   Length Selector   Space Scale
C:\Users\charl\AppData\Local\Temp\sblo.o
                init                                 6C       6C        4        C       0
                reset_vec                             0        0        4        0       0
                idloc                            200000   200000        8   200000       0
                config                           300000   300000        E   300000       0
dist/default/production\ECM_Final_Project.X.production.o
                intcodelo                            18       18       54        C       0
                intcode                               8        8        6        4       0
                temp                                 49       49        1        1       1
                smallconst                          300      300       A8      180       0
                text30                              EC6      EC6       4C      1D4       0
                intcode_body                       1010     1010       34      1D4       0
                text27                              B2A      B2A       84      1D4       0
                text26                             10C8     10C8       26      1D4       0
                text25                              4F8      4F8      124      1D4       0
                text24                              826      826       EA      1D4       0
                text23                             1154     1154        E      1D4       0
                text22                              D34      D34       78      1D4       0
                text21                             1044     1044       30      1D4       0
                text20                             1122     1122       1A      1D4       0
                text19                              E0C      E0C       5E      1D4       0
                text18                              CB2      CB2       82      1D4       0
                text17                              DAC      DAC       60      1D4       0
                text16                              C30      C30       82      1D4       0
                text15                              F56      F56       44      1D4       0
                text14                             1074     1074       2E      1D4       0
                text13                              F12      F12       44      1D4       0
                text12                              E6A      E6A       5C      1D4       0
                text11                              BAE      BAE       82      1D4       0
                text10                              61C      61C      110      1D4       0
                text9                              1108     1108       1A      1D4       0
                text8                               910      910       C8      1D4       0
                text7                              10EE     10EE       1A      1D4       0
                text6                              113C     113C       18      1D4       0
                text5                               FDA      FDA       36      1D4       0
                text4                               3A8      3A8      150      1D4       0
                text3                               F9A      F9A       40      1D4       0
                text2                               A92      A92       98      1D4       0
                text1                               9D8      9D8       BA      1D4       0
                text0                               72C      72C       FA      1D4       0
                cstackCOMRAM                          1        1       3B        1       1
                cstackBANK0                          92       92       16       60       1
                bssBANK0                             60       60       32       60       1
                bssCOMRAM                            3C       3C        D        1       1
                cinit                              10A2     10A2       26      1D4       0

TOTAL           Name                               Link     Load   Length     Space
        CLASS   STACK          

        CLASS   CODE           
                intcodelo                            18       18       54         0
                intcode                               8        8        6         0
                init                                 6C       6C        4         0
                reset_vec                             0        0        4         0
                text30                              EC6      EC6       4C         0
                intcode_body                       1010     1010       34         0
                text27                              B2A      B2A       84         0
                text26                             10C8     10C8       26         0
                text25                              4F8      4F8      124         0
                text24                              826      826       EA         0
                text23                             1154     1154        E         0
                text22                              D34      D34       78         0
                text21                             1044     1044       30         0
                text20                             1122     1122       1A         0
                text19                              E0C      E0C       5E         0
                text18                              CB2      CB2       82         0
                text17                              DAC      DAC       60         0
                text16                              C30      C30       82         0
                text15                              F56      F56       44         0
                text14                             1074     1074       2E         0
                text13                              F12      F12       44         0
                text12                              E6A      E6A       5C         0
                text11                              BAE      BAE       82         0
                text10                              61C      61C      110         0
                text9                              1108     1108       1A         0
                text8                               910      910       C8         0
                text7                              10EE     10EE       1A         0
                text6                              113C     113C       18         0
                text5                               FDA      FDA       36         0
                text4                               3A8      3A8      150         0
                text3                               F9A      F9A       40         0
                text2                               A92      A92       98         0
                text1                               9D8      9D8       BA         0
                text0                               72C      72C       FA         0
                cinit                              10A2     10A2       26         0

        CLASS   CONST          

        CLASS   SMALLCONST     
                smallconst                          300      300       A8         0

        CLASS   MEDIUMCONST    

        CLASS   COMRAM         
                temp                                 49       49        1         1
                cstackCOMRAM                          1        1       3B         1
                bssCOMRAM                            3C       3C        D         1

        CLASS   ABS1           

        CLASS   BIGRAM         

        CLASS   RAM            

        CLASS   BANK0          
                cstackBANK0                          92       92       16         1
                bssBANK0                             60       60       32         1

        CLASS   BANK1          

        CLASS   BANK2          

        CLASS   SFR            

        CLASS   FARRAM         

        CLASS   CONFIG         
                config                           300000   300000        E         0

        CLASS   IDLOC          
                idloc                            200000   200000        8         0

        CLASS   EEDATA         



SEGMENTS        Name                           Load    Length   Top    Selector   Space  Class

                reset_vec                      000000  000004  000004         0       0  CODE    
                cstackCOMRAM                   000001  000049  00004A         1       1  COMRAM  
                intcode                        000008  000006  00000E         4       0  CODE    
                intcodelo                      000018  000058  000070         C       0  CODE    
                bssBANK0                       000060  000048  0000A8        60       1  BANK0   
                smallconst                     000300  0000A8  0003A8       180       0  SMALLCON
                text4                          0003A8  000DBA  001162       1D4       0  CODE    
                idloc                          200000  000008  200008    200000       0  IDLOC   
                config                         300000  00000E  30000E    300000       0  CONFIG  


UNUSED ADDRESS RANGES

        Name                Unused          Largest block    Delta
        BANK0            0000A8-0000FF               58
        BANK1            000100-0001FF              100
        BANK2            000200-0002FF              100
        BIGRAM           00004A-00005F               16
                         0000A8-0002FF              258
        CODE             000004-000007                4
                         00000E-000017                A
                         000070-0002FF              290
                         001162-001FFF              E9E
        COMRAM           00004A-00005F               16
        CONST            000004-000007                4
                         00000E-000017                A
                         000070-0002FF              290
                         001162-001FFF              E9E
        EEDATA           F00000-F000FF              100
        MEDIUMCONST      001162-001FFF              E9E
        RAM              0000A8-0002FF              100
        SFR              000F60-000FFF               A0
        SMALLCONST       001162-001FFF              100
        STACK            0000A8-0002FF              258

                                  Symbol Table

?___awdiv                      cstackCOMRAM 000011
?___wmul                       cstackCOMRAM 00000B
LCD_String@string              cstackCOMRAM 00000F
LCDout@number                  cstackCOMRAM 00000C
SendLCD@Byte                   cstackCOMRAM 00000E
SendLCD@type                   cstackCOMRAM 00000D
SetLine@line                   cstackCOMRAM 00000F
_ANSEL0                        (abs)        000FB8
_ANSEL1                        (abs)        000FB9
_BAUDCONbits                   (abs)        000FAA
_CAP1BUFH                      (abs)        000F69
_CAP1BUFL                      (abs)        000F68
_CAP1CON                       (abs)        000F63
_ClearLCD                      text20       001122
_E_TOG                         text23       001154
_INTCON2bits                   (abs)        000FF1
_INTCONbits                    (abs)        000FF2
_IPR1bits                      (abs)        000F9F
_InterruptHandlerHigh          intcode      000008
_InterruptHandlerLow           intcodelo    000018
_LATAbits                      (abs)        000F89
_LATB                          (abs)        000F8A
_LATCbits                      (abs)        000F8B
_LATDbits                      (abs)        000F8C
_LCD_String                    text19       000E0C
_LCDout                        text22       000D34
_OSCCON                        (abs)        000FD3
_OSCCONbits                    (abs)        000FD3
_PDC0H                         (abs)        000F78
_PDC0L                         (abs)        000F79
_PDC1H                         (abs)        000F76
_PDC1L                         (abs)        000F77
_PIE1bits                      (abs)        000F9D
_PIR1bits                      (abs)        000F9E
_PORTDbits                     (abs)        000F83
_PTCON0                        (abs)        000F7F
_PTCON1                        (abs)        000F7E
_PTPERH                        (abs)        000F7A
_PTPERL                        (abs)        000F7B
_PWMCON0                       (abs)        000F6F
_PWMCON1                       (abs)        000F6E
_RCONbits                      (abs)        000FD0
_RCREG                         (abs)        000FAE
_RCSTAbits                     (abs)        000FAB
_RFID_flag                     bssCOMRAM    000048
_RFIDbuf                       bssBANK0     000086
_SPBRG                         (abs)        000FAF
_SPBRGH                        (abs)        000FB0
_SendLCD                       text21       001044
_SetLine                       text14       001074
_T0CON                         (abs)        000FD5
_T5CON                         (abs)        000FB7
_TRISAbits                     (abs)        000F92
_TRISBbits                     (abs)        000F93
_TRISCbits                     (abs)        000F94
_TRISDbits                     (abs)        000F95
_TXSTAbits                     (abs)        000FAC
__CFG_LVP$OFF                  (abs)        000000
__CFG_MCLRE$OFF                (abs)        000000
__CFG_OSC$IRCIO                (abs)        000000
__HRAM                         (abs)        000000
__Habs1                        abs1         000000
__Hbank0                       bank0        000000
__Hbank1                       bank1        000000
__Hbank2                       bank2        000000
__Hbigbss                      bigbss       000000
__Hbigdata                     bigdata      000000
__Hbigram                      bigram       000000
__Hbss                         bss          000000
__HbssBANK0                    bssBANK0     000000
__HbssCOMRAM                   bssCOMRAM    000000
__Hcinit                       cinit        000000
__Hclrtext                     clrtext      000000
__Hcomram                      comram       000000
__Hconfig                      config       30000E
__Hconst                       const        000000
__HcstackBANK0                 cstackBANK0  000000
__HcstackCOMRAM                cstackCOMRAM 000000
__Hdata                        data         000000
__Heeprom_data                 eeprom_data  000000
__Hfarbss                      farbss       000000
__Hfardata                     fardata      000000
__Hibigdata                    ibigdata     000000
__Hidata                       idata        000000
__Hidloc                       idloc        200008
__Hifardata                    ifardata     000000
__Hinit                        init         000070
__Hintcode                     intcode      00000E
__Hintcode_body                intcode_body 000000
__Hintcodelo                   intcodelo    00006C
__Hintentry                    intentry     000000
__Hintret                      intret       000000
__Hintsave_regs                intsave_regs 000000
__Hirdata                      irdata       000000
__Hmediumconst                 mediumconst  000000
__HnvFARRAM                    nvFARRAM     000000
__Hnvbit                       nvbit        000000
__Hnvrram                      nvrram       000000
__Hparam                       rparam       000000
__Hpowerup                     powerup      00006C
__Hram                         ram          000000
__Hramtop                      ramtop       000300
__Hrbit                        rbit         000000
__Hrbss                        rbss         000000
__Hrdata                       rdata        000000
__Hreset_vec                   reset_vec    000004
__Hrparam                      rparam       000000
__Hsfr                         sfr          000000
__Hsmallconst                  smallconst   0003A8
__Hspace_0                     (abs)        30000E
__Hspace_1                     (abs)        0000A8
__Hspace_2                     (abs)        000000
__Hstack                       stack        000000
__Hstruct                      struct       000000
__Htemp                        temp         00004A
__Htext                        text         000000
__Htext0                       text0        000000
__Htext1                       text1        000000
__Htext10                      text10       000000
__Htext11                      text11       000000
__Htext12                      text12       000000
__Htext13                      text13       000000
__Htext14                      text14       000000
__Htext15                      text15       000000
__Htext16                      text16       000000
__Htext17                      text17       000000
__Htext18                      text18       000000
__Htext19                      text19       000000
__Htext2                       text2        000000
__Htext20                      text20       000000
__Htext21                      text21       000000
__Htext22                      text22       000000
__Htext23                      text23       000000
__Htext24                      text24       000000
__Htext25                      text25       000000
__Htext26                      text26       000000
__Htext27                      text27       000000
__Htext3                       text3        000000
__Htext30                      text30       000000
__Htext4                       text4        000000
__Htext5                       text5        000000
__Htext6                       text6        000000
__Htext7                       text7        000000
__Htext8                       text8        000000
__Htext9                       text9        000000
__LRAM                         (abs)        000001
__Labs1                        abs1         000000
__Lbank0                       bank0        000000
__Lbank1                       bank1        000000
__Lbank2                       bank2        000000
__Lbigbss                      bigbss       000000
__Lbigdata                     bigdata      000000
__Lbigram                      bigram       000000
__Lbss                         bss          000000
__LbssBANK0                    bssBANK0     000000
__LbssCOMRAM                   bssCOMRAM    000000
__Lcinit                       cinit        000000
__Lclrtext                     clrtext      000000
__Lcomram                      comram       000000
__Lconfig                      config       300000
__Lconst                       const        000000
__LcstackBANK0                 cstackBANK0  000000
__LcstackCOMRAM                cstackCOMRAM 000000
__Ldata                        data         000000
__Leeprom_data                 eeprom_data  000000
__Lfarbss                      farbss       000000
__Lfardata                     fardata      000000
__Libigdata                    ibigdata     000000
__Lidata                       idata        000000
__Lidloc                       idloc        200000
__Lifardata                    ifardata     000000
__Linit                        init         00006C
__Lintcode                     intcode      000008
__Lintcode_body                intcode_body 000000
__Lintcodelo                   intcodelo    000018
__Lintentry                    intentry     000000
__Lintret                      intret       000000
__Lintsave_regs                intsave_regs 000000
__Lirdata                      irdata       000000
__Lmediumconst                 mediumconst  000000
__LnvFARRAM                    nvFARRAM     000000
__Lnvbit                       nvbit        000000
__Lnvrram                      nvrram       000000
__Lparam                       rparam       000000
__Lpowerup                     powerup      00006C
__Lram                         ram          000000
__Lramtop                      ramtop       000300
__Lrbit                        rbit         000000
__Lrbss                        rbss         000000
__Lrdata                       rdata        000000
__Lreset_vec                   reset_vec    000000
__Lrparam                      rparam       000000
__Lsfr                         sfr          000000
__Lsmallconst                  smallconst   000300
__Lspace_0                     (abs)        000000
__Lspace_1                     (abs)        000000
__Lspace_2                     (abs)        000000
__Lstack                       stack        000000
__Lstruct                      struct       000000
__Ltemp                        temp         000049
__Ltext                        text         000000
__Ltext0                       text0        000000
__Ltext1                       text1        000000
__Ltext10                      text10       000000
__Ltext11                      text11       000000
__Ltext12                      text12       000000
__Ltext13                      text13       000000
__Ltext14                      text14       000000
__Ltext15                      text15       000000
__Ltext16                      text16       000000
__Ltext17                      text17       000000
__Ltext18                      text18       000000
__Ltext19                      text19       000000
__Ltext2                       text2        000000
__Ltext20                      text20       000000
__Ltext21                      text21       000000
__Ltext22                      text22       000000
__Ltext23                      text23       000000
__Ltext24                      text24       000000
__Ltext25                      text25       000000
__Ltext26                      text26       000000
__Ltext27                      text27       000000
__Ltext3                       text3        000000
__Ltext30                      text30       000000
__Ltext4                       text4        000000
__Ltext5                       text5        000000
__Ltext6                       text6        000000
__Ltext7                       text7        000000
__Ltext8                       text8        000000
__Ltext9                       text9        000000
__S0                           (abs)        30000E
__S1                           (abs)        0000A8
__S2                           (abs)        000000
___awdiv                       text27       000B2A
___awdiv@counter               cstackCOMRAM 000015
___awdiv@dividend              cstackCOMRAM 000011
___awdiv@divisor               cstackCOMRAM 000013
___awdiv@quotient              cstackCOMRAM 000017
___awdiv@sign                  cstackCOMRAM 000016
___inthi_sp                    stack        000000
___intlo_sp                    stack        000000
___param_bank                  (abs)        000000
___rparam_used                 (abs)        000001
___sp                          stack        000000
___wmul                        text26       0010C8
___wmul@multiplicand           cstackCOMRAM 00000D
___wmul@multiplier             cstackCOMRAM 00000B
___wmul@product                cstackCOMRAM 00000F
__accesstop                    (abs)        000060
__activetblptr                 (abs)        000002
__end_of_ClearLCD              text20       00113C
__end_of_E_TOG                 text23       001162
__end_of_InterruptHandlerHigh  intcode_body 001044
__end_of_InterruptHandlerLow   intcodelo    00006C
__end_of_LCD_String            text19       000E6A
__end_of_LCDout                text22       000DAC
__end_of_SendLCD               text21       001074
__end_of_SetLine               text14       0010A2
__end_of___awdiv               text27       000BAE
__end_of___wmul                text26       0010EE
__end_of__initialization       cinit        0010BA
__end_of_check_RFID            text4        0004F8
__end_of_classify_data         text13       000F56
__end_of_display_RFID          text3        000FDA
__end_of_initPWM               text9        001122
__end_of_init_LCD              text8        0009D8
__end_of_init_RFID             text7        001108
__end_of_init_motor_struct     text24       000910
__end_of_init_sensor           text6        001154
__end_of_main                  text0        000826
__end_of_moveBackward          text16       000CB2
__end_of_moveForward           text18       000D34
__end_of_moveToBeacon          text17       000E0C
__end_of_processRFID           text30       000F12
__end_of_returnHome            text15       000F9A
__end_of_scanForBeacon         text10       00072C
__end_of_setMotorPWM           text25       00061C
__end_of_setup                 text5        001010
__end_of_stop                  text12       000EC6
__end_of_stopAndDisplay        text2        000B2A
__end_of_turn                  text11       000C30
__end_of_waitForInput          text1        000A92
__initialization               cinit        0010A2
__mediumconst                  mediumconst  000000
__pbssBANK0                    bssBANK0     000060
__pbssCOMRAM                   bssCOMRAM    00003C
__pcinit                       cinit        0010A2
__pcstackBANK0                 cstackBANK0  000092
__pcstackCOMRAM                cstackCOMRAM 000001
__pintcode                     intcode      000008
__pintcode_body                intcode_body 001010
__pintcodelo                   intcodelo    000018
__psmallconst                  smallconst   000300
__ptext0                       text0        00072C
__ptext1                       text1        0009D8
__ptext10                      text10       00061C
__ptext11                      text11       000BAE
__ptext12                      text12       000E6A
__ptext13                      text13       000F12
__ptext14                      text14       001074
__ptext15                      text15       000F56
__ptext16                      text16       000C30
__ptext17                      text17       000DAC
__ptext18                      text18       000CB2
__ptext19                      text19       000E0C
__ptext2                       text2        000A92
__ptext20                      text20       001122
__ptext21                      text21       001044
__ptext22                      text22       000D34
__ptext23                      text23       001154
__ptext24                      text24       000826
__ptext25                      text25       0004F8
__ptext26                      text26       0010C8
__ptext27                      text27       000B2A
__ptext3                       text3        000F9A
__ptext30                      text30       000EC6
__ptext4                       text4        0003A8
__ptext5                       text5        000FDA
__ptext6                       text6        00113C
__ptext7                       text7        0010EE
__ptext8                       text8        000910
__ptext9                       text9        001108
__ramtop                       ramtop       000300
__size_of_ClearLCD             (abs)        000000
__size_of_E_TOG                (abs)        000000
__size_of_InterruptHandlerHigh (abs)        000000
__size_of_InterruptHandlerLow  (abs)        000000
__size_of_LCD_String           (abs)        000000
__size_of_LCDout               (abs)        000000
__size_of_SendLCD              (abs)        000000
__size_of_SetLine              (abs)        000000
__size_of___awdiv              (abs)        000000
__size_of___wmul               (abs)        000000
__size_of_check_RFID           (abs)        000000
__size_of_classify_data        (abs)        000000
__size_of_display_RFID         (abs)        000000
__size_of_initPWM              (abs)        000000
__size_of_init_LCD             (abs)        000000
__size_of_init_RFID            (abs)        000000
__size_of_init_motor_struct    (abs)        000000
__size_of_init_sensor          (abs)        000000
__size_of_main                 (abs)        000000
__size_of_moveBackward         (abs)        000000
__size_of_moveForward          (abs)        000000
__size_of_moveToBeacon         (abs)        000000
__size_of_processRFID          (abs)        000000
__size_of_returnHome           (abs)        000000
__size_of_scanForBeacon        (abs)        000000
__size_of_setMotorPWM          (abs)        000000
__size_of_setup                (abs)        000000
__size_of_stop                 (abs)        000000
__size_of_stopAndDisplay       (abs)        000000
__size_of_turn                 (abs)        000000
__size_of_waitForInput         (abs)        000000
__smallconst                   smallconst   000300
_check_RFID                    text4        0003A8
_classify_data                 text13       000F12
_display_RFID                  text3        000F9A
_initPWM                       text9        001108
_init_LCD                      text8        000910
_init_RFID                     text7        0010EE
_init_motor_struct             text24       000826
_init_sensor                   text6        00113C
_main                          text0        00072C
_moveBackward                  text16       000C30
_moveForward                   text18       000CB2
_moveToBeacon                  text17       000DAC
_movement_time                 bssCOMRAM    000044
_processRFID                   text30       000EC6
_returnHome                    text15       000F56
_robot_mode                    bssCOMRAM    000043
_scanForBeacon                 text10       00061C
_setMotorPWM                   text25       0004F8
_setup                         text5        000FDA
_stop                          text12       000E6A
_stopAndDisplay                text2        000A92
_turn                          text11       000BAE
_waitForInput                  text1        0009D8
btemp                          temp         000049
check_RFID@byte1               cstackCOMRAM 000021
check_RFID@byte2               cstackCOMRAM 000022
check_RFID@byte3               cstackCOMRAM 000023
check_RFID@byte4               cstackCOMRAM 000024
check_RFID@byte5               cstackCOMRAM 000025
check_RFID@checksum            cstackCOMRAM 000026
check_RFID@dataBuf             cstackCOMRAM 000011
check_RFID@hexBuf              cstackCOMRAM 000015
check_RFID@i                   cstackCOMRAM 000027
classify_data@filtered         cstackCOMRAM 00000F
classify_data@raw_data         cstackCOMRAM 00000B
classify_data@smoothed         bssCOMRAM    000040
debug@smoothed_data            bssCOMRAM    00003E
display_RFID@dataBuf           cstackCOMRAM 000010
display_RFID@i                 cstackCOMRAM 000012
end_of_initialization          cinit        0010BA
initPWM@PWMperiod              cstackCOMRAM 00000B
init_motor_struct@mL           cstackCOMRAM 000022
init_motor_struct@mR           cstackCOMRAM 000024
int$flags                      temp         000049
int_func                       intcode_body 001010
intlevel0                      text         000000
intlevel1                      text         000000
intlevel2                      text         000000
intlevel3                      text         000000
main@motorL                    cstackBANK0  000096
main@motorR                    cstackBANK0  00009F
main@moving_speed              cstackBANK0  000094
main@searching_speed           cstackBANK0  000092
moveBackward@i                 cstackCOMRAM 000029
moveBackward@mL                cstackCOMRAM 000022
moveBackward@mR                cstackCOMRAM 000024
moveBackward@max_power         cstackCOMRAM 000026
moveForward@i                  cstackCOMRAM 000029
moveForward@mL                 cstackCOMRAM 000022
moveForward@mR                 cstackCOMRAM 000024
moveForward@max_power          cstackCOMRAM 000026
moveToBeacon@exit_flag         cstackCOMRAM 000033
moveToBeacon@mL                cstackCOMRAM 00002B
moveToBeacon@mR                cstackCOMRAM 00002D
moveToBeacon@speed             cstackCOMRAM 00002F
moveToBeacon@time              cstackCOMRAM 000031
processRFID@RFIDbuf            cstackCOMRAM 000001
processRFID@i                  cstackCOMRAM 000004
processRFID@latestChar         cstackCOMRAM 000003
processRFID@position_in_buf    bssCOMRAM    000042
returnHome@mL                  cstackCOMRAM 00002B
returnHome@mR                  cstackCOMRAM 00002D
returnHome@speed               cstackCOMRAM 00002F
returnHome@time                cstackCOMRAM 000031
scanForBeacon@beacon_location  cstackCOMRAM 000039
scanForBeacon@i                cstackCOMRAM 00003A
scanForBeacon@mL               cstackCOMRAM 00002B
scanForBeacon@mR               cstackCOMRAM 00002D
scanForBeacon@raw_data         cstackCOMRAM 000037
scanForBeacon@speed            cstackCOMRAM 00002F
scanForBeacon@time             cstackCOMRAM 000031
setMotorPWM@PWMduty            cstackCOMRAM 000020
setMotorPWM@m                  cstackCOMRAM 000019
stackhi                        (abs)        0002FF
stacklo                        (abs)        0000A8
start                          init         00006C
start_initialization           cinit        0010A2
stop@i                         cstackCOMRAM 000029
stop@initial_speed             cstackCOMRAM 000026
stop@mL                        cstackCOMRAM 000022
stop@mR                        cstackCOMRAM 000024
stopAndDisplay@RFID_buffer     cstackCOMRAM 000031
stopAndDisplay@i               cstackCOMRAM 000035
stopAndDisplay@mL              cstackCOMRAM 00002B
stopAndDisplay@mR              cstackCOMRAM 00002D
stopAndDisplay@speed           cstackCOMRAM 00002F
ttemp5                         temp         00004A
ttemp6                         temp         00004D
ttemp7                         temp         000051
turn@i                         cstackCOMRAM 000029
turn@mL                        cstackCOMRAM 000022
turn@mR                        cstackCOMRAM 000024
turn@max_power                 cstackCOMRAM 000026
waitForInput@i                 cstackCOMRAM 000016
waitForInput@i_1366            cstackCOMRAM 000018
waitForInput@raw_data          cstackCOMRAM 000014
wtemp8                         temp         00004A


FUNCTION INFORMATION:

 *************** function _main *****************
 Defined at:
		line 115 in file "main.c"
 Parameters:    Size  Location     Type
		None
 Auto vars:     Size  Location     Type
  motorR          9   13[BANK0 ] struct DC_motor
  motorL          9    4[BANK0 ] struct DC_motor
  moving_speed    2    2[BANK0 ] int 
  searching_sp    2    0[BANK0 ] int 
 Return value:  Size  Location     Type
                  1    wreg      void 
 Registers used:
		wreg, fsr0l, fsr0h, fsr1l, fsr1h, fsr2l, fsr2h, status,2, status,0, tblptrl, tblptrh, tblptru, prodl, prodh, cstack
 Tracked objects:
		On entry : 
		On exit  : 
		Unchanged: 
 Data sizes:     COMRAM   BANK0   BANK1   BANK2
      Params:         0       0       0       0
      Locals:         0      22       0       0
      Temps:          0       0       0       0
      Totals:         0      22       0       0
Total ram usage:       22 bytes
 Hardware stack levels required when called:    9
 This function calls:
		_LCD_String
		_init_motor_struct
		_moveToBeacon
		_returnHome
		_scanForBeacon
		_setup
		_stopAndDisplay
		_waitForInput
 This function is called by:
		Startup code after reset
 This function uses a non-reentrant model


 *************** function _waitForInput *****************
 Defined at:
		line 160 in file "subroutines.c"
 Parameters:    Size  Location     Type
		None
 Auto vars:     Size  Location     Type
  raw_data        2   19[COMRAM] unsigned int 
  throwaway       1    0        unsigned char 
  i               2   23[COMRAM] int 
  i               2   21[COMRAM] int 
 Return value:  Size  Location     Type
                  1    wreg      void 
 Registers used:
		wreg, fsr0l, fsr0h, status,2, status,0, tblptrl, tblptrh, tblptru, cstack
 Tracked objects:
		On entry : 
		On exit  : 
		Unchanged: 
 Data sizes:     COMRAM   BANK0   BANK1   BANK2
      Params:         0       0       0       0
      Locals:         7       0       0       0
      Temps:          2       0       0       0
      Totals:         9       0       0       0
Total ram usage:        9 bytes
 Hardware stack levels used:    1
 Hardware stack levels required when called:    7
 This function calls:
		_ClearLCD
		_LCD_String
		_SetLine
		_classify_data
 This function is called by:
		_main
 This function uses a non-reentrant model


 *************** function _stopAndDisplay *****************
 Defined at:
		line 98 in file "subroutines.c"
 Parameters:    Size  Location     Type
  mL              2   42[COMRAM] PTR struct DC_motor
		 -> main@motorL(9), 
  mR              2   44[COMRAM] PTR struct DC_motor
		 -> main@motorR(9), 
  speed           2   46[COMRAM] int 
  RFID_buffer     2   48[COMRAM] PTR volatile unsigned ch
		 -> RFIDbuf(12), 
 Auto vars:     Size  Location     Type
  i               2   52[COMRAM] int 
 Return value:  Size  Location     Type
                  1    wreg      unsigned char 
 Registers used:
		wreg, fsr0l, fsr0h, fsr1l, fsr1h, fsr2l, fsr2h, status,2, status,0, tblptrl, tblptrh, tblptru, prodl, prodh, cstack
 Tracked objects:
		On entry : 
		On exit  : 
		Unchanged: 
 Data sizes:     COMRAM   BANK0   BANK1   BANK2
      Params:         8       0       0       0
      Locals:         2       0       0       0
      Temps:          2       0       0       0
      Totals:        12       0       0       0
Total ram usage:       12 bytes
 Hardware stack levels used:    1
 Hardware stack levels required when called:    8
 This function calls:
		_ClearLCD
		_LCD_String
		_check_RFID
		_display_RFID
		_stop
 This function is called by:
		_main
 This function uses a non-reentrant model


 *************** function _display_RFID *****************
 Defined at:
		line 107 in file "RFID.c"
 Parameters:    Size  Location     Type
  dataBuf         2   15[COMRAM] PTR volatile unsigned ch
		 -> RFIDbuf(12), 
 Auto vars:     Size  Location     Type
  i               2   17[COMRAM] int 
 Return value:  Size  Location     Type
                  1    wreg      void 
 Registers used:
		wreg, fsr2l, fsr2h, status,2, status,0, cstack
 Tracked objects:
		On entry : 
		On exit  : 
		Unchanged: 
 Data sizes:     COMRAM   BANK0   BANK1   BANK2
      Params:         2       0       0       0
      Locals:         2       0       0       0
      Temps:          0       0       0       0
      Totals:         4       0       0       0
Total ram usage:        4 bytes
 Hardware stack levels used:    1
 Hardware stack levels required when called:    7
 This function calls:
		_ClearLCD
		_SendLCD
		_SetLine
 This function is called by:
		_stopAndDisplay
 This function uses a non-reentrant model


 *************** function _check_RFID *****************
 Defined at:
		line 70 in file "RFID.c"
 Parameters:    Size  Location     Type
  dataBuf         2   16[COMRAM] PTR volatile unsigned ch
		 -> RFIDbuf(12), 
 Auto vars:     Size  Location     Type
  i               2   38[COMRAM] int 
  hexBuf         12   20[COMRAM] unsigned char [12]
  checksum        1   37[COMRAM] unsigned char 
  byte5           1   36[COMRAM] unsigned char 
  byte4           1   35[COMRAM] unsigned char 
  byte3           1   34[COMRAM] unsigned char 
  byte2           1   33[COMRAM] unsigned char 
  byte1           1   32[COMRAM] unsigned char 
 Return value:  Size  Location     Type
                  1    wreg      void 
 Registers used:
		wreg, fsr0l, fsr0h, fsr1l, fsr1h, fsr2l, fsr2h, status,2, status,0, tblptrl, tblptrh, tblptru, cstack
 Tracked objects:
		On entry : 
		On exit  : 
		Unchanged: 
 Data sizes:     COMRAM   BANK0   BANK1   BANK2
      Params:         2       0       0       0
      Locals:        20       0       0       0
      Temps:          2       0       0       0
      Totals:        24       0       0       0
Total ram usage:       24 bytes
 Hardware stack levels used:    1
 Hardware stack levels required when called:    7
 This function calls:
		_LCD_String
		_SetLine
 This function is called by:
		_stopAndDisplay
 This function uses a non-reentrant model


 *************** function _setup *****************
 Defined at:
		line 45 in file "main.c"
 Parameters:    Size  Location     Type
		None
 Auto vars:     Size  Location     Type
		None
 Return value:  Size  Location     Type
                  1    wreg      void 
 Registers used:
		wreg, status,2, status,0, cstack
 Tracked objects:
		On entry : 
		On exit  : 
		Unchanged: 
 Data sizes:     COMRAM   BANK0   BANK1   BANK2
      Params:         0       0       0       0
      Locals:         0       0       0       0
      Temps:          0       0       0       0
      Totals:         0       0       0       0
Total ram usage:        0 bytes
 Hardware stack levels used:    1
 Hardware stack levels required when called:    7
 This function calls:
		_initPWM
		_init_LCD
		_init_RFID
		_init_sensor
 This function is called by:
		_main
 This function uses a non-reentrant model


 *************** function _init_sensor *****************
 Defined at:
		line 17 in file "signal_processing.c"
 Parameters:    Size  Location     Type
		None
 Auto vars:     Size  Location     Type
  throwaway       2    0        unsigned int 
 Return value:  Size  Location     Type
                  1    wreg      void 
 Registers used:
		wreg, status,2, status,0
 Tracked objects:
		On entry : 
		On exit  : 
		Unchanged: 
 Data sizes:     COMRAM   BANK0   BANK1   BANK2
      Params:         0       0       0       0
      Locals:         2       0       0       0
      Temps:          0       0       0       0
      Totals:         2       0       0       0
Total ram usage:        2 bytes
 Hardware stack levels used:    1
 Hardware stack levels required when called:    3
 This function calls:
		Nothing
 This function is called by:
		_setup
 This function uses a non-reentrant model


 *************** function _init_RFID *****************
 Defined at:
		line 13 in file "RFID.c"
 Parameters:    Size  Location     Type
		None
 Auto vars:     Size  Location     Type
		None
 Return value:  Size  Location     Type
                  1    wreg      void 
 Registers used:
		wreg, status,2
 Tracked objects:
		On entry : 
		On exit  : 
		Unchanged: 
 Data sizes:     COMRAM   BANK0   BANK1   BANK2
      Params:         0       0       0       0
      Locals:         0       0       0       0
      Temps:          0       0       0       0
      Totals:         0       0       0       0
Total ram usage:        0 bytes
 Hardware stack levels used:    1
 Hardware stack levels required when called:    3
 This function calls:
		Nothing
 This function is called by:
		_setup
 This function uses a non-reentrant model


 *************** function _init_LCD *****************
 Defined at:
		line 56 in file "LCDIO.c"
 Parameters:    Size  Location     Type
		None
 Auto vars:     Size  Location     Type
		None
 Return value:  Size  Location     Type
                  1    wreg      void 
 Registers used:
		wreg, status,2, status,0, cstack
 Tracked objects:
		On entry : 
		On exit  : 
		Unchanged: 
 Data sizes:     COMRAM   BANK0   BANK1   BANK2
      Params:         0       0       0       0
      Locals:         0       0       0       0
      Temps:          1       0       0       0
      Totals:         1       0       0       0
Total ram usage:        1 bytes
 Hardware stack levels used:    1
 Hardware stack levels required when called:    6
 This function calls:
		_LCDout
		_SendLCD
 This function is called by:
		_setup
 This function uses a non-reentrant model


 *************** function _initPWM *****************
 Defined at:
		line 5 in file "dc_motor.c"
 Parameters:    Size  Location     Type
  PWMperiod       2   10[COMRAM] int 
 Auto vars:     Size  Location     Type
		None
 Return value:  Size  Location     Type
                  1    wreg      void 
 Registers used:
		wreg, status,2
 Tracked objects:
		On entry : 
		On exit  : 
		Unchanged: 
 Data sizes:     COMRAM   BANK0   BANK1   BANK2
      Params:         2       0       0       0
      Locals:         0       0       0       0
      Temps:          0       0       0       0
      Totals:         2       0       0       0
Total ram usage:        2 bytes
 Hardware stack levels used:    1
 Hardware stack levels required when called:    3
 This function calls:
		Nothing
 This function is called by:
		_setup
 This function uses a non-reentrant model


 *************** function _scanForBeacon *****************
 Defined at:
		line 18 in file "subroutines.c"
 Parameters:    Size  Location     Type
  mL              2   42[COMRAM] PTR struct DC_motor
		 -> main@motorL(9), 
  mR              2   44[COMRAM] PTR struct DC_motor
		 -> main@motorR(9), 
  speed           2   46[COMRAM] int 
  time            2   48[COMRAM] PTR volatile unsigned lo
		 -> movement_time(4), 
 Auto vars:     Size  Location     Type
  i               2   57[COMRAM] int 
  raw_data        2   54[COMRAM] unsigned int 
  beacon_locat    1   56[COMRAM] unsigned char 
 Return value:  Size  Location     Type
                  1    wreg      unsigned char 
 Registers used:
		wreg, fsr0l, fsr0h, fsr2l, fsr2h, status,2, status,0, tblptrl, tblptrh, tblptru, prodl, prodh, cstack
 Tracked objects:
		On entry : 
		On exit  : 
		Unchanged: 
 Data sizes:     COMRAM   BANK0   BANK1   BANK2
      Params:         8       0       0       0
      Locals:         5       0       0       0
      Temps:          4       0       0       0
      Totals:        17       0       0       0
Total ram usage:       17 bytes
 Hardware stack levels used:    1
 Hardware stack levels required when called:    7
 This function calls:
		_ClearLCD
		_LCD_String
		_SetLine
		_classify_data
		_stop
		_turn
 This function is called by:
		_main
 This function uses a non-reentrant model


 *************** function _turn *****************
 Defined at:
		line 53 in file "dc_motor.c"
 Parameters:    Size  Location     Type
  mL              2   33[COMRAM] PTR struct DC_motor
		 -> main@motorL(9), 
  mR              2   35[COMRAM] PTR struct DC_motor
		 -> main@motorR(9), 
  max_power       2   37[COMRAM] int 
 Auto vars:     Size  Location     Type
  i               2   40[COMRAM] int 
 Return value:  Size  Location     Type
                  1    wreg      void 
 Registers used:
		wreg, fsr2l, fsr2h, status,2, status,0, prodl, prodh, cstack
 Tracked objects:
		On entry : 
		On exit  : 
		Unchanged: 
 Data sizes:     COMRAM   BANK0   BANK1   BANK2
      Params:         6       0       0       0
      Locals:         2       0       0       0
      Temps:          1       0       0       0
      Totals:         9       0       0       0
Total ram usage:        9 bytes
 Hardware stack levels used:    1
 Hardware stack levels required when called:    5
 This function calls:
		_setMotorPWM
 This function is called by:
		_scanForBeacon
 This function uses a non-reentrant model


 *************** function _stop *****************
 Defined at:
		line 40 in file "dc_motor.c"
 Parameters:    Size  Location     Type
  mL              2   33[COMRAM] PTR struct DC_motor
		 -> main@motorL(9), 
  mR              2   35[COMRAM] PTR struct DC_motor
		 -> main@motorR(9), 
  initial_spee    2   37[COMRAM] int 
 Auto vars:     Size  Location     Type
  i               2   40[COMRAM] int 
 Return value:  Size  Location     Type
                  1    wreg      void 
 Registers used:
		wreg, fsr2l, fsr2h, status,2, status,0, prodl, prodh, cstack
 Tracked objects:
		On entry : 
		On exit  : 
		Unchanged: 
 Data sizes:     COMRAM   BANK0   BANK1   BANK2
      Params:         6       0       0       0
      Locals:         2       0       0       0
      Temps:          1       0       0       0
      Totals:         9       0       0       0
Total ram usage:        9 bytes
 Hardware stack levels used:    1
 Hardware stack levels required when called:    5
 This function calls:
		_setMotorPWM
 This function is called by:
		_scanForBeacon
		_stopAndDisplay
 This function uses a non-reentrant model


 *************** function _classify_data *****************
 Defined at:
		line 35 in file "signal_processing.c"
 Parameters:    Size  Location     Type
  raw_data        2   10[COMRAM] unsigned int 
 Auto vars:     Size  Location     Type
  filtered        2   14[COMRAM] unsigned int 
 Return value:  Size  Location     Type
                  1    wreg      unsigned char 
 Registers used:
		wreg, status,2, status,0
 Tracked objects:
		On entry : 
		On exit  : 
		Unchanged: 
 Data sizes:     COMRAM   BANK0   BANK1   BANK2
      Params:         2       0       0       0
      Locals:         2       0       0       0
      Temps:          2       0       0       0
      Totals:         6       0       0       0
Total ram usage:        6 bytes
 Hardware stack levels used:    1
 Hardware stack levels required when called:    3
 This function calls:
		Nothing
 This function is called by:
		_scanForBeacon
		_waitForInput
 This function uses a non-reentrant model


 *************** function _SetLine *****************
 Defined at:
		line 107 in file "LCDIO.c"
 Parameters:    Size  Location     Type
  line            1    wreg     unsigned char 
 Auto vars:     Size  Location     Type
  line            1   14[COMRAM] unsigned char 
 Return value:  Size  Location     Type
                  1    wreg      void 
 Registers used:
		wreg, status,2, status,0, cstack
 Tracked objects:
		On entry : 
		On exit  : 
		Unchanged: 
 Data sizes:     COMRAM   BANK0   BANK1   BANK2
      Params:         0       0       0       0
      Locals:         1       0       0       0
      Temps:          0       0       0       0
      Totals:         1       0       0       0
Total ram usage:        1 bytes
 Hardware stack levels used:    1
 Hardware stack levels required when called:    6
 This function calls:
		_SendLCD
 This function is called by:
		_check_RFID
		_display_RFID
		_scanForBeacon
		_waitForInput
		_debug
 This function uses a non-reentrant model


 *************** function _returnHome *****************
 Defined at:
		line 86 in file "subroutines.c"
 Parameters:    Size  Location     Type
  mL              2   42[COMRAM] PTR struct DC_motor
		 -> main@motorL(9), 
  mR              2   44[COMRAM] PTR struct DC_motor
		 -> main@motorR(9), 
  speed           2   46[COMRAM] int 
  time            2   48[COMRAM] PTR volatile unsigned lo
		 -> movement_time(4), 
 Auto vars:     Size  Location     Type
		None
 Return value:  Size  Location     Type
                  1    wreg      unsigned char 
 Registers used:
		wreg, fsr0l, fsr0h, fsr2l, fsr2h, status,2, status,0, tblptrl, tblptrh, tblptru, prodl, prodh, cstack
 Tracked objects:
		On entry : 
		On exit  : 
		Unchanged: 
 Data sizes:     COMRAM   BANK0   BANK1   BANK2
      Params:         8       0       0       0
      Locals:         0       0       0       0
      Temps:          4       0       0       0
      Totals:        12       0       0       0
Total ram usage:       12 bytes
 Hardware stack levels used:    1
 Hardware stack levels required when called:    7
 This function calls:
		_ClearLCD
		_LCD_String
		_moveBackward
 This function is called by:
		_main
 This function uses a non-reentrant model


 *************** function _moveBackward *****************
 Defined at:
		line 85 in file "dc_motor.c"
 Parameters:    Size  Location     Type
  mL              2   33[COMRAM] PTR struct DC_motor
		 -> main@motorL(9), 
  mR              2   35[COMRAM] PTR struct DC_motor
		 -> main@motorR(9), 
  max_power       2   37[COMRAM] int 
 Auto vars:     Size  Location     Type
  i               2   40[COMRAM] int 
 Return value:  Size  Location     Type
                  1    wreg      void 
 Registers used:
		wreg, fsr2l, fsr2h, status,2, status,0, prodl, prodh, cstack
 Tracked objects:
		On entry : 
		On exit  : 
		Unchanged: 
 Data sizes:     COMRAM   BANK0   BANK1   BANK2
      Params:         6       0       0       0
      Locals:         2       0       0       0
      Temps:          1       0       0       0
      Totals:         9       0       0       0
Total ram usage:        9 bytes
 Hardware stack levels used:    1
 Hardware stack levels required when called:    5
 This function calls:
		_setMotorPWM
 This function is called by:
		_returnHome
 This function uses a non-reentrant model


 *************** function _moveToBeacon *****************
 Defined at:
		line 60 in file "subroutines.c"
 Parameters:    Size  Location     Type
  mL              2   42[COMRAM] PTR struct DC_motor
		 -> main@motorL(9), 
  mR              2   44[COMRAM] PTR struct DC_motor
		 -> main@motorR(9), 
  speed           2   46[COMRAM] int 
  time            2   48[COMRAM] PTR volatile unsigned lo
		 -> movement_time(4), 
  exit_flag       2   50[COMRAM] PTR volatile unsigned ch
		 -> NULL(0), RFID_flag(1), 
 Auto vars:     Size  Location     Type
		None
 Return value:  Size  Location     Type
                  1    wreg      unsigned char 
 Registers used:
		wreg, fsr0l, fsr0h, fsr2l, fsr2h, status,2, status,0, tblptrl, tblptrh, tblptru, prodl, prodh, cstack
 Tracked objects:
		On entry : 
		On exit  : 
		Unchanged: 
 Data sizes:     COMRAM   BANK0   BANK1   BANK2
      Params:        10       0       0       0
      Locals:         0       0       0       0
      Temps:          4       0       0       0
      Totals:        14       0       0       0
Total ram usage:       14 bytes
 Hardware stack levels used:    1
 Hardware stack levels required when called:    7
 This function calls:
		_ClearLCD
		_LCD_String
		_moveForward
 This function is called by:
		_main
 This function uses a non-reentrant model


 *************** function _moveForward *****************
 Defined at:
		line 70 in file "dc_motor.c"
 Parameters:    Size  Location     Type
  mL              2   33[COMRAM] PTR struct DC_motor
		 -> main@motorL(9), 
  mR              2   35[COMRAM] PTR struct DC_motor
		 -> main@motorR(9), 
  max_power       2   37[COMRAM] int 
 Auto vars:     Size  Location     Type
  i               2   40[COMRAM] int 
 Return value:  Size  Location     Type
                  1    wreg      void 
 Registers used:
		wreg, fsr2l, fsr2h, status,2, status,0, prodl, prodh, cstack
 Tracked objects:
		On entry : 
		On exit  : 
		Unchanged: 
 Data sizes:     COMRAM   BANK0   BANK1   BANK2
      Params:         6       0       0       0
      Locals:         2       0       0       0
      Temps:          1       0       0       0
      Totals:         9       0       0       0
Total ram usage:        9 bytes
 Hardware stack levels used:    1
 Hardware stack levels required when called:    5
 This function calls:
		_setMotorPWM
 This function is called by:
		_moveToBeacon
 This function uses a non-reentrant model


 *************** function _LCD_String *****************
 Defined at:
		line 119 in file "LCDIO.c"
 Parameters:    Size  Location     Type
  string          2   14[COMRAM] PTR unsigned char 
		 -> STR_14(16), STR_13(16), STR_12(13), debug@buf2(16), 
		 -> debug@buf(16), STR_9(16), STR_8(15), STR_7(15), 
		 -> STR_6(16), STR_5(15), STR_4(10), STR_3(16), 
		 -> STR_2(16), STR_1(15), 
 Auto vars:     Size  Location     Type
		None
 Return value:  Size  Location     Type
                  1    wreg      void 
 Registers used:
		wreg, fsr0l, fsr0h, status,2, status,0, tblptrl, tblptrh, tblptru, cstack
 Tracked objects:
		On entry : 
		On exit  : 
		Unchanged: 
 Data sizes:     COMRAM   BANK0   BANK1   BANK2
      Params:         2       0       0       0
      Locals:         0       0       0       0
      Temps:          0       0       0       0
      Totals:         2       0       0       0
Total ram usage:        2 bytes
 Hardware stack levels used:    1
 Hardware stack levels required when called:    6
 This function calls:
		_SendLCD
 This function is called by:
		_main
		_check_RFID
		_scanForBeacon
		_moveToBeacon
		_returnHome
		_stopAndDisplay
		_waitForInput
		_debug
 This function uses a non-reentrant model


 *************** function _ClearLCD *****************
 Defined at:
		line 131 in file "LCDIO.c"
 Parameters:    Size  Location     Type
		None
 Auto vars:     Size  Location     Type
		None
 Return value:  Size  Location     Type
                  1    wreg      void 
 Registers used:
		wreg, status,2, status,0, cstack
 Tracked objects:
		On entry : 
		On exit  : 
		Unchanged: 
 Data sizes:     COMRAM   BANK0   BANK1   BANK2
      Params:         0       0       0       0
      Locals:         0       0       0       0
      Temps:          1       0       0       0
      Totals:         1       0       0       0
Total ram usage:        1 bytes
 Hardware stack levels used:    1
 Hardware stack levels required when called:    6
 This function calls:
		_SendLCD
 This function is called by:
		_display_RFID
		_scanForBeacon
		_moveToBeacon
		_returnHome
		_stopAndDisplay
		_waitForInput
		_debug
 This function uses a non-reentrant model


 *************** function _SendLCD *****************
 Defined at:
		line 44 in file "LCDIO.c"
 Parameters:    Size  Location     Type
  Byte            1    wreg     unsigned char 
  type            1   12[COMRAM] unsigned char 
 Auto vars:     Size  Location     Type
  Byte            1   13[COMRAM] unsigned char 
 Return value:  Size  Location     Type
                  1    wreg      void 
 Registers used:
		wreg, status,2, status,0, cstack
 Tracked objects:
		On entry : 
		On exit  : 
		Unchanged: 
 Data sizes:     COMRAM   BANK0   BANK1   BANK2
      Params:         1       0       0       0
      Locals:         1       0       0       0
      Temps:          0       0       0       0
      Totals:         2       0       0       0
Total ram usage:        2 bytes
 Hardware stack levels used:    1
 Hardware stack levels required when called:    5
 This function calls:
		_LCDout
 This function is called by:
		_init_LCD
		_SetLine
		_LCD_String
		_ClearLCD
		_display_RFID
 This function uses a non-reentrant model


 *************** function _LCDout *****************
 Defined at:
		line 31 in file "LCDIO.c"
 Parameters:    Size  Location     Type
  number          1    wreg     unsigned char 
 Auto vars:     Size  Location     Type
  number          1   11[COMRAM] unsigned char 
 Return value:  Size  Location     Type
                  1    wreg      void 
 Registers used:
		wreg, status,2, status,0, cstack
 Tracked objects:
		On entry : 
		On exit  : 
		Unchanged: 
 Data sizes:     COMRAM   BANK0   BANK1   BANK2
      Params:         0       0       0       0
      Locals:         1       0       0       0
      Temps:          1       0       0       0
      Totals:         2       0       0       0
Total ram usage:        2 bytes
 Hardware stack levels used:    1
 Hardware stack levels required when called:    4
 This function calls:
		_E_TOG
 This function is called by:
		_SendLCD
		_init_LCD
 This function uses a non-reentrant model


 *************** function _E_TOG *****************
 Defined at:
		line 23 in file "LCDIO.c"
 Parameters:    Size  Location     Type
		None
 Auto vars:     Size  Location     Type
		None
 Return value:  Size  Location     Type
                  1    wreg      void 
 Registers used:
		wreg
 Tracked objects:
		On entry : 
		On exit  : 
		Unchanged: 
 Data sizes:     COMRAM   BANK0   BANK1   BANK2
      Params:         0       0       0       0
      Locals:         0       0       0       0
      Temps:          0       0       0       0
      Totals:         0       0       0       0
Total ram usage:        0 bytes
 Hardware stack levels used:    1
 Hardware stack levels required when called:    3
 This function calls:
		Nothing
 This function is called by:
		_LCDout
 This function uses a non-reentrant model


 *************** function _init_motor_struct *****************
 Defined at:
		line 99 in file "dc_motor.c"
 Parameters:    Size  Location     Type
  mL              2   33[COMRAM] PTR struct DC_motor
		 -> main@motorL(9), 
  mR              2   35[COMRAM] PTR struct DC_motor
		 -> main@motorR(9), 
 Auto vars:     Size  Location     Type
		None
 Return value:  Size  Location     Type
                  1    wreg      void 
 Registers used:
		wreg, fsr2l, fsr2h, status,2, status,0, prodl, prodh, cstack
 Tracked objects:
		On entry : 
		On exit  : 
		Unchanged: 
 Data sizes:     COMRAM   BANK0   BANK1   BANK2
      Params:         4       0       0       0
      Locals:         0       0       0       0
      Temps:          0       0       0       0
      Totals:         4       0       0       0
Total ram usage:        4 bytes
 Hardware stack levels used:    1
 Hardware stack levels required when called:    5
 This function calls:
		_setMotorPWM
 This function is called by:
		_main
 This function uses a non-reentrant model


 *************** function _setMotorPWM *****************
 Defined at:
		line 18 in file "dc_motor.c"
 Parameters:    Size  Location     Type
  m               2   24[COMRAM] PTR struct DC_motor
		 -> main@motorR(9), main@motorL(9), 
 Auto vars:     Size  Location     Type
  PWMduty         2   31[COMRAM] int 
 Return value:  Size  Location     Type
                  1    wreg      void 
 Registers used:
		wreg, fsr2l, fsr2h, status,2, status,0, prodl, prodh, cstack
 Tracked objects:
		On entry : 
		On exit  : 
		Unchanged: 
 Data sizes:     COMRAM   BANK0   BANK1   BANK2
      Params:         2       0       0       0
      Locals:         2       0       0       0
      Temps:          5       0       0       0
      Totals:         9       0       0       0
Total ram usage:        9 bytes
 Hardware stack levels used:    1
 Hardware stack levels required when called:    4
 This function calls:
		___awdiv
		___wmul
 This function is called by:
		_stop
		_turn
		_moveForward
		_moveBackward
		_init_motor_struct
 This function uses a non-reentrant model


 *************** function ___wmul *****************
 Defined at:
		line 15 in file "C:\Program Files (x86)\Microchip\xc8\v2.05\pic\sources\c99\common\Umul16.c"
 Parameters:    Size  Location     Type
  multiplier      2   10[COMRAM] unsigned int 
  multiplicand    2   12[COMRAM] unsigned int 
 Auto vars:     Size  Location     Type
  product         2   14[COMRAM] unsigned int 
 Return value:  Size  Location     Type
                  2   10[COMRAM] unsigned int 
 Registers used:
		wreg, status,2, status,0, prodl, prodh
 Tracked objects:
		On entry : 
		On exit  : 
		Unchanged: 
 Data sizes:     COMRAM   BANK0   BANK1   BANK2
      Params:         4       0       0       0
      Locals:         2       0       0       0
      Temps:          0       0       0       0
      Totals:         6       0       0       0
Total ram usage:        6 bytes
 Hardware stack levels used:    1
 Hardware stack levels required when called:    3
 This function calls:
		Nothing
 This function is called by:
		_setMotorPWM
 This function uses a non-reentrant model


 *************** function ___awdiv *****************
 Defined at:
		line 7 in file "C:\Program Files (x86)\Microchip\xc8\v2.05\pic\sources\c99\common\awdiv.c"
 Parameters:    Size  Location     Type
  dividend        2   16[COMRAM] int 
  divisor         2   18[COMRAM] int 
 Auto vars:     Size  Location     Type
  quotient        2   22[COMRAM] int 
  sign            1   21[COMRAM] unsigned char 
  counter         1   20[COMRAM] unsigned char 
 Return value:  Size  Location     Type
                  2   16[COMRAM] int 
 Registers used:
		wreg, status,2, status,0
 Tracked objects:
		On entry : 
		On exit  : 
		Unchanged: 
 Data sizes:     COMRAM   BANK0   BANK1   BANK2
      Params:         4       0       0       0
      Locals:         4       0       0       0
      Temps:          0       0       0       0
      Totals:         8       0       0       0
Total ram usage:        8 bytes
 Hardware stack levels used:    1
 Hardware stack levels required when called:    3
 This function calls:
		Nothing
 This function is called by:
		_setMotorPWM
 This function uses a non-reentrant model


 *************** function _InterruptHandlerLow *****************
 Defined at:
		line 93 in file "main.c"
 Parameters:    Size  Location     Type
		None
 Auto vars:     Size  Location     Type
		None
 Return value:  Size  Location     Type
                  1    wreg      void 
 Registers used:
		wreg, status,2, status,0
 Tracked objects:
		On entry : 
		On exit  : 
		Unchanged: 
 Data sizes:     COMRAM   BANK0   BANK1   BANK2
      Params:         0       0       0       0
      Locals:         0       0       0       0
      Temps:          3       0       0       0
      Totals:         3       0       0       0
Total ram usage:        3 bytes
 Hardware stack levels used:    1
 Hardware stack levels required when called:    2
 This function calls:
		Nothing
 This function is called by:
		Interrupt level 1
 This function uses a non-reentrant model


 *************** function _InterruptHandlerHigh *****************
 Defined at:
		line 75 in file "main.c"
 Parameters:    Size  Location     Type
		None
 Auto vars:     Size  Location     Type
  throwaway       1    0        unsigned char 
 Return value:  Size  Location     Type
                  1    wreg      void 
 Registers used:
		wreg, fsr2l, fsr2h, status,2, status,0, cstack
 Tracked objects:
		On entry : 
		On exit  : 
		Unchanged: 
 Data sizes:     COMRAM   BANK0   BANK1   BANK2
      Params:         0       0       0       0
      Locals:         1       0       0       0
      Temps:          2       0       0       0
      Totals:         3       0       0       0
Total ram usage:        3 bytes
 Hardware stack levels used:    1
 Hardware stack levels required when called:    1
 This function calls:
		_processRFID
 This function is called by:
		Interrupt level 2
 This function uses a non-reentrant model


 *************** function _processRFID *****************
 Defined at:
		line 34 in file "RFID.c"
 Parameters:    Size  Location     Type
  RFIDbuf         2    0[COMRAM] PTR volatile unsigned ch
		 -> RFIDbuf(12), 
  latestChar      1    2[COMRAM] unsigned char 
 Auto vars:     Size  Location     Type
  i               1    3[COMRAM] unsigned char 
 Return value:  Size  Location     Type
                  1    wreg      unsigned char 
 Registers used:
		wreg, fsr2l, fsr2h, status,2, status,0
 Tracked objects:
		On entry : 
		On exit  : 
		Unchanged: 
 Data sizes:     COMRAM   BANK0   BANK1   BANK2
      Params:         3       0       0       0
      Locals:         1       0       0       0
      Temps:          0       0       0       0
      Totals:         4       0       0       0
Total ram usage:        4 bytes
 Hardware stack levels used:    1
 This function calls:
		Nothing
 This function is called by:
		_InterruptHandlerHigh
 This function uses a non-reentrant model



MODULE INFORMATION

Module		Function		Class		Link	Load	Size
dc_motor.c
		_moveForward   		CODE           	0CB2	0000	131
		_turn          		CODE           	0BAE	0000	131
		_stop          		CODE           	0E6A	0000	93
		_moveBackward  		CODE           	0C30	0000	131
		_setMotorPWM   		CODE           	04F8	0000	293
		_init_motor_struct		CODE           	0826	0000	235
		_initPWM       		CODE           	1108	0000	27

dc_motor.c estimated size: 1041

signal_processing.c
		_init_sensor   		CODE           	113C	0000	25
		_classify_data 		CODE           	0F12	0000	69

signal_processing.c estimated size: 94

RFID.c
		_processRFID   		CODE           	0EC6	0000	77
		_display_RFID  		CODE           	0F9A	0000	65
		_check_RFID    		CODE           	03A8	0000	337
		_init_RFID     		CODE           	10EE	0000	27

RFID.c estimated size: 506

C:\Program Files (x86)\Microchip\xc8\v2.05\pic\sources\c99\common\awdiv.c
		___awdiv       		CODE           	0B2A	0000	133

C:\Program Files (x86)\Microchip\xc8\v2.05\pic\sources\c99\common\awdiv.c estimated size: 133

subroutines.c
		_stopAndDisplay		CODE           	0A92	0000	153
		_moveToBeacon  		CODE           	0DAC	0000	97
		_returnHome    		CODE           	0F56	0000	69
		_waitForInput  		CODE           	09D8	0000	187
		_scanForBeacon 		CODE           	061C	0000	273

subroutines.c estimated size: 779

shared
		__initialization		CODE           	10A2	0000	25

shared estimated size: 25

C:\Program Files (x86)\Microchip\xc8\v2.05\pic\sources\c99\common\Umul16.c
		___wmul        		CODE           	10C8	0000	39

C:\Program Files (x86)\Microchip\xc8\v2.05\pic\sources\c99\common\Umul16.c estimated size: 39

LCDIO.c
		_SetLine       		CODE           	1074	0000	47
		_LCD_String    		CODE           	0E0C	0000	95
		_SendLCD       		CODE           	1044	0000	49
		_E_TOG         		CODE           	1154	0000	15
		_init_LCD      		CODE           	0910	0000	201
		_ClearLCD      		CODE           	1122	0000	27
		_LCDout        		CODE           	0D34	0000	121

LCDIO.c estimated size: 555

main.c
		_main          		CODE           	072C	0000	251
		_InterruptHandlerLow		CODE           	0018	0000	85
		_InterruptHandlerHigh		CODE           	0008	0000	59
		_setup         		CODE           	0FDA	0000	55

main.c estimated size: 450

