Microchip MPLAB XC8 Compiler V2.05 ()

Linker command line:

-W-3 --edf=C:\Program Files (x86)\Microchip\xc8\v2.05\pic\dat\en_msgs.txt \
  -cs -h+dist/default/production\ECM_Final_Project.X.production.sym \
  --cmf=dist/default/production\ECM_Final_Project.X.production.cmf -z \
  -Q18F4331 -oC:\Users\charl\AppData\Local\Temp\shto.2 \
  --defsym=__MPLAB_BUILD=1 \
  -Mdist/default/production/ECM_Final_Project.X.production.map -E1 -ver=XC8 \
  --acfsm=1493 -ASTACK=088h-02FFh -pstack=STACK -ACODE=00h-01FFFh \
  -ACONST=00h-01FFFh -ASMALLCONST=0300h-03FFhx29 -AMEDIUMCONST=0300h-01FFFh \
  -ACOMRAM=01h-05Fh -AABS1=00h-02FFh -ABIGRAM=01h-02FFh \
  -ARAM=060h-0FFh,0100h-01FFhx2 -ABANK0=060h-0FFh -ABANK1=0100h-01FFh \
  -ABANK2=0200h-02FFh -ASFR=0F60h-0FFFh \
  -preset_vec=00h,intcode=08h,intcodelo,powerup,init -pramtop=0300h \
  -psmallconst=SMALLCONST -pmediumconst=MEDIUMCONST -pconst=CONST \
  -AFARRAM=00h-00h -ACONFIG=0300000h-030000Dh -pconfig=CONFIG \
  -AIDLOC=0200000h-0200007h -pidloc=IDLOC -AEEDATA=0F00000h-0F000FFh \
  -peeprom_data=EEDATA \
  -prdata=COMRAM,nvrram=COMRAM,nvbit=COMRAM,rbss=COMRAM,rbit=COMRAM \
  -pfarbss=FARRAM,fardata=FARRAM,nvFARRAM=FARRAM \
  -pintsave_regs=BIGRAM,bigbss=BIGRAM,bigdata=BIGRAM -pbss=RAM \
  -pidata=CODE,irdata=CODE,ibigdata=CODE,ifardata=CODE -prparam=COMRAM \
  C:\Users\charl\AppData\Local\Temp\shto.o \
  dist/default/production\ECM_Final_Project.X.production.o 

Object code version is 3.11

Machine type is 18F4331

Call graph: (short form)




                Name                               Link     Load   Length Selector   Space Scale
C:\Users\charl\AppData\Local\Temp\shto.o
                init                                 3E       3E        4        4       0
                reset_vec                             0        0        4        0       0
                idloc                            200000   200000        8   200000       0
                config                           300000   300000        E   300000       0
dist/default/production\ECM_Final_Project.X.production.o
                intcode                               8        8       36        4       0
                temp                                 3D       3D        1        1       1
                smallconst                          300      300       42      180       0
                text27                              C2E      C2E       4C      1A1       0
                text25                              8C4      8C4       84      1A1       0
                text24                              DC6      DC6       26      1A1       0
                text23                              5EE      5EE      124      1A1       0
                text22                              712      712       EA      1A1       0
                text21                              E8E      E8E        E      1A1       0
                text20                              9CA      9CA       78      1A1       0
                text19                              D3A      D3A       30      1A1       0
                text18                              D04      D04       36      1A1       0
                text17                              D98      D98       2E      1A1       0
                text16                              49E      49E      150      1A1       0
                text15                              E44      E44       1A      1A1       0
                text14                              CC4      CC4       40      1A1       0
                text13                              AB6      AB6       74      1A1       0
                text12                              B86      B86       5A      1A1       0
                text11                              A42      A42       74      1A1       0
                text10                              B2A      B2A       5C      1A1       0
                text9                               E76      E76       18      1A1       0
                text8                               948      948       82      1A1       0
                text7                               C7A      C7A       4A      1A1       0
                text6                               E2A      E2A       1A      1A1       0
                text5                               7FC      7FC       C8      1A1       0
                text4                               E10      E10       1A      1A1       0
                text3                               E5E      E5E       18      1A1       0
                text2                               D6A      D6A       2E      1A1       0
                text1                               BE0      BE0       4E      1A1       0
                text0                               342      342      15C      1A1       0
                cstackCOMRAM                          1        1       39        1       1
                cstackBANK0                          60       60       1C       60       1
                bssBANK0                             7C       7C        C       60       1
                bssCOMRAM                            3A       3A        3        1       1
                cinit                               DEC      DEC       24      1A1       0

TOTAL           Name                               Link     Load   Length     Space
        CLASS   STACK          

        CLASS   CODE           
                intcode                               8        8       36         0
                init                                 3E       3E        4         0
                reset_vec                             0        0        4         0
                text27                              C2E      C2E       4C         0
                text25                              8C4      8C4       84         0
                text24                              DC6      DC6       26         0
                text23                              5EE      5EE      124         0
                text22                              712      712       EA         0
                text21                              E8E      E8E        E         0
                text20                              9CA      9CA       78         0
                text19                              D3A      D3A       30         0
                text18                              D04      D04       36         0
                text17                              D98      D98       2E         0
                text16                              49E      49E      150         0
                text15                              E44      E44       1A         0
                text14                              CC4      CC4       40         0
                text13                              AB6      AB6       74         0
                text12                              B86      B86       5A         0
                text11                              A42      A42       74         0
                text10                              B2A      B2A       5C         0
                text9                               E76      E76       18         0
                text8                               948      948       82         0
                text7                               C7A      C7A       4A         0
                text6                               E2A      E2A       1A         0
                text5                               7FC      7FC       C8         0
                text4                               E10      E10       1A         0
                text3                               E5E      E5E       18         0
                text2                               D6A      D6A       2E         0
                text1                               BE0      BE0       4E         0
                text0                               342      342      15C         0
                cinit                               DEC      DEC       24         0

        CLASS   CONST          

        CLASS   SMALLCONST     
                smallconst                          300      300       42         0

        CLASS   MEDIUMCONST    

        CLASS   COMRAM         
                temp                                 3D       3D        1         1
                cstackCOMRAM                          1        1       39         1
                bssCOMRAM                            3A       3A        3         1

        CLASS   ABS1           

        CLASS   BIGRAM         

        CLASS   RAM            

        CLASS   BANK0          
                cstackBANK0                          60       60       1C         1
                bssBANK0                             7C       7C        C         1

        CLASS   BANK1          

        CLASS   BANK2          

        CLASS   SFR            

        CLASS   FARRAM         

        CLASS   CONFIG         
                config                           300000   300000        E         0

        CLASS   IDLOC          
                idloc                            200000   200000        8         0

        CLASS   EEDATA         



SEGMENTS        Name                           Load    Length   Top    Selector   Space  Class

                reset_vec                      000000  000004  000004         0       0  CODE    
                cstackCOMRAM                   000001  00003D  00003E         1       1  COMRAM  
                intcode                        000008  00003A  000042         4       0  CODE    
                cstackBANK0                    000060  000028  000088        60       1  BANK0   
                smallconst                     000300  000042  000342       180       0  SMALLCON
                text0                          000342  000B5A  000E9C       1A1       0  CODE    
                idloc                          200000  000008  200008    200000       0  IDLOC   
                config                         300000  00000E  30000E    300000       0  CONFIG  


UNUSED ADDRESS RANGES

        Name                Unused          Largest block    Delta
        BANK0            000088-0000FF               78
        BANK1            000100-0001FF              100
        BANK2            000200-0002FF              100
        BIGRAM           00003E-00005F               22
                         000088-0002FF              278
        CODE             000004-000007                4
                         000042-0002FF              2BE
                         000E9C-001FFF             1164
        COMRAM           00003E-00005F               22
        CONST            000004-000007                4
                         000042-0002FF              2BE
                         000E9C-001FFF             1164
        EEDATA           F00000-F000FF              100
        MEDIUMCONST      000E9C-001FFF             1164
        RAM              000088-0002FF              100
        SFR              000F60-000FFF               A0
        SMALLCONST       000E9C-001FFF              100
        STACK            000088-0002FF              278

                                  Symbol Table

?___awdiv                      cstackCOMRAM 00000E
?___wmul                       cstackCOMRAM 000008
LCD_String@string              cstackCOMRAM 00000C
LCDout@number                  cstackCOMRAM 000009
SendLCD@Byte                   cstackCOMRAM 00000B
SendLCD@type                   cstackCOMRAM 00000A
SetLine@line                   cstackCOMRAM 00000C
_ANSEL0                        (abs)        000FB8
_ANSEL1                        (abs)        000FB9
_BAUDCONbits                   (abs)        000FAA
_CAP1BUFH                      (abs)        000F69
_CAP1BUFL                      (abs)        000F68
_CAP1CON                       (abs)        000F63
_ClearLCD                      text15       000E44
_DFLTCON                       (abs)        000F60
_E_TOG                         text21       000E8E
_INTCONbits                    (abs)        000FF2
_IPR1bits                      (abs)        000F9F
_InterruptHandlerHigh          intcode      000008
_LATAbits                      (abs)        000F89
_LATB                          (abs)        000F8A
_LATCbits                      (abs)        000F8B
_LATDbits                      (abs)        000F8C
_LCD_String                    text18       000D04
_LCDout                        text20       0009CA
_OSCCON                        (abs)        000FD3
_OSCCONbits                    (abs)        000FD3
_PDC0H                         (abs)        000F78
_PDC0L                         (abs)        000F79
_PDC1H                         (abs)        000F76
_PDC1L                         (abs)        000F77
_PIE1bits                      (abs)        000F9D
_PIR1bits                      (abs)        000F9E
_PORTDbits                     (abs)        000F83
_PTCON0                        (abs)        000F7F
_PTCON1                        (abs)        000F7E
_PTPERH                        (abs)        000F7A
_PTPERL                        (abs)        000F7B
_PWMCON0                       (abs)        000F6F
_PWMCON1                       (abs)        000F6E
_RCONbits                      (abs)        000FD0
_RCREG                         (abs)        000FAE
_RCSTAbits                     (abs)        000FAB
_RFID_flag                     bssCOMRAM    00003C
_RFIDbuf                       bssBANK0     00007C
_SPBRG                         (abs)        000FAF
_SPBRGH                        (abs)        000FB0
_SendLCD                       text19       000D3A
_SetLine                       text17       000D98
_T5CON                         (abs)        000FB7
_TRISAbits                     (abs)        000F92
_TRISBbits                     (abs)        000F93
_TRISCbits                     (abs)        000F94
_TRISDbits                     (abs)        000F95
_TXSTAbits                     (abs)        000FAC
__CFG_LVP$OFF                  (abs)        000000
__CFG_MCLRE$OFF                (abs)        000000
__CFG_OSC$IRCIO                (abs)        000000
__HRAM                         (abs)        000000
__Habs1                        abs1         000000
__Hbank0                       bank0        000000
__Hbank1                       bank1        000000
__Hbank2                       bank2        000000
__Hbigbss                      bigbss       000000
__Hbigdata                     bigdata      000000
__Hbigram                      bigram       000000
__Hbss                         bss          000000
__HbssBANK0                    bssBANK0     000000
__HbssCOMRAM                   bssCOMRAM    000000
__Hcinit                       cinit        000000
__Hclrtext                     clrtext      000000
__Hcomram                      comram       000000
__Hconfig                      config       30000E
__Hconst                       const        000000
__HcstackBANK0                 cstackBANK0  000000
__HcstackCOMRAM                cstackCOMRAM 000000
__Hdata                        data         000000
__Heeprom_data                 eeprom_data  000000
__Hfarbss                      farbss       000000
__Hfardata                     fardata      000000
__Hibigdata                    ibigdata     000000
__Hidata                       idata        000000
__Hidloc                       idloc        200008
__Hifardata                    ifardata     000000
__Hinit                        init         000042
__Hintcode                     intcode      00003E
__Hintcode_body                intcode_body 000000
__Hintcodelo                   intcodelo    00003E
__Hintentry                    intentry     000000
__Hintret                      intret       000000
__Hintsave_regs                intsave_regs 000000
__Hirdata                      irdata       000000
__Hmediumconst                 mediumconst  000000
__HnvFARRAM                    nvFARRAM     000000
__Hnvbit                       nvbit        000000
__Hnvrram                      nvrram       000000
__Hparam                       rparam       000000
__Hpowerup                     powerup      00003E
__Hram                         ram          000000
__Hramtop                      ramtop       000300
__Hrbit                        rbit         000000
__Hrbss                        rbss         000000
__Hrdata                       rdata        000000
__Hreset_vec                   reset_vec    000004
__Hrparam                      rparam       000000
__Hsfr                         sfr          000000
__Hsmallconst                  smallconst   000342
__Hspace_0                     (abs)        30000E
__Hspace_1                     (abs)        000088
__Hspace_2                     (abs)        000000
__Hstack                       stack        000000
__Hstruct                      struct       000000
__Htemp                        temp         00003E
__Htext                        text         000000
__Htext0                       text0        000000
__Htext1                       text1        000000
__Htext10                      text10       000000
__Htext11                      text11       000000
__Htext12                      text12       000000
__Htext13                      text13       000000
__Htext14                      text14       000000
__Htext15                      text15       000000
__Htext16                      text16       000000
__Htext17                      text17       000000
__Htext18                      text18       000000
__Htext19                      text19       000000
__Htext2                       text2        000000
__Htext20                      text20       000000
__Htext21                      text21       000000
__Htext22                      text22       000000
__Htext23                      text23       000000
__Htext24                      text24       000000
__Htext25                      text25       000000
__Htext27                      text27       000000
__Htext3                       text3        000000
__Htext4                       text4        000000
__Htext5                       text5        000000
__Htext6                       text6        000000
__Htext7                       text7        000000
__Htext8                       text8        000000
__Htext9                       text9        000000
__LRAM                         (abs)        000001
__Labs1                        abs1         000000
__Lbank0                       bank0        000000
__Lbank1                       bank1        000000
__Lbank2                       bank2        000000
__Lbigbss                      bigbss       000000
__Lbigdata                     bigdata      000000
__Lbigram                      bigram       000000
__Lbss                         bss          000000
__LbssBANK0                    bssBANK0     000000
__LbssCOMRAM                   bssCOMRAM    000000
__Lcinit                       cinit        000000
__Lclrtext                     clrtext      000000
__Lcomram                      comram       000000
__Lconfig                      config       300000
__Lconst                       const        000000
__LcstackBANK0                 cstackBANK0  000000
__LcstackCOMRAM                cstackCOMRAM 000000
__Ldata                        data         000000
__Leeprom_data                 eeprom_data  000000
__Lfarbss                      farbss       000000
__Lfardata                     fardata      000000
__Libigdata                    ibigdata     000000
__Lidata                       idata        000000
__Lidloc                       idloc        200000
__Lifardata                    ifardata     000000
__Linit                        init         00003E
__Lintcode                     intcode      000008
__Lintcode_body                intcode_body 000000
__Lintcodelo                   intcodelo    00003E
__Lintentry                    intentry     000000
__Lintret                      intret       000000
__Lintsave_regs                intsave_regs 000000
__Lirdata                      irdata       000000
__Lmediumconst                 mediumconst  000000
__LnvFARRAM                    nvFARRAM     000000
__Lnvbit                       nvbit        000000
__Lnvrram                      nvrram       000000
__Lparam                       rparam       000000
__Lpowerup                     powerup      00003E
__Lram                         ram          000000
__Lramtop                      ramtop       000300
__Lrbit                        rbit         000000
__Lrbss                        rbss         000000
__Lrdata                       rdata        000000
__Lreset_vec                   reset_vec    000000
__Lrparam                      rparam       000000
__Lsfr                         sfr          000000
__Lsmallconst                  smallconst   000300
__Lspace_0                     (abs)        000000
__Lspace_1                     (abs)        000000
__Lspace_2                     (abs)        000000
__Lstack                       stack        000000
__Lstruct                      struct       000000
__Ltemp                        temp         00003D
__Ltext                        text         000000
__Ltext0                       text0        000000
__Ltext1                       text1        000000
__Ltext10                      text10       000000
__Ltext11                      text11       000000
__Ltext12                      text12       000000
__Ltext13                      text13       000000
__Ltext14                      text14       000000
__Ltext15                      text15       000000
__Ltext16                      text16       000000
__Ltext17                      text17       000000
__Ltext18                      text18       000000
__Ltext19                      text19       000000
__Ltext2                       text2        000000
__Ltext20                      text20       000000
__Ltext21                      text21       000000
__Ltext22                      text22       000000
__Ltext23                      text23       000000
__Ltext24                      text24       000000
__Ltext25                      text25       000000
__Ltext27                      text27       000000
__Ltext3                       text3        000000
__Ltext4                       text4        000000
__Ltext5                       text5        000000
__Ltext6                       text6        000000
__Ltext7                       text7        000000
__Ltext8                       text8        000000
__Ltext9                       text9        000000
__S0                           (abs)        30000E
__S1                           (abs)        000088
__S2                           (abs)        000000
___awdiv                       text25       0008C4
___awdiv@counter               cstackCOMRAM 000012
___awdiv@dividend              cstackCOMRAM 00000E
___awdiv@divisor               cstackCOMRAM 000010
___awdiv@quotient              cstackCOMRAM 000014
___awdiv@sign                  cstackCOMRAM 000013
___inthi_sp                    stack        000000
___intlo_sp                    stack        000000
___param_bank                  (abs)        000000
___rparam_used                 (abs)        000001
___sp                          stack        000000
___wmul                        text24       000DC6
___wmul@multiplicand           cstackCOMRAM 00000A
___wmul@multiplier             cstackCOMRAM 000008
___wmul@product                cstackCOMRAM 00000C
__accesstop                    (abs)        000060
__activetblptr                 (abs)        000001
__end_of_ClearLCD              text15       000E5E
__end_of_E_TOG                 text21       000E9C
__end_of_InterruptHandlerHigh  intcode      00003E
__end_of_LCD_String            text18       000D3A
__end_of_LCDout                text20       000A42
__end_of_SendLCD               text19       000D6A
__end_of_SetLine               text17       000DC6
__end_of___awdiv               text25       000948
__end_of___wmul                text24       000DEC
__end_of__initialization       cinit        000DFE
__end_of_check_RFID            text16       0005EE
__end_of_classify_data         text9        000E8E
__end_of_display_RFID          text14       000D04
__end_of_initPWM               text6        000E44
__end_of_init_LCD              text5        0008C4
__end_of_init_RFID             text4        000E2A
__end_of_init_motor_struct     text22       0007FC
__end_of_init_sensor           text3        000E76
__end_of_main                  text0        00049E
__end_of_moveBackward          text11       000AB6
__end_of_moveForward           text13       000B2A
__end_of_moveToBeacon          text12       000BE0
__end_of_processRFID           text27       000C7A
__end_of_returnHome            text10       000B86
__end_of_scanForBeacon         text7        000CC4
__end_of_setMotorPWM           text23       000712
__end_of_setup                 text2        000D98
__end_of_stop                  text1        000C2E
__end_of_turnRight             text8        0009CA
__initialization               cinit        000DEC
__mediumconst                  mediumconst  000000
__pbssBANK0                    bssBANK0     00007C
__pbssCOMRAM                   bssCOMRAM    00003A
__pcinit                       cinit        000DEC
__pcstackBANK0                 cstackBANK0  000060
__pcstackCOMRAM                cstackCOMRAM 000001
__pintcode                     intcode      000008
__psmallconst                  smallconst   000300
__ptext0                       text0        000342
__ptext1                       text1        000BE0
__ptext10                      text10       000B2A
__ptext11                      text11       000A42
__ptext12                      text12       000B86
__ptext13                      text13       000AB6
__ptext14                      text14       000CC4
__ptext15                      text15       000E44
__ptext16                      text16       00049E
__ptext17                      text17       000D98
__ptext18                      text18       000D04
__ptext19                      text19       000D3A
__ptext2                       text2        000D6A
__ptext20                      text20       0009CA
__ptext21                      text21       000E8E
__ptext22                      text22       000712
__ptext23                      text23       0005EE
__ptext24                      text24       000DC6
__ptext25                      text25       0008C4
__ptext27                      text27       000C2E
__ptext3                       text3        000E5E
__ptext4                       text4        000E10
__ptext5                       text5        0007FC
__ptext6                       text6        000E2A
__ptext7                       text7        000C7A
__ptext8                       text8        000948
__ptext9                       text9        000E76
__ramtop                       ramtop       000300
__size_of_ClearLCD             (abs)        000000
__size_of_E_TOG                (abs)        000000
__size_of_InterruptHandlerHigh (abs)        000000
__size_of_LCD_String           (abs)        000000
__size_of_LCDout               (abs)        000000
__size_of_SendLCD              (abs)        000000
__size_of_SetLine              (abs)        000000
__size_of___awdiv              (abs)        000000
__size_of___wmul               (abs)        000000
__size_of_check_RFID           (abs)        000000
__size_of_classify_data        (abs)        000000
__size_of_display_RFID         (abs)        000000
__size_of_initPWM              (abs)        000000
__size_of_init_LCD             (abs)        000000
__size_of_init_RFID            (abs)        000000
__size_of_init_motor_struct    (abs)        000000
__size_of_init_sensor          (abs)        000000
__size_of_main                 (abs)        000000
__size_of_moveBackward         (abs)        000000
__size_of_moveForward          (abs)        000000
__size_of_moveToBeacon         (abs)        000000
__size_of_processRFID          (abs)        000000
__size_of_returnHome           (abs)        000000
__size_of_scanForBeacon        (abs)        000000
__size_of_setMotorPWM          (abs)        000000
__size_of_setup                (abs)        000000
__size_of_stop                 (abs)        000000
__size_of_turnRight            (abs)        000000
__smallconst                   smallconst   000300
_check_RFID                    text16       00049E
_classify_data                 text9        000E76
_display_RFID                  text14       000CC4
_initPWM                       text6        000E2A
_init_LCD                      text5        0007FC
_init_RFID                     text4        000E10
_init_motor_struct             text22       000712
_init_sensor                   text3        000E5E
_main                          text0        000342
_moveBackward                  text11       000A42
_moveForward                   text13       000AB6
_moveToBeacon                  text12       000B86
_processRFID                   text27       000C2E
_returnHome                    text10       000B2A
_robot_mode                    bssCOMRAM    00003B
_scanForBeacon                 text7        000C7A
_setMotorPWM                   text23       0005EE
_setup                         text2        000D6A
_stop                          text1        000BE0
_turnRight                     text8        000948
btemp                          temp         00003D
check_RFID@byte1               cstackCOMRAM 00001E
check_RFID@byte2               cstackCOMRAM 00001F
check_RFID@byte3               cstackCOMRAM 000020
check_RFID@byte4               cstackCOMRAM 000021
check_RFID@byte5               cstackCOMRAM 000022
check_RFID@checksum            cstackCOMRAM 000023
check_RFID@dataBuf             cstackCOMRAM 00000E
check_RFID@hexBuf              cstackCOMRAM 000012
check_RFID@i                   cstackCOMRAM 000024
classify_data@raw_data         cstackCOMRAM 000008
display_RFID@dataBuf           cstackCOMRAM 00000D
display_RFID@i                 cstackCOMRAM 00000F
end_of_initialization          cinit        000DFE
initPWM@PWMperiod              cstackCOMRAM 000008
init_motor_struct@mL           cstackCOMRAM 00001F
init_motor_struct@mR           cstackCOMRAM 000021
int$flags                      temp         00003D
intlevel0                      text         000000
intlevel1                      text         000000
intlevel2                      text         000000
intlevel3                      text         000000
main@i                         cstackBANK0  000062
main@motorL                    cstackBANK0  00006A
main@motorR                    cstackBANK0  000073
main@movementMicros            cstackBANK0  000064
main@moving_speed              cstackBANK0  000068
main@searching_speed           cstackBANK0  000060
moveBackward@i                 cstackCOMRAM 000026
moveBackward@mL                cstackCOMRAM 00001F
moveBackward@mR                cstackCOMRAM 000021
moveBackward@max_power         cstackCOMRAM 000023
moveForward@i                  cstackCOMRAM 000026
moveForward@mL                 cstackCOMRAM 00001F
moveForward@mR                 cstackCOMRAM 000021
moveForward@max_power          cstackCOMRAM 000023
moveToBeacon@RFID_buffer       cstackCOMRAM 000030
moveToBeacon@exit_flag         cstackCOMRAM 000032
moveToBeacon@mL                cstackCOMRAM 000028
moveToBeacon@mR                cstackCOMRAM 00002A
moveToBeacon@micros            cstackCOMRAM 00002E
moveToBeacon@speed             cstackCOMRAM 00002C
processRFID@RFIDbuf            cstackCOMRAM 000001
processRFID@i                  cstackCOMRAM 000004
processRFID@latestChar         cstackCOMRAM 000003
processRFID@position_in_buf    bssCOMRAM    00003A
returnHome@i                   cstackCOMRAM 000034
returnHome@mL                  cstackCOMRAM 000028
returnHome@mR                  cstackCOMRAM 00002A
returnHome@micros              cstackCOMRAM 00002E
returnHome@speed               cstackCOMRAM 00002C
scanForBeacon@beacon_location  cstackCOMRAM 000032
scanForBeacon@mL               cstackCOMRAM 000028
scanForBeacon@mR               cstackCOMRAM 00002A
scanForBeacon@raw_data         cstackCOMRAM 000030
scanForBeacon@speed            cstackCOMRAM 00002C
setMotorPWM@PWMduty            cstackCOMRAM 00001D
setMotorPWM@m                  cstackCOMRAM 000016
stackhi                        (abs)        0002FF
stacklo                        (abs)        000088
start                          init         00003E
start_initialization           cinit        000DEC
stop@i                         cstackCOMRAM 000025
stop@initial_speed             cstackCOMRAM 000023
stop@mL                        cstackCOMRAM 00001F
stop@mR                        cstackCOMRAM 000021
ttemp5                         temp         00003E
ttemp6                         temp         000041
ttemp7                         temp         000045
turnRight@i                    cstackCOMRAM 000026
turnRight@mL                   cstackCOMRAM 00001F
turnRight@mR                   cstackCOMRAM 000021
turnRight@max_power            cstackCOMRAM 000023
wtemp8                         temp         00003E


FUNCTION INFORMATION:

 *************** function _main *****************
 Defined at:
		line 78 in file "main.c"
 Parameters:    Size  Location     Type
		None
 Auto vars:     Size  Location     Type
  i               2    2[BANK0 ] int 
  motorR          9   19[BANK0 ] struct DC_motor
  motorL          9   10[BANK0 ] struct DC_motor
  movementMicr    4    4[BANK0 ] unsigned long 
  moving_speed    2    8[BANK0 ] int 
  searching_sp    2    0[BANK0 ] int 
 Return value:  Size  Location     Type
                  1    wreg      void 
 Registers used:
		wreg, fsr1l, fsr1h, fsr2l, fsr2h, status,2, status,0, tblptrl, tblptrh, tblptru, prodl, prodh, cstack
 Tracked objects:
		On entry : 
		On exit  : 
		Unchanged: 
 Data sizes:     COMRAM   BANK0   BANK1   BANK2
      Params:         0       0       0       0
      Locals:         0      28       0       0
      Temps:          2       0       0       0
      Totals:         2      28       0       0
Total ram usage:       30 bytes
 Hardware stack levels required when called:    8
 This function calls:
		_ClearLCD
		_LCD_String
		_init_motor_struct
		_moveToBeacon
		_returnHome
		_scanForBeacon
		_setup
		_stop
 This function is called by:
		Startup code after reset
 This function uses a non-reentrant model


 *************** function _stop *****************
 Defined at:
		line 40 in file "dc_motor.c"
 Parameters:    Size  Location     Type
  mL              2   30[COMRAM] PTR struct DC_motor
		 -> main@motorL(9), 
  mR              2   32[COMRAM] PTR struct DC_motor
		 -> main@motorR(9), 
  initial_spee    2   34[COMRAM] int 
 Auto vars:     Size  Location     Type
  i               2   36[COMRAM] int 
 Return value:  Size  Location     Type
                  1    wreg      void 
 Registers used:
		wreg, fsr2l, fsr2h, status,2, status,0, prodl, prodh, cstack
 Tracked objects:
		On entry : 
		On exit  : 
		Unchanged: 
 Data sizes:     COMRAM   BANK0   BANK1   BANK2
      Params:         6       0       0       0
      Locals:         2       0       0       0
      Temps:          0       0       0       0
      Totals:         8       0       0       0
Total ram usage:        8 bytes
 Hardware stack levels used:    1
 Hardware stack levels required when called:    4
 This function calls:
		_setMotorPWM
 This function is called by:
		_main
 This function uses a non-reentrant model


 *************** function _setup *****************
 Defined at:
		line 39 in file "main.c"
 Parameters:    Size  Location     Type
		None
 Auto vars:     Size  Location     Type
		None
 Return value:  Size  Location     Type
                  1    wreg      void 
 Registers used:
		wreg, status,2, status,0, cstack
 Tracked objects:
		On entry : 
		On exit  : 
		Unchanged: 
 Data sizes:     COMRAM   BANK0   BANK1   BANK2
      Params:         0       0       0       0
      Locals:         0       0       0       0
      Temps:          0       0       0       0
      Totals:         0       0       0       0
Total ram usage:        0 bytes
 Hardware stack levels used:    1
 Hardware stack levels required when called:    6
 This function calls:
		_initPWM
		_init_LCD
		_init_RFID
		_init_sensor
 This function is called by:
		_main
 This function uses a non-reentrant model


 *************** function _init_sensor *****************
 Defined at:
		line 14 in file "signal_processing.c"
 Parameters:    Size  Location     Type
		None
 Auto vars:     Size  Location     Type
		None
 Return value:  Size  Location     Type
                  1    wreg      void 
 Registers used:
		wreg, status,2
 Tracked objects:
		On entry : 
		On exit  : 
		Unchanged: 
 Data sizes:     COMRAM   BANK0   BANK1   BANK2
      Params:         0       0       0       0
      Locals:         0       0       0       0
      Temps:          0       0       0       0
      Totals:         0       0       0       0
Total ram usage:        0 bytes
 Hardware stack levels used:    1
 Hardware stack levels required when called:    2
 This function calls:
		Nothing
 This function is called by:
		_setup
 This function uses a non-reentrant model


 *************** function _init_RFID *****************
 Defined at:
		line 13 in file "RFID.c"
 Parameters:    Size  Location     Type
		None
 Auto vars:     Size  Location     Type
		None
 Return value:  Size  Location     Type
                  1    wreg      void 
 Registers used:
		wreg, status,2
 Tracked objects:
		On entry : 
		On exit  : 
		Unchanged: 
 Data sizes:     COMRAM   BANK0   BANK1   BANK2
      Params:         0       0       0       0
      Locals:         0       0       0       0
      Temps:          0       0       0       0
      Totals:         0       0       0       0
Total ram usage:        0 bytes
 Hardware stack levels used:    1
 Hardware stack levels required when called:    2
 This function calls:
		Nothing
 This function is called by:
		_setup
 This function uses a non-reentrant model


 *************** function _init_LCD *****************
 Defined at:
		line 56 in file "LCDIO.c"
 Parameters:    Size  Location     Type
		None
 Auto vars:     Size  Location     Type
		None
 Return value:  Size  Location     Type
                  1    wreg      void 
 Registers used:
		wreg, status,2, status,0, cstack
 Tracked objects:
		On entry : 
		On exit  : 
		Unchanged: 
 Data sizes:     COMRAM   BANK0   BANK1   BANK2
      Params:         0       0       0       0
      Locals:         0       0       0       0
      Temps:          1       0       0       0
      Totals:         1       0       0       0
Total ram usage:        1 bytes
 Hardware stack levels used:    1
 Hardware stack levels required when called:    5
 This function calls:
		_LCDout
		_SendLCD
 This function is called by:
		_setup
 This function uses a non-reentrant model


 *************** function _initPWM *****************
 Defined at:
		line 5 in file "dc_motor.c"
 Parameters:    Size  Location     Type
  PWMperiod       2    7[COMRAM] int 
 Auto vars:     Size  Location     Type
		None
 Return value:  Size  Location     Type
                  1    wreg      void 
 Registers used:
		wreg, status,2
 Tracked objects:
		On entry : 
		On exit  : 
		Unchanged: 
 Data sizes:     COMRAM   BANK0   BANK1   BANK2
      Params:         2       0       0       0
      Locals:         0       0       0       0
      Temps:          0       0       0       0
      Totals:         2       0       0       0
Total ram usage:        2 bytes
 Hardware stack levels used:    1
 Hardware stack levels required when called:    2
 This function calls:
		Nothing
 This function is called by:
		_setup
 This function uses a non-reentrant model


 *************** function _scanForBeacon *****************
 Defined at:
		line 15 in file "subroutines.c"
 Parameters:    Size  Location     Type
  mL              2   39[COMRAM] PTR struct DC_motor
		 -> main@motorL(9), 
  mR              2   41[COMRAM] PTR struct DC_motor
		 -> main@motorR(9), 
  speed           2   43[COMRAM] int 
 Auto vars:     Size  Location     Type
  raw_data        2   47[COMRAM] unsigned int 
  beacon_locat    1   49[COMRAM] unsigned char 
 Return value:  Size  Location     Type
                  1    wreg      unsigned char 
 Registers used:
		wreg, fsr2l, fsr2h, status,2, status,0, prodl, prodh, cstack
 Tracked objects:
		On entry : 
		On exit  : 
		Unchanged: 
 Data sizes:     COMRAM   BANK0   BANK1   BANK2
      Params:         6       0       0       0
      Locals:         3       0       0       0
      Temps:          2       0       0       0
      Totals:        11       0       0       0
Total ram usage:       11 bytes
 Hardware stack levels used:    1
 Hardware stack levels required when called:    5
 This function calls:
		_classify_data
		_turnRight
 This function is called by:
		_main
 This function uses a non-reentrant model


 *************** function _turnRight *****************
 Defined at:
		line 52 in file "dc_motor.c"
 Parameters:    Size  Location     Type
  mL              2   30[COMRAM] PTR struct DC_motor
		 -> main@motorL(9), 
  mR              2   32[COMRAM] PTR struct DC_motor
		 -> main@motorR(9), 
  max_power       2   34[COMRAM] int 
 Auto vars:     Size  Location     Type
  i               2   37[COMRAM] int 
 Return value:  Size  Location     Type
                  1    wreg      void 
 Registers used:
		wreg, fsr2l, fsr2h, status,2, status,0, prodl, prodh, cstack
 Tracked objects:
		On entry : 
		On exit  : 
		Unchanged: 
 Data sizes:     COMRAM   BANK0   BANK1   BANK2
      Params:         6       0       0       0
      Locals:         2       0       0       0
      Temps:          1       0       0       0
      Totals:         9       0       0       0
Total ram usage:        9 bytes
 Hardware stack levels used:    1
 Hardware stack levels required when called:    4
 This function calls:
		_setMotorPWM
 This function is called by:
		_scanForBeacon
 This function uses a non-reentrant model


 *************** function _classify_data *****************
 Defined at:
		line 30 in file "signal_processing.c"
 Parameters:    Size  Location     Type
  raw_data        2    7[COMRAM] int 
 Auto vars:     Size  Location     Type
		None
 Return value:  Size  Location     Type
                  1    wreg      unsigned char 
 Registers used:
		wreg, status,2, status,0
 Tracked objects:
		On entry : 
		On exit  : 
		Unchanged: 
 Data sizes:     COMRAM   BANK0   BANK1   BANK2
      Params:         2       0       0       0
      Locals:         0       0       0       0
      Temps:          0       0       0       0
      Totals:         2       0       0       0
Total ram usage:        2 bytes
 Hardware stack levels used:    1
 Hardware stack levels required when called:    2
 This function calls:
		Nothing
 This function is called by:
		_scanForBeacon
 This function uses a non-reentrant model


 *************** function _returnHome *****************
 Defined at:
		line 59 in file "subroutines.c"
 Parameters:    Size  Location     Type
  mL              2   39[COMRAM] PTR struct DC_motor
		 -> main@motorL(9), 
  mR              2   41[COMRAM] PTR struct DC_motor
		 -> main@motorR(9), 
  speed           2   43[COMRAM] int 
  micros          2   45[COMRAM] PTR unsigned long 
		 -> main@movementMicros(4), 
 Auto vars:     Size  Location     Type
  i               4   51[COMRAM] unsigned long 
 Return value:  Size  Location     Type
                  1    wreg      unsigned char 
 Registers used:
		wreg, fsr2l, fsr2h, status,2, status,0, prodl, prodh, cstack
 Tracked objects:
		On entry : 
		On exit  : 
		Unchanged: 
 Data sizes:     COMRAM   BANK0   BANK1   BANK2
      Params:         8       0       0       0
      Locals:         4       0       0       0
      Temps:          4       0       0       0
      Totals:        16       0       0       0
Total ram usage:       16 bytes
 Hardware stack levels used:    1
 Hardware stack levels required when called:    5
 This function calls:
		_moveBackward
 This function is called by:
		_main
 This function uses a non-reentrant model


 *************** function _moveBackward *****************
 Defined at:
		line 83 in file "dc_motor.c"
 Parameters:    Size  Location     Type
  mL              2   30[COMRAM] PTR struct DC_motor
		 -> main@motorL(9), 
  mR              2   32[COMRAM] PTR struct DC_motor
		 -> main@motorR(9), 
  max_power       2   34[COMRAM] int 
 Auto vars:     Size  Location     Type
  i               2   37[COMRAM] int 
 Return value:  Size  Location     Type
                  1    wreg      void 
 Registers used:
		wreg, fsr2l, fsr2h, status,2, status,0, prodl, prodh, cstack
 Tracked objects:
		On entry : 
		On exit  : 
		Unchanged: 
 Data sizes:     COMRAM   BANK0   BANK1   BANK2
      Params:         6       0       0       0
      Locals:         2       0       0       0
      Temps:          1       0       0       0
      Totals:         9       0       0       0
Total ram usage:        9 bytes
 Hardware stack levels used:    1
 Hardware stack levels required when called:    4
 This function calls:
		_setMotorPWM
 This function is called by:
		_returnHome
 This function uses a non-reentrant model


 *************** function _moveToBeacon *****************
 Defined at:
		line 36 in file "subroutines.c"
 Parameters:    Size  Location     Type
  mL              2   39[COMRAM] PTR struct DC_motor
		 -> main@motorL(9), 
  mR              2   41[COMRAM] PTR struct DC_motor
		 -> main@motorR(9), 
  speed           2   43[COMRAM] int 
  micros          2   45[COMRAM] PTR unsigned long 
		 -> main@movementMicros(4), 
  RFID_buffer     2   47[COMRAM] PTR volatile unsigned ch
		 -> RFIDbuf(12), 
  exit_flag       2   49[COMRAM] PTR volatile unsigned ch
		 -> NULL(0), RFID_flag(1), 
 Auto vars:     Size  Location     Type
		None
 Return value:  Size  Location     Type
                  1    wreg      unsigned char 
 Registers used:
		wreg, fsr1l, fsr1h, fsr2l, fsr2h, status,2, status,0, tblptrl, tblptrh, tblptru, prodl, prodh, cstack
 Tracked objects:
		On entry : 
		On exit  : 
		Unchanged: 
 Data sizes:     COMRAM   BANK0   BANK1   BANK2
      Params:        12       0       0       0
      Locals:         0       0       0       0
      Temps:          1       0       0       0
      Totals:        13       0       0       0
Total ram usage:       13 bytes
 Hardware stack levels used:    1
 Hardware stack levels required when called:    7
 This function calls:
		_check_RFID
		_display_RFID
		_moveForward
 This function is called by:
		_main
 This function uses a non-reentrant model


 *************** function _moveForward *****************
 Defined at:
		line 69 in file "dc_motor.c"
 Parameters:    Size  Location     Type
  mL              2   30[COMRAM] PTR struct DC_motor
		 -> main@motorL(9), 
  mR              2   32[COMRAM] PTR struct DC_motor
		 -> main@motorR(9), 
  max_power       2   34[COMRAM] int 
 Auto vars:     Size  Location     Type
  i               2   37[COMRAM] int 
 Return value:  Size  Location     Type
                  1    wreg      void 
 Registers used:
		wreg, fsr2l, fsr2h, status,2, status,0, prodl, prodh, cstack
 Tracked objects:
		On entry : 
		On exit  : 
		Unchanged: 
 Data sizes:     COMRAM   BANK0   BANK1   BANK2
      Params:         6       0       0       0
      Locals:         2       0       0       0
      Temps:          1       0       0       0
      Totals:         9       0       0       0
Total ram usage:        9 bytes
 Hardware stack levels used:    1
 Hardware stack levels required when called:    4
 This function calls:
		_setMotorPWM
 This function is called by:
		_moveToBeacon
 This function uses a non-reentrant model


 *************** function _display_RFID *****************
 Defined at:
		line 109 in file "RFID.c"
 Parameters:    Size  Location     Type
  dataBuf         2   12[COMRAM] PTR volatile unsigned ch
		 -> RFIDbuf(12), 
 Auto vars:     Size  Location     Type
  i               2   14[COMRAM] int 
 Return value:  Size  Location     Type
                  1    wreg      void 
 Registers used:
		wreg, fsr2l, fsr2h, status,2, status,0, cstack
 Tracked objects:
		On entry : 
		On exit  : 
		Unchanged: 
 Data sizes:     COMRAM   BANK0   BANK1   BANK2
      Params:         2       0       0       0
      Locals:         2       0       0       0
      Temps:          0       0       0       0
      Totals:         4       0       0       0
Total ram usage:        4 bytes
 Hardware stack levels used:    1
 Hardware stack levels required when called:    6
 This function calls:
		_ClearLCD
		_SendLCD
		_SetLine
 This function is called by:
		_moveToBeacon
 This function uses a non-reentrant model


 *************** function _ClearLCD *****************
 Defined at:
		line 131 in file "LCDIO.c"
 Parameters:    Size  Location     Type
		None
 Auto vars:     Size  Location     Type
		None
 Return value:  Size  Location     Type
                  1    wreg      void 
 Registers used:
		wreg, status,2, status,0, cstack
 Tracked objects:
		On entry : 
		On exit  : 
		Unchanged: 
 Data sizes:     COMRAM   BANK0   BANK1   BANK2
      Params:         0       0       0       0
      Locals:         0       0       0       0
      Temps:          1       0       0       0
      Totals:         1       0       0       0
Total ram usage:        1 bytes
 Hardware stack levels used:    1
 Hardware stack levels required when called:    5
 This function calls:
		_SendLCD
 This function is called by:
		_main
		_display_RFID
 This function uses a non-reentrant model


 *************** function _check_RFID *****************
 Defined at:
		line 72 in file "RFID.c"
 Parameters:    Size  Location     Type
  dataBuf         2   13[COMRAM] PTR volatile unsigned ch
		 -> RFIDbuf(12), 
 Auto vars:     Size  Location     Type
  i               2   35[COMRAM] int 
  hexBuf         12   17[COMRAM] unsigned char [12]
  checksum        1   34[COMRAM] unsigned char 
  byte5           1   33[COMRAM] unsigned char 
  byte4           1   32[COMRAM] unsigned char 
  byte3           1   31[COMRAM] unsigned char 
  byte2           1   30[COMRAM] unsigned char 
  byte1           1   29[COMRAM] unsigned char 
 Return value:  Size  Location     Type
                  1    wreg      void 
 Registers used:
		wreg, fsr1l, fsr1h, fsr2l, fsr2h, status,2, status,0, tblptrl, tblptrh, tblptru, cstack
 Tracked objects:
		On entry : 
		On exit  : 
		Unchanged: 
 Data sizes:     COMRAM   BANK0   BANK1   BANK2
      Params:         2       0       0       0
      Locals:        20       0       0       0
      Temps:          2       0       0       0
      Totals:        24       0       0       0
Total ram usage:       24 bytes
 Hardware stack levels used:    1
 Hardware stack levels required when called:    6
 This function calls:
		_LCD_String
		_SetLine
 This function is called by:
		_moveToBeacon
 This function uses a non-reentrant model


 *************** function _SetLine *****************
 Defined at:
		line 107 in file "LCDIO.c"
 Parameters:    Size  Location     Type
  line            1    wreg     unsigned char 
 Auto vars:     Size  Location     Type
  line            1   11[COMRAM] unsigned char 
 Return value:  Size  Location     Type
                  1    wreg      void 
 Registers used:
		wreg, status,2, status,0, cstack
 Tracked objects:
		On entry : 
		On exit  : 
		Unchanged: 
 Data sizes:     COMRAM   BANK0   BANK1   BANK2
      Params:         0       0       0       0
      Locals:         1       0       0       0
      Temps:          0       0       0       0
      Totals:         1       0       0       0
Total ram usage:        1 bytes
 Hardware stack levels used:    1
 Hardware stack levels required when called:    5
 This function calls:
		_SendLCD
 This function is called by:
		_check_RFID
		_display_RFID
 This function uses a non-reentrant model


 *************** function _LCD_String *****************
 Defined at:
		line 119 in file "LCDIO.c"
 Parameters:    Size  Location     Type
  string          2   11[COMRAM] PTR unsigned char 
		 -> STR_4(16), STR_3(16), STR_2(15), STR_1(16), 
 Auto vars:     Size  Location     Type
		None
 Return value:  Size  Location     Type
                  1    wreg      void 
 Registers used:
		wreg, status,2, status,0, tblptrl, tblptrh, tblptru, cstack
 Tracked objects:
		On entry : 
		On exit  : 
		Unchanged: 
 Data sizes:     COMRAM   BANK0   BANK1   BANK2
      Params:         2       0       0       0
      Locals:         0       0       0       0
      Temps:          0       0       0       0
      Totals:         2       0       0       0
Total ram usage:        2 bytes
 Hardware stack levels used:    1
 Hardware stack levels required when called:    5
 This function calls:
		_SendLCD
 This function is called by:
		_main
		_check_RFID
 This function uses a non-reentrant model


 *************** function _SendLCD *****************
 Defined at:
		line 44 in file "LCDIO.c"
 Parameters:    Size  Location     Type
  Byte            1    wreg     unsigned char 
  type            1    9[COMRAM] unsigned char 
 Auto vars:     Size  Location     Type
  Byte            1   10[COMRAM] unsigned char 
 Return value:  Size  Location     Type
                  1    wreg      void 
 Registers used:
		wreg, status,2, status,0, cstack
 Tracked objects:
		On entry : 
		On exit  : 
		Unchanged: 
 Data sizes:     COMRAM   BANK0   BANK1   BANK2
      Params:         1       0       0       0
      Locals:         1       0       0       0
      Temps:          0       0       0       0
      Totals:         2       0       0       0
Total ram usage:        2 bytes
 Hardware stack levels used:    1
 Hardware stack levels required when called:    4
 This function calls:
		_LCDout
 This function is called by:
		_init_LCD
		_SetLine
		_LCD_String
		_ClearLCD
		_display_RFID
 This function uses a non-reentrant model


 *************** function _LCDout *****************
 Defined at:
		line 31 in file "LCDIO.c"
 Parameters:    Size  Location     Type
  number          1    wreg     unsigned char 
 Auto vars:     Size  Location     Type
  number          1    8[COMRAM] unsigned char 
 Return value:  Size  Location     Type
                  1    wreg      void 
 Registers used:
		wreg, status,2, status,0, cstack
 Tracked objects:
		On entry : 
		On exit  : 
		Unchanged: 
 Data sizes:     COMRAM   BANK0   BANK1   BANK2
      Params:         0       0       0       0
      Locals:         1       0       0       0
      Temps:          1       0       0       0
      Totals:         2       0       0       0
Total ram usage:        2 bytes
 Hardware stack levels used:    1
 Hardware stack levels required when called:    3
 This function calls:
		_E_TOG
 This function is called by:
		_SendLCD
		_init_LCD
 This function uses a non-reentrant model


 *************** function _E_TOG *****************
 Defined at:
		line 23 in file "LCDIO.c"
 Parameters:    Size  Location     Type
		None
 Auto vars:     Size  Location     Type
		None
 Return value:  Size  Location     Type
                  1    wreg      void 
 Registers used:
		wreg
 Tracked objects:
		On entry : 
		On exit  : 
		Unchanged: 
 Data sizes:     COMRAM   BANK0   BANK1   BANK2
      Params:         0       0       0       0
      Locals:         0       0       0       0
      Temps:          0       0       0       0
      Totals:         0       0       0       0
Total ram usage:        0 bytes
 Hardware stack levels used:    1
 Hardware stack levels required when called:    2
 This function calls:
		Nothing
 This function is called by:
		_LCDout
 This function uses a non-reentrant model


 *************** function _init_motor_struct *****************
 Defined at:
		line 96 in file "dc_motor.c"
 Parameters:    Size  Location     Type
  mL              2   30[COMRAM] PTR struct DC_motor
		 -> main@motorL(9), 
  mR              2   32[COMRAM] PTR struct DC_motor
		 -> main@motorR(9), 
 Auto vars:     Size  Location     Type
		None
 Return value:  Size  Location     Type
                  1    wreg      void 
 Registers used:
		wreg, fsr2l, fsr2h, status,2, status,0, prodl, prodh, cstack
 Tracked objects:
		On entry : 
		On exit  : 
		Unchanged: 
 Data sizes:     COMRAM   BANK0   BANK1   BANK2
      Params:         4       0       0       0
      Locals:         0       0       0       0
      Temps:          0       0       0       0
      Totals:         4       0       0       0
Total ram usage:        4 bytes
 Hardware stack levels used:    1
 Hardware stack levels required when called:    4
 This function calls:
		_setMotorPWM
 This function is called by:
		_main
 This function uses a non-reentrant model


 *************** function _setMotorPWM *****************
 Defined at:
		line 18 in file "dc_motor.c"
 Parameters:    Size  Location     Type
  m               2   21[COMRAM] PTR struct DC_motor
		 -> main@motorR(9), main@motorL(9), 
 Auto vars:     Size  Location     Type
  PWMduty         2   28[COMRAM] int 
 Return value:  Size  Location     Type
                  1    wreg      void 
 Registers used:
		wreg, fsr2l, fsr2h, status,2, status,0, prodl, prodh, cstack
 Tracked objects:
		On entry : 
		On exit  : 
		Unchanged: 
 Data sizes:     COMRAM   BANK0   BANK1   BANK2
      Params:         2       0       0       0
      Locals:         2       0       0       0
      Temps:          5       0       0       0
      Totals:         9       0       0       0
Total ram usage:        9 bytes
 Hardware stack levels used:    1
 Hardware stack levels required when called:    3
 This function calls:
		___awdiv
		___wmul
 This function is called by:
		_stop
		_turnRight
		_moveForward
		_moveBackward
		_init_motor_struct
 This function uses a non-reentrant model


 *************** function ___wmul *****************
 Defined at:
		line 15 in file "C:\Program Files (x86)\Microchip\xc8\v2.05\pic\sources\c99\common\Umul16.c"
 Parameters:    Size  Location     Type
  multiplier      2    7[COMRAM] unsigned int 
  multiplicand    2    9[COMRAM] unsigned int 
 Auto vars:     Size  Location     Type
  product         2   11[COMRAM] unsigned int 
 Return value:  Size  Location     Type
                  2    7[COMRAM] unsigned int 
 Registers used:
		wreg, status,2, status,0, prodl, prodh
 Tracked objects:
		On entry : 
		On exit  : 
		Unchanged: 
 Data sizes:     COMRAM   BANK0   BANK1   BANK2
      Params:         4       0       0       0
      Locals:         2       0       0       0
      Temps:          0       0       0       0
      Totals:         6       0       0       0
Total ram usage:        6 bytes
 Hardware stack levels used:    1
 Hardware stack levels required when called:    2
 This function calls:
		Nothing
 This function is called by:
		_setMotorPWM
 This function uses a non-reentrant model


 *************** function ___awdiv *****************
 Defined at:
		line 7 in file "C:\Program Files (x86)\Microchip\xc8\v2.05\pic\sources\c99\common\awdiv.c"
 Parameters:    Size  Location     Type
  dividend        2   13[COMRAM] int 
  divisor         2   15[COMRAM] int 
 Auto vars:     Size  Location     Type
  quotient        2   19[COMRAM] int 
  sign            1   18[COMRAM] unsigned char 
  counter         1   17[COMRAM] unsigned char 
 Return value:  Size  Location     Type
                  2   13[COMRAM] int 
 Registers used:
		wreg, status,2, status,0
 Tracked objects:
		On entry : 
		On exit  : 
		Unchanged: 
 Data sizes:     COMRAM   BANK0   BANK1   BANK2
      Params:         4       0       0       0
      Locals:         4       0       0       0
      Temps:          0       0       0       0
      Totals:         8       0       0       0
Total ram usage:        8 bytes
 Hardware stack levels used:    1
 Hardware stack levels required when called:    2
 This function calls:
		Nothing
 This function is called by:
		_setMotorPWM
 This function uses a non-reentrant model


 *************** function _InterruptHandlerHigh *****************
 Defined at:
		line 60 in file "main.c"
 Parameters:    Size  Location     Type
		None
 Auto vars:     Size  Location     Type
  throwaway       1    0        unsigned char 
 Return value:  Size  Location     Type
                  1    wreg      void 
 Registers used:
		wreg, fsr2l, fsr2h, status,2, status,0, cstack
 Tracked objects:
		On entry : 
		On exit  : 
		Unchanged: 
 Data sizes:     COMRAM   BANK0   BANK1   BANK2
      Params:         0       0       0       0
      Locals:         1       0       0       0
      Temps:          2       0       0       0
      Totals:         3       0       0       0
Total ram usage:        3 bytes
 Hardware stack levels used:    1
 Hardware stack levels required when called:    1
 This function calls:
		_processRFID
 This function is called by:
		Interrupt level 2
 This function uses a non-reentrant model


 *************** function _processRFID *****************
 Defined at:
		line 34 in file "RFID.c"
 Parameters:    Size  Location     Type
  RFIDbuf         2    0[COMRAM] PTR volatile unsigned ch
		 -> RFIDbuf(12), 
  latestChar      1    2[COMRAM] unsigned char 
 Auto vars:     Size  Location     Type
  i               1    3[COMRAM] unsigned char 
 Return value:  Size  Location     Type
                  1    wreg      unsigned char 
 Registers used:
		wreg, fsr2l, fsr2h, status,2, status,0
 Tracked objects:
		On entry : 
		On exit  : 
		Unchanged: 
 Data sizes:     COMRAM   BANK0   BANK1   BANK2
      Params:         3       0       0       0
      Locals:         1       0       0       0
      Temps:          0       0       0       0
      Totals:         4       0       0       0
Total ram usage:        4 bytes
 Hardware stack levels used:    1
 This function calls:
		Nothing
 This function is called by:
		_InterruptHandlerHigh
 This function uses a non-reentrant model



MODULE INFORMATION

Module		Function		Class		Link	Load	Size
dc_motor.c
		_moveForward   		CODE           	0AB6	0000	117
		_stop          		CODE           	0BE0	0000	79
		_moveBackward  		CODE           	0A42	0000	117
		_turnRight     		CODE           	0948	0000	131
		_setMotorPWM   		CODE           	05EE	0000	293
		_init_motor_struct		CODE           	0712	0000	235
		_initPWM       		CODE           	0E2A	0000	27

dc_motor.c estimated size: 999

signal_processing.c
		_init_sensor   		CODE           	0E5E	0000	25
		_classify_data 		CODE           	0E76	0000	25

signal_processing.c estimated size: 50

RFID.c
		_processRFID   		CODE           	0C2E	0000	77
		_display_RFID  		CODE           	0CC4	0000	65
		_check_RFID    		CODE           	049E	0000	337
		_init_RFID     		CODE           	0E10	0000	27

RFID.c estimated size: 506

C:\Program Files (x86)\Microchip\xc8\v2.05\pic\sources\c99\common\awdiv.c
		___awdiv       		CODE           	08C4	0000	133

C:\Program Files (x86)\Microchip\xc8\v2.05\pic\sources\c99\common\awdiv.c estimated size: 133

subroutines.c
		_moveToBeacon  		CODE           	0B86	0000	91
		_returnHome    		CODE           	0B2A	0000	93
		_scanForBeacon 		CODE           	0C7A	0000	75

subroutines.c estimated size: 259

shared
		__initialization		CODE           	0DEC	0000	19

shared estimated size: 19

C:\Program Files (x86)\Microchip\xc8\v2.05\pic\sources\c99\common\Umul16.c
		___wmul        		CODE           	0DC6	0000	39

C:\Program Files (x86)\Microchip\xc8\v2.05\pic\sources\c99\common\Umul16.c estimated size: 39

LCDIO.c
		_SetLine       		CODE           	0D98	0000	47
		_LCD_String    		CODE           	0D04	0000	55
		_SendLCD       		CODE           	0D3A	0000	49
		_E_TOG         		CODE           	0E8E	0000	15
		_init_LCD      		CODE           	07FC	0000	201
		_ClearLCD      		CODE           	0E44	0000	27
		_LCDout        		CODE           	09CA	0000	121

LCDIO.c estimated size: 515

main.c
		_main          		CODE           	0342	0000	349
		_InterruptHandlerHigh		CODE           	0008	0000	55
		_setup         		CODE           	0D6A	0000	47

main.c estimated size: 451

