Microchip MPLAB XC8 Compiler V2.05 ()

Linker command line:

-W-3 --edf=C:\Program Files (x86)\Microchip\xc8\v2.05\pic\dat\en_msgs.txt \
  -cs -h+dist/default/production\ECM_Final_Project.X.production.sym \
  --cmf=dist/default/production\ECM_Final_Project.X.production.cmf -z \
  -Q18F4331 -oC:\Users\charl\AppData\Local\Temp\sg5k.2 \
  --defsym=__MPLAB_BUILD=1 \
  -Mdist/default/production/ECM_Final_Project.X.production.map -E1 -ver=XC8 \
  --acfsm=1493 -ASTACK=0B3h-02FFh -pstack=STACK -ACODE=00h-01FFFh \
  -ACONST=00h-01FFFh -ASMALLCONST=0300h-03FFhx29 -AMEDIUMCONST=0300h-01FFFh \
  -ACOMRAM=01h-05Fh -AABS1=00h-02FFh -ABIGRAM=01h-02FFh \
  -ARAM=060h-0FFh,0100h-01FFhx2 -ABANK0=060h-0FFh -ABANK1=0100h-01FFh \
  -ABANK2=0200h-02FFh -ASFR=0F60h-0FFFh \
  -preset_vec=00h,intcode=08h,intcodelo=018h,powerup,init -pramtop=0300h \
  -psmallconst=SMALLCONST -pmediumconst=MEDIUMCONST -pconst=CONST \
  -AFARRAM=00h-00h -ACONFIG=0300000h-030000Dh -pconfig=CONFIG \
  -AIDLOC=0200000h-0200007h -pidloc=IDLOC -AEEDATA=0F00000h-0F000FFh \
  -peeprom_data=EEDATA \
  -prdata=COMRAM,nvrram=COMRAM,nvbit=COMRAM,rbss=COMRAM,rbit=COMRAM \
  -pfarbss=FARRAM,fardata=FARRAM,nvFARRAM=FARRAM \
  -pintsave_regs=BIGRAM,bigbss=BIGRAM,bigdata=BIGRAM -pbss=RAM \
  -pidata=CODE,irdata=CODE,ibigdata=CODE,ifardata=CODE -prparam=COMRAM \
  C:\Users\charl\AppData\Local\Temp\sg5k.o \
  dist/default/production\ECM_Final_Project.X.production.o 

Object code version is 3.11

Machine type is 18F4331

Call graph: (short form)




                Name                               Link     Load   Length Selector   Space Scale
C:\Users\charl\AppData\Local\Temp\sg5k.o
                init                                 9E       9E        4        C       0
                reset_vec                             0        0        4        0       0
                idloc                            200000   200000        8   200000       0
                config                           300000   300000        E   300000       0
dist/default/production\ECM_Final_Project.X.production.o
                intcodelo                            18       18       86        C       0
                intcode                               8        8        6        4       0
                temp                                 49       49        1        1       1
                smallconst                          300      300       96      180       0
                text31                              EF2      EF2       44      1CB       0
                intcode_body                        FA8      FA8       36      1CB       0
                text28                              B14      B14       84      1CB       0
                text27                             1092     1092       26      1CB       0
                text26                              4BE      4BE      114      1CB       0
                text25                              6CE      6CE       CA      1CB       0
                text24                             111A     111A        E      1CB       0
                text23                              C1A      C1A       78      1CB       0
                text22                              FDE      FDE       30      1CB       0
                text21                             10EC     10EC       1A      1CB       0
                text20                             103C     103C       2C      1CB       0
                text19                              EAE      EAE       44      1CB       0
                text18                              D06      D06       74      1CB       0
                text17                              926      926       BC      1CB       0
                text16                              C92      C92       74      1CB       0
                text15                              E5E      E5E       50      1CB       0
                text14                              DEC      DEC       72      1CB       0
                text13                              5D2      5D2       FC      1CB       0
                text12                              D7A      D7A       72      1CB       0
                text11                              A90      A90       84      1CB       0
                text10                             10D2     10D2       1A      1CB       0
                text9                               798      798       C8      1CB       0
                text8                              10B8     10B8       1A      1CB       0
                text7                              1106     1106       14      1CB       0
                text6                               F72      F72       36      1CB       0
                text5                              100E     100E       2E      1CB       0
                text4                               396      396      128      1CB       0
                text3                               F36      F36       3C      1CB       0
                text2                               B98      B98       82      1CB       0
                text1                               9E2      9E2       AE      1CB       0
                text0                               860      860       C6      1CB       0
                cstackCOMRAM                          1        1       37        1       1
                cstackBANK0                          9D       9D       16       60       1
                bssBANK0                             60       60       3D       60       1
                bssCOMRAM                            38       38       11        1       1
                cinit                              1068     1068       2A      1CB       0

TOTAL           Name                               Link     Load   Length     Space
        CLASS   STACK          

        CLASS   CODE           
                intcodelo                            18       18       86         0
                intcode                               8        8        6         0
                init                                 9E       9E        4         0
                reset_vec                             0        0        4         0
                text31                              EF2      EF2       44         0
                intcode_body                        FA8      FA8       36         0
                text28                              B14      B14       84         0
                text27                             1092     1092       26         0
                text26                              4BE      4BE      114         0
                text25                              6CE      6CE       CA         0
                text24                             111A     111A        E         0
                text23                              C1A      C1A       78         0
                text22                              FDE      FDE       30         0
                text21                             10EC     10EC       1A         0
                text20                             103C     103C       2C         0
                text19                              EAE      EAE       44         0
                text18                              D06      D06       74         0
                text17                              926      926       BC         0
                text16                              C92      C92       74         0
                text15                              E5E      E5E       50         0
                text14                              DEC      DEC       72         0
                text13                              5D2      5D2       FC         0
                text12                              D7A      D7A       72         0
                text11                              A90      A90       84         0
                text10                             10D2     10D2       1A         0
                text9                               798      798       C8         0
                text8                              10B8     10B8       1A         0
                text7                              1106     1106       14         0
                text6                               F72      F72       36         0
                text5                              100E     100E       2E         0
                text4                               396      396      128         0
                text3                               F36      F36       3C         0
                text2                               B98      B98       82         0
                text1                               9E2      9E2       AE         0
                text0                               860      860       C6         0
                cinit                              1068     1068       2A         0

        CLASS   CONST          

        CLASS   SMALLCONST     
                smallconst                          300      300       96         0

        CLASS   MEDIUMCONST    

        CLASS   COMRAM         
                temp                                 49       49        1         1
                cstackCOMRAM                          1        1       37         1
                bssCOMRAM                            38       38       11         1

        CLASS   ABS1           

        CLASS   BIGRAM         

        CLASS   RAM            

        CLASS   BANK0          
                cstackBANK0                          9D       9D       16         1
                bssBANK0                             60       60       3D         1

        CLASS   BANK1          

        CLASS   BANK2          

        CLASS   SFR            

        CLASS   FARRAM         

        CLASS   CONFIG         
                config                           300000   300000        E         0

        CLASS   IDLOC          
                idloc                            200000   200000        8         0

        CLASS   EEDATA         



SEGMENTS        Name                           Load    Length   Top    Selector   Space  Class

                reset_vec                      000000  000004  000004         0       0  CODE    
                cstackCOMRAM                   000001  000049  00004A         1       1  COMRAM  
                intcode                        000008  000006  00000E         4       0  CODE    
                intcodelo                      000018  00008A  0000A2         C       0  CODE    
                bssBANK0                       000060  000053  0000B3        60       1  BANK0   
                smallconst                     000300  000096  000396       180       0  SMALLCON
                text4                          000396  000D92  001128       1CB       0  CODE    
                idloc                          200000  000008  200008    200000       0  IDLOC   
                config                         300000  00000E  30000E    300000       0  CONFIG  


UNUSED ADDRESS RANGES

        Name                Unused          Largest block    Delta
        BANK0            0000B3-0000FF               4D
        BANK1            000100-0001FF              100
        BANK2            000200-0002FF              100
        BIGRAM           00004A-00005F               16
                         0000B3-0002FF              24D
        CODE             000004-000007                4
                         00000E-000017                A
                         0000A2-0002FF              25E
                         001128-001FFF              ED8
        COMRAM           00004A-00005F               16
        CONST            000004-000007                4
                         00000E-000017                A
                         0000A2-0002FF              25E
                         001128-001FFF              ED8
        EEDATA           F00000-F000FF              100
        MEDIUMCONST      001128-001FFF              ED8
        RAM              0000B3-0002FF              100
        SFR              000F60-000FFF               A0
        SMALLCONST       001128-001FFF              100
        STACK            0000B3-0002FF              24D

                                  Symbol Table

?___awdiv                      cstackCOMRAM 000014
?___wmul                       cstackCOMRAM 00000E
LCD_String@string              cstackCOMRAM 000012
LCDout@number                  cstackCOMRAM 00000F
SendLCD@Byte                   cstackCOMRAM 000011
SendLCD@type                   cstackCOMRAM 000010
SetLine@line                   cstackCOMRAM 000012
_ANSEL0                        (abs)        000FB8
_ANSEL1                        (abs)        000FB9
_BAUDCONbits                   (abs)        000FAA
_CAP1BUFH                      (abs)        000F69
_CAP1BUFL                      (abs)        000F68
_CAP1CON                       (abs)        000F63
_ClearLCD                      text21       0010EC
_E_TOG                         text24       00111A
_INTCON2bits                   (abs)        000FF1
_INTCONbits                    (abs)        000FF2
_IPR1bits                      (abs)        000F9F
_InterruptHandlerHigh          intcode      000008
_InterruptHandlerLow           intcodelo    000018
_LATAbits                      (abs)        000F89
_LATB                          (abs)        000F8A
_LATCbits                      (abs)        000F8B
_LATDbits                      (abs)        000F8C
_LCD_String                    text20       00103C
_LCDout                        text23       000C1A
_OSCCON                        (abs)        000FD3
_OSCCONbits                    (abs)        000FD3
_PDC0H                         (abs)        000F78
_PDC0L                         (abs)        000F79
_PDC1H                         (abs)        000F76
_PDC1L                         (abs)        000F77
_PIE1bits                      (abs)        000F9D
_PIR1bits                      (abs)        000F9E
_PORTDbits                     (abs)        000F83
_PTCON0                        (abs)        000F7F
_PTCON1                        (abs)        000F7E
_PTPERH                        (abs)        000F7A
_PTPERL                        (abs)        000F7B
_PWMCON0                       (abs)        000F6F
_PWMCON1                       (abs)        000F6E
_RCONbits                      (abs)        000FD0
_RCREG                         (abs)        000FAE
_RCSTAbits                     (abs)        000FAB
_RFID_flag                     bssCOMRAM    000048
_RFIDbuf                       bssCOMRAM    00003C
_SPBRG                         (abs)        000FAF
_SPBRGH                        (abs)        000FB0
_SendLCD                       text22       000FDE
_SetLine                       text5        00100E
_T0CON                         (abs)        000FD5
_T5CON                         (abs)        000FB7
_TRISAbits                     (abs)        000F92
_TRISBbits                     (abs)        000F93
_TRISCbits                     (abs)        000F94
_TRISDbits                     (abs)        000F95
_TXSTAbits                     (abs)        000FAC
__CFG_LVP$OFF                  (abs)        000000
__CFG_MCLRE$OFF                (abs)        000000
__CFG_OSC$IRCIO                (abs)        000000
__HRAM                         (abs)        000000
__Habs1                        abs1         000000
__Hbank0                       bank0        000000
__Hbank1                       bank1        000000
__Hbank2                       bank2        000000
__Hbigbss                      bigbss       000000
__Hbigdata                     bigdata      000000
__Hbigram                      bigram       000000
__Hbss                         bss          000000
__HbssBANK0                    bssBANK0     000000
__HbssCOMRAM                   bssCOMRAM    000000
__Hcinit                       cinit        000000
__Hclrtext                     clrtext      000000
__Hcomram                      comram       000000
__Hconfig                      config       30000E
__Hconst                       const        000000
__HcstackBANK0                 cstackBANK0  000000
__HcstackCOMRAM                cstackCOMRAM 000000
__Hdata                        data         000000
__Heeprom_data                 eeprom_data  000000
__Hfarbss                      farbss       000000
__Hfardata                     fardata      000000
__Hibigdata                    ibigdata     000000
__Hidata                       idata        000000
__Hidloc                       idloc        200008
__Hifardata                    ifardata     000000
__Hinit                        init         0000A2
__Hintcode                     intcode      00000E
__Hintcode_body                intcode_body 000000
__Hintcodelo                   intcodelo    00009E
__Hintentry                    intentry     000000
__Hintret                      intret       000000
__Hintsave_regs                intsave_regs 000000
__Hirdata                      irdata       000000
__Hmediumconst                 mediumconst  000000
__HnvFARRAM                    nvFARRAM     000000
__Hnvbit                       nvbit        000000
__Hnvrram                      nvrram       000000
__Hparam                       rparam       000000
__Hpowerup                     powerup      00009E
__Hram                         ram          000000
__Hramtop                      ramtop       000300
__Hrbit                        rbit         000000
__Hrbss                        rbss         000000
__Hrdata                       rdata        000000
__Hreset_vec                   reset_vec    000004
__Hrparam                      rparam       000000
__Hsfr                         sfr          000000
__Hsmallconst                  smallconst   000396
__Hspace_0                     (abs)        30000E
__Hspace_1                     (abs)        0000B3
__Hspace_2                     (abs)        000000
__Hstack                       stack        000000
__Hstruct                      struct       000000
__Htemp                        temp         00004A
__Htext                        text         000000
__Htext0                       text0        000000
__Htext1                       text1        000000
__Htext10                      text10       000000
__Htext11                      text11       000000
__Htext12                      text12       000000
__Htext13                      text13       000000
__Htext14                      text14       000000
__Htext15                      text15       000000
__Htext16                      text16       000000
__Htext17                      text17       000000
__Htext18                      text18       000000
__Htext19                      text19       000000
__Htext2                       text2        000000
__Htext20                      text20       000000
__Htext21                      text21       000000
__Htext22                      text22       000000
__Htext23                      text23       000000
__Htext24                      text24       000000
__Htext25                      text25       000000
__Htext26                      text26       000000
__Htext27                      text27       000000
__Htext28                      text28       000000
__Htext3                       text3        000000
__Htext31                      text31       000000
__Htext4                       text4        000000
__Htext5                       text5        000000
__Htext6                       text6        000000
__Htext7                       text7        000000
__Htext8                       text8        000000
__Htext9                       text9        000000
__LRAM                         (abs)        000001
__Labs1                        abs1         000000
__Lbank0                       bank0        000000
__Lbank1                       bank1        000000
__Lbank2                       bank2        000000
__Lbigbss                      bigbss       000000
__Lbigdata                     bigdata      000000
__Lbigram                      bigram       000000
__Lbss                         bss          000000
__LbssBANK0                    bssBANK0     000000
__LbssCOMRAM                   bssCOMRAM    000000
__Lcinit                       cinit        000000
__Lclrtext                     clrtext      000000
__Lcomram                      comram       000000
__Lconfig                      config       300000
__Lconst                       const        000000
__LcstackBANK0                 cstackBANK0  000000
__LcstackCOMRAM                cstackCOMRAM 000000
__Ldata                        data         000000
__Leeprom_data                 eeprom_data  000000
__Lfarbss                      farbss       000000
__Lfardata                     fardata      000000
__Libigdata                    ibigdata     000000
__Lidata                       idata        000000
__Lidloc                       idloc        200000
__Lifardata                    ifardata     000000
__Linit                        init         00009E
__Lintcode                     intcode      000008
__Lintcode_body                intcode_body 000000
__Lintcodelo                   intcodelo    000018
__Lintentry                    intentry     000000
__Lintret                      intret       000000
__Lintsave_regs                intsave_regs 000000
__Lirdata                      irdata       000000
__Lmediumconst                 mediumconst  000000
__LnvFARRAM                    nvFARRAM     000000
__Lnvbit                       nvbit        000000
__Lnvrram                      nvrram       000000
__Lparam                       rparam       000000
__Lpowerup                     powerup      00009E
__Lram                         ram          000000
__Lramtop                      ramtop       000300
__Lrbit                        rbit         000000
__Lrbss                        rbss         000000
__Lrdata                       rdata        000000
__Lreset_vec                   reset_vec    000000
__Lrparam                      rparam       000000
__Lsfr                         sfr          000000
__Lsmallconst                  smallconst   000300
__Lspace_0                     (abs)        000000
__Lspace_1                     (abs)        000000
__Lspace_2                     (abs)        000000
__Lstack                       stack        000000
__Lstruct                      struct       000000
__Ltemp                        temp         000049
__Ltext                        text         000000
__Ltext0                       text0        000000
__Ltext1                       text1        000000
__Ltext10                      text10       000000
__Ltext11                      text11       000000
__Ltext12                      text12       000000
__Ltext13                      text13       000000
__Ltext14                      text14       000000
__Ltext15                      text15       000000
__Ltext16                      text16       000000
__Ltext17                      text17       000000
__Ltext18                      text18       000000
__Ltext19                      text19       000000
__Ltext2                       text2        000000
__Ltext20                      text20       000000
__Ltext21                      text21       000000
__Ltext22                      text22       000000
__Ltext23                      text23       000000
__Ltext24                      text24       000000
__Ltext25                      text25       000000
__Ltext26                      text26       000000
__Ltext27                      text27       000000
__Ltext28                      text28       000000
__Ltext3                       text3        000000
__Ltext31                      text31       000000
__Ltext4                       text4        000000
__Ltext5                       text5        000000
__Ltext6                       text6        000000
__Ltext7                       text7        000000
__Ltext8                       text8        000000
__Ltext9                       text9        000000
__S0                           (abs)        30000E
__S1                           (abs)        0000B3
__S2                           (abs)        000000
___awdiv                       text28       000B14
___awdiv@counter               cstackCOMRAM 000018
___awdiv@dividend              cstackCOMRAM 000014
___awdiv@divisor               cstackCOMRAM 000016
___awdiv@quotient              cstackCOMRAM 00001A
___awdiv@sign                  cstackCOMRAM 000019
___inthi_sp                    stack        000000
___intlo_sp                    stack        000000
___param_bank                  (abs)        000000
___rparam_used                 (abs)        000001
___sp                          stack        000000
___wmul                        text27       001092
___wmul@multiplicand           cstackCOMRAM 000010
___wmul@multiplier             cstackCOMRAM 00000E
___wmul@product                cstackCOMRAM 000012
__accesstop                    (abs)        000060
__activetblptr                 (abs)        000001
__end_of_ClearLCD              text21       001106
__end_of_E_TOG                 text24       001128
__end_of_InterruptHandlerHigh  intcode_body 000FDE
__end_of_InterruptHandlerLow   intcodelo    00009E
__end_of_LCD_String            text20       001068
__end_of_LCDout                text23       000C92
__end_of_SendLCD               text22       00100E
__end_of_SetLine               text5        00103C
__end_of___awdiv               text28       000B98
__end_of___wmul                text27       0010B8
__end_of__initialization       cinit        001080
__end_of_check_RFID            text4        0004BE
__end_of_classify_data         text19       000EF2
__end_of_display_RFID          text3        000F72
__end_of_initPWM               text10       0010EC
__end_of_init_LCD              text9        000860
__end_of_init_RFID             text8        0010D2
__end_of_init_motor_struct     text25       000798
__end_of_init_sensor           text7        00111A
__end_of_main                  text0        000926
__end_of_moveBackward          text16       000D06
__end_of_moveForward           text18       000D7A
__end_of_moveToBeacon          text17       0009E2
__end_of_processRFID           text31       000F36
__end_of_returnHome            text13       0006CE
__end_of_scanForBeacon         text11       000B14
__end_of_setMotorPWM           text26       0005D2
__end_of_setup                 text6        000FA8
__end_of_stop                  text15       000EAE
__end_of_stopAndDisplay        text2        000C1A
__end_of_turnLeft              text12       000DEC
__end_of_turnRight             text14       000E5E
__end_of_waitForInput          text1        000A90
__initialization               cinit        001068
__mediumconst                  mediumconst  000000
__pbssBANK0                    bssBANK0     000060
__pbssCOMRAM                   bssCOMRAM    000038
__pcinit                       cinit        001068
__pcstackBANK0                 cstackBANK0  00009D
__pcstackCOMRAM                cstackCOMRAM 000001
__pintcode                     intcode      000008
__pintcode_body                intcode_body 000FA8
__pintcodelo                   intcodelo    000018
__psmallconst                  smallconst   000300
__ptext0                       text0        000860
__ptext1                       text1        0009E2
__ptext10                      text10       0010D2
__ptext11                      text11       000A90
__ptext12                      text12       000D7A
__ptext13                      text13       0005D2
__ptext14                      text14       000DEC
__ptext15                      text15       000E5E
__ptext16                      text16       000C92
__ptext17                      text17       000926
__ptext18                      text18       000D06
__ptext19                      text19       000EAE
__ptext2                       text2        000B98
__ptext20                      text20       00103C
__ptext21                      text21       0010EC
__ptext22                      text22       000FDE
__ptext23                      text23       000C1A
__ptext24                      text24       00111A
__ptext25                      text25       0006CE
__ptext26                      text26       0004BE
__ptext27                      text27       001092
__ptext28                      text28       000B14
__ptext3                       text3        000F36
__ptext31                      text31       000EF2
__ptext4                       text4        000396
__ptext5                       text5        00100E
__ptext6                       text6        000F72
__ptext7                       text7        001106
__ptext8                       text8        0010B8
__ptext9                       text9        000798
__ramtop                       ramtop       000300
__size_of_ClearLCD             (abs)        000000
__size_of_E_TOG                (abs)        000000
__size_of_InterruptHandlerHigh (abs)        000000
__size_of_InterruptHandlerLow  (abs)        000000
__size_of_LCD_String           (abs)        000000
__size_of_LCDout               (abs)        000000
__size_of_SendLCD              (abs)        000000
__size_of_SetLine              (abs)        000000
__size_of___awdiv              (abs)        000000
__size_of___wmul               (abs)        000000
__size_of_check_RFID           (abs)        000000
__size_of_classify_data        (abs)        000000
__size_of_display_RFID         (abs)        000000
__size_of_initPWM              (abs)        000000
__size_of_init_LCD             (abs)        000000
__size_of_init_RFID            (abs)        000000
__size_of_init_motor_struct    (abs)        000000
__size_of_init_sensor          (abs)        000000
__size_of_main                 (abs)        000000
__size_of_moveBackward         (abs)        000000
__size_of_moveForward          (abs)        000000
__size_of_moveToBeacon         (abs)        000000
__size_of_processRFID          (abs)        000000
__size_of_returnHome           (abs)        000000
__size_of_scanForBeacon        (abs)        000000
__size_of_setMotorPWM          (abs)        000000
__size_of_setup                (abs)        000000
__size_of_stop                 (abs)        000000
__size_of_stopAndDisplay       (abs)        000000
__size_of_turnLeft             (abs)        000000
__size_of_turnRight            (abs)        000000
__size_of_waitForInput         (abs)        000000
__smallconst                   smallconst   000300
_check_RFID                    text4        000396
_classify_data                 text19       000EAE
_display_RFID                  text3        000F36
_initPWM                       text10       0010D2
_init_LCD                      text9        000798
_init_RFID                     text8        0010B8
_init_motor_struct             text25       0006CE
_init_sensor                   text7        001106
_main                          text0        000860
_moveBackward                  text16       000C92
_moveForward                   text18       000D06
_moveToBeacon                  text17       000926
_processRFID                   text31       000EF2
_returnHome                    text13       0005D2
_robot_mode                    bssCOMRAM    00003B
_scanForBeacon                 text11       000A90
_setMotorPWM                   text26       0004BE
_setup                         text6        000F72
_stop                          text15       000E5E
_stopAndDisplay                text2        000B98
_travel_moves                  bssBANK0     000060
_turnLeft                      text12       000D7A
_turnRight                     text14       000DEC
_waitForInput                  text1        0009E2
btemp                          temp         000049
check_RFID@byte1               cstackCOMRAM 000022
check_RFID@byte2               cstackCOMRAM 000023
check_RFID@byte3               cstackCOMRAM 000024
check_RFID@byte4               cstackCOMRAM 000025
check_RFID@byte5               cstackCOMRAM 000026
check_RFID@checksum            cstackCOMRAM 000027
check_RFID@dataBuf             cstackCOMRAM 000013
check_RFID@hexBuf              cstackCOMRAM 000016
check_RFID@i                   cstackCOMRAM 000028
classify_data@filtered         cstackCOMRAM 000012
classify_data@raw_data         cstackCOMRAM 00000E
classify_data@smoothed         bssCOMRAM    000038
display_RFID@dataBuf           cstackCOMRAM 000013
display_RFID@i                 cstackCOMRAM 000014
end_of_initialization          cinit        001080
initPWM@PWMperiod              cstackCOMRAM 00000E
init_motor_struct@mL           cstackCOMRAM 000024
init_motor_struct@mR           cstackCOMRAM 000025
int$flags                      temp         000049
int_func                       intcode_body 000FA8
intlevel0                      text         000000
intlevel1                      text         000000
intlevel2                      text         000000
intlevel3                      text         000000
main@motorL                    cstackBANK0  0000A1
main@motorR                    cstackBANK0  0000AA
main@moving_speed              cstackBANK0  00009F
main@searching_speed           cstackBANK0  00009D
moveBackward@i                 cstackCOMRAM 000029
moveBackward@mL                cstackCOMRAM 000024
moveBackward@mR                cstackCOMRAM 000025
moveBackward@max_power         cstackCOMRAM 000026
moveForward@i                  cstackCOMRAM 000029
moveForward@mL                 cstackCOMRAM 000024
moveForward@mR                 cstackCOMRAM 000025
moveForward@max_power          cstackCOMRAM 000026
moveToBeacon@beacon_location   cstackCOMRAM 000035
moveToBeacon@error_counter     cstackCOMRAM 000036
moveToBeacon@exit_flag         cstackCOMRAM 000030
moveToBeacon@mL                cstackCOMRAM 00002B
moveToBeacon@mR                cstackCOMRAM 00002C
moveToBeacon@move              cstackCOMRAM 00002F
moveToBeacon@raw_data          cstackCOMRAM 000033
moveToBeacon@speed             cstackCOMRAM 00002D
processRFID@RFIDbuf            cstackCOMRAM 000001
processRFID@i                  cstackCOMRAM 000003
processRFID@latestChar         cstackCOMRAM 000002
processRFID@position_in_buf    bssCOMRAM    00003A
returnHome@mL                  cstackCOMRAM 00002B
returnHome@mR                  cstackCOMRAM 00002C
returnHome@move                cstackCOMRAM 000031
returnHome@move_speed          cstackCOMRAM 00002D
returnHome@search_speed        cstackCOMRAM 00002F
scanForBeacon@beacon_location  cstackCOMRAM 000035
scanForBeacon@exit_flag        cstackCOMRAM 000030
scanForBeacon@mL               cstackCOMRAM 00002B
scanForBeacon@mR               cstackCOMRAM 00002C
scanForBeacon@move             cstackCOMRAM 00002F
scanForBeacon@raw_data         cstackCOMRAM 000033
scanForBeacon@speed            cstackCOMRAM 00002D
setMotorPWM@PWMduty            cstackCOMRAM 000022
setMotorPWM@m                  cstackCOMRAM 00001C
stackhi                        (abs)        0002FF
stacklo                        (abs)        0000B3
start                          init         00009E
start_initialization           cinit        001068
stop@i                         cstackCOMRAM 000029
stop@initial_speed             cstackCOMRAM 000026
stop@mL                        cstackCOMRAM 000024
stop@mR                        cstackCOMRAM 000025
stopAndDisplay@RFID_buffer     cstackCOMRAM 00002F
stopAndDisplay@i               cstackCOMRAM 000032
stopAndDisplay@mL              cstackCOMRAM 00002B
stopAndDisplay@mR              cstackCOMRAM 00002C
stopAndDisplay@speed           cstackCOMRAM 00002D
ttemp5                         temp         00004A
ttemp6                         temp         00004D
ttemp7                         temp         000051
turnLeft@i                     cstackCOMRAM 000029
turnLeft@mL                    cstackCOMRAM 000024
turnLeft@mR                    cstackCOMRAM 000025
turnLeft@max_power             cstackCOMRAM 000026
turnRight@i                    cstackCOMRAM 000029
turnRight@mL                   cstackCOMRAM 000024
turnRight@mR                   cstackCOMRAM 000025
turnRight@max_power            cstackCOMRAM 000026
waitForInput@i                 cstackCOMRAM 000019
waitForInput@i_1392            cstackCOMRAM 00001B
waitForInput@raw_data          cstackCOMRAM 000017
wtemp8                         temp         00004A


FUNCTION INFORMATION:

 *************** function _main *****************
 Defined at:
		line 117 in file "main.c"
 Parameters:    Size  Location     Type
		None
 Auto vars:     Size  Location     Type
  motorR          9   13[BANK0 ] struct DC_motor
  motorL          9    4[BANK0 ] struct DC_motor
  moving_speed    2    2[BANK0 ] int 
  searching_sp    2    0[BANK0 ] int 
 Return value:  Size  Location     Type
                  1    wreg      void 
 Registers used:
		wreg, fsr1l, fsr1h, fsr2l, fsr2h, status,2, status,0, tblptrl, tblptrh, tblptru, prodl, prodh, cstack
 Tracked objects:
		On entry : 
		On exit  : 
		Unchanged: 
 Data sizes:     COMRAM   BANK0   BANK1   BANK2
      Params:         0       0       0       0
      Locals:         0      22       0       0
      Temps:          0       0       0       0
      Totals:         0      22       0       0
Total ram usage:       22 bytes
 Hardware stack levels required when called:    9
 This function calls:
		_LCD_String
		_init_motor_struct
		_moveToBeacon
		_returnHome
		_scanForBeacon
		_setup
		_stopAndDisplay
		_waitForInput
 This function is called by:
		Startup code after reset
 This function uses a non-reentrant model


 *************** function _waitForInput *****************
 Defined at:
		line 177 in file "subroutines.c"
 Parameters:    Size  Location     Type
		None
 Auto vars:     Size  Location     Type
  raw_data        2   22[COMRAM] unsigned int 
  throwaway       1    0        unsigned char 
  i               2   26[COMRAM] int 
  i               2   24[COMRAM] int 
 Return value:  Size  Location     Type
                  1    wreg      void 
 Registers used:
		wreg, status,2, status,0, tblptrl, tblptrh, tblptru, cstack
 Tracked objects:
		On entry : 
		On exit  : 
		Unchanged: 
 Data sizes:     COMRAM   BANK0   BANK1   BANK2
      Params:         0       0       0       0
      Locals:         7       0       0       0
      Temps:          2       0       0       0
      Totals:         9       0       0       0
Total ram usage:        9 bytes
 Hardware stack levels used:    1
 Hardware stack levels required when called:    7
 This function calls:
		_ClearLCD
		_LCD_String
		_SetLine
		_classify_data
 This function is called by:
		_main
 This function uses a non-reentrant model


 *************** function _stopAndDisplay *****************
 Defined at:
		line 144 in file "subroutines.c"
 Parameters:    Size  Location     Type
  mL              1   42[COMRAM] PTR struct DC_motor
		 -> main@motorL(9), 
  mR              1   43[COMRAM] PTR struct DC_motor
		 -> main@motorR(9), 
  speed           2   44[COMRAM] int 
  RFID_buffer     1   46[COMRAM] PTR volatile unsigned ch
		 -> RFIDbuf(12), 
 Auto vars:     Size  Location     Type
  i               2   49[COMRAM] int 
 Return value:  Size  Location     Type
                  1    wreg      unsigned char 
 Registers used:
		wreg, fsr1l, fsr1h, fsr2l, fsr2h, status,2, status,0, tblptrl, tblptrh, tblptru, prodl, prodh, cstack
 Tracked objects:
		On entry : 
		On exit  : 
		Unchanged: 
 Data sizes:     COMRAM   BANK0   BANK1   BANK2
      Params:         5       0       0       0
      Locals:         2       0       0       0
      Temps:          2       0       0       0
      Totals:         9       0       0       0
Total ram usage:        9 bytes
 Hardware stack levels used:    1
 Hardware stack levels required when called:    8
 This function calls:
		_ClearLCD
		_LCD_String
		_check_RFID
		_display_RFID
		_stop
 This function is called by:
		_main
 This function uses a non-reentrant model


 *************** function _display_RFID *****************
 Defined at:
		line 107 in file "RFID.c"
 Parameters:    Size  Location     Type
  dataBuf         1   18[COMRAM] PTR volatile unsigned ch
		 -> RFIDbuf(12), 
 Auto vars:     Size  Location     Type
  i               2   19[COMRAM] int 
 Return value:  Size  Location     Type
                  1    wreg      void 
 Registers used:
		wreg, fsr2l, fsr2h, status,2, status,0, cstack
 Tracked objects:
		On entry : 
		On exit  : 
		Unchanged: 
 Data sizes:     COMRAM   BANK0   BANK1   BANK2
      Params:         1       0       0       0
      Locals:         2       0       0       0
      Temps:          0       0       0       0
      Totals:         3       0       0       0
Total ram usage:        3 bytes
 Hardware stack levels used:    1
 Hardware stack levels required when called:    7
 This function calls:
		_ClearLCD
		_SendLCD
		_SetLine
 This function is called by:
		_stopAndDisplay
 This function uses a non-reentrant model


 *************** function _check_RFID *****************
 Defined at:
		line 70 in file "RFID.c"
 Parameters:    Size  Location     Type
  dataBuf         1   18[COMRAM] PTR volatile unsigned ch
		 -> RFIDbuf(12), 
 Auto vars:     Size  Location     Type
  i               2   39[COMRAM] int 
  hexBuf         12   21[COMRAM] unsigned char [12]
  checksum        1   38[COMRAM] unsigned char 
  byte5           1   37[COMRAM] unsigned char 
  byte4           1   36[COMRAM] unsigned char 
  byte3           1   35[COMRAM] unsigned char 
  byte2           1   34[COMRAM] unsigned char 
  byte1           1   33[COMRAM] unsigned char 
 Return value:  Size  Location     Type
                  1    wreg      void 
 Registers used:
		wreg, fsr1l, fsr1h, fsr2l, fsr2h, status,2, status,0, tblptrl, tblptrh, tblptru, cstack
 Tracked objects:
		On entry : 
		On exit  : 
		Unchanged: 
 Data sizes:     COMRAM   BANK0   BANK1   BANK2
      Params:         1       0       0       0
      Locals:        20       0       0       0
      Temps:          2       0       0       0
      Totals:        23       0       0       0
Total ram usage:       23 bytes
 Hardware stack levels used:    1
 Hardware stack levels required when called:    7
 This function calls:
		_LCD_String
		_SetLine
 This function is called by:
		_stopAndDisplay
 This function uses a non-reentrant model


 *************** function _SetLine *****************
 Defined at:
		line 107 in file "LCDIO.c"
 Parameters:    Size  Location     Type
  line            1    wreg     unsigned char 
 Auto vars:     Size  Location     Type
  line            1   17[COMRAM] unsigned char 
 Return value:  Size  Location     Type
                  1    wreg      void 
 Registers used:
		wreg, status,2, status,0, cstack
 Tracked objects:
		On entry : 
		On exit  : 
		Unchanged: 
 Data sizes:     COMRAM   BANK0   BANK1   BANK2
      Params:         0       0       0       0
      Locals:         1       0       0       0
      Temps:          0       0       0       0
      Totals:         1       0       0       0
Total ram usage:        1 bytes
 Hardware stack levels used:    1
 Hardware stack levels required when called:    6
 This function calls:
		_SendLCD
 This function is called by:
		_check_RFID
		_display_RFID
		_waitForInput
 This function uses a non-reentrant model


 *************** function _setup *****************
 Defined at:
		line 46 in file "main.c"
 Parameters:    Size  Location     Type
		None
 Auto vars:     Size  Location     Type
		None
 Return value:  Size  Location     Type
                  1    wreg      void 
 Registers used:
		wreg, status,2, status,0, cstack
 Tracked objects:
		On entry : 
		On exit  : 
		Unchanged: 
 Data sizes:     COMRAM   BANK0   BANK1   BANK2
      Params:         0       0       0       0
      Locals:         0       0       0       0
      Temps:          0       0       0       0
      Totals:         0       0       0       0
Total ram usage:        0 bytes
 Hardware stack levels used:    1
 Hardware stack levels required when called:    7
 This function calls:
		_initPWM
		_init_LCD
		_init_RFID
		_init_sensor
 This function is called by:
		_main
 This function uses a non-reentrant model


 *************** function _init_sensor *****************
 Defined at:
		line 17 in file "signal_processing.c"
 Parameters:    Size  Location     Type
		None
 Auto vars:     Size  Location     Type
		None
 Return value:  Size  Location     Type
                  1    wreg      void 
 Registers used:
		wreg, status,2
 Tracked objects:
		On entry : 
		On exit  : 
		Unchanged: 
 Data sizes:     COMRAM   BANK0   BANK1   BANK2
      Params:         0       0       0       0
      Locals:         0       0       0       0
      Temps:          0       0       0       0
      Totals:         0       0       0       0
Total ram usage:        0 bytes
 Hardware stack levels used:    1
 Hardware stack levels required when called:    3
 This function calls:
		Nothing
 This function is called by:
		_setup
 This function uses a non-reentrant model


 *************** function _init_RFID *****************
 Defined at:
		line 13 in file "RFID.c"
 Parameters:    Size  Location     Type
		None
 Auto vars:     Size  Location     Type
		None
 Return value:  Size  Location     Type
                  1    wreg      void 
 Registers used:
		wreg, status,2
 Tracked objects:
		On entry : 
		On exit  : 
		Unchanged: 
 Data sizes:     COMRAM   BANK0   BANK1   BANK2
      Params:         0       0       0       0
      Locals:         0       0       0       0
      Temps:          0       0       0       0
      Totals:         0       0       0       0
Total ram usage:        0 bytes
 Hardware stack levels used:    1
 Hardware stack levels required when called:    3
 This function calls:
		Nothing
 This function is called by:
		_setup
 This function uses a non-reentrant model


 *************** function _init_LCD *****************
 Defined at:
		line 56 in file "LCDIO.c"
 Parameters:    Size  Location     Type
		None
 Auto vars:     Size  Location     Type
		None
 Return value:  Size  Location     Type
                  1    wreg      void 
 Registers used:
		wreg, status,2, status,0, cstack
 Tracked objects:
		On entry : 
		On exit  : 
		Unchanged: 
 Data sizes:     COMRAM   BANK0   BANK1   BANK2
      Params:         0       0       0       0
      Locals:         0       0       0       0
      Temps:          1       0       0       0
      Totals:         1       0       0       0
Total ram usage:        1 bytes
 Hardware stack levels used:    1
 Hardware stack levels required when called:    6
 This function calls:
		_LCDout
		_SendLCD
 This function is called by:
		_setup
 This function uses a non-reentrant model


 *************** function _initPWM *****************
 Defined at:
		line 5 in file "dc_motor.c"
 Parameters:    Size  Location     Type
  PWMperiod       2   13[COMRAM] int 
 Auto vars:     Size  Location     Type
		None
 Return value:  Size  Location     Type
                  1    wreg      void 
 Registers used:
		wreg, status,2
 Tracked objects:
		On entry : 
		On exit  : 
		Unchanged: 
 Data sizes:     COMRAM   BANK0   BANK1   BANK2
      Params:         2       0       0       0
      Locals:         0       0       0       0
      Temps:          0       0       0       0
      Totals:         2       0       0       0
Total ram usage:        2 bytes
 Hardware stack levels used:    1
 Hardware stack levels required when called:    3
 This function calls:
		Nothing
 This function is called by:
		_setup
 This function uses a non-reentrant model


 *************** function _scanForBeacon *****************
 Defined at:
		line 23 in file "subroutines.c"
 Parameters:    Size  Location     Type
  mL              1   42[COMRAM] PTR struct DC_motor
		 -> main@motorL(9), 
  mR              1   43[COMRAM] PTR struct DC_motor
		 -> main@motorR(9), 
  speed           2   44[COMRAM] int 
  move            1   46[COMRAM] PTR struct Movements
		 -> travel_moves(61), 
  exit_flag       1   47[COMRAM] PTR volatile unsigned ch
		 -> RFID_flag(1), 
 Auto vars:     Size  Location     Type
  raw_data        2   50[COMRAM] unsigned int 
  beacon_locat    1   52[COMRAM] unsigned char 
 Return value:  Size  Location     Type
                  1    wreg      unsigned char 
 Registers used:
		wreg, fsr2l, fsr2h, status,2, status,0, tblptrl, tblptrh, tblptru, prodl, prodh, cstack
 Tracked objects:
		On entry : 
		On exit  : 
		Unchanged: 
 Data sizes:     COMRAM   BANK0   BANK1   BANK2
      Params:         6       0       0       0
      Locals:         3       0       0       0
      Temps:          2       0       0       0
      Totals:        11       0       0       0
Total ram usage:       11 bytes
 Hardware stack levels used:    1
 Hardware stack levels required when called:    7
 This function calls:
		_ClearLCD
		_LCD_String
		_classify_data
		_turnLeft
 This function is called by:
		_main
 This function uses a non-reentrant model


 *************** function _turnLeft *****************
 Defined at:
		line 53 in file "dc_motor.c"
 Parameters:    Size  Location     Type
  mL              1   35[COMRAM] PTR struct DC_motor
		 -> main@motorL(9), 
  mR              1   36[COMRAM] PTR struct DC_motor
		 -> main@motorR(9), 
  max_power       2   37[COMRAM] int 
 Auto vars:     Size  Location     Type
  i               2   40[COMRAM] int 
 Return value:  Size  Location     Type
                  1    wreg      void 
 Registers used:
		wreg, fsr2l, fsr2h, status,2, status,0, prodl, prodh, cstack
 Tracked objects:
		On entry : 
		On exit  : 
		Unchanged: 
 Data sizes:     COMRAM   BANK0   BANK1   BANK2
      Params:         4       0       0       0
      Locals:         2       0       0       0
      Temps:          1       0       0       0
      Totals:         7       0       0       0
Total ram usage:        7 bytes
 Hardware stack levels used:    1
 Hardware stack levels required when called:    5
 This function calls:
		_setMotorPWM
 This function is called by:
		_scanForBeacon
 This function uses a non-reentrant model


 *************** function _returnHome *****************
 Defined at:
		line 114 in file "subroutines.c"
 Parameters:    Size  Location     Type
  mL              1   42[COMRAM] PTR struct DC_motor
		 -> main@motorL(9), 
  mR              1   43[COMRAM] PTR struct DC_motor
		 -> main@motorR(9), 
  move_speed      2   44[COMRAM] int 
  search_speed    2   46[COMRAM] int 
  move            1   48[COMRAM] PTR struct Movements
		 -> travel_moves(61), 
 Auto vars:     Size  Location     Type
  i               2    0        int 
 Return value:  Size  Location     Type
                  1    wreg      unsigned char 
 Registers used:
		wreg, fsr2l, fsr2h, status,2, status,0, tblptrl, tblptrh, tblptru, prodl, prodh, cstack
 Tracked objects:
		On entry : 
		On exit  : 
		Unchanged: 
 Data sizes:     COMRAM   BANK0   BANK1   BANK2
      Params:         7       0       0       0
      Locals:         2       0       0       0
      Temps:          2       0       0       0
      Totals:        11       0       0       0
Total ram usage:       11 bytes
 Hardware stack levels used:    1
 Hardware stack levels required when called:    7
 This function calls:
		_ClearLCD
		_LCD_String
		_moveBackward
		_stop
		_turnRight
 This function is called by:
		_main
 This function uses a non-reentrant model


 *************** function _turnRight *****************
 Defined at:
		line 69 in file "dc_motor.c"
 Parameters:    Size  Location     Type
  mL              1   35[COMRAM] PTR struct DC_motor
		 -> main@motorL(9), 
  mR              1   36[COMRAM] PTR struct DC_motor
		 -> main@motorR(9), 
  max_power       2   37[COMRAM] int 
 Auto vars:     Size  Location     Type
  i               2   40[COMRAM] int 
 Return value:  Size  Location     Type
                  1    wreg      void 
 Registers used:
		wreg, fsr2l, fsr2h, status,2, status,0, prodl, prodh, cstack
 Tracked objects:
		On entry : 
		On exit  : 
		Unchanged: 
 Data sizes:     COMRAM   BANK0   BANK1   BANK2
      Params:         4       0       0       0
      Locals:         2       0       0       0
      Temps:          1       0       0       0
      Totals:         7       0       0       0
Total ram usage:        7 bytes
 Hardware stack levels used:    1
 Hardware stack levels required when called:    5
 This function calls:
		_setMotorPWM
 This function is called by:
		_returnHome
 This function uses a non-reentrant model


 *************** function _stop *****************
 Defined at:
		line 40 in file "dc_motor.c"
 Parameters:    Size  Location     Type
  mL              1   35[COMRAM] PTR struct DC_motor
		 -> main@motorL(9), 
  mR              1   36[COMRAM] PTR struct DC_motor
		 -> main@motorR(9), 
  initial_spee    2   37[COMRAM] int 
 Auto vars:     Size  Location     Type
  i               2   40[COMRAM] int 
 Return value:  Size  Location     Type
                  1    wreg      void 
 Registers used:
		wreg, fsr2l, fsr2h, status,2, status,0, prodl, prodh, cstack
 Tracked objects:
		On entry : 
		On exit  : 
		Unchanged: 
 Data sizes:     COMRAM   BANK0   BANK1   BANK2
      Params:         4       0       0       0
      Locals:         2       0       0       0
      Temps:          1       0       0       0
      Totals:         7       0       0       0
Total ram usage:        7 bytes
 Hardware stack levels used:    1
 Hardware stack levels required when called:    5
 This function calls:
		_setMotorPWM
 This function is called by:
		_returnHome
		_stopAndDisplay
 This function uses a non-reentrant model


 *************** function _moveBackward *****************
 Defined at:
		line 101 in file "dc_motor.c"
 Parameters:    Size  Location     Type
  mL              1   35[COMRAM] PTR struct DC_motor
		 -> main@motorL(9), 
  mR              1   36[COMRAM] PTR struct DC_motor
		 -> main@motorR(9), 
  max_power       2   37[COMRAM] int 
 Auto vars:     Size  Location     Type
  i               2   40[COMRAM] int 
 Return value:  Size  Location     Type
                  1    wreg      void 
 Registers used:
		wreg, fsr2l, fsr2h, status,2, status,0, prodl, prodh, cstack
 Tracked objects:
		On entry : 
		On exit  : 
		Unchanged: 
 Data sizes:     COMRAM   BANK0   BANK1   BANK2
      Params:         4       0       0       0
      Locals:         2       0       0       0
      Temps:          1       0       0       0
      Totals:         7       0       0       0
Total ram usage:        7 bytes
 Hardware stack levels used:    1
 Hardware stack levels required when called:    5
 This function calls:
		_setMotorPWM
 This function is called by:
		_returnHome
 This function uses a non-reentrant model


 *************** function _moveToBeacon *****************
 Defined at:
		line 56 in file "subroutines.c"
 Parameters:    Size  Location     Type
  mL              1   42[COMRAM] PTR struct DC_motor
		 -> main@motorL(9), 
  mR              1   43[COMRAM] PTR struct DC_motor
		 -> main@motorR(9), 
  speed           2   44[COMRAM] int 
  move            1   46[COMRAM] PTR struct Movements
		 -> travel_moves(61), 
  exit_flag       1   47[COMRAM] PTR volatile unsigned ch
		 -> RFID_flag(1), 
 Auto vars:     Size  Location     Type
  raw_data        2   50[COMRAM] unsigned int 
  beacon_locat    1   52[COMRAM] unsigned char 
  error_counte    2   53[COMRAM] int 
 Return value:  Size  Location     Type
                  1    wreg      unsigned char 
 Registers used:
		wreg, fsr2l, fsr2h, status,2, status,0, tblptrl, tblptrh, tblptru, prodl, prodh, cstack
 Tracked objects:
		On entry : 
		On exit  : 
		Unchanged: 
 Data sizes:     COMRAM   BANK0   BANK1   BANK2
      Params:         6       0       0       0
      Locals:         5       0       0       0
      Temps:          2       0       0       0
      Totals:        13       0       0       0
Total ram usage:       13 bytes
 Hardware stack levels used:    1
 Hardware stack levels required when called:    7
 This function calls:
		_ClearLCD
		_LCD_String
		_classify_data
		_moveForward
 This function is called by:
		_main
 This function uses a non-reentrant model


 *************** function _moveForward *****************
 Defined at:
		line 86 in file "dc_motor.c"
 Parameters:    Size  Location     Type
  mL              1   35[COMRAM] PTR struct DC_motor
		 -> main@motorL(9), 
  mR              1   36[COMRAM] PTR struct DC_motor
		 -> main@motorR(9), 
  max_power       2   37[COMRAM] int 
 Auto vars:     Size  Location     Type
  i               2   40[COMRAM] int 
 Return value:  Size  Location     Type
                  1    wreg      void 
 Registers used:
		wreg, fsr2l, fsr2h, status,2, status,0, prodl, prodh, cstack
 Tracked objects:
		On entry : 
		On exit  : 
		Unchanged: 
 Data sizes:     COMRAM   BANK0   BANK1   BANK2
      Params:         4       0       0       0
      Locals:         2       0       0       0
      Temps:          1       0       0       0
      Totals:         7       0       0       0
Total ram usage:        7 bytes
 Hardware stack levels used:    1
 Hardware stack levels required when called:    5
 This function calls:
		_setMotorPWM
 This function is called by:
		_moveToBeacon
 This function uses a non-reentrant model


 *************** function _classify_data *****************
 Defined at:
		line 33 in file "signal_processing.c"
 Parameters:    Size  Location     Type
  raw_data        2   13[COMRAM] unsigned int 
 Auto vars:     Size  Location     Type
  filtered        2   17[COMRAM] unsigned int 
 Return value:  Size  Location     Type
                  1    wreg      unsigned char 
 Registers used:
		wreg, status,2, status,0
 Tracked objects:
		On entry : 
		On exit  : 
		Unchanged: 
 Data sizes:     COMRAM   BANK0   BANK1   BANK2
      Params:         2       0       0       0
      Locals:         2       0       0       0
      Temps:          2       0       0       0
      Totals:         6       0       0       0
Total ram usage:        6 bytes
 Hardware stack levels used:    1
 Hardware stack levels required when called:    3
 This function calls:
		Nothing
 This function is called by:
		_scanForBeacon
		_moveToBeacon
		_waitForInput
 This function uses a non-reentrant model


 *************** function _LCD_String *****************
 Defined at:
		line 119 in file "LCDIO.c"
 Parameters:    Size  Location     Type
  string          1   17[COMRAM] PTR unsigned char 
		 -> STR_10(16), STR_9(16), STR_8(13), STR_7(16), 
		 -> STR_6(15), STR_5(15), STR_4(10), STR_3(16), 
		 -> STR_2(16), STR_1(15), 
 Auto vars:     Size  Location     Type
		None
 Return value:  Size  Location     Type
                  1    wreg      void 
 Registers used:
		wreg, status,2, status,0, tblptrl, tblptrh, tblptru, cstack
 Tracked objects:
		On entry : 
		On exit  : 
		Unchanged: 
 Data sizes:     COMRAM   BANK0   BANK1   BANK2
      Params:         1       0       0       0
      Locals:         0       0       0       0
      Temps:          0       0       0       0
      Totals:         1       0       0       0
Total ram usage:        1 bytes
 Hardware stack levels used:    1
 Hardware stack levels required when called:    6
 This function calls:
		_SendLCD
 This function is called by:
		_main
		_check_RFID
		_scanForBeacon
		_moveToBeacon
		_returnHome
		_stopAndDisplay
		_waitForInput
 This function uses a non-reentrant model


 *************** function _ClearLCD *****************
 Defined at:
		line 131 in file "LCDIO.c"
 Parameters:    Size  Location     Type
		None
 Auto vars:     Size  Location     Type
		None
 Return value:  Size  Location     Type
                  1    wreg      void 
 Registers used:
		wreg, status,2, status,0, cstack
 Tracked objects:
		On entry : 
		On exit  : 
		Unchanged: 
 Data sizes:     COMRAM   BANK0   BANK1   BANK2
      Params:         0       0       0       0
      Locals:         0       0       0       0
      Temps:          1       0       0       0
      Totals:         1       0       0       0
Total ram usage:        1 bytes
 Hardware stack levels used:    1
 Hardware stack levels required when called:    6
 This function calls:
		_SendLCD
 This function is called by:
		_display_RFID
		_scanForBeacon
		_moveToBeacon
		_returnHome
		_stopAndDisplay
		_waitForInput
 This function uses a non-reentrant model


 *************** function _SendLCD *****************
 Defined at:
		line 44 in file "LCDIO.c"
 Parameters:    Size  Location     Type
  Byte            1    wreg     unsigned char 
  type            1   15[COMRAM] unsigned char 
 Auto vars:     Size  Location     Type
  Byte            1   16[COMRAM] unsigned char 
 Return value:  Size  Location     Type
                  1    wreg      void 
 Registers used:
		wreg, status,2, status,0, cstack
 Tracked objects:
		On entry : 
		On exit  : 
		Unchanged: 
 Data sizes:     COMRAM   BANK0   BANK1   BANK2
      Params:         1       0       0       0
      Locals:         1       0       0       0
      Temps:          0       0       0       0
      Totals:         2       0       0       0
Total ram usage:        2 bytes
 Hardware stack levels used:    1
 Hardware stack levels required when called:    5
 This function calls:
		_LCDout
 This function is called by:
		_init_LCD
		_SetLine
		_LCD_String
		_ClearLCD
		_display_RFID
 This function uses a non-reentrant model


 *************** function _LCDout *****************
 Defined at:
		line 31 in file "LCDIO.c"
 Parameters:    Size  Location     Type
  number          1    wreg     unsigned char 
 Auto vars:     Size  Location     Type
  number          1   14[COMRAM] unsigned char 
 Return value:  Size  Location     Type
                  1    wreg      void 
 Registers used:
		wreg, status,2, status,0, cstack
 Tracked objects:
		On entry : 
		On exit  : 
		Unchanged: 
 Data sizes:     COMRAM   BANK0   BANK1   BANK2
      Params:         0       0       0       0
      Locals:         1       0       0       0
      Temps:          1       0       0       0
      Totals:         2       0       0       0
Total ram usage:        2 bytes
 Hardware stack levels used:    1
 Hardware stack levels required when called:    4
 This function calls:
		_E_TOG
 This function is called by:
		_SendLCD
		_init_LCD
 This function uses a non-reentrant model


 *************** function _E_TOG *****************
 Defined at:
		line 23 in file "LCDIO.c"
 Parameters:    Size  Location     Type
		None
 Auto vars:     Size  Location     Type
		None
 Return value:  Size  Location     Type
                  1    wreg      void 
 Registers used:
		wreg
 Tracked objects:
		On entry : 
		On exit  : 
		Unchanged: 
 Data sizes:     COMRAM   BANK0   BANK1   BANK2
      Params:         0       0       0       0
      Locals:         0       0       0       0
      Temps:          0       0       0       0
      Totals:         0       0       0       0
Total ram usage:        0 bytes
 Hardware stack levels used:    1
 Hardware stack levels required when called:    3
 This function calls:
		Nothing
 This function is called by:
		_LCDout
 This function uses a non-reentrant model


 *************** function _init_motor_struct *****************
 Defined at:
		line 115 in file "dc_motor.c"
 Parameters:    Size  Location     Type
  mL              1   35[COMRAM] PTR struct DC_motor
		 -> main@motorL(9), 
  mR              1   36[COMRAM] PTR struct DC_motor
		 -> main@motorR(9), 
 Auto vars:     Size  Location     Type
		None
 Return value:  Size  Location     Type
                  1    wreg      void 
 Registers used:
		wreg, fsr2l, fsr2h, status,2, status,0, prodl, prodh, cstack
 Tracked objects:
		On entry : 
		On exit  : 
		Unchanged: 
 Data sizes:     COMRAM   BANK0   BANK1   BANK2
      Params:         2       0       0       0
      Locals:         0       0       0       0
      Temps:          0       0       0       0
      Totals:         2       0       0       0
Total ram usage:        2 bytes
 Hardware stack levels used:    1
 Hardware stack levels required when called:    5
 This function calls:
		_setMotorPWM
 This function is called by:
		_main
 This function uses a non-reentrant model


 *************** function _setMotorPWM *****************
 Defined at:
		line 18 in file "dc_motor.c"
 Parameters:    Size  Location     Type
  m               1   27[COMRAM] PTR struct DC_motor
		 -> main@motorR(9), main@motorL(9), 
 Auto vars:     Size  Location     Type
  PWMduty         2   33[COMRAM] int 
 Return value:  Size  Location     Type
                  1    wreg      void 
 Registers used:
		wreg, fsr2l, fsr2h, status,2, status,0, prodl, prodh, cstack
 Tracked objects:
		On entry : 
		On exit  : 
		Unchanged: 
 Data sizes:     COMRAM   BANK0   BANK1   BANK2
      Params:         1       0       0       0
      Locals:         2       0       0       0
      Temps:          5       0       0       0
      Totals:         8       0       0       0
Total ram usage:        8 bytes
 Hardware stack levels used:    1
 Hardware stack levels required when called:    4
 This function calls:
		___awdiv
		___wmul
 This function is called by:
		_stop
		_turnLeft
		_turnRight
		_moveForward
		_moveBackward
		_init_motor_struct
 This function uses a non-reentrant model


 *************** function ___wmul *****************
 Defined at:
		line 15 in file "C:\Program Files (x86)\Microchip\xc8\v2.05\pic\sources\c99\common\Umul16.c"
 Parameters:    Size  Location     Type
  multiplier      2   13[COMRAM] unsigned int 
  multiplicand    2   15[COMRAM] unsigned int 
 Auto vars:     Size  Location     Type
  product         2   17[COMRAM] unsigned int 
 Return value:  Size  Location     Type
                  2   13[COMRAM] unsigned int 
 Registers used:
		wreg, status,2, status,0, prodl, prodh
 Tracked objects:
		On entry : 
		On exit  : 
		Unchanged: 
 Data sizes:     COMRAM   BANK0   BANK1   BANK2
      Params:         4       0       0       0
      Locals:         2       0       0       0
      Temps:          0       0       0       0
      Totals:         6       0       0       0
Total ram usage:        6 bytes
 Hardware stack levels used:    1
 Hardware stack levels required when called:    3
 This function calls:
		Nothing
 This function is called by:
		_setMotorPWM
 This function uses a non-reentrant model


 *************** function ___awdiv *****************
 Defined at:
		line 7 in file "C:\Program Files (x86)\Microchip\xc8\v2.05\pic\sources\c99\common\awdiv.c"
 Parameters:    Size  Location     Type
  dividend        2   19[COMRAM] int 
  divisor         2   21[COMRAM] int 
 Auto vars:     Size  Location     Type
  quotient        2   25[COMRAM] int 
  sign            1   24[COMRAM] unsigned char 
  counter         1   23[COMRAM] unsigned char 
 Return value:  Size  Location     Type
                  2   19[COMRAM] int 
 Registers used:
		wreg, status,2, status,0
 Tracked objects:
		On entry : 
		On exit  : 
		Unchanged: 
 Data sizes:     COMRAM   BANK0   BANK1   BANK2
      Params:         4       0       0       0
      Locals:         4       0       0       0
      Temps:          0       0       0       0
      Totals:         8       0       0       0
Total ram usage:        8 bytes
 Hardware stack levels used:    1
 Hardware stack levels required when called:    3
 This function calls:
		Nothing
 This function is called by:
		_setMotorPWM
 This function uses a non-reentrant model


 *************** function _InterruptHandlerLow *****************
 Defined at:
		line 94 in file "main.c"
 Parameters:    Size  Location     Type
		None
 Auto vars:     Size  Location     Type
		None
 Return value:  Size  Location     Type
                  1    wreg      void 
 Registers used:
		wreg, fsr2l, fsr2h, status,2, status,0, prodl, prodh
 Tracked objects:
		On entry : 
		On exit  : 
		Unchanged: 
 Data sizes:     COMRAM   BANK0   BANK1   BANK2
      Params:         0       0       0       0
      Locals:         0       0       0       0
      Temps:          7       0       0       0
      Totals:         7       0       0       0
Total ram usage:        7 bytes
 Hardware stack levels used:    1
 Hardware stack levels required when called:    2
 This function calls:
		Nothing
 This function is called by:
		Interrupt level 1
 This function uses a non-reentrant model


 *************** function _InterruptHandlerHigh *****************
 Defined at:
		line 76 in file "main.c"
 Parameters:    Size  Location     Type
		None
 Auto vars:     Size  Location     Type
  throwaway       1    0        unsigned char 
 Return value:  Size  Location     Type
                  1    wreg      void 
 Registers used:
		wreg, fsr2l, fsr2h, status,2, status,0, cstack
 Tracked objects:
		On entry : 
		On exit  : 
		Unchanged: 
 Data sizes:     COMRAM   BANK0   BANK1   BANK2
      Params:         0       0       0       0
      Locals:         1       0       0       0
      Temps:          2       0       0       0
      Totals:         3       0       0       0
Total ram usage:        3 bytes
 Hardware stack levels used:    1
 Hardware stack levels required when called:    1
 This function calls:
		_processRFID
 This function is called by:
		Interrupt level 2
 This function uses a non-reentrant model


 *************** function _processRFID *****************
 Defined at:
		line 34 in file "RFID.c"
 Parameters:    Size  Location     Type
  RFIDbuf         1    0[COMRAM] PTR volatile unsigned ch
		 -> RFIDbuf(12), 
  latestChar      1    1[COMRAM] unsigned char 
 Auto vars:     Size  Location     Type
  i               1    2[COMRAM] unsigned char 
 Return value:  Size  Location     Type
                  1    wreg      unsigned char 
 Registers used:
		wreg, fsr2l, fsr2h, status,2, status,0
 Tracked objects:
		On entry : 
		On exit  : 
		Unchanged: 
 Data sizes:     COMRAM   BANK0   BANK1   BANK2
      Params:         2       0       0       0
      Locals:         1       0       0       0
      Temps:          0       0       0       0
      Totals:         3       0       0       0
Total ram usage:        3 bytes
 Hardware stack levels used:    1
 This function calls:
		Nothing
 This function is called by:
		_InterruptHandlerHigh
 This function uses a non-reentrant model



MODULE INFORMATION

Module		Function		Class		Link	Load	Size
dc_motor.c
		_moveForward   		CODE           	0D06	0000	117
		_turnLeft      		CODE           	0D7A	0000	115
		_stop          		CODE           	0E5E	0000	81
		_moveBackward  		CODE           	0C92	0000	117
		_turnRight     		CODE           	0DEC	0000	115
		_setMotorPWM   		CODE           	04BE	0000	277
		_init_motor_struct		CODE           	06CE	0000	203
		_initPWM       		CODE           	10D2	0000	27

dc_motor.c estimated size: 1052

signal_processing.c
		_init_sensor   		CODE           	1106	0000	21
		_classify_data 		CODE           	0EAE	0000	69

signal_processing.c estimated size: 90

RFID.c
		_processRFID   		CODE           	0EF2	0000	69
		_display_RFID  		CODE           	0F36	0000	61
		_check_RFID    		CODE           	0396	0000	297
		_init_RFID     		CODE           	10B8	0000	27

RFID.c estimated size: 454

C:\Program Files (x86)\Microchip\xc8\v2.05\pic\sources\c99\common\awdiv.c
		___awdiv       		CODE           	0B14	0000	133

C:\Program Files (x86)\Microchip\xc8\v2.05\pic\sources\c99\common\awdiv.c estimated size: 133

subroutines.c
		_stopAndDisplay		CODE           	0B98	0000	131
		_moveToBeacon  		CODE           	0926	0000	189
		_returnHome    		CODE           	05D2	0000	253
		_waitForInput  		CODE           	09E2	0000	175
		_scanForBeacon 		CODE           	0A90	0000	133

subroutines.c estimated size: 881

shared
		__initialization		CODE           	1068	0000	25

shared estimated size: 25

C:\Program Files (x86)\Microchip\xc8\v2.05\pic\sources\c99\common\Umul16.c
		___wmul        		CODE           	1092	0000	39

C:\Program Files (x86)\Microchip\xc8\v2.05\pic\sources\c99\common\Umul16.c estimated size: 39

LCDIO.c
		_SetLine       		CODE           	100E	0000	47
		_LCD_String    		CODE           	103C	0000	45
		_SendLCD       		CODE           	0FDE	0000	49
		_E_TOG         		CODE           	111A	0000	15
		_init_LCD      		CODE           	0798	0000	201
		_ClearLCD      		CODE           	10EC	0000	27
		_LCDout        		CODE           	0C1A	0000	121

LCDIO.c estimated size: 505

main.c
		_main          		CODE           	0860	0000	199
		_InterruptHandlerLow		CODE           	0018	0000	135
		_InterruptHandlerHigh		CODE           	0008	0000	61
		_setup         		CODE           	0F72	0000	55

main.c estimated size: 450

