Microchip MPLAB XC8 Compiler V2.05 ()

Linker command line:

-W-3 --edf=C:\Program Files (x86)\Microchip\xc8\v2.05\pic\dat\en_msgs.txt \
  -cs -h+dist/default/production\ECM_Final_Project.X.production.sym \
  --cmf=dist/default/production\ECM_Final_Project.X.production.cmf -z \
  -Q18F4331 -oC:\Users\charl\AppData\Local\Temp\s568.2 \
  --defsym=__MPLAB_BUILD=1 \
  -Mdist/default/production/ECM_Final_Project.X.production.map -E1 -ver=XC8 \
  --acfsm=1493 -ASTACK=0AFh-02FFh -pstack=STACK -ACODE=00h-01FFFh \
  -ACONST=00h-01FFFh -ASMALLCONST=0300h-03FFhx29 -AMEDIUMCONST=0300h-01FFFh \
  -ACOMRAM=01h-05Fh -AABS1=00h-02FFh -ABIGRAM=01h-02FFh \
  -ARAM=060h-0FFh,0100h-01FFhx2 -ABANK0=060h-0FFh -ABANK1=0100h-01FFh \
  -ABANK2=0200h-02FFh -ASFR=0F60h-0FFFh \
  -preset_vec=00h,intcode=08h,intcodelo=018h,powerup,init -pramtop=0300h \
  -psmallconst=SMALLCONST -pmediumconst=MEDIUMCONST -pconst=CONST \
  -AFARRAM=00h-00h -ACONFIG=0300000h-030000Dh -pconfig=CONFIG \
  -AIDLOC=0200000h-0200007h -pidloc=IDLOC -AEEDATA=0F00000h-0F000FFh \
  -peeprom_data=EEDATA \
  -prdata=COMRAM,nvrram=COMRAM,nvbit=COMRAM,rbss=COMRAM,rbit=COMRAM \
  -pfarbss=FARRAM,fardata=FARRAM,nvFARRAM=FARRAM \
  -pintsave_regs=BIGRAM,bigbss=BIGRAM,bigdata=BIGRAM -pbss=RAM \
  -pidata=CODE,irdata=CODE,ibigdata=CODE,ifardata=CODE -prparam=COMRAM \
  C:\Users\charl\AppData\Local\Temp\s568.o \
  dist/default/production\ECM_Final_Project.X.production.o 

Object code version is 3.11

Machine type is 18F4331

Call graph: (short form)




                Name                               Link     Load   Length Selector   Space Scale
C:\Users\charl\AppData\Local\Temp\s568.o
                init                                 9E       9E        4        C       0
                reset_vec                             0        0        4        0       0
                idloc                            200000   200000        8   200000       0
                config                           300000   300000        E   300000       0
dist/default/production\ECM_Final_Project.X.production.o
                intcodelo                            18       18       86        C       0
                intcode                               8        8        6        4       0
                temp                                 49       49        1        1       1
                smallconst                          300      300       9C      180       0
                text32                              E9C      E9C       44      1CE       0
                intcode_body                        F92      F92       36      1CE       0
                text29                              A5E      A5E       84      1CE       0
                text28                             107C     107C       26      1CE       0
                text27                              4C4      4C4      114      1CE       0
                text26                              6D4      6D4       CA      1CE       0
                text25                             1104     1104        E      1CE       0
                text24                              AE2      AE2       78      1CE       0
                text23                              FC8      FC8       30      1CE       0
                text22                             1026     1026       2C      1CE       0
                text21                              E58      E58       44      1CE       0
                text20                             10D6     10D6       1A      1CE       0
                text19                              BCE      BCE       74      1CE       0
                text18                              866      866       BC      1CE       0
                text17                              B5A      B5A       74      1CE       0
                text16                              E08      E08       50      1CE       0
                text15                              D26      D26       72      1CE       0
                text14                              5D8      5D8       FC      1CE       0
                text13                              CB4      CB4       72      1CE       0
                text12                              9DA      9DA       84      1CE       0
                text11                             10BC     10BC       1A      1CE       0
                text10                              79E      79E       C8      1CE       0
                text9                              10A2     10A2       1A      1CE       0
                text8                              10F0     10F0       14      1CE       0
                text7                               F5C      F5C       36      1CE       0
                text6                               EE0      EE0       40      1CE       0
                text5                               FF8      FF8       2E      1CE       0
                text4                               39C      39C      128      1CE       0
                text3                               F20      F20       3C      1CE       0
                text2                               C42      C42       72      1CE       0
                text1                               D98      D98       70      1CE       0
                text0                               922      922       B8      1CE       0
                cstackCOMRAM                          1        1       37        1       1
                cstackBANK0                          9D       9D       12       60       1
                bssBANK0                             60       60       3D       60       1
                bssCOMRAM                            38       38       11        1       1
                cinit                              1052     1052       2A      1CE       0

TOTAL           Name                               Link     Load   Length     Space
        CLASS   STACK          

        CLASS   CODE           
                intcodelo                            18       18       86         0
                intcode                               8        8        6         0
                init                                 9E       9E        4         0
                reset_vec                             0        0        4         0
                text32                              E9C      E9C       44         0
                intcode_body                        F92      F92       36         0
                text29                              A5E      A5E       84         0
                text28                             107C     107C       26         0
                text27                              4C4      4C4      114         0
                text26                              6D4      6D4       CA         0
                text25                             1104     1104        E         0
                text24                              AE2      AE2       78         0
                text23                              FC8      FC8       30         0
                text22                             1026     1026       2C         0
                text21                              E58      E58       44         0
                text20                             10D6     10D6       1A         0
                text19                              BCE      BCE       74         0
                text18                              866      866       BC         0
                text17                              B5A      B5A       74         0
                text16                              E08      E08       50         0
                text15                              D26      D26       72         0
                text14                              5D8      5D8       FC         0
                text13                              CB4      CB4       72         0
                text12                              9DA      9DA       84         0
                text11                             10BC     10BC       1A         0
                text10                              79E      79E       C8         0
                text9                              10A2     10A2       1A         0
                text8                              10F0     10F0       14         0
                text7                               F5C      F5C       36         0
                text6                               EE0      EE0       40         0
                text5                               FF8      FF8       2E         0
                text4                               39C      39C      128         0
                text3                               F20      F20       3C         0
                text2                               C42      C42       72         0
                text1                               D98      D98       70         0
                text0                               922      922       B8         0
                cinit                              1052     1052       2A         0

        CLASS   CONST          

        CLASS   SMALLCONST     
                smallconst                          300      300       9C         0

        CLASS   MEDIUMCONST    

        CLASS   COMRAM         
                temp                                 49       49        1         1
                cstackCOMRAM                          1        1       37         1
                bssCOMRAM                            38       38       11         1

        CLASS   ABS1           

        CLASS   BIGRAM         

        CLASS   RAM            

        CLASS   BANK0          
                cstackBANK0                          9D       9D       12         1
                bssBANK0                             60       60       3D         1

        CLASS   BANK1          

        CLASS   BANK2          

        CLASS   SFR            

        CLASS   FARRAM         

        CLASS   CONFIG         
                config                           300000   300000        E         0

        CLASS   IDLOC          
                idloc                            200000   200000        8         0

        CLASS   EEDATA         



SEGMENTS        Name                           Load    Length   Top    Selector   Space  Class

                reset_vec                      000000  000004  000004         0       0  CODE    
                cstackCOMRAM                   000001  000049  00004A         1       1  COMRAM  
                intcode                        000008  000006  00000E         4       0  CODE    
                intcodelo                      000018  00008A  0000A2         C       0  CODE    
                bssBANK0                       000060  00004F  0000AF        60       1  BANK0   
                smallconst                     000300  00009C  00039C       180       0  SMALLCON
                text4                          00039C  000D76  001112       1CE       0  CODE    
                idloc                          200000  000008  200008    200000       0  IDLOC   
                config                         300000  00000E  30000E    300000       0  CONFIG  


UNUSED ADDRESS RANGES

        Name                Unused          Largest block    Delta
        BANK0            0000AF-0000FF               51
        BANK1            000100-0001FF              100
        BANK2            000200-0002FF              100
        BIGRAM           00004A-00005F               16
                         0000AF-0002FF              251
        CODE             000004-000007                4
                         00000E-000017                A
                         0000A2-0002FF              25E
                         001112-001FFF              EEE
        COMRAM           00004A-00005F               16
        CONST            000004-000007                4
                         00000E-000017                A
                         0000A2-0002FF              25E
                         001112-001FFF              EEE
        EEDATA           F00000-F000FF              100
        MEDIUMCONST      001112-001FFF              EEE
        RAM              0000AF-0002FF              100
        SFR              000F60-000FFF               A0
        SMALLCONST       001112-001FFF              100
        STACK            0000AF-0002FF              251

                                  Symbol Table

?___awdiv                            cstackCOMRAM 000014
?___wmul                             cstackCOMRAM 00000E
LCDString@string                     cstackCOMRAM 000012
LCDout@number                        cstackCOMRAM 00000F
SendLCD@Byte                         cstackCOMRAM 000011
SendLCD@type                         cstackCOMRAM 000010
SetLine@line                         cstackCOMRAM 000012
_ANSEL0                              (abs)        000FB8
_ANSEL1                              (abs)        000FB9
_BAUDCONbits                         (abs)        000FAA
_CAP1BUFH                            (abs)        000F69
_CAP1BUFL                            (abs)        000F68
_CAP1CON                             (abs)        000F63
_E_TOG                               text25       001104
_INTCON2bits                         (abs)        000FF1
_INTCONbits                          (abs)        000FF2
_IPR1bits                            (abs)        000F9F
_InterruptHandlerHigh                intcode      000008
_InterruptHandlerLow                 intcodelo    000018
_LATAbits                            (abs)        000F89
_LATB                                (abs)        000F8A
_LATCbits                            (abs)        000F8B
_LATDbits                            (abs)        000F8C
_LCDString                           text22       001026
_LCDout                              text24       000AE2
_OSCCON                              (abs)        000FD3
_OSCCONbits                          (abs)        000FD3
_PDC0H                               (abs)        000F78
_PDC0L                               (abs)        000F79
_PDC1H                               (abs)        000F76
_PDC1L                               (abs)        000F77
_PIE1bits                            (abs)        000F9D
_PIR1bits                            (abs)        000F9E
_PORTDbits                           (abs)        000F83
_PTCON0                              (abs)        000F7F
_PTCON1                              (abs)        000F7E
_PTPERH                              (abs)        000F7A
_PTPERL                              (abs)        000F7B
_PWMCON0                             (abs)        000F6F
_PWMCON1                             (abs)        000F6E
_RCONbits                            (abs)        000FD0
_RCREG                               (abs)        000FAE
_RCSTAbits                           (abs)        000FAB
_RFID_flag                           bssCOMRAM    000048
_RFIDbuf                             bssCOMRAM    00003C
_SPBRG                               (abs)        000FAF
_SPBRGH                              (abs)        000FB0
_SendLCD                             text23       000FC8
_SetLine                             text5        000FF8
_T0CON                               (abs)        000FD5
_T5CON                               (abs)        000FB7
_TRISAbits                           (abs)        000F92
_TRISBbits                           (abs)        000F93
_TRISCbits                           (abs)        000F94
_TRISDbits                           (abs)        000F95
_TXSTAbits                           (abs)        000FAC
__CFG_LVP$OFF                        (abs)        000000
__CFG_MCLRE$OFF                      (abs)        000000
__CFG_OSC$IRCIO                      (abs)        000000
__HRAM                               (abs)        000000
__Habs1                              abs1         000000
__Hbank0                             bank0        000000
__Hbank1                             bank1        000000
__Hbank2                             bank2        000000
__Hbigbss                            bigbss       000000
__Hbigdata                           bigdata      000000
__Hbigram                            bigram       000000
__Hbss                               bss          000000
__HbssBANK0                          bssBANK0     000000
__HbssCOMRAM                         bssCOMRAM    000000
__Hcinit                             cinit        000000
__Hclrtext                           clrtext      000000
__Hcomram                            comram       000000
__Hconfig                            config       30000E
__Hconst                             const        000000
__HcstackBANK0                       cstackBANK0  000000
__HcstackCOMRAM                      cstackCOMRAM 000000
__Hdata                              data         000000
__Heeprom_data                       eeprom_data  000000
__Hfarbss                            farbss       000000
__Hfardata                           fardata      000000
__Hibigdata                          ibigdata     000000
__Hidata                             idata        000000
__Hidloc                             idloc        200008
__Hifardata                          ifardata     000000
__Hinit                              init         0000A2
__Hintcode                           intcode      00000E
__Hintcode_body                      intcode_body 000000
__Hintcodelo                         intcodelo    00009E
__Hintentry                          intentry     000000
__Hintret                            intret       000000
__Hintsave_regs                      intsave_regs 000000
__Hirdata                            irdata       000000
__Hmediumconst                       mediumconst  000000
__HnvFARRAM                          nvFARRAM     000000
__Hnvbit                             nvbit        000000
__Hnvrram                            nvrram       000000
__Hparam                             rparam       000000
__Hpowerup                           powerup      00009E
__Hram                               ram          000000
__Hramtop                            ramtop       000300
__Hrbit                              rbit         000000
__Hrbss                              rbss         000000
__Hrdata                             rdata        000000
__Hreset_vec                         reset_vec    000004
__Hrparam                            rparam       000000
__Hsfr                               sfr          000000
__Hsmallconst                        smallconst   00039C
__Hspace_0                           (abs)        30000E
__Hspace_1                           (abs)        0000AF
__Hspace_2                           (abs)        000000
__Hstack                             stack        000000
__Hstruct                            struct       000000
__Htemp                              temp         00004A
__Htext                              text         000000
__Htext0                             text0        000000
__Htext1                             text1        000000
__Htext10                            text10       000000
__Htext11                            text11       000000
__Htext12                            text12       000000
__Htext13                            text13       000000
__Htext14                            text14       000000
__Htext15                            text15       000000
__Htext16                            text16       000000
__Htext17                            text17       000000
__Htext18                            text18       000000
__Htext19                            text19       000000
__Htext2                             text2        000000
__Htext20                            text20       000000
__Htext21                            text21       000000
__Htext22                            text22       000000
__Htext23                            text23       000000
__Htext24                            text24       000000
__Htext25                            text25       000000
__Htext26                            text26       000000
__Htext27                            text27       000000
__Htext28                            text28       000000
__Htext29                            text29       000000
__Htext3                             text3        000000
__Htext32                            text32       000000
__Htext4                             text4        000000
__Htext5                             text5        000000
__Htext6                             text6        000000
__Htext7                             text7        000000
__Htext8                             text8        000000
__Htext9                             text9        000000
__LRAM                               (abs)        000001
__Labs1                              abs1         000000
__Lbank0                             bank0        000000
__Lbank1                             bank1        000000
__Lbank2                             bank2        000000
__Lbigbss                            bigbss       000000
__Lbigdata                           bigdata      000000
__Lbigram                            bigram       000000
__Lbss                               bss          000000
__LbssBANK0                          bssBANK0     000000
__LbssCOMRAM                         bssCOMRAM    000000
__Lcinit                             cinit        000000
__Lclrtext                           clrtext      000000
__Lcomram                            comram       000000
__Lconfig                            config       300000
__Lconst                             const        000000
__LcstackBANK0                       cstackBANK0  000000
__LcstackCOMRAM                      cstackCOMRAM 000000
__Ldata                              data         000000
__Leeprom_data                       eeprom_data  000000
__Lfarbss                            farbss       000000
__Lfardata                           fardata      000000
__Libigdata                          ibigdata     000000
__Lidata                             idata        000000
__Lidloc                             idloc        200000
__Lifardata                          ifardata     000000
__Linit                              init         00009E
__Lintcode                           intcode      000008
__Lintcode_body                      intcode_body 000000
__Lintcodelo                         intcodelo    000018
__Lintentry                          intentry     000000
__Lintret                            intret       000000
__Lintsave_regs                      intsave_regs 000000
__Lirdata                            irdata       000000
__Lmediumconst                       mediumconst  000000
__LnvFARRAM                          nvFARRAM     000000
__Lnvbit                             nvbit        000000
__Lnvrram                            nvrram       000000
__Lparam                             rparam       000000
__Lpowerup                           powerup      00009E
__Lram                               ram          000000
__Lramtop                            ramtop       000300
__Lrbit                              rbit         000000
__Lrbss                              rbss         000000
__Lrdata                             rdata        000000
__Lreset_vec                         reset_vec    000000
__Lrparam                            rparam       000000
__Lsfr                               sfr          000000
__Lsmallconst                        smallconst   000300
__Lspace_0                           (abs)        000000
__Lspace_1                           (abs)        000000
__Lspace_2                           (abs)        000000
__Lstack                             stack        000000
__Lstruct                            struct       000000
__Ltemp                              temp         000049
__Ltext                              text         000000
__Ltext0                             text0        000000
__Ltext1                             text1        000000
__Ltext10                            text10       000000
__Ltext11                            text11       000000
__Ltext12                            text12       000000
__Ltext13                            text13       000000
__Ltext14                            text14       000000
__Ltext15                            text15       000000
__Ltext16                            text16       000000
__Ltext17                            text17       000000
__Ltext18                            text18       000000
__Ltext19                            text19       000000
__Ltext2                             text2        000000
__Ltext20                            text20       000000
__Ltext21                            text21       000000
__Ltext22                            text22       000000
__Ltext23                            text23       000000
__Ltext24                            text24       000000
__Ltext25                            text25       000000
__Ltext26                            text26       000000
__Ltext27                            text27       000000
__Ltext28                            text28       000000
__Ltext29                            text29       000000
__Ltext3                             text3        000000
__Ltext32                            text32       000000
__Ltext4                             text4        000000
__Ltext5                             text5        000000
__Ltext6                             text6        000000
__Ltext7                             text7        000000
__Ltext8                             text8        000000
__Ltext9                             text9        000000
__S0                                 (abs)        30000E
__S1                                 (abs)        0000AF
__S2                                 (abs)        000000
___awdiv                             text29       000A5E
___awdiv@counter                     cstackCOMRAM 000018
___awdiv@dividend                    cstackCOMRAM 000014
___awdiv@divisor                     cstackCOMRAM 000016
___awdiv@quotient                    cstackCOMRAM 00001A
___awdiv@sign                        cstackCOMRAM 000019
___inthi_sp                          stack        000000
___intlo_sp                          stack        000000
___param_bank                        (abs)        000000
___rparam_used                       (abs)        000001
___sp                                stack        000000
___wmul                              text28       00107C
___wmul@multiplicand                 cstackCOMRAM 000010
___wmul@multiplier                   cstackCOMRAM 00000E
___wmul@product                      cstackCOMRAM 000012
__accesstop                          (abs)        000060
__activetblptr                       (abs)        000001
__end_of_E_TOG                       text25       001112
__end_of_InterruptHandlerHigh        intcode_body 000FC8
__end_of_InterruptHandlerLow         intcodelo    00009E
__end_of_LCDString                   text22       001052
__end_of_LCDout                      text24       000B5A
__end_of_SendLCD                     text23       000FF8
__end_of_SetLine                     text5        001026
__end_of___awdiv                     text29       000AE2
__end_of___wmul                      text28       0010A2
__end_of__initialization             cinit        00106A
__end_of_check_RFID                  text4        0004C4
__end_of_classify_data               text21       000E9C
__end_of_clearLCD                    text20       0010F0
__end_of_display_RFID                text3        000F5C
__end_of_initMotorValues             text26       00079E
__end_of_initPWM                     text11       0010D6
__end_of_init_LCD                    text10       000866
__end_of_init_RFID                   text9        0010BC
__end_of_init_sensor                 text8        001104
__end_of_main                        text0        0009DA
__end_of_moveBackward                text17       000BCE
__end_of_moveForward                 text19       000C42
__end_of_moveToBeacon                text18       000922
__end_of_processRFID                 text32       000EE0
__end_of_returnHome                  text14       0006D4
__end_of_scanForBeacon               text12       000A5E
__end_of_setMotorPWM                 text27       0005D8
__end_of_setup                       text7        000F92
__end_of_stabiliseAverage            text6        000F20
__end_of_stop                        text16       000E58
__end_of_stopAndDisplay              text2        000CB4
__end_of_turnLeft                    text13       000D26
__end_of_turnRight                   text15       000D98
__end_of_waitForInput                text1        000E08
__end_ofmain@MOVING_SPEED            smallconst   000305
__end_ofmain@SEARCHING_SPEED         smallconst   000307
__end_ofmoveToBeacon@ERROR_THRESHOLD smallconst   000303
__initialization                     cinit        001052
__mediumconst                        mediumconst  000000
__pbssBANK0                          bssBANK0     000060
__pbssCOMRAM                         bssCOMRAM    000038
__pcinit                             cinit        001052
__pcstackBANK0                       cstackBANK0  00009D
__pcstackCOMRAM                      cstackCOMRAM 000001
__pintcode                           intcode      000008
__pintcode_body                      intcode_body 000F92
__pintcodelo                         intcodelo    000018
__psmallconst                        smallconst   000300
__ptext0                             text0        000922
__ptext1                             text1        000D98
__ptext10                            text10       00079E
__ptext11                            text11       0010BC
__ptext12                            text12       0009DA
__ptext13                            text13       000CB4
__ptext14                            text14       0005D8
__ptext15                            text15       000D26
__ptext16                            text16       000E08
__ptext17                            text17       000B5A
__ptext18                            text18       000866
__ptext19                            text19       000BCE
__ptext2                             text2        000C42
__ptext20                            text20       0010D6
__ptext21                            text21       000E58
__ptext22                            text22       001026
__ptext23                            text23       000FC8
__ptext24                            text24       000AE2
__ptext25                            text25       001104
__ptext26                            text26       0006D4
__ptext27                            text27       0004C4
__ptext28                            text28       00107C
__ptext29                            text29       000A5E
__ptext3                             text3        000F20
__ptext32                            text32       000E9C
__ptext4                             text4        00039C
__ptext5                             text5        000FF8
__ptext6                             text6        000EE0
__ptext7                             text7        000F5C
__ptext8                             text8        0010F0
__ptext9                             text9        0010A2
__ramtop                             ramtop       000300
__size_of_E_TOG                      (abs)        000000
__size_of_InterruptHandlerHigh       (abs)        000000
__size_of_InterruptHandlerLow        (abs)        000000
__size_of_LCDString                  (abs)        000000
__size_of_LCDout                     (abs)        000000
__size_of_SendLCD                    (abs)        000000
__size_of_SetLine                    (abs)        000000
__size_of___awdiv                    (abs)        000000
__size_of___wmul                     (abs)        000000
__size_of_check_RFID                 (abs)        000000
__size_of_classify_data              (abs)        000000
__size_of_clearLCD                   (abs)        000000
__size_of_display_RFID               (abs)        000000
__size_of_initMotorValues            (abs)        000000
__size_of_initPWM                    (abs)        000000
__size_of_init_LCD                   (abs)        000000
__size_of_init_RFID                  (abs)        000000
__size_of_init_sensor                (abs)        000000
__size_of_main                       (abs)        000000
__size_of_moveBackward               (abs)        000000
__size_of_moveForward                (abs)        000000
__size_of_moveToBeacon               (abs)        000000
__size_of_processRFID                (abs)        000000
__size_of_returnHome                 (abs)        000000
__size_of_scanForBeacon              (abs)        000000
__size_of_setMotorPWM                (abs)        000000
__size_of_setup                      (abs)        000000
__size_of_stabiliseAverage           (abs)        000000
__size_of_stop                       (abs)        000000
__size_of_stopAndDisplay             (abs)        000000
__size_of_turnLeft                   (abs)        000000
__size_of_turnRight                  (abs)        000000
__size_of_waitForInput               (abs)        000000
__smallconst                         smallconst   000300
_check_RFID                          text4        00039C
_classify_data                       text21       000E58
_clearLCD                            text20       0010D6
_display_RFID                        text3        000F20
_initMotorValues                     text26       0006D4
_initPWM                             text11       0010BC
_init_LCD                            text10       00079E
_init_RFID                           text9        0010A2
_init_sensor                         text8        0010F0
_main                                text0        000922
_moveBackward                        text17       000B5A
_moveForward                         text19       000BCE
_moveToBeacon                        text18       000866
_processRFID                         text32       000E9C
_returnHome                          text14       0005D8
_robot_mode                          bssCOMRAM    00003B
_scanForBeacon                       text12       0009DA
_setMotorPWM                         text27       0004C4
_setup                               text7        000F5C
_stabiliseAverage                    text6        000EE0
_stop                                text16       000E08
_stopAndDisplay                      text2        000C42
_travel_moves                        bssBANK0     000060
_turnLeft                            text13       000CB4
_turnRight                           text15       000D26
_waitForInput                        text1        000D98
btemp                                temp         000049
check_RFID@byte1                     cstackCOMRAM 000022
check_RFID@byte2                     cstackCOMRAM 000023
check_RFID@byte3                     cstackCOMRAM 000024
check_RFID@byte4                     cstackCOMRAM 000025
check_RFID@byte5                     cstackCOMRAM 000026
check_RFID@checksum                  cstackCOMRAM 000027
check_RFID@dataBuf                   cstackCOMRAM 000013
check_RFID@hexBuf                    cstackCOMRAM 000016
check_RFID@i                         cstackCOMRAM 000028
classify_data@filtered               cstackCOMRAM 000012
classify_data@raw_data               cstackCOMRAM 00000E
classify_data@smoothed               bssCOMRAM    000038
display_RFID@dataBuf                 cstackCOMRAM 000013
display_RFID@i                       cstackCOMRAM 000014
end_of_initialization                cinit        00106A
initMotorValues@mL                   cstackCOMRAM 000024
initMotorValues@mR                   cstackCOMRAM 000025
initPWM@PWMperiod                    cstackCOMRAM 00000E
int$flags                            temp         000049
int_func                             intcode_body 000F92
intlevel0                            text         000000
intlevel1                            text         000000
intlevel2                            text         000000
intlevel3                            text         000000
main@motorL                          cstackBANK0  00009D
main@motorR                          cstackBANK0  0000A6
moveBackward@i                       cstackCOMRAM 000029
moveBackward@mL                      cstackCOMRAM 000024
moveBackward@mR                      cstackCOMRAM 000025
moveBackward@max_power               cstackCOMRAM 000026
moveForward@i                        cstackCOMRAM 000029
moveForward@mL                       cstackCOMRAM 000024
moveForward@mR                       cstackCOMRAM 000025
moveForward@max_power                cstackCOMRAM 000026
moveToBeacon@beacon_location         cstackCOMRAM 000035
moveToBeacon@error_counter           cstackCOMRAM 000036
moveToBeacon@exit_flag               cstackCOMRAM 000030
moveToBeacon@mL                      cstackCOMRAM 00002B
moveToBeacon@mR                      cstackCOMRAM 00002C
moveToBeacon@move                    cstackCOMRAM 00002F
moveToBeacon@raw_data                cstackCOMRAM 000033
moveToBeacon@speed                   cstackCOMRAM 00002D
processRFID@RFIDbuf                  cstackCOMRAM 000001
processRFID@i                        cstackCOMRAM 000003
processRFID@latestChar               cstackCOMRAM 000002
processRFID@position_in_buf          bssCOMRAM    00003A
returnHome@mL                        cstackCOMRAM 00002B
returnHome@mR                        cstackCOMRAM 00002C
returnHome@move                      cstackCOMRAM 000031
returnHome@move_speed                cstackCOMRAM 00002D
returnHome@search_speed              cstackCOMRAM 00002F
scanForBeacon@beacon_location        cstackCOMRAM 000035
scanForBeacon@exit_flag              cstackCOMRAM 000030
scanForBeacon@mL                     cstackCOMRAM 00002B
scanForBeacon@mR                     cstackCOMRAM 00002C
scanForBeacon@move                   cstackCOMRAM 00002F
scanForBeacon@raw_data               cstackCOMRAM 000033
scanForBeacon@speed                  cstackCOMRAM 00002D
setMotorPWM@PWMduty                  cstackCOMRAM 000022
setMotorPWM@m                        cstackCOMRAM 00001C
stabiliseAverage@i                   cstackCOMRAM 000019
stabiliseAverage@raw_data            cstackCOMRAM 000017
stackhi                              (abs)        0002FF
stacklo                              (abs)        0000AF
start                                init         00009E
start_initialization                 cinit        001052
stop@i                               cstackCOMRAM 000029
stop@initial_speed                   cstackCOMRAM 000026
stop@mL                              cstackCOMRAM 000024
stop@mR                              cstackCOMRAM 000025
stopAndDisplay@RFID_buffer           cstackCOMRAM 00002F
stopAndDisplay@i                     cstackCOMRAM 000032
stopAndDisplay@mL                    cstackCOMRAM 00002B
stopAndDisplay@mR                    cstackCOMRAM 00002C
stopAndDisplay@speed                 cstackCOMRAM 00002D
ttemp5                               temp         00004A
ttemp6                               temp         00004D
ttemp7                               temp         000051
turnLeft@i                           cstackCOMRAM 000029
turnLeft@mL                          cstackCOMRAM 000024
turnLeft@mR                          cstackCOMRAM 000025
turnLeft@max_power                   cstackCOMRAM 000026
turnRight@i                          cstackCOMRAM 000029
turnRight@mL                         cstackCOMRAM 000024
turnRight@mR                         cstackCOMRAM 000025
turnRight@max_power                  cstackCOMRAM 000026
waitForInput@i                       cstackCOMRAM 000015
wtemp8                               temp         00004A


FUNCTION INFORMATION:

 *************** function _main *****************
 Defined at:
		line 125 in file "main.c"
 Parameters:    Size  Location     Type
		None
 Auto vars:     Size  Location     Type
  motorR          9    9[BANK0 ] struct DC_motor
  motorL          9    0[BANK0 ] struct DC_motor
 Return value:  Size  Location     Type
                  1    wreg      void 
 Registers used:
		wreg, fsr1l, fsr1h, fsr2l, fsr2h, status,2, status,0, tblptrl, tblptrh, tblptru, prodl, prodh, cstack
 Tracked objects:
		On entry : 
		On exit  : 
		Unchanged: 
 Data sizes:     COMRAM   BANK0   BANK1   BANK2
      Params:         0       0       0       0
      Locals:         0      18       0       0
      Temps:          0       0       0       0
      Totals:         0      18       0       0
Total ram usage:       18 bytes
 Hardware stack levels required when called:    9
 This function calls:
		_LCDString
		_initMotorValues
		_moveToBeacon
		_returnHome
		_scanForBeacon
		_setup
		_stabiliseAverage
		_stopAndDisplay
		_waitForInput
 This function is called by:
		Startup code after reset
 This function uses a non-reentrant model


 *************** function _waitForInput *****************
 Defined at:
		line 176 in file "subroutines.c"
 Parameters:    Size  Location     Type
		None
 Auto vars:     Size  Location     Type
  i               2   20[COMRAM] int 
 Return value:  Size  Location     Type
                  1    wreg      void 
 Registers used:
		wreg, status,2, status,0, tblptrl, tblptrh, tblptru, cstack
 Tracked objects:
		On entry : 
		On exit  : 
		Unchanged: 
 Data sizes:     COMRAM   BANK0   BANK1   BANK2
      Params:         0       0       0       0
      Locals:         2       0       0       0
      Temps:          2       0       0       0
      Totals:         4       0       0       0
Total ram usage:        4 bytes
 Hardware stack levels used:    1
 Hardware stack levels required when called:    7
 This function calls:
		_LCDString
		_SetLine
		_clearLCD
 This function is called by:
		_main
 This function uses a non-reentrant model


 *************** function _stopAndDisplay *****************
 Defined at:
		line 149 in file "subroutines.c"
 Parameters:    Size  Location     Type
  mL              1   42[COMRAM] PTR struct DC_motor
		 -> main@motorL(9), 
  mR              1   43[COMRAM] PTR struct DC_motor
		 -> main@motorR(9), 
  speed           2   44[COMRAM] int 
  RFID_buffer     1   46[COMRAM] PTR volatile unsigned ch
		 -> RFIDbuf(12), 
 Auto vars:     Size  Location     Type
  i               2   49[COMRAM] int 
 Return value:  Size  Location     Type
                  1    wreg      unsigned char 
 Registers used:
		wreg, fsr1l, fsr1h, fsr2l, fsr2h, status,2, status,0, tblptrl, tblptrh, tblptru, prodl, prodh, cstack
 Tracked objects:
		On entry : 
		On exit  : 
		Unchanged: 
 Data sizes:     COMRAM   BANK0   BANK1   BANK2
      Params:         5       0       0       0
      Locals:         2       0       0       0
      Temps:          2       0       0       0
      Totals:         9       0       0       0
Total ram usage:        9 bytes
 Hardware stack levels used:    1
 Hardware stack levels required when called:    8
 This function calls:
		_LCDString
		_check_RFID
		_clearLCD
		_display_RFID
		_stop
 This function is called by:
		_main
 This function uses a non-reentrant model


 *************** function _display_RFID *****************
 Defined at:
		line 104 in file "RFID.c"
 Parameters:    Size  Location     Type
  dataBuf         1   18[COMRAM] PTR volatile unsigned ch
		 -> RFIDbuf(12), 
 Auto vars:     Size  Location     Type
  i               2   19[COMRAM] int 
 Return value:  Size  Location     Type
                  1    wreg      void 
 Registers used:
		wreg, fsr2l, fsr2h, status,2, status,0, cstack
 Tracked objects:
		On entry : 
		On exit  : 
		Unchanged: 
 Data sizes:     COMRAM   BANK0   BANK1   BANK2
      Params:         1       0       0       0
      Locals:         2       0       0       0
      Temps:          0       0       0       0
      Totals:         3       0       0       0
Total ram usage:        3 bytes
 Hardware stack levels used:    1
 Hardware stack levels required when called:    7
 This function calls:
		_SendLCD
		_SetLine
		_clearLCD
 This function is called by:
		_stopAndDisplay
 This function uses a non-reentrant model


 *************** function _check_RFID *****************
 Defined at:
		line 67 in file "RFID.c"
 Parameters:    Size  Location     Type
  dataBuf         1   18[COMRAM] PTR volatile unsigned ch
		 -> RFIDbuf(12), 
 Auto vars:     Size  Location     Type
  i               2   39[COMRAM] int 
  hexBuf         12   21[COMRAM] unsigned char [12]
  checksum        1   38[COMRAM] unsigned char 
  byte5           1   37[COMRAM] unsigned char 
  byte4           1   36[COMRAM] unsigned char 
  byte3           1   35[COMRAM] unsigned char 
  byte2           1   34[COMRAM] unsigned char 
  byte1           1   33[COMRAM] unsigned char 
 Return value:  Size  Location     Type
                  1    wreg      void 
 Registers used:
		wreg, fsr1l, fsr1h, fsr2l, fsr2h, status,2, status,0, tblptrl, tblptrh, tblptru, cstack
 Tracked objects:
		On entry : 
		On exit  : 
		Unchanged: 
 Data sizes:     COMRAM   BANK0   BANK1   BANK2
      Params:         1       0       0       0
      Locals:        20       0       0       0
      Temps:          2       0       0       0
      Totals:        23       0       0       0
Total ram usage:       23 bytes
 Hardware stack levels used:    1
 Hardware stack levels required when called:    7
 This function calls:
		_LCDString
		_SetLine
 This function is called by:
		_stopAndDisplay
 This function uses a non-reentrant model


 *************** function _SetLine *****************
 Defined at:
		line 107 in file "LCDIO.c"
 Parameters:    Size  Location     Type
  line            1    wreg     unsigned char 
 Auto vars:     Size  Location     Type
  line            1   17[COMRAM] unsigned char 
 Return value:  Size  Location     Type
                  1    wreg      void 
 Registers used:
		wreg, status,2, status,0, cstack
 Tracked objects:
		On entry : 
		On exit  : 
		Unchanged: 
 Data sizes:     COMRAM   BANK0   BANK1   BANK2
      Params:         0       0       0       0
      Locals:         1       0       0       0
      Temps:          0       0       0       0
      Totals:         1       0       0       0
Total ram usage:        1 bytes
 Hardware stack levels used:    1
 Hardware stack levels required when called:    6
 This function calls:
		_SendLCD
 This function is called by:
		_check_RFID
		_display_RFID
		_waitForInput
 This function uses a non-reentrant model


 *************** function _stabiliseAverage *****************
 Defined at:
		line 59 in file "signal_processing.c"
 Parameters:    Size  Location     Type
		None
 Auto vars:     Size  Location     Type
  raw_data        2   22[COMRAM] unsigned int 
  throwaway       1    0        unsigned char 
  i               2   24[COMRAM] int 
 Return value:  Size  Location     Type
                  1    wreg      void 
 Registers used:
		wreg, status,2, status,0, cstack
 Tracked objects:
		On entry : 
		On exit  : 
		Unchanged: 
 Data sizes:     COMRAM   BANK0   BANK1   BANK2
      Params:         0       0       0       0
      Locals:         5       0       0       0
      Temps:          2       0       0       0
      Totals:         7       0       0       0
Total ram usage:        7 bytes
 Hardware stack levels used:    1
 Hardware stack levels required when called:    4
 This function calls:
		_classify_data
 This function is called by:
		_main
 This function uses a non-reentrant model


 *************** function _setup *****************
 Defined at:
		line 54 in file "main.c"
 Parameters:    Size  Location     Type
		None
 Auto vars:     Size  Location     Type
		None
 Return value:  Size  Location     Type
                  1    wreg      void 
 Registers used:
		wreg, status,2, status,0, cstack
 Tracked objects:
		On entry : 
		On exit  : 
		Unchanged: 
 Data sizes:     COMRAM   BANK0   BANK1   BANK2
      Params:         0       0       0       0
      Locals:         0       0       0       0
      Temps:          0       0       0       0
      Totals:         0       0       0       0
Total ram usage:        0 bytes
 Hardware stack levels used:    1
 Hardware stack levels required when called:    7
 This function calls:
		_initPWM
		_init_LCD
		_init_RFID
		_init_sensor
 This function is called by:
		_main
 This function uses a non-reentrant model


 *************** function _init_sensor *****************
 Defined at:
		line 18 in file "signal_processing.c"
 Parameters:    Size  Location     Type
		None
 Auto vars:     Size  Location     Type
		None
 Return value:  Size  Location     Type
                  1    wreg      void 
 Registers used:
		wreg, status,2
 Tracked objects:
		On entry : 
		On exit  : 
		Unchanged: 
 Data sizes:     COMRAM   BANK0   BANK1   BANK2
      Params:         0       0       0       0
      Locals:         0       0       0       0
      Temps:          0       0       0       0
      Totals:         0       0       0       0
Total ram usage:        0 bytes
 Hardware stack levels used:    1
 Hardware stack levels required when called:    3
 This function calls:
		Nothing
 This function is called by:
		_setup
 This function uses a non-reentrant model


 *************** function _init_RFID *****************
 Defined at:
		line 13 in file "RFID.c"
 Parameters:    Size  Location     Type
		None
 Auto vars:     Size  Location     Type
		None
 Return value:  Size  Location     Type
                  1    wreg      void 
 Registers used:
		wreg, status,2
 Tracked objects:
		On entry : 
		On exit  : 
		Unchanged: 
 Data sizes:     COMRAM   BANK0   BANK1   BANK2
      Params:         0       0       0       0
      Locals:         0       0       0       0
      Temps:          0       0       0       0
      Totals:         0       0       0       0
Total ram usage:        0 bytes
 Hardware stack levels used:    1
 Hardware stack levels required when called:    3
 This function calls:
		Nothing
 This function is called by:
		_setup
 This function uses a non-reentrant model


 *************** function _init_LCD *****************
 Defined at:
		line 56 in file "LCDIO.c"
 Parameters:    Size  Location     Type
		None
 Auto vars:     Size  Location     Type
		None
 Return value:  Size  Location     Type
                  1    wreg      void 
 Registers used:
		wreg, status,2, status,0, cstack
 Tracked objects:
		On entry : 
		On exit  : 
		Unchanged: 
 Data sizes:     COMRAM   BANK0   BANK1   BANK2
      Params:         0       0       0       0
      Locals:         0       0       0       0
      Temps:          1       0       0       0
      Totals:         1       0       0       0
Total ram usage:        1 bytes
 Hardware stack levels used:    1
 Hardware stack levels required when called:    6
 This function calls:
		_LCDout
		_SendLCD
 This function is called by:
		_setup
 This function uses a non-reentrant model


 *************** function _initPWM *****************
 Defined at:
		line 6 in file "dc_motor.c"
 Parameters:    Size  Location     Type
  PWMperiod       2   13[COMRAM] int 
 Auto vars:     Size  Location     Type
		None
 Return value:  Size  Location     Type
                  1    wreg      void 
 Registers used:
		wreg, status,2
 Tracked objects:
		On entry : 
		On exit  : 
		Unchanged: 
 Data sizes:     COMRAM   BANK0   BANK1   BANK2
      Params:         2       0       0       0
      Locals:         0       0       0       0
      Temps:          0       0       0       0
      Totals:         2       0       0       0
Total ram usage:        2 bytes
 Hardware stack levels used:    1
 Hardware stack levels required when called:    3
 This function calls:
		Nothing
 This function is called by:
		_setup
 This function uses a non-reentrant model


 *************** function _scanForBeacon *****************
 Defined at:
		line 23 in file "subroutines.c"
 Parameters:    Size  Location     Type
  mL              1   42[COMRAM] PTR struct DC_motor
		 -> main@motorL(9), 
  mR              1   43[COMRAM] PTR struct DC_motor
		 -> main@motorR(9), 
  speed           2   44[COMRAM] int 
  move            1   46[COMRAM] PTR struct Movement_stor
		 -> travel_moves(61), 
  exit_flag       1   47[COMRAM] PTR volatile unsigned ch
		 -> RFID_flag(1), 
 Auto vars:     Size  Location     Type
  raw_data        2   50[COMRAM] unsigned int 
  beacon_locat    1   52[COMRAM] unsigned char 
 Return value:  Size  Location     Type
                  1    wreg      unsigned char 
 Registers used:
		wreg, fsr2l, fsr2h, status,2, status,0, tblptrl, tblptrh, tblptru, prodl, prodh, cstack
 Tracked objects:
		On entry : 
		On exit  : 
		Unchanged: 
 Data sizes:     COMRAM   BANK0   BANK1   BANK2
      Params:         6       0       0       0
      Locals:         3       0       0       0
      Temps:          2       0       0       0
      Totals:        11       0       0       0
Total ram usage:       11 bytes
 Hardware stack levels used:    1
 Hardware stack levels required when called:    7
 This function calls:
		_LCDString
		_classify_data
		_clearLCD
		_turnLeft
 This function is called by:
		_main
 This function uses a non-reentrant model


 *************** function _turnLeft *****************
 Defined at:
		line 54 in file "dc_motor.c"
 Parameters:    Size  Location     Type
  mL              1   35[COMRAM] PTR struct DC_motor
		 -> main@motorL(9), 
  mR              1   36[COMRAM] PTR struct DC_motor
		 -> main@motorR(9), 
  max_power       2   37[COMRAM] int 
 Auto vars:     Size  Location     Type
  i               2   40[COMRAM] int 
 Return value:  Size  Location     Type
                  1    wreg      void 
 Registers used:
		wreg, fsr2l, fsr2h, status,2, status,0, prodl, prodh, cstack
 Tracked objects:
		On entry : 
		On exit  : 
		Unchanged: 
 Data sizes:     COMRAM   BANK0   BANK1   BANK2
      Params:         4       0       0       0
      Locals:         2       0       0       0
      Temps:          1       0       0       0
      Totals:         7       0       0       0
Total ram usage:        7 bytes
 Hardware stack levels used:    1
 Hardware stack levels required when called:    5
 This function calls:
		_setMotorPWM
 This function is called by:
		_scanForBeacon
 This function uses a non-reentrant model


 *************** function _returnHome *****************
 Defined at:
		line 119 in file "subroutines.c"
 Parameters:    Size  Location     Type
  mL              1   42[COMRAM] PTR struct DC_motor
		 -> main@motorL(9), 
  mR              1   43[COMRAM] PTR struct DC_motor
		 -> main@motorR(9), 
  move_speed      2   44[COMRAM] int 
  search_speed    2   46[COMRAM] int 
  move            1   48[COMRAM] PTR struct Movement_stor
		 -> travel_moves(61), 
 Auto vars:     Size  Location     Type
  i               2    0        int 
 Return value:  Size  Location     Type
                  1    wreg      unsigned char 
 Registers used:
		wreg, fsr2l, fsr2h, status,2, status,0, tblptrl, tblptrh, tblptru, prodl, prodh, cstack
 Tracked objects:
		On entry : 
		On exit  : 
		Unchanged: 
 Data sizes:     COMRAM   BANK0   BANK1   BANK2
      Params:         7       0       0       0
      Locals:         2       0       0       0
      Temps:          2       0       0       0
      Totals:        11       0       0       0
Total ram usage:       11 bytes
 Hardware stack levels used:    1
 Hardware stack levels required when called:    7
 This function calls:
		_LCDString
		_clearLCD
		_moveBackward
		_stop
		_turnRight
 This function is called by:
		_main
 This function uses a non-reentrant model


 *************** function _turnRight *****************
 Defined at:
		line 70 in file "dc_motor.c"
 Parameters:    Size  Location     Type
  mL              1   35[COMRAM] PTR struct DC_motor
		 -> main@motorL(9), 
  mR              1   36[COMRAM] PTR struct DC_motor
		 -> main@motorR(9), 
  max_power       2   37[COMRAM] int 
 Auto vars:     Size  Location     Type
  i               2   40[COMRAM] int 
 Return value:  Size  Location     Type
                  1    wreg      void 
 Registers used:
		wreg, fsr2l, fsr2h, status,2, status,0, prodl, prodh, cstack
 Tracked objects:
		On entry : 
		On exit  : 
		Unchanged: 
 Data sizes:     COMRAM   BANK0   BANK1   BANK2
      Params:         4       0       0       0
      Locals:         2       0       0       0
      Temps:          1       0       0       0
      Totals:         7       0       0       0
Total ram usage:        7 bytes
 Hardware stack levels used:    1
 Hardware stack levels required when called:    5
 This function calls:
		_setMotorPWM
 This function is called by:
		_returnHome
 This function uses a non-reentrant model


 *************** function _stop *****************
 Defined at:
		line 41 in file "dc_motor.c"
 Parameters:    Size  Location     Type
  mL              1   35[COMRAM] PTR struct DC_motor
		 -> main@motorL(9), 
  mR              1   36[COMRAM] PTR struct DC_motor
		 -> main@motorR(9), 
  initial_spee    2   37[COMRAM] int 
 Auto vars:     Size  Location     Type
  i               2   40[COMRAM] int 
 Return value:  Size  Location     Type
                  1    wreg      void 
 Registers used:
		wreg, fsr2l, fsr2h, status,2, status,0, prodl, prodh, cstack
 Tracked objects:
		On entry : 
		On exit  : 
		Unchanged: 
 Data sizes:     COMRAM   BANK0   BANK1   BANK2
      Params:         4       0       0       0
      Locals:         2       0       0       0
      Temps:          1       0       0       0
      Totals:         7       0       0       0
Total ram usage:        7 bytes
 Hardware stack levels used:    1
 Hardware stack levels required when called:    5
 This function calls:
		_setMotorPWM
 This function is called by:
		_returnHome
		_stopAndDisplay
 This function uses a non-reentrant model


 *************** function _moveBackward *****************
 Defined at:
		line 102 in file "dc_motor.c"
 Parameters:    Size  Location     Type
  mL              1   35[COMRAM] PTR struct DC_motor
		 -> main@motorL(9), 
  mR              1   36[COMRAM] PTR struct DC_motor
		 -> main@motorR(9), 
  max_power       2   37[COMRAM] int 
 Auto vars:     Size  Location     Type
  i               2   40[COMRAM] int 
 Return value:  Size  Location     Type
                  1    wreg      void 
 Registers used:
		wreg, fsr2l, fsr2h, status,2, status,0, prodl, prodh, cstack
 Tracked objects:
		On entry : 
		On exit  : 
		Unchanged: 
 Data sizes:     COMRAM   BANK0   BANK1   BANK2
      Params:         4       0       0       0
      Locals:         2       0       0       0
      Temps:          1       0       0       0
      Totals:         7       0       0       0
Total ram usage:        7 bytes
 Hardware stack levels used:    1
 Hardware stack levels required when called:    5
 This function calls:
		_setMotorPWM
 This function is called by:
		_returnHome
 This function uses a non-reentrant model


 *************** function _moveToBeacon *****************
 Defined at:
		line 56 in file "subroutines.c"
 Parameters:    Size  Location     Type
  mL              1   42[COMRAM] PTR struct DC_motor
		 -> main@motorL(9), 
  mR              1   43[COMRAM] PTR struct DC_motor
		 -> main@motorR(9), 
  speed           2   44[COMRAM] int 
  move            1   46[COMRAM] PTR struct Movement_stor
		 -> travel_moves(61), 
  exit_flag       1   47[COMRAM] PTR volatile unsigned ch
		 -> RFID_flag(1), 
 Auto vars:     Size  Location     Type
  raw_data        2   50[COMRAM] unsigned int 
  beacon_locat    1   52[COMRAM] unsigned char 
  error_counte    2   53[COMRAM] int 
 Return value:  Size  Location     Type
                  1    wreg      unsigned char 
 Registers used:
		wreg, fsr2l, fsr2h, status,2, status,0, tblptrl, tblptrh, tblptru, prodl, prodh, cstack
 Tracked objects:
		On entry : 
		On exit  : 
		Unchanged: 
 Data sizes:     COMRAM   BANK0   BANK1   BANK2
      Params:         6       0       0       0
      Locals:         5       0       0       0
      Temps:          2       0       0       0
      Totals:        13       0       0       0
Total ram usage:       13 bytes
 Hardware stack levels used:    1
 Hardware stack levels required when called:    7
 This function calls:
		_LCDString
		_classify_data
		_clearLCD
		_moveForward
 This function is called by:
		_main
 This function uses a non-reentrant model


 *************** function _moveForward *****************
 Defined at:
		line 87 in file "dc_motor.c"
 Parameters:    Size  Location     Type
  mL              1   35[COMRAM] PTR struct DC_motor
		 -> main@motorL(9), 
  mR              1   36[COMRAM] PTR struct DC_motor
		 -> main@motorR(9), 
  max_power       2   37[COMRAM] int 
 Auto vars:     Size  Location     Type
  i               2   40[COMRAM] int 
 Return value:  Size  Location     Type
                  1    wreg      void 
 Registers used:
		wreg, fsr2l, fsr2h, status,2, status,0, prodl, prodh, cstack
 Tracked objects:
		On entry : 
		On exit  : 
		Unchanged: 
 Data sizes:     COMRAM   BANK0   BANK1   BANK2
      Params:         4       0       0       0
      Locals:         2       0       0       0
      Temps:          1       0       0       0
      Totals:         7       0       0       0
Total ram usage:        7 bytes
 Hardware stack levels used:    1
 Hardware stack levels required when called:    5
 This function calls:
		_setMotorPWM
 This function is called by:
		_moveToBeacon
 This function uses a non-reentrant model


 *************** function _clearLCD *****************
 Defined at:
		line 131 in file "LCDIO.c"
 Parameters:    Size  Location     Type
		None
 Auto vars:     Size  Location     Type
		None
 Return value:  Size  Location     Type
                  1    wreg      void 
 Registers used:
		wreg, status,2, status,0, cstack
 Tracked objects:
		On entry : 
		On exit  : 
		Unchanged: 
 Data sizes:     COMRAM   BANK0   BANK1   BANK2
      Params:         0       0       0       0
      Locals:         0       0       0       0
      Temps:          1       0       0       0
      Totals:         1       0       0       0
Total ram usage:        1 bytes
 Hardware stack levels used:    1
 Hardware stack levels required when called:    6
 This function calls:
		_SendLCD
 This function is called by:
		_display_RFID
		_scanForBeacon
		_moveToBeacon
		_returnHome
		_stopAndDisplay
		_waitForInput
 This function uses a non-reentrant model


 *************** function _classify_data *****************
 Defined at:
		line 34 in file "signal_processing.c"
 Parameters:    Size  Location     Type
  raw_data        2   13[COMRAM] unsigned int 
 Auto vars:     Size  Location     Type
  filtered        2   17[COMRAM] unsigned int 
 Return value:  Size  Location     Type
                  1    wreg      unsigned char 
 Registers used:
		wreg, status,2, status,0
 Tracked objects:
		On entry : 
		On exit  : 
		Unchanged: 
 Data sizes:     COMRAM   BANK0   BANK1   BANK2
      Params:         2       0       0       0
      Locals:         2       0       0       0
      Temps:          2       0       0       0
      Totals:         6       0       0       0
Total ram usage:        6 bytes
 Hardware stack levels used:    1
 Hardware stack levels required when called:    3
 This function calls:
		Nothing
 This function is called by:
		_stabiliseAverage
		_scanForBeacon
		_moveToBeacon
 This function uses a non-reentrant model


 *************** function _LCDString *****************
 Defined at:
		line 119 in file "LCDIO.c"
 Parameters:    Size  Location     Type
  string          1   17[COMRAM] PTR unsigned char 
		 -> STR_10(16), STR_9(16), STR_8(13), STR_7(16), 
		 -> STR_6(15), STR_5(15), STR_4(10), STR_3(16), 
		 -> STR_2(16), STR_1(15), 
 Auto vars:     Size  Location     Type
		None
 Return value:  Size  Location     Type
                  1    wreg      void 
 Registers used:
		wreg, status,2, status,0, tblptrl, tblptrh, tblptru, cstack
 Tracked objects:
		On entry : 
		On exit  : 
		Unchanged: 
 Data sizes:     COMRAM   BANK0   BANK1   BANK2
      Params:         1       0       0       0
      Locals:         0       0       0       0
      Temps:          0       0       0       0
      Totals:         1       0       0       0
Total ram usage:        1 bytes
 Hardware stack levels used:    1
 Hardware stack levels required when called:    6
 This function calls:
		_SendLCD
 This function is called by:
		_main
		_check_RFID
		_scanForBeacon
		_moveToBeacon
		_returnHome
		_stopAndDisplay
		_waitForInput
 This function uses a non-reentrant model


 *************** function _SendLCD *****************
 Defined at:
		line 44 in file "LCDIO.c"
 Parameters:    Size  Location     Type
  Byte            1    wreg     unsigned char 
  type            1   15[COMRAM] unsigned char 
 Auto vars:     Size  Location     Type
  Byte            1   16[COMRAM] unsigned char 
 Return value:  Size  Location     Type
                  1    wreg      void 
 Registers used:
		wreg, status,2, status,0, cstack
 Tracked objects:
		On entry : 
		On exit  : 
		Unchanged: 
 Data sizes:     COMRAM   BANK0   BANK1   BANK2
      Params:         1       0       0       0
      Locals:         1       0       0       0
      Temps:          0       0       0       0
      Totals:         2       0       0       0
Total ram usage:        2 bytes
 Hardware stack levels used:    1
 Hardware stack levels required when called:    5
 This function calls:
		_LCDout
 This function is called by:
		_init_LCD
		_SetLine
		_LCDString
		_clearLCD
		_display_RFID
 This function uses a non-reentrant model


 *************** function _LCDout *****************
 Defined at:
		line 31 in file "LCDIO.c"
 Parameters:    Size  Location     Type
  number          1    wreg     unsigned char 
 Auto vars:     Size  Location     Type
  number          1   14[COMRAM] unsigned char 
 Return value:  Size  Location     Type
                  1    wreg      void 
 Registers used:
		wreg, status,2, status,0, cstack
 Tracked objects:
		On entry : 
		On exit  : 
		Unchanged: 
 Data sizes:     COMRAM   BANK0   BANK1   BANK2
      Params:         0       0       0       0
      Locals:         1       0       0       0
      Temps:          1       0       0       0
      Totals:         2       0       0       0
Total ram usage:        2 bytes
 Hardware stack levels used:    1
 Hardware stack levels required when called:    4
 This function calls:
		_E_TOG
 This function is called by:
		_SendLCD
		_init_LCD
 This function uses a non-reentrant model


 *************** function _E_TOG *****************
 Defined at:
		line 23 in file "LCDIO.c"
 Parameters:    Size  Location     Type
		None
 Auto vars:     Size  Location     Type
		None
 Return value:  Size  Location     Type
                  1    wreg      void 
 Registers used:
		wreg
 Tracked objects:
		On entry : 
		On exit  : 
		Unchanged: 
 Data sizes:     COMRAM   BANK0   BANK1   BANK2
      Params:         0       0       0       0
      Locals:         0       0       0       0
      Temps:          0       0       0       0
      Totals:         0       0       0       0
Total ram usage:        0 bytes
 Hardware stack levels used:    1
 Hardware stack levels required when called:    3
 This function calls:
		Nothing
 This function is called by:
		_LCDout
 This function uses a non-reentrant model


 *************** function _initMotorValues *****************
 Defined at:
		line 116 in file "dc_motor.c"
 Parameters:    Size  Location     Type
  mL              1   35[COMRAM] PTR struct DC_motor
		 -> main@motorL(9), 
  mR              1   36[COMRAM] PTR struct DC_motor
		 -> main@motorR(9), 
 Auto vars:     Size  Location     Type
		None
 Return value:  Size  Location     Type
                  1    wreg      void 
 Registers used:
		wreg, fsr2l, fsr2h, status,2, status,0, prodl, prodh, cstack
 Tracked objects:
		On entry : 
		On exit  : 
		Unchanged: 
 Data sizes:     COMRAM   BANK0   BANK1   BANK2
      Params:         2       0       0       0
      Locals:         0       0       0       0
      Temps:          0       0       0       0
      Totals:         2       0       0       0
Total ram usage:        2 bytes
 Hardware stack levels used:    1
 Hardware stack levels required when called:    5
 This function calls:
		_setMotorPWM
 This function is called by:
		_main
 This function uses a non-reentrant model


 *************** function _setMotorPWM *****************
 Defined at:
		line 19 in file "dc_motor.c"
 Parameters:    Size  Location     Type
  m               1   27[COMRAM] PTR struct DC_motor
		 -> main@motorR(9), main@motorL(9), 
 Auto vars:     Size  Location     Type
  PWMduty         2   33[COMRAM] int 
 Return value:  Size  Location     Type
                  1    wreg      void 
 Registers used:
		wreg, fsr2l, fsr2h, status,2, status,0, prodl, prodh, cstack
 Tracked objects:
		On entry : 
		On exit  : 
		Unchanged: 
 Data sizes:     COMRAM   BANK0   BANK1   BANK2
      Params:         1       0       0       0
      Locals:         2       0       0       0
      Temps:          5       0       0       0
      Totals:         8       0       0       0
Total ram usage:        8 bytes
 Hardware stack levels used:    1
 Hardware stack levels required when called:    4
 This function calls:
		___awdiv
		___wmul
 This function is called by:
		_stop
		_turnLeft
		_turnRight
		_moveForward
		_moveBackward
		_initMotorValues
 This function uses a non-reentrant model


 *************** function ___wmul *****************
 Defined at:
		line 15 in file "C:\Program Files (x86)\Microchip\xc8\v2.05\pic\sources\c99\common\Umul16.c"
 Parameters:    Size  Location     Type
  multiplier      2   13[COMRAM] unsigned int 
  multiplicand    2   15[COMRAM] unsigned int 
 Auto vars:     Size  Location     Type
  product         2   17[COMRAM] unsigned int 
 Return value:  Size  Location     Type
                  2   13[COMRAM] unsigned int 
 Registers used:
		wreg, status,2, status,0, prodl, prodh
 Tracked objects:
		On entry : 
		On exit  : 
		Unchanged: 
 Data sizes:     COMRAM   BANK0   BANK1   BANK2
      Params:         4       0       0       0
      Locals:         2       0       0       0
      Temps:          0       0       0       0
      Totals:         6       0       0       0
Total ram usage:        6 bytes
 Hardware stack levels used:    1
 Hardware stack levels required when called:    3
 This function calls:
		Nothing
 This function is called by:
		_setMotorPWM
 This function uses a non-reentrant model


 *************** function ___awdiv *****************
 Defined at:
		line 7 in file "C:\Program Files (x86)\Microchip\xc8\v2.05\pic\sources\c99\common\awdiv.c"
 Parameters:    Size  Location     Type
  dividend        2   19[COMRAM] int 
  divisor         2   21[COMRAM] int 
 Auto vars:     Size  Location     Type
  quotient        2   25[COMRAM] int 
  sign            1   24[COMRAM] unsigned char 
  counter         1   23[COMRAM] unsigned char 
 Return value:  Size  Location     Type
                  2   19[COMRAM] int 
 Registers used:
		wreg, status,2, status,0
 Tracked objects:
		On entry : 
		On exit  : 
		Unchanged: 
 Data sizes:     COMRAM   BANK0   BANK1   BANK2
      Params:         4       0       0       0
      Locals:         4       0       0       0
      Temps:          0       0       0       0
      Totals:         8       0       0       0
Total ram usage:        8 bytes
 Hardware stack levels used:    1
 Hardware stack levels required when called:    3
 This function calls:
		Nothing
 This function is called by:
		_setMotorPWM
 This function uses a non-reentrant model


 *************** function _InterruptHandlerLow *****************
 Defined at:
		line 102 in file "main.c"
 Parameters:    Size  Location     Type
		None
 Auto vars:     Size  Location     Type
		None
 Return value:  Size  Location     Type
                  1    wreg      void 
 Registers used:
		wreg, fsr2l, fsr2h, status,2, status,0, prodl, prodh
 Tracked objects:
		On entry : 
		On exit  : 
		Unchanged: 
 Data sizes:     COMRAM   BANK0   BANK1   BANK2
      Params:         0       0       0       0
      Locals:         0       0       0       0
      Temps:          7       0       0       0
      Totals:         7       0       0       0
Total ram usage:        7 bytes
 Hardware stack levels used:    1
 Hardware stack levels required when called:    2
 This function calls:
		Nothing
 This function is called by:
		Interrupt level 1
 This function uses a non-reentrant model


 *************** function _InterruptHandlerHigh *****************
 Defined at:
		line 84 in file "main.c"
 Parameters:    Size  Location     Type
		None
 Auto vars:     Size  Location     Type
  throwaway       1    0        unsigned char 
 Return value:  Size  Location     Type
                  1    wreg      void 
 Registers used:
		wreg, fsr2l, fsr2h, status,2, status,0, cstack
 Tracked objects:
		On entry : 
		On exit  : 
		Unchanged: 
 Data sizes:     COMRAM   BANK0   BANK1   BANK2
      Params:         0       0       0       0
      Locals:         1       0       0       0
      Temps:          2       0       0       0
      Totals:         3       0       0       0
Total ram usage:        3 bytes
 Hardware stack levels used:    1
 Hardware stack levels required when called:    1
 This function calls:
		_processRFID
 This function is called by:
		Interrupt level 2
 This function uses a non-reentrant model


 *************** function _processRFID *****************
 Defined at:
		line 34 in file "RFID.c"
 Parameters:    Size  Location     Type
  RFIDbuf         1    0[COMRAM] PTR volatile unsigned ch
		 -> RFIDbuf(12), 
  latestChar      1    1[COMRAM] unsigned char 
 Auto vars:     Size  Location     Type
  i               1    2[COMRAM] unsigned char 
 Return value:  Size  Location     Type
                  1    wreg      unsigned char 
 Registers used:
		wreg, fsr2l, fsr2h, status,2, status,0
 Tracked objects:
		On entry : 
		On exit  : 
		Unchanged: 
 Data sizes:     COMRAM   BANK0   BANK1   BANK2
      Params:         2       0       0       0
      Locals:         1       0       0       0
      Temps:          0       0       0       0
      Totals:         3       0       0       0
Total ram usage:        3 bytes
 Hardware stack levels used:    1
 This function calls:
		Nothing
 This function is called by:
		_InterruptHandlerHigh
 This function uses a non-reentrant model



MODULE INFORMATION

Module		Function		Class		Link	Load	Size
dc_motor.c
		_moveForward   		CODE           	0BCE	0000	117
		_turnLeft      		CODE           	0CB4	0000	115
		_stop          		CODE           	0E08	0000	81
		_moveBackward  		CODE           	0B5A	0000	117
		_turnRight     		CODE           	0D26	0000	115
		_setMotorPWM   		CODE           	04C4	0000	277
		_initPWM       		CODE           	10BC	0000	27
		_initMotorValues		CODE           	06D4	0000	203

dc_motor.c estimated size: 1052

signal_processing.c
		_init_sensor   		CODE           	10F0	0000	21
		_classify_data 		CODE           	0E58	0000	69
		_stabiliseAverage		CODE           	0EE0	0000	65

signal_processing.c estimated size: 155

RFID.c
		_processRFID   		CODE           	0E9C	0000	69
		_display_RFID  		CODE           	0F20	0000	61
		_check_RFID    		CODE           	039C	0000	297
		_init_RFID     		CODE           	10A2	0000	27

RFID.c estimated size: 454

C:\Program Files (x86)\Microchip\xc8\v2.05\pic\sources\c99\common\awdiv.c
		___awdiv       		CODE           	0A5E	0000	133

C:\Program Files (x86)\Microchip\xc8\v2.05\pic\sources\c99\common\awdiv.c estimated size: 133

subroutines.c
		_stopAndDisplay		CODE           	0C42	0000	115
		_moveToBeacon  		CODE           	0866	0000	189
		_returnHome    		CODE           	05D8	0000	253
		_waitForInput  		CODE           	0D98	0000	113
		_scanForBeacon 		CODE           	09DA	0000	133

subroutines.c estimated size: 803

shared
		main@MOVING_SPEED		SMALLCONST     	0000	0000	0
		moveToBeacon@ERROR_THRESHOLD		SMALLCONST     	0000	0000	0
		main@SEARCHING_SPEED		SMALLCONST     	0000	0000	0
		__initialization		CODE           	1052	0000	25

shared estimated size: 25

C:\Program Files (x86)\Microchip\xc8\v2.05\pic\sources\c99\common\Umul16.c
		___wmul        		CODE           	107C	0000	39

C:\Program Files (x86)\Microchip\xc8\v2.05\pic\sources\c99\common\Umul16.c estimated size: 39

LCDIO.c
		_SetLine       		CODE           	0FF8	0000	47
		_SendLCD       		CODE           	0FC8	0000	49
		_E_TOG         		CODE           	1104	0000	15
		_init_LCD      		CODE           	079E	0000	201
		_LCDString     		CODE           	1026	0000	45
		_LCDout        		CODE           	0AE2	0000	121
		_clearLCD      		CODE           	10D6	0000	27

LCDIO.c estimated size: 505

main.c
		_main          		CODE           	0922	0000	185
		_InterruptHandlerLow		CODE           	0018	0000	135
		_InterruptHandlerHigh		CODE           	0008	0000	61
		_setup         		CODE           	0F5C	0000	55

main.c estimated size: 436

