Microchip MPLAB XC8 Compiler V2.05 ()

Linker command line:

-W-3 --edf=C:\Program Files (x86)\Microchip\xc8\v2.05\pic\dat\en_msgs.txt \
  -cs -h+dist/default/production\ECM_Final_Project.X.production.sym \
  --cmf=dist/default/production\ECM_Final_Project.X.production.cmf -z \
  -Q18F4331 -oC:\Users\charl\AppData\Local\Temp\sdj8.2 \
  --defsym=__MPLAB_BUILD=1 \
  -Mdist/default/production/ECM_Final_Project.X.production.map -E1 -ver=XC8 \
  --acfsm=1493 -ASTACK=0DEh-02FFh -pstack=STACK -ACODE=00h-01FFFh \
  -ACONST=00h-01FFFh -ASMALLCONST=0300h-03FFhx29 -AMEDIUMCONST=0300h-01FFFh \
  -ACOMRAM=01h-05Fh -AABS1=00h-02FFh -ABIGRAM=01h-02FFh \
  -ARAM=060h-0FFh,0100h-01FFhx2 -ABANK0=060h-0FFh -ABANK1=0100h-01FFh \
  -ABANK2=0200h-02FFh -ASFR=0F60h-0FFFh \
  -preset_vec=00h,intcode=08h,intcodelo,powerup,init -pramtop=0300h \
  -psmallconst=SMALLCONST -pmediumconst=MEDIUMCONST -pconst=CONST \
  -AFARRAM=00h-00h -ACONFIG=0300000h-030000Dh -pconfig=CONFIG \
  -AIDLOC=0200000h-0200007h -pidloc=IDLOC -AEEDATA=0F00000h-0F000FFh \
  -peeprom_data=EEDATA \
  -prdata=COMRAM,nvrram=COMRAM,nvbit=COMRAM,rbss=COMRAM,rbit=COMRAM \
  -pfarbss=FARRAM,fardata=FARRAM,nvFARRAM=FARRAM \
  -pintsave_regs=BIGRAM,bigbss=BIGRAM,bigdata=BIGRAM -pbss=RAM \
  -pidata=CODE,irdata=CODE,ibigdata=CODE,ifardata=CODE -prparam=COMRAM \
  C:\Users\charl\AppData\Local\Temp\sdj8.o \
  dist/default/production\ECM_Final_Project.X.production.o 

Object code version is 3.11

Machine type is 18F4331

Call graph: (short form)




                Name                               Link     Load   Length Selector   Space Scale
C:\Users\charl\AppData\Local\Temp\sdj8.o
                init                                 40       40        4        4       0
                reset_vec                             0        0        4        0       0
                idloc                            200000   200000        8   200000       0
                config                           300000   300000        E   300000       0
dist/default/production\ECM_Final_Project.X.production.o
                intcode                               8        8       38        4       0
                temp                                 57       57        1        1       1
                smallconst                          300      300       40      180       0
                text35                             1300     1300       4C      1A0       0
                text33                             1544     1544        E      1A0       0
                text32                             1054     1054       78      1A0       0
                text31                             13C4     13C4       30      1A0       0
                text30                             11AC     11AC       5E      1A0       0
                text29                             1422     1422       2E      1A0       0
                text28                              87A      87A      150      1A0       0
                text27                             152C     152C       18      1A0       0
                text26                             14FA     14FA       1A      1A0       0
                text25                             134C     134C       40      1A0       0
                text24                              F52      F52       84      1A0       0
                text23                             14A0     14A0       26      1A0       0
                text22                              9CA      9CA      124      1A0       0
                text21                              AEE      AEE       EA      1A0       0
                text20                             113C     113C       70      1A0       0
                text19                             10CC     10CC       70      1A0       0
                text18                             14E0     14E0       1A      1A0       0
                text17                              CA6      CA6       C8      1A0       0
                text16                             14C6     14C6       1A      1A0       0
                text15                             1514     1514       18      1A0       0
                text14                             13F4     13F4       2E      1A0       0
                text13                              BD8      BD8       CE      1A0       0
                text12                              D6E      D6E       AE      1A0       0
                text11                             1552     1552        2      1A0       0
                text10                              E1C      E1C       A0      1A0       0
                text9                              138C     138C       38      1A0       0
                text8                              1450     1450       2A      1A0       0
                text7                               EBC      EBC       96      1A0       0
                text6                               562      562      1AE      1A0       0
                text5                               710      710      16A      1A0       0
                text4                              120A     120A       56      1A0       0
                text3                              1260     1260       52      1A0       0
                text2                              12B2     12B2       4E      1A0       0
                text1                               FD6      FD6       7E      1A0       0
                text0                               340      340      222      1A0       0
                cstackCOMRAM                          1        1       4E        1       1
                cstackBANK0                          60       60       4F       60       1
                bssBANK0                             AF       AF       2F       60       1
                bssCOMRAM                            4F       4F        8        1       1
                cinit                              147A     147A       26      1A0       0

TOTAL           Name                               Link     Load   Length     Space
        CLASS   STACK          

        CLASS   CODE           
                intcode                               8        8       38         0
                init                                 40       40        4         0
                reset_vec                             0        0        4         0
                text35                             1300     1300       4C         0
                text33                             1544     1544        E         0
                text32                             1054     1054       78         0
                text31                             13C4     13C4       30         0
                text30                             11AC     11AC       5E         0
                text29                             1422     1422       2E         0
                text28                              87A      87A      150         0
                text27                             152C     152C       18         0
                text26                             14FA     14FA       1A         0
                text25                             134C     134C       40         0
                text24                              F52      F52       84         0
                text23                             14A0     14A0       26         0
                text22                              9CA      9CA      124         0
                text21                              AEE      AEE       EA         0
                text20                             113C     113C       70         0
                text19                             10CC     10CC       70         0
                text18                             14E0     14E0       1A         0
                text17                              CA6      CA6       C8         0
                text16                             14C6     14C6       1A         0
                text15                             1514     1514       18         0
                text14                             13F4     13F4       2E         0
                text13                              BD8      BD8       CE         0
                text12                              D6E      D6E       AE         0
                text11                             1552     1552        2         0
                text10                              E1C      E1C       A0         0
                text9                              138C     138C       38         0
                text8                              1450     1450       2A         0
                text7                               EBC      EBC       96         0
                text6                               562      562      1AE         0
                text5                               710      710      16A         0
                text4                              120A     120A       56         0
                text3                              1260     1260       52         0
                text2                              12B2     12B2       4E         0
                text1                               FD6      FD6       7E         0
                text0                               340      340      222         0
                cinit                              147A     147A       26         0

        CLASS   CONST          

        CLASS   SMALLCONST     
                smallconst                          300      300       40         0

        CLASS   MEDIUMCONST    

        CLASS   COMRAM         
                temp                                 57       57        1         1
                cstackCOMRAM                          1        1       4E         1
                bssCOMRAM                            4F       4F        8         1

        CLASS   ABS1           

        CLASS   BIGRAM         

        CLASS   RAM            

        CLASS   BANK0          
                cstackBANK0                          60       60       4F         1
                bssBANK0                             AF       AF       2F         1

        CLASS   BANK1          

        CLASS   BANK2          

        CLASS   SFR            

        CLASS   FARRAM         

        CLASS   CONFIG         
                config                           300000   300000        E         0

        CLASS   IDLOC          
                idloc                            200000   200000        8         0

        CLASS   EEDATA         



SEGMENTS        Name                           Load    Length   Top    Selector   Space  Class

                reset_vec                      000000  000004  000004         0       0  CODE    
                cstackCOMRAM                   000001  000057  000058         1       1  COMRAM  
                intcode                        000008  00003C  000044         4       0  CODE    
                cstackBANK0                    000060  00007E  0000DE        60       1  BANK0   
                smallconst                     000300  000040  000340       180       0  SMALLCON
                text0                          000340  001214  001554       1A0       0  CODE    
                idloc                          200000  000008  200008    200000       0  IDLOC   
                config                         300000  00000E  30000E    300000       0  CONFIG  


UNUSED ADDRESS RANGES

        Name                Unused          Largest block    Delta
        BANK0            0000DE-0000FF               22
        BANK1            000100-0001FF              100
        BANK2            000200-0002FF              100
        BIGRAM           000058-00005F                8
                         0000DE-0002FF              222
        CODE             000004-000007                4
                         000044-0002FF              2BC
                         001554-001FFF              AAC
        COMRAM           000058-00005F                8
        CONST            000004-000007                4
                         000044-0002FF              2BC
                         001554-001FFF              AAC
        EEDATA           F00000-F000FF              100
        MEDIUMCONST      001554-001FFF              AAC
        RAM              0000DE-0002FF              100
        SFR              000F60-000FFF               A0
        SMALLCONST       001554-001FFF              100
        STACK            0000DE-0002FF              222

                                  Symbol Table

?___awdiv                      cstackCOMRAM 00000E
?___lodiv                      cstackCOMRAM 000008
?___lomod                      cstackCOMRAM 000008
?___wmul                       cstackCOMRAM 000008
?_pad                          cstackCOMRAM 000018
?_sprintf                      cstackBANK0  00006E
?_strlen                       cstackCOMRAM 000008
?_utoa                         cstackCOMRAM 000023
?_vfpfcnvrt                    cstackCOMRAM 000043
?_vfprintf                     cstackBANK0  000068
LCD_String@string              cstackCOMRAM 00000C
LCDout@number                  cstackCOMRAM 000009
SendLCD@Byte                   cstackCOMRAM 00000B
SendLCD@type                   cstackCOMRAM 00000A
SetLine@line                   cstackCOMRAM 00000C
_ANSEL0                        (abs)        000FB8
_ANSEL1                        (abs)        000FB9
_BAUDCONbits                   (abs)        000FAA
_CAP1BUFH                      (abs)        000F69
_CAP1BUFL                      (abs)        000F68
_CAP1CON                       (abs)        000F63
_ClearLCD                      text26       0014FA
_DFLTCON                       (abs)        000F60
_E_TOG                         text33       001544
_INTCONbits                    (abs)        000FF2
_IPR1bits                      (abs)        000F9F
_InterruptHandlerHigh          intcode      000008
_LATAbits                      (abs)        000F89
_LATB                          (abs)        000F8A
_LATCbits                      (abs)        000F8B
_LATDbits                      (abs)        000F8C
_LCD_String                    text30       0011AC
_LCDout                        text32       001054
_OSCCON                        (abs)        000FD3
_OSCCONbits                    (abs)        000FD3
_PDC0H                         (abs)        000F78
_PDC0L                         (abs)        000F79
_PDC1H                         (abs)        000F76
_PDC1L                         (abs)        000F77
_PIE1bits                      (abs)        000F9D
_PIR1bits                      (abs)        000F9E
_PORTDbits                     (abs)        000F83
_PTCON0                        (abs)        000F7F
_PTCON1                        (abs)        000F7E
_PTPERH                        (abs)        000F7A
_PTPERL                        (abs)        000F7B
_PWMCON0                       (abs)        000F6F
_PWMCON1                       (abs)        000F6E
_RCONbits                      (abs)        000FD0
_RCREG                         (abs)        000FAE
_RCSTAbits                     (abs)        000FAB
_RFID_flag                     bssBANK0     0000B1
_RFIDbuf                       bssBANK0     0000D2
_SPBRG                         (abs)        000FAF
_SPBRGH                        (abs)        000FB0
_SendLCD                       text31       0013C4
_SetLine                       text29       001422
_T5CON                         (abs)        000FB7
_TRISAbits                     (abs)        000F92
_TRISBbits                     (abs)        000F93
_TRISCbits                     (abs)        000F94
_TRISDbits                     (abs)        000F95
_TXSTAbits                     (abs)        000FAC
__CFG_LVP$OFF                  (abs)        000000
__CFG_MCLRE$OFF                (abs)        000000
__CFG_OSC$IRCIO                (abs)        000000
__HRAM                         (abs)        000000
__Habs1                        abs1         000000
__Hbank0                       bank0        000000
__Hbank1                       bank1        000000
__Hbank2                       bank2        000000
__Hbigbss                      bigbss       000000
__Hbigdata                     bigdata      000000
__Hbigram                      bigram       000000
__Hbss                         bss          000000
__HbssBANK0                    bssBANK0     000000
__HbssCOMRAM                   bssCOMRAM    000000
__Hcinit                       cinit        000000
__Hclrtext                     clrtext      000000
__Hcomram                      comram       000000
__Hconfig                      config       30000E
__Hconst                       const        000000
__HcstackBANK0                 cstackBANK0  000000
__HcstackCOMRAM                cstackCOMRAM 000000
__Hdata                        data         000000
__Heeprom_data                 eeprom_data  000000
__Hfarbss                      farbss       000000
__Hfardata                     fardata      000000
__Hibigdata                    ibigdata     000000
__Hidata                       idata        000000
__Hidloc                       idloc        200008
__Hifardata                    ifardata     000000
__Hinit                        init         000044
__Hintcode                     intcode      000040
__Hintcode_body                intcode_body 000000
__Hintcodelo                   intcodelo    000040
__Hintentry                    intentry     000000
__Hintret                      intret       000000
__Hintsave_regs                intsave_regs 000000
__Hirdata                      irdata       000000
__Hmediumconst                 mediumconst  000000
__HnvFARRAM                    nvFARRAM     000000
__Hnvbit                       nvbit        000000
__Hnvrram                      nvrram       000000
__Hparam                       rparam       000000
__Hpowerup                     powerup      000040
__Hram                         ram          000000
__Hramtop                      ramtop       000300
__Hrbit                        rbit         000000
__Hrbss                        rbss         000000
__Hrdata                       rdata        000000
__Hreset_vec                   reset_vec    000004
__Hrparam                      rparam       000000
__Hsfr                         sfr          000000
__Hsmallconst                  smallconst   000340
__Hspace_0                     (abs)        30000E
__Hspace_1                     (abs)        0000DE
__Hspace_2                     (abs)        000000
__Hstack                       stack        000000
__Hstruct                      struct       000000
__Htemp                        temp         000058
__Htext                        text         000000
__Htext0                       text0        000000
__Htext1                       text1        000000
__Htext10                      text10       000000
__Htext11                      text11       000000
__Htext12                      text12       000000
__Htext13                      text13       000000
__Htext14                      text14       000000
__Htext15                      text15       000000
__Htext16                      text16       000000
__Htext17                      text17       000000
__Htext18                      text18       000000
__Htext19                      text19       000000
__Htext2                       text2        000000
__Htext20                      text20       000000
__Htext21                      text21       000000
__Htext22                      text22       000000
__Htext23                      text23       000000
__Htext24                      text24       000000
__Htext25                      text25       000000
__Htext26                      text26       000000
__Htext27                      text27       000000
__Htext28                      text28       000000
__Htext29                      text29       000000
__Htext3                       text3        000000
__Htext30                      text30       000000
__Htext31                      text31       000000
__Htext32                      text32       000000
__Htext33                      text33       000000
__Htext35                      text35       000000
__Htext4                       text4        000000
__Htext5                       text5        000000
__Htext6                       text6        000000
__Htext7                       text7        000000
__Htext8                       text8        000000
__Htext9                       text9        000000
__LRAM                         (abs)        000001
__Labs1                        abs1         000000
__Lbank0                       bank0        000000
__Lbank1                       bank1        000000
__Lbank2                       bank2        000000
__Lbigbss                      bigbss       000000
__Lbigdata                     bigdata      000000
__Lbigram                      bigram       000000
__Lbss                         bss          000000
__LbssBANK0                    bssBANK0     000000
__LbssCOMRAM                   bssCOMRAM    000000
__Lcinit                       cinit        000000
__Lclrtext                     clrtext      000000
__Lcomram                      comram       000000
__Lconfig                      config       300000
__Lconst                       const        000000
__LcstackBANK0                 cstackBANK0  000000
__LcstackCOMRAM                cstackCOMRAM 000000
__Ldata                        data         000000
__Leeprom_data                 eeprom_data  000000
__Lfarbss                      farbss       000000
__Lfardata                     fardata      000000
__Libigdata                    ibigdata     000000
__Lidata                       idata        000000
__Lidloc                       idloc        200000
__Lifardata                    ifardata     000000
__Linit                        init         000040
__Lintcode                     intcode      000008
__Lintcode_body                intcode_body 000000
__Lintcodelo                   intcodelo    000040
__Lintentry                    intentry     000000
__Lintret                      intret       000000
__Lintsave_regs                intsave_regs 000000
__Lirdata                      irdata       000000
__Lmediumconst                 mediumconst  000000
__LnvFARRAM                    nvFARRAM     000000
__Lnvbit                       nvbit        000000
__Lnvrram                      nvrram       000000
__Lparam                       rparam       000000
__Lpowerup                     powerup      000040
__Lram                         ram          000000
__Lramtop                      ramtop       000300
__Lrbit                        rbit         000000
__Lrbss                        rbss         000000
__Lrdata                       rdata        000000
__Lreset_vec                   reset_vec    000000
__Lrparam                      rparam       000000
__Lsfr                         sfr          000000
__Lsmallconst                  smallconst   000300
__Lspace_0                     (abs)        000000
__Lspace_1                     (abs)        000000
__Lspace_2                     (abs)        000000
__Lstack                       stack        000000
__Lstruct                      struct       000000
__Ltemp                        temp         000057
__Ltext                        text         000000
__Ltext0                       text0        000000
__Ltext1                       text1        000000
__Ltext10                      text10       000000
__Ltext11                      text11       000000
__Ltext12                      text12       000000
__Ltext13                      text13       000000
__Ltext14                      text14       000000
__Ltext15                      text15       000000
__Ltext16                      text16       000000
__Ltext17                      text17       000000
__Ltext18                      text18       000000
__Ltext19                      text19       000000
__Ltext2                       text2        000000
__Ltext20                      text20       000000
__Ltext21                      text21       000000
__Ltext22                      text22       000000
__Ltext23                      text23       000000
__Ltext24                      text24       000000
__Ltext25                      text25       000000
__Ltext26                      text26       000000
__Ltext27                      text27       000000
__Ltext28                      text28       000000
__Ltext29                      text29       000000
__Ltext3                       text3        000000
__Ltext30                      text30       000000
__Ltext31                      text31       000000
__Ltext32                      text32       000000
__Ltext33                      text33       000000
__Ltext35                      text35       000000
__Ltext4                       text4        000000
__Ltext5                       text5        000000
__Ltext6                       text6        000000
__Ltext7                       text7        000000
__Ltext8                       text8        000000
__Ltext9                       text9        000000
__S0                           (abs)        30000E
__S1                           (abs)        0000DE
__S2                           (abs)        000000
___awdiv                       text24       000F52
___awdiv@counter               cstackCOMRAM 000012
___awdiv@dividend              cstackCOMRAM 00000E
___awdiv@divisor               cstackCOMRAM 000010
___awdiv@quotient              cstackCOMRAM 000014
___awdiv@sign                  cstackCOMRAM 000013
___inthi_sp                    stack        000000
___intlo_sp                    stack        000000
___lodiv                       text13       000BD8
___lodiv@counter               cstackCOMRAM 000020
___lodiv@dividend              cstackCOMRAM 000008
___lodiv@divisor               cstackCOMRAM 000010
___lodiv@quotient              cstackCOMRAM 000018
___lomod                       text12       000D6E
___lomod@counter               cstackCOMRAM 000018
___lomod@dividend              cstackCOMRAM 000008
___lomod@divisor               cstackCOMRAM 000010
___param_bank                  (abs)        000000
___rparam_used                 (abs)        000001
___sp                          stack        000000
___wmul                        text23       0014A0
___wmul@multiplicand           cstackCOMRAM 00000A
___wmul@multiplier             cstackCOMRAM 000008
___wmul@product                cstackCOMRAM 00000C
__accesstop                    (abs)        000060
__activetblptr                 (abs)        000002
__end_of_ClearLCD              text26       001514
__end_of_E_TOG                 text33       001552
__end_of_InterruptHandlerHigh  intcode      000040
__end_of_LCD_String            text30       00120A
__end_of_LCDout                text32       0010CC
__end_of_SendLCD               text31       0013F4
__end_of_SetLine               text29       001450
__end_of___awdiv               text24       000FD6
__end_of___lodiv               text13       000CA6
__end_of___lomod               text12       000E1C
__end_of___wmul                text23       0014C6
__end_of__initialization       cinit        001492
__end_of_check_RFID            text28       0009CA
__end_of_classify_data         text27       001544
__end_of_display_RFID          text25       00138C
__end_of_fputc                 text10       000EBC
__end_of_fputs                 text9        0013C4
__end_of_initPWM               text18       0014FA
__end_of_init_LCD              text17       000D6E
__end_of_init_RFID             text16       0014E0
__end_of_init_motor_struct     text21       000BD8
__end_of_init_sensor           text15       00152C
__end_of_main                  text0        000562
__end_of_moveBackward          text20       0011AC
__end_of_moveForward           text19       00113C
__end_of_pad                   text7        000F52
__end_of_processRFID           text35       00134C
__end_of_putch                 text11       001554
__end_of_setMotorPWM           text22       000AEE
__end_of_setup                 text14       001422
__end_of_sprintf               text3        0012B2
__end_of_stop                  text2        001300
__end_of_strlen                text8        00147A
__end_of_turnRight             text1        001054
__end_of_utoa                  text6        000710
__end_of_vfpfcnvrt             text5        00087A
__end_of_vfprintf              text4        001260
__initialization               cinit        00147A
__mediumconst                  mediumconst  000000
__pbssBANK0                    bssBANK0     0000AF
__pbssCOMRAM                   bssCOMRAM    00004F
__pcinit                       cinit        00147A
__pcstackBANK0                 cstackBANK0  000060
__pcstackCOMRAM                cstackCOMRAM 000001
__pintcode                     intcode      000008
__psmallconst                  smallconst   000300
__ptext0                       text0        000340
__ptext1                       text1        000FD6
__ptext10                      text10       000E1C
__ptext11                      text11       001552
__ptext12                      text12       000D6E
__ptext13                      text13       000BD8
__ptext14                      text14       0013F4
__ptext15                      text15       001514
__ptext16                      text16       0014C6
__ptext17                      text17       000CA6
__ptext18                      text18       0014E0
__ptext19                      text19       0010CC
__ptext2                       text2        0012B2
__ptext20                      text20       00113C
__ptext21                      text21       000AEE
__ptext22                      text22       0009CA
__ptext23                      text23       0014A0
__ptext24                      text24       000F52
__ptext25                      text25       00134C
__ptext26                      text26       0014FA
__ptext27                      text27       00152C
__ptext28                      text28       00087A
__ptext29                      text29       001422
__ptext3                       text3        001260
__ptext30                      text30       0011AC
__ptext31                      text31       0013C4
__ptext32                      text32       001054
__ptext33                      text33       001544
__ptext35                      text35       001300
__ptext4                       text4        00120A
__ptext5                       text5        000710
__ptext6                       text6        000562
__ptext7                       text7        000EBC
__ptext8                       text8        001450
__ptext9                       text9        00138C
__ramtop                       ramtop       000300
__size_of_ClearLCD             (abs)        000000
__size_of_E_TOG                (abs)        000000
__size_of_InterruptHandlerHigh (abs)        000000
__size_of_LCD_String           (abs)        000000
__size_of_LCDout               (abs)        000000
__size_of_SendLCD              (abs)        000000
__size_of_SetLine              (abs)        000000
__size_of___awdiv              (abs)        000000
__size_of___lodiv              (abs)        000000
__size_of___lomod              (abs)        000000
__size_of___wmul               (abs)        000000
__size_of_check_RFID           (abs)        000000
__size_of_classify_data        (abs)        000000
__size_of_display_RFID         (abs)        000000
__size_of_fputc                (abs)        000000
__size_of_fputs                (abs)        000000
__size_of_initPWM              (abs)        000000
__size_of_init_LCD             (abs)        000000
__size_of_init_RFID            (abs)        000000
__size_of_init_motor_struct    (abs)        000000
__size_of_init_sensor          (abs)        000000
__size_of_main                 (abs)        000000
__size_of_moveBackward         (abs)        000000
__size_of_moveForward          (abs)        000000
__size_of_pad                  (abs)        000000
__size_of_processRFID          (abs)        000000
__size_of_putch                (abs)        000000
__size_of_setMotorPWM          (abs)        000000
__size_of_setup                (abs)        000000
__size_of_sprintf              (abs)        000000
__size_of_stop                 (abs)        000000
__size_of_strlen               (abs)        000000
__size_of_turnRight            (abs)        000000
__size_of_utoa                 (abs)        000000
__size_of_vfpfcnvrt            (abs)        000000
__size_of_vfprintf             (abs)        000000
__smallconst                   smallconst   000300
_check_RFID                    text28       00087A
_classify_data                 text27       00152C
_dbuf                          bssBANK0     0000B2
_display_RFID                  text25       00134C
_flags                         bssCOMRAM    000053
_fputc                         text10       000E1C
_fputs                         text9        00138C
_initPWM                       text18       0014E0
_init_LCD                      text17       000CA6
_init_RFID                     text16       0014C6
_init_motor_struct             text21       000AEE
_init_sensor                   text15       001514
_main                          text0        000340
_moveBackward                  text20       00113C
_moveForward                   text19       0010CC
_nout                          bssBANK0     0000AF
_pad                           text7        000EBC
_prec                          bssCOMRAM    000051
_processRFID                   text35       001300
_putch                         text11       001552
_robot_mode                    bssCOMRAM    000056
_setMotorPWM                   text22       0009CA
_setup                         text14       0013F4
_sprintf                       text3        001260
_stop                          text2        0012B2
_strlen                        text8        001450
_turnRight                     text1        000FD6
_utoa                          text6        000562
_vfpfcnvrt                     text5        000710
_vfprintf                      text4        00120A
_width                         bssCOMRAM    00004F
btemp                          temp         000057
check_RFID@byte1               cstackCOMRAM 00001E
check_RFID@byte2               cstackCOMRAM 00001F
check_RFID@byte3               cstackCOMRAM 000020
check_RFID@byte4               cstackCOMRAM 000021
check_RFID@byte5               cstackCOMRAM 000022
check_RFID@checksum            cstackCOMRAM 000023
check_RFID@dataBuf             cstackCOMRAM 00000E
check_RFID@hexBuf              cstackCOMRAM 000012
check_RFID@i                   cstackCOMRAM 000024
classify_data@raw_data         cstackCOMRAM 000008
display_RFID@dataBuf           cstackCOMRAM 00000D
display_RFID@i                 cstackCOMRAM 00000F
end_of_initialization          cinit        001492
fputc@c                        cstackCOMRAM 000008
fputc@fp                       cstackCOMRAM 00000A
fputs@c                        cstackCOMRAM 000015
fputs@fp                       cstackCOMRAM 000013
fputs@i                        cstackCOMRAM 000016
fputs@s                        cstackCOMRAM 000011
initPWM@PWMperiod              cstackCOMRAM 000008
init_motor_struct@mL           cstackCOMRAM 00001F
init_motor_struct@mR           cstackCOMRAM 000021
int$flags                      temp         000057
intlevel0                      text         000000
intlevel1                      text         000000
intlevel2                      text         000000
intlevel3                      text         000000
main@beacon_location           cstackBANK0  000098
main@i                         cstackBANK0  000094
main@i_509                     cstackBANK0  00009B
main@motorL                    cstackBANK0  00009D
main@motorR                    cstackBANK0  0000A6
main@movementMillis            cstackBANK0  000090
main@raw_data                  cstackBANK0  000099
main@temp2                     cstackBANK0  000080
moveBackward@i                 cstackCOMRAM 000023
moveBackward@mL                cstackCOMRAM 00001F
moveBackward@mR                cstackCOMRAM 000021
moveForward@i                  cstackCOMRAM 000023
moveForward@mL                 cstackCOMRAM 00001F
moveForward@mR                 cstackCOMRAM 000021
pad@buf                        cstackCOMRAM 00001A
pad@fp                         cstackCOMRAM 000018
pad@i                          cstackCOMRAM 00001F
pad@p                          cstackCOMRAM 00001C
pad@w                          cstackCOMRAM 000021
processRFID@RFIDbuf            cstackCOMRAM 000001
processRFID@i                  cstackCOMRAM 000004
processRFID@latestChar         cstackCOMRAM 000003
processRFID@position_in_buf    bssCOMRAM    000055
setMotorPWM@PWMduty            cstackCOMRAM 00001D
setMotorPWM@m                  cstackCOMRAM 000016
sprintf@ap                     cstackBANK0  000076
sprintf@f                      cstackBANK0  000078
sprintf@fmt                    cstackBANK0  000070
sprintf@s                      cstackBANK0  00006E
stackhi                        (abs)        0002FF
stacklo                        (abs)        0000DE
start                          init         000040
start_initialization           cinit        00147A
stop@i                         cstackCOMRAM 000023
stop@mL                        cstackCOMRAM 00001F
stop@mR                        cstackCOMRAM 000021
strlen@a                       cstackCOMRAM 00000A
strlen@s                       cstackCOMRAM 000008
ttemp5                         temp         000058
ttemp6                         temp         00005B
ttemp7                         temp         00005F
turnRight@i                    cstackCOMRAM 000024
turnRight@mL                   cstackCOMRAM 00001F
turnRight@mR                   cstackCOMRAM 000021
utoa@d                         cstackCOMRAM 000025
utoa@fp                        cstackCOMRAM 000023
utoa@i                         cstackCOMRAM 000041
utoa@n                         cstackCOMRAM 000039
utoa@p                         cstackCOMRAM 000035
utoa@w                         cstackCOMRAM 000037
vfpfcnvrt@ap                   cstackCOMRAM 000047
vfpfcnvrt@fmt                  cstackCOMRAM 000045
vfpfcnvrt@fp                   cstackCOMRAM 000043
vfpfcnvrt@llu                  cstackBANK0  000060
vfprintf@ap                    cstackBANK0  00006C
vfprintf@cfmt                  cstackCOMRAM 00004D
vfprintf@fmt                   cstackBANK0  00006A
vfprintf@fp                    cstackBANK0  000068
wtemp8                         temp         000058


FUNCTION INFORMATION:

 *************** function _main *****************
 Defined at:
		line 77 in file "main.c"
 Parameters:    Size  Location     Type
		None
 Auto vars:     Size  Location     Type
  i               2   59[BANK0 ] int 
  i               4   52[BANK0 ] unsigned long 
  temp2          16   32[BANK0 ] unsigned char [16]
  raw_data        2   57[BANK0 ] unsigned int 
  beacon_locat    1   56[BANK0 ] unsigned char 
  motorR          9   70[BANK0 ] struct DC_motor
  motorL          9   61[BANK0 ] struct DC_motor
  movementMill    4   48[BANK0 ] unsigned long 
 Return value:  Size  Location     Type
                  1    wreg      void 
 Registers used:
		wreg, fsr1l, fsr1h, fsr2l, fsr2h, status,2, status,0, tblptrl, tblptrh, tblptru, prodl, prodh, cstack
 Tracked objects:
		On entry : 
		On exit  : 
		Unchanged: 
 Data sizes:     COMRAM   BANK0   BANK1   BANK2
      Params:         0       0       0       0
      Locals:         0      47       0       0
      Temps:          0       2       0       0
      Totals:         0      49       0       0
Total ram usage:       49 bytes
 Hardware stack levels required when called:   10
 This function calls:
		_ClearLCD
		_LCD_String
		_SetLine
		_check_RFID
		_classify_data
		_display_RFID
		_init_motor_struct
		_moveBackward
		_moveForward
		_setup
		_sprintf
		_stop
		_turnRight
 This function is called by:
		Startup code after reset
 This function uses a non-reentrant model


 *************** function _turnRight *****************
 Defined at:
		line 68 in file "dc_motor.c"
 Parameters:    Size  Location     Type
  mL              2   30[COMRAM] PTR struct DC_motor
		 -> main@motorL(9), 
  mR              2   32[COMRAM] PTR struct DC_motor
		 -> main@motorR(9), 
 Auto vars:     Size  Location     Type
  i               2   35[COMRAM] int 
 Return value:  Size  Location     Type
                  1    wreg      void 
 Registers used:
		wreg, fsr2l, fsr2h, status,2, status,0, prodl, prodh, cstack
 Tracked objects:
		On entry : 
		On exit  : 
		Unchanged: 
 Data sizes:     COMRAM   BANK0   BANK1   BANK2
      Params:         4       0       0       0
      Locals:         2       0       0       0
      Temps:          1       0       0       0
      Totals:         7       0       0       0
Total ram usage:        7 bytes
 Hardware stack levels used:    1
 Hardware stack levels required when called:    4
 This function calls:
		_setMotorPWM
 This function is called by:
		_main
 This function uses a non-reentrant model


 *************** function _stop *****************
 Defined at:
		line 40 in file "dc_motor.c"
 Parameters:    Size  Location     Type
  mL              2   30[COMRAM] PTR struct DC_motor
		 -> main@motorL(9), 
  mR              2   32[COMRAM] PTR struct DC_motor
		 -> main@motorR(9), 
 Auto vars:     Size  Location     Type
  i               2   34[COMRAM] int 
 Return value:  Size  Location     Type
                  1    wreg      void 
 Registers used:
		wreg, fsr2l, fsr2h, status,2, status,0, prodl, prodh, cstack
 Tracked objects:
		On entry : 
		On exit  : 
		Unchanged: 
 Data sizes:     COMRAM   BANK0   BANK1   BANK2
      Params:         4       0       0       0
      Locals:         2       0       0       0
      Temps:          0       0       0       0
      Totals:         6       0       0       0
Total ram usage:        6 bytes
 Hardware stack levels used:    1
 Hardware stack levels required when called:    4
 This function calls:
		_setMotorPWM
 This function is called by:
		_main
 This function uses a non-reentrant model


 *************** function _sprintf *****************
 Defined at:
		line 9 in file "C:\Program Files (x86)\Microchip\xc8\v2.05\pic\sources\c99\common\nf_sprintf.c"
 Parameters:    Size  Location     Type
  s               2   14[BANK0 ] PTR unsigned char 
		 -> main@temp2(16), 
  fmt             2   16[BANK0 ] PTR const unsigned char 
		 -> STR_1(13), 
 Auto vars:     Size  Location     Type
  f               6   24[BANK0 ] struct _IO_FILE
  ap              2   22[BANK0 ] PTR void [1]
		 -> ?_sprintf(2), 
  ret             2    0        int 
 Return value:  Size  Location     Type
                  2   14[BANK0 ] int 
 Registers used:
		wreg, fsr1l, fsr1h, fsr2l, fsr2h, status,2, status,0, tblptrl, tblptrh, tblptru, cstack
 Tracked objects:
		On entry : 
		On exit  : 
		Unchanged: 
 Data sizes:     COMRAM   BANK0   BANK1   BANK2
      Params:         0       6       0       0
      Locals:         0      10       0       0
      Temps:          0       0       0       0
      Totals:         0      16       0       0
Total ram usage:       16 bytes
 Hardware stack levels used:    1
 Hardware stack levels required when called:    9
 This function calls:
		_vfprintf
 This function is called by:
		_main
 This function uses a non-reentrant model


 *************** function _vfprintf *****************
 Defined at:
		line 1368 in file "C:\Program Files (x86)\Microchip\xc8\v2.05\pic\sources\c99\common\doprnt.c"
 Parameters:    Size  Location     Type
  fp              2    8[BANK0 ] PTR struct _IO_FILE
		 -> sprintf@f(6), 
  fmt             2   10[BANK0 ] PTR const unsigned char 
		 -> STR_1(13), 
  ap              2   12[BANK0 ] PTR PTR void 
		 -> sprintf@ap(2), 
 Auto vars:     Size  Location     Type
  cfmt            2   76[COMRAM] PTR unsigned char 
		 -> STR_1(13), 
 Return value:  Size  Location     Type
                  2    8[BANK0 ] int 
 Registers used:
		wreg, fsr1l, fsr1h, fsr2l, fsr2h, status,2, status,0, tblptrl, tblptrh, tblptru, cstack
 Tracked objects:
		On entry : 
		On exit  : 
		Unchanged: 
 Data sizes:     COMRAM   BANK0   BANK1   BANK2
      Params:         0       6       0       0
      Locals:         2       0       0       0
      Temps:          0       0       0       0
      Totals:         2       6       0       0
Total ram usage:        8 bytes
 Hardware stack levels used:    1
 Hardware stack levels required when called:    8
 This function calls:
		_vfpfcnvrt
 This function is called by:
		_sprintf
 This function uses a non-reentrant model


 *************** function _vfpfcnvrt *****************
 Defined at:
		line 670 in file "C:\Program Files (x86)\Microchip\xc8\v2.05\pic\sources\c99\common\doprnt.c"
 Parameters:    Size  Location     Type
  fp              2   66[COMRAM] PTR struct _IO_FILE
		 -> sprintf@f(6), 
  fmt             2   68[COMRAM] PTR PTR unsigned char 
		 -> vfprintf@cfmt(2), 
  ap              2   70[COMRAM] PTR PTR void 
		 -> sprintf@ap(2), 
 Auto vars:     Size  Location     Type
  llu             8    0[BANK0 ] unsigned long long 
  ll              8    0        long long 
  f               4    0        long long 
  vp              3    0        PTR void 
  ct              3    0        unsigned char [3]
  cp              3    0        PTR unsigned char 
  i               2    0        int 
  done            2    0        int 
  c               1    0        unsigned char 
 Return value:  Size  Location     Type
                  2   66[COMRAM] int 
 Registers used:
		wreg, fsr1l, fsr1h, fsr2l, fsr2h, status,2, status,0, tblptrl, tblptrh, tblptru, cstack
 Tracked objects:
		On entry : 
		On exit  : 
		Unchanged: 
 Data sizes:     COMRAM   BANK0   BANK1   BANK2
      Params:         6       0       0       0
      Locals:         0       8       0       0
      Temps:          4       0       0       0
      Totals:        10       8       0       0
Total ram usage:       18 bytes
 Hardware stack levels used:    1
 Hardware stack levels required when called:    7
 This function calls:
		_fputc
		_utoa
 This function is called by:
		_vfprintf
 This function uses a non-reentrant model


 *************** function _utoa *****************
 Defined at:
		line 593 in file "C:\Program Files (x86)\Microchip\xc8\v2.05\pic\sources\c99\common\doprnt.c"
 Parameters:    Size  Location     Type
  fp              2   34[COMRAM] PTR struct _IO_FILE
		 -> sprintf@f(6), 
  d               8   36[COMRAM] unsigned long long 
 Auto vars:     Size  Location     Type
  n               8   56[COMRAM] unsigned long long 
  i               2   64[COMRAM] int 
  w               2   54[COMRAM] int 
  p               2   52[COMRAM] int 
 Return value:  Size  Location     Type
                  2   34[COMRAM] int 
 Registers used:
		wreg, fsr1l, fsr1h, fsr2l, fsr2h, status,2, status,0, cstack
 Tracked objects:
		On entry : 
		On exit  : 
		Unchanged: 
 Data sizes:     COMRAM   BANK0   BANK1   BANK2
      Params:        10       0       0       0
      Locals:        14       0       0       0
      Temps:          8       0       0       0
      Totals:        32       0       0       0
Total ram usage:       32 bytes
 Hardware stack levels used:    1
 Hardware stack levels required when called:    6
 This function calls:
		___lodiv
		___lomod
		_pad
 This function is called by:
		_vfpfcnvrt
 This function uses a non-reentrant model


 *************** function _pad *****************
 Defined at:
		line 72 in file "C:\Program Files (x86)\Microchip\xc8\v2.05\pic\sources\c99\common\doprnt.c"
 Parameters:    Size  Location     Type
  fp              2   23[COMRAM] PTR struct _IO_FILE
		 -> sprintf@f(6), 
  buf             2   25[COMRAM] PTR unsigned char 
		 -> dbuf(32), 
  p               2   27[COMRAM] int 
 Auto vars:     Size  Location     Type
  w               2   32[COMRAM] int 
  i               2   30[COMRAM] int 
 Return value:  Size  Location     Type
                  2   23[COMRAM] int 
 Registers used:
		wreg, fsr1l, fsr1h, fsr2l, fsr2h, status,2, status,0, cstack
 Tracked objects:
		On entry : 
		On exit  : 
		Unchanged: 
 Data sizes:     COMRAM   BANK0   BANK1   BANK2
      Params:         6       0       0       0
      Locals:         4       0       0       0
      Temps:          1       0       0       0
      Totals:        11       0       0       0
Total ram usage:       11 bytes
 Hardware stack levels used:    1
 Hardware stack levels required when called:    5
 This function calls:
		_fputc
		_fputs
		_strlen
 This function is called by:
		_utoa
 This function uses a non-reentrant model


 *************** function _strlen *****************
 Defined at:
		line 12 in file "C:\Program Files (x86)\Microchip\xc8\v2.05\pic\sources\c99\common\strlen.c"
 Parameters:    Size  Location     Type
  s               2    7[COMRAM] PTR const unsigned char 
		 -> dbuf(32), 
 Auto vars:     Size  Location     Type
  a               2    9[COMRAM] PTR const unsigned char 
		 -> dbuf(32), 
 Return value:  Size  Location     Type
                  2    7[COMRAM] unsigned int 
 Registers used:
		wreg, fsr2l, fsr2h, status,2, status,0
 Tracked objects:
		On entry : 
		On exit  : 
		Unchanged: 
 Data sizes:     COMRAM   BANK0   BANK1   BANK2
      Params:         2       0       0       0
      Locals:         2       0       0       0
      Temps:          0       0       0       0
      Totals:         4       0       0       0
Total ram usage:        4 bytes
 Hardware stack levels used:    1
 Hardware stack levels required when called:    2
 This function calls:
		Nothing
 This function is called by:
		_pad
 This function uses a non-reentrant model


 *************** function _fputs *****************
 Defined at:
		line 8 in file "C:\Program Files (x86)\Microchip\xc8\v2.05\pic\sources\c99\common\nf_fputs.c"
 Parameters:    Size  Location     Type
  s               2   16[COMRAM] PTR const unsigned char 
		 -> dbuf(32), 
  fp              2   18[COMRAM] PTR struct _IO_FILE
		 -> sprintf@f(6), 
 Auto vars:     Size  Location     Type
  i               2   21[COMRAM] int 
  c               1   20[COMRAM] unsigned char 
 Return value:  Size  Location     Type
                  2   16[COMRAM] int 
 Registers used:
		wreg, fsr1l, fsr1h, fsr2l, fsr2h, status,2, status,0, cstack
 Tracked objects:
		On entry : 
		On exit  : 
		Unchanged: 
 Data sizes:     COMRAM   BANK0   BANK1   BANK2
      Params:         4       0       0       0
      Locals:         3       0       0       0
      Temps:          0       0       0       0
      Totals:         7       0       0       0
Total ram usage:        7 bytes
 Hardware stack levels used:    1
 Hardware stack levels required when called:    4
 This function calls:
		_fputc
 This function is called by:
		_pad
 This function uses a non-reentrant model


 *************** function _fputc *****************
 Defined at:
		line 8 in file "C:\Program Files (x86)\Microchip\xc8\v2.05\pic\sources\c99\common\nf_fputc.c"
 Parameters:    Size  Location     Type
  c               2    7[COMRAM] int 
  fp              2    9[COMRAM] PTR struct _IO_FILE
		 -> sprintf@f(6), 
 Auto vars:     Size  Location     Type
		None
 Return value:  Size  Location     Type
                  2    7[COMRAM] int 
 Registers used:
		wreg, fsr1l, fsr1h, fsr2l, fsr2h, status,2, status,0, cstack
 Tracked objects:
		On entry : 
		On exit  : 
		Unchanged: 
 Data sizes:     COMRAM   BANK0   BANK1   BANK2
      Params:         4       0       0       0
      Locals:         0       0       0       0
      Temps:          5       0       0       0
      Totals:         9       0       0       0
Total ram usage:        9 bytes
 Hardware stack levels used:    1
 Hardware stack levels required when called:    3
 This function calls:
		_putch
 This function is called by:
		_pad
		_vfpfcnvrt
		_fputs
 This function uses a non-reentrant model


 *************** function _putch *****************
 Defined at:
		line 7 in file "C:\Program Files (x86)\Microchip\xc8\v2.05\pic\sources\c99\common\putch.c"
 Parameters:    Size  Location     Type
  c               1    wreg     unsigned char 
 Auto vars:     Size  Location     Type
  c               1    0[COMRAM] unsigned char 
 Return value:  Size  Location     Type
                  1    wreg      void 
 Registers used:
		wreg
 Tracked objects:
		On entry : 
		On exit  : 
		Unchanged: 
 Data sizes:     COMRAM   BANK0   BANK1   BANK2
      Params:         0       0       0       0
      Locals:         0       0       0       0
      Temps:          0       0       0       0
      Totals:         0       0       0       0
Total ram usage:        0 bytes
 Hardware stack levels used:    1
 Hardware stack levels required when called:    2
 This function calls:
		Nothing
 This function is called by:
		_fputc
 This function uses a non-reentrant model


 *************** function ___lomod *****************
 Defined at:
		line 9 in file "C:\Program Files (x86)\Microchip\xc8\v2.05\pic\sources\c99\common\lomod.c"
 Parameters:    Size  Location     Type
  dividend        8    7[COMRAM] unsigned long long 
  divisor         8   15[COMRAM] unsigned long long 
 Auto vars:     Size  Location     Type
  counter         1   23[COMRAM] unsigned char 
 Return value:  Size  Location     Type
                  8    7[COMRAM] unsigned long long 
 Registers used:
		wreg, status,2, status,0
 Tracked objects:
		On entry : 
		On exit  : 
		Unchanged: 
 Data sizes:     COMRAM   BANK0   BANK1   BANK2
      Params:        16       0       0       0
      Locals:         1       0       0       0
      Temps:          0       0       0       0
      Totals:        17       0       0       0
Total ram usage:       17 bytes
 Hardware stack levels used:    1
 Hardware stack levels required when called:    2
 This function calls:
		Nothing
 This function is called by:
		_utoa
 This function uses a non-reentrant model


 *************** function ___lodiv *****************
 Defined at:
		line 9 in file "C:\Program Files (x86)\Microchip\xc8\v2.05\pic\sources\c99\common\lodiv.c"
 Parameters:    Size  Location     Type
  dividend        8    7[COMRAM] unsigned long long 
  divisor         8   15[COMRAM] unsigned long long 
 Auto vars:     Size  Location     Type
  quotient        8   23[COMRAM] unsigned long long 
  counter         1   31[COMRAM] unsigned char 
 Return value:  Size  Location     Type
                  8    7[COMRAM] unsigned long long 
 Registers used:
		wreg, fsr2l, fsr2h, status,2, status,0
 Tracked objects:
		On entry : 
		On exit  : 
		Unchanged: 
 Data sizes:     COMRAM   BANK0   BANK1   BANK2
      Params:        16       0       0       0
      Locals:         9       0       0       0
      Temps:          0       0       0       0
      Totals:        25       0       0       0
Total ram usage:       25 bytes
 Hardware stack levels used:    1
 Hardware stack levels required when called:    2
 This function calls:
		Nothing
 This function is called by:
		_utoa
 This function uses a non-reentrant model


 *************** function _setup *****************
 Defined at:
		line 38 in file "main.c"
 Parameters:    Size  Location     Type
		None
 Auto vars:     Size  Location     Type
		None
 Return value:  Size  Location     Type
                  1    wreg      void 
 Registers used:
		wreg, status,2, status,0, cstack
 Tracked objects:
		On entry : 
		On exit  : 
		Unchanged: 
 Data sizes:     COMRAM   BANK0   BANK1   BANK2
      Params:         0       0       0       0
      Locals:         0       0       0       0
      Temps:          0       0       0       0
      Totals:         0       0       0       0
Total ram usage:        0 bytes
 Hardware stack levels used:    1
 Hardware stack levels required when called:    6
 This function calls:
		_initPWM
		_init_LCD
		_init_RFID
		_init_sensor
 This function is called by:
		_main
 This function uses a non-reentrant model


 *************** function _init_sensor *****************
 Defined at:
		line 14 in file "signal_processing.c"
 Parameters:    Size  Location     Type
		None
 Auto vars:     Size  Location     Type
		None
 Return value:  Size  Location     Type
                  1    wreg      void 
 Registers used:
		wreg, status,2
 Tracked objects:
		On entry : 
		On exit  : 
		Unchanged: 
 Data sizes:     COMRAM   BANK0   BANK1   BANK2
      Params:         0       0       0       0
      Locals:         0       0       0       0
      Temps:          0       0       0       0
      Totals:         0       0       0       0
Total ram usage:        0 bytes
 Hardware stack levels used:    1
 Hardware stack levels required when called:    2
 This function calls:
		Nothing
 This function is called by:
		_setup
 This function uses a non-reentrant model


 *************** function _init_RFID *****************
 Defined at:
		line 13 in file "RFID.c"
 Parameters:    Size  Location     Type
		None
 Auto vars:     Size  Location     Type
		None
 Return value:  Size  Location     Type
                  1    wreg      void 
 Registers used:
		wreg, status,2
 Tracked objects:
		On entry : 
		On exit  : 
		Unchanged: 
 Data sizes:     COMRAM   BANK0   BANK1   BANK2
      Params:         0       0       0       0
      Locals:         0       0       0       0
      Temps:          0       0       0       0
      Totals:         0       0       0       0
Total ram usage:        0 bytes
 Hardware stack levels used:    1
 Hardware stack levels required when called:    2
 This function calls:
		Nothing
 This function is called by:
		_setup
 This function uses a non-reentrant model


 *************** function _init_LCD *****************
 Defined at:
		line 56 in file "LCDIO.c"
 Parameters:    Size  Location     Type
		None
 Auto vars:     Size  Location     Type
		None
 Return value:  Size  Location     Type
                  1    wreg      void 
 Registers used:
		wreg, status,2, status,0, cstack
 Tracked objects:
		On entry : 
		On exit  : 
		Unchanged: 
 Data sizes:     COMRAM   BANK0   BANK1   BANK2
      Params:         0       0       0       0
      Locals:         0       0       0       0
      Temps:          1       0       0       0
      Totals:         1       0       0       0
Total ram usage:        1 bytes
 Hardware stack levels used:    1
 Hardware stack levels required when called:    5
 This function calls:
		_LCDout
		_SendLCD
 This function is called by:
		_setup
 This function uses a non-reentrant model


 *************** function _initPWM *****************
 Defined at:
		line 5 in file "dc_motor.c"
 Parameters:    Size  Location     Type
  PWMperiod       2    7[COMRAM] int 
 Auto vars:     Size  Location     Type
		None
 Return value:  Size  Location     Type
                  1    wreg      void 
 Registers used:
		wreg, status,2
 Tracked objects:
		On entry : 
		On exit  : 
		Unchanged: 
 Data sizes:     COMRAM   BANK0   BANK1   BANK2
      Params:         2       0       0       0
      Locals:         0       0       0       0
      Temps:          0       0       0       0
      Totals:         2       0       0       0
Total ram usage:        2 bytes
 Hardware stack levels used:    1
 Hardware stack levels required when called:    2
 This function calls:
		Nothing
 This function is called by:
		_setup
 This function uses a non-reentrant model


 *************** function _moveForward *****************
 Defined at:
		line 85 in file "dc_motor.c"
 Parameters:    Size  Location     Type
  mL              2   30[COMRAM] PTR struct DC_motor
		 -> main@motorL(9), 
  mR              2   32[COMRAM] PTR struct DC_motor
		 -> main@motorR(9), 
 Auto vars:     Size  Location     Type
  i               2   34[COMRAM] int 
 Return value:  Size  Location     Type
                  1    wreg      void 
 Registers used:
		wreg, fsr2l, fsr2h, status,2, status,0, prodl, prodh, cstack
 Tracked objects:
		On entry : 
		On exit  : 
		Unchanged: 
 Data sizes:     COMRAM   BANK0   BANK1   BANK2
      Params:         4       0       0       0
      Locals:         2       0       0       0
      Temps:          0       0       0       0
      Totals:         6       0       0       0
Total ram usage:        6 bytes
 Hardware stack levels used:    1
 Hardware stack levels required when called:    4
 This function calls:
		_setMotorPWM
 This function is called by:
		_main
 This function uses a non-reentrant model


 *************** function _moveBackward *****************
 Defined at:
		line 99 in file "dc_motor.c"
 Parameters:    Size  Location     Type
  mL              2   30[COMRAM] PTR struct DC_motor
		 -> main@motorL(9), 
  mR              2   32[COMRAM] PTR struct DC_motor
		 -> main@motorR(9), 
 Auto vars:     Size  Location     Type
  i               2   34[COMRAM] int 
 Return value:  Size  Location     Type
                  1    wreg      void 
 Registers used:
		wreg, fsr2l, fsr2h, status,2, status,0, prodl, prodh, cstack
 Tracked objects:
		On entry : 
		On exit  : 
		Unchanged: 
 Data sizes:     COMRAM   BANK0   BANK1   BANK2
      Params:         4       0       0       0
      Locals:         2       0       0       0
      Temps:          0       0       0       0
      Totals:         6       0       0       0
Total ram usage:        6 bytes
 Hardware stack levels used:    1
 Hardware stack levels required when called:    4
 This function calls:
		_setMotorPWM
 This function is called by:
		_main
 This function uses a non-reentrant model


 *************** function _init_motor_struct *****************
 Defined at:
		line 112 in file "dc_motor.c"
 Parameters:    Size  Location     Type
  mL              2   30[COMRAM] PTR struct DC_motor
		 -> main@motorL(9), 
  mR              2   32[COMRAM] PTR struct DC_motor
		 -> main@motorR(9), 
 Auto vars:     Size  Location     Type
		None
 Return value:  Size  Location     Type
                  1    wreg      void 
 Registers used:
		wreg, fsr2l, fsr2h, status,2, status,0, prodl, prodh, cstack
 Tracked objects:
		On entry : 
		On exit  : 
		Unchanged: 
 Data sizes:     COMRAM   BANK0   BANK1   BANK2
      Params:         4       0       0       0
      Locals:         0       0       0       0
      Temps:          0       0       0       0
      Totals:         4       0       0       0
Total ram usage:        4 bytes
 Hardware stack levels used:    1
 Hardware stack levels required when called:    4
 This function calls:
		_setMotorPWM
 This function is called by:
		_main
 This function uses a non-reentrant model


 *************** function _setMotorPWM *****************
 Defined at:
		line 18 in file "dc_motor.c"
 Parameters:    Size  Location     Type
  m               2   21[COMRAM] PTR struct DC_motor
		 -> main@motorR(9), main@motorL(9), 
 Auto vars:     Size  Location     Type
  PWMduty         2   28[COMRAM] int 
 Return value:  Size  Location     Type
                  1    wreg      void 
 Registers used:
		wreg, fsr2l, fsr2h, status,2, status,0, prodl, prodh, cstack
 Tracked objects:
		On entry : 
		On exit  : 
		Unchanged: 
 Data sizes:     COMRAM   BANK0   BANK1   BANK2
      Params:         2       0       0       0
      Locals:         2       0       0       0
      Temps:          5       0       0       0
      Totals:         9       0       0       0
Total ram usage:        9 bytes
 Hardware stack levels used:    1
 Hardware stack levels required when called:    3
 This function calls:
		___awdiv
		___wmul
 This function is called by:
		_stop
		_turnRight
		_moveForward
		_moveBackward
		_init_motor_struct
		_turnLeft
 This function uses a non-reentrant model


 *************** function ___wmul *****************
 Defined at:
		line 15 in file "C:\Program Files (x86)\Microchip\xc8\v2.05\pic\sources\c99\common\Umul16.c"
 Parameters:    Size  Location     Type
  multiplier      2    7[COMRAM] unsigned int 
  multiplicand    2    9[COMRAM] unsigned int 
 Auto vars:     Size  Location     Type
  product         2   11[COMRAM] unsigned int 
 Return value:  Size  Location     Type
                  2    7[COMRAM] unsigned int 
 Registers used:
		wreg, status,2, status,0, prodl, prodh
 Tracked objects:
		On entry : 
		On exit  : 
		Unchanged: 
 Data sizes:     COMRAM   BANK0   BANK1   BANK2
      Params:         4       0       0       0
      Locals:         2       0       0       0
      Temps:          0       0       0       0
      Totals:         6       0       0       0
Total ram usage:        6 bytes
 Hardware stack levels used:    1
 Hardware stack levels required when called:    2
 This function calls:
		Nothing
 This function is called by:
		_setMotorPWM
 This function uses a non-reentrant model


 *************** function ___awdiv *****************
 Defined at:
		line 7 in file "C:\Program Files (x86)\Microchip\xc8\v2.05\pic\sources\c99\common\awdiv.c"
 Parameters:    Size  Location     Type
  dividend        2   13[COMRAM] int 
  divisor         2   15[COMRAM] int 
 Auto vars:     Size  Location     Type
  quotient        2   19[COMRAM] int 
  sign            1   18[COMRAM] unsigned char 
  counter         1   17[COMRAM] unsigned char 
 Return value:  Size  Location     Type
                  2   13[COMRAM] int 
 Registers used:
		wreg, status,2, status,0
 Tracked objects:
		On entry : 
		On exit  : 
		Unchanged: 
 Data sizes:     COMRAM   BANK0   BANK1   BANK2
      Params:         4       0       0       0
      Locals:         4       0       0       0
      Temps:          0       0       0       0
      Totals:         8       0       0       0
Total ram usage:        8 bytes
 Hardware stack levels used:    1
 Hardware stack levels required when called:    2
 This function calls:
		Nothing
 This function is called by:
		_setMotorPWM
 This function uses a non-reentrant model


 *************** function _display_RFID *****************
 Defined at:
		line 109 in file "RFID.c"
 Parameters:    Size  Location     Type
  dataBuf         2   12[COMRAM] PTR unsigned char 
		 -> RFIDbuf(12), 
 Auto vars:     Size  Location     Type
  i               2   14[COMRAM] int 
 Return value:  Size  Location     Type
                  1    wreg      void 
 Registers used:
		wreg, fsr2l, fsr2h, status,2, status,0, cstack
 Tracked objects:
		On entry : 
		On exit  : 
		Unchanged: 
 Data sizes:     COMRAM   BANK0   BANK1   BANK2
      Params:         2       0       0       0
      Locals:         2       0       0       0
      Temps:          0       0       0       0
      Totals:         4       0       0       0
Total ram usage:        4 bytes
 Hardware stack levels used:    1
 Hardware stack levels required when called:    6
 This function calls:
		_ClearLCD
		_SendLCD
		_SetLine
 This function is called by:
		_main
 This function uses a non-reentrant model


 *************** function _ClearLCD *****************
 Defined at:
		line 137 in file "LCDIO.c"
 Parameters:    Size  Location     Type
		None
 Auto vars:     Size  Location     Type
		None
 Return value:  Size  Location     Type
                  1    wreg      void 
 Registers used:
		wreg, status,2, status,0, cstack
 Tracked objects:
		On entry : 
		On exit  : 
		Unchanged: 
 Data sizes:     COMRAM   BANK0   BANK1   BANK2
      Params:         0       0       0       0
      Locals:         0       0       0       0
      Temps:          1       0       0       0
      Totals:         1       0       0       0
Total ram usage:        1 bytes
 Hardware stack levels used:    1
 Hardware stack levels required when called:    5
 This function calls:
		_SendLCD
 This function is called by:
		_main
		_display_RFID
 This function uses a non-reentrant model


 *************** function _classify_data *****************
 Defined at:
		line 30 in file "signal_processing.c"
 Parameters:    Size  Location     Type
  raw_data        2    7[COMRAM] int 
 Auto vars:     Size  Location     Type
		None
 Return value:  Size  Location     Type
                  1    wreg      unsigned char 
 Registers used:
		wreg, status,2, status,0
 Tracked objects:
		On entry : 
		On exit  : 
		Unchanged: 
 Data sizes:     COMRAM   BANK0   BANK1   BANK2
      Params:         2       0       0       0
      Locals:         0       0       0       0
      Temps:          0       0       0       0
      Totals:         2       0       0       0
Total ram usage:        2 bytes
 Hardware stack levels used:    1
 Hardware stack levels required when called:    2
 This function calls:
		Nothing
 This function is called by:
		_main
 This function uses a non-reentrant model


 *************** function _check_RFID *****************
 Defined at:
		line 72 in file "RFID.c"
 Parameters:    Size  Location     Type
  dataBuf         2   13[COMRAM] PTR unsigned char 
		 -> RFIDbuf(12), 
 Auto vars:     Size  Location     Type
  i               2   35[COMRAM] int 
  hexBuf         12   17[COMRAM] unsigned char [12]
  checksum        1   34[COMRAM] unsigned char 
  byte5           1   33[COMRAM] unsigned char 
  byte4           1   32[COMRAM] unsigned char 
  byte3           1   31[COMRAM] unsigned char 
  byte2           1   30[COMRAM] unsigned char 
  byte1           1   29[COMRAM] unsigned char 
 Return value:  Size  Location     Type
                  1    wreg      void 
 Registers used:
		wreg, fsr1l, fsr1h, fsr2l, fsr2h, status,2, status,0, tblptrl, tblptrh, tblptru, cstack
 Tracked objects:
		On entry : 
		On exit  : 
		Unchanged: 
 Data sizes:     COMRAM   BANK0   BANK1   BANK2
      Params:         2       0       0       0
      Locals:        20       0       0       0
      Temps:          2       0       0       0
      Totals:        24       0       0       0
Total ram usage:       24 bytes
 Hardware stack levels used:    1
 Hardware stack levels required when called:    6
 This function calls:
		_LCD_String
		_SetLine
 This function is called by:
		_main
 This function uses a non-reentrant model


 *************** function _SetLine *****************
 Defined at:
		line 107 in file "LCDIO.c"
 Parameters:    Size  Location     Type
  line            1    wreg     unsigned char 
 Auto vars:     Size  Location     Type
  line            1   11[COMRAM] unsigned char 
 Return value:  Size  Location     Type
                  1    wreg      void 
 Registers used:
		wreg, status,2, status,0, cstack
 Tracked objects:
		On entry : 
		On exit  : 
		Unchanged: 
 Data sizes:     COMRAM   BANK0   BANK1   BANK2
      Params:         0       0       0       0
      Locals:         1       0       0       0
      Temps:          0       0       0       0
      Totals:         1       0       0       0
Total ram usage:        1 bytes
 Hardware stack levels used:    1
 Hardware stack levels required when called:    5
 This function calls:
		_SendLCD
 This function is called by:
		_main
		_check_RFID
		_display_RFID
 This function uses a non-reentrant model


 *************** function _LCD_String *****************
 Defined at:
		line 119 in file "LCDIO.c"
 Parameters:    Size  Location     Type
  string          2   11[COMRAM] PTR unsigned char 
		 -> STR_4(16), STR_3(16), STR_2(16), main@temp2(16), 
 Auto vars:     Size  Location     Type
		None
 Return value:  Size  Location     Type
                  1    wreg      void 
 Registers used:
		wreg, fsr1l, fsr1h, status,2, status,0, tblptrl, tblptrh, tblptru, cstack
 Tracked objects:
		On entry : 
		On exit  : 
		Unchanged: 
 Data sizes:     COMRAM   BANK0   BANK1   BANK2
      Params:         2       0       0       0
      Locals:         0       0       0       0
      Temps:          0       0       0       0
      Totals:         2       0       0       0
Total ram usage:        2 bytes
 Hardware stack levels used:    1
 Hardware stack levels required when called:    5
 This function calls:
		_SendLCD
 This function is called by:
		_main
		_check_RFID
 This function uses a non-reentrant model


 *************** function _SendLCD *****************
 Defined at:
		line 44 in file "LCDIO.c"
 Parameters:    Size  Location     Type
  Byte            1    wreg     unsigned char 
  type            1    9[COMRAM] unsigned char 
 Auto vars:     Size  Location     Type
  Byte            1   10[COMRAM] unsigned char 
 Return value:  Size  Location     Type
                  1    wreg      void 
 Registers used:
		wreg, status,2, status,0, cstack
 Tracked objects:
		On entry : 
		On exit  : 
		Unchanged: 
 Data sizes:     COMRAM   BANK0   BANK1   BANK2
      Params:         1       0       0       0
      Locals:         1       0       0       0
      Temps:          0       0       0       0
      Totals:         2       0       0       0
Total ram usage:        2 bytes
 Hardware stack levels used:    1
 Hardware stack levels required when called:    4
 This function calls:
		_LCDout
 This function is called by:
		_init_LCD
		_SetLine
		_LCD_String
		_ClearLCD
		_display_RFID
		_ShiftLeft
		_ShiftRight
 This function uses a non-reentrant model


 *************** function _LCDout *****************
 Defined at:
		line 31 in file "LCDIO.c"
 Parameters:    Size  Location     Type
  number          1    wreg     unsigned char 
 Auto vars:     Size  Location     Type
  number          1    8[COMRAM] unsigned char 
 Return value:  Size  Location     Type
                  1    wreg      void 
 Registers used:
		wreg, status,2, status,0, cstack
 Tracked objects:
		On entry : 
		On exit  : 
		Unchanged: 
 Data sizes:     COMRAM   BANK0   BANK1   BANK2
      Params:         0       0       0       0
      Locals:         1       0       0       0
      Temps:          1       0       0       0
      Totals:         2       0       0       0
Total ram usage:        2 bytes
 Hardware stack levels used:    1
 Hardware stack levels required when called:    3
 This function calls:
		_E_TOG
 This function is called by:
		_SendLCD
		_init_LCD
 This function uses a non-reentrant model


 *************** function _E_TOG *****************
 Defined at:
		line 23 in file "LCDIO.c"
 Parameters:    Size  Location     Type
		None
 Auto vars:     Size  Location     Type
		None
 Return value:  Size  Location     Type
                  1    wreg      void 
 Registers used:
		wreg
 Tracked objects:
		On entry : 
		On exit  : 
		Unchanged: 
 Data sizes:     COMRAM   BANK0   BANK1   BANK2
      Params:         0       0       0       0
      Locals:         0       0       0       0
      Temps:          0       0       0       0
      Totals:         0       0       0       0
Total ram usage:        0 bytes
 Hardware stack levels used:    1
 Hardware stack levels required when called:    2
 This function calls:
		Nothing
 This function is called by:
		_LCDout
 This function uses a non-reentrant model


 *************** function _InterruptHandlerHigh *****************
 Defined at:
		line 59 in file "main.c"
 Parameters:    Size  Location     Type
		None
 Auto vars:     Size  Location     Type
  throwaway       1    0        unsigned char 
 Return value:  Size  Location     Type
                  1    wreg      void 
 Registers used:
		wreg, fsr2l, fsr2h, status,2, status,0, cstack
 Tracked objects:
		On entry : 
		On exit  : 
		Unchanged: 
 Data sizes:     COMRAM   BANK0   BANK1   BANK2
      Params:         0       0       0       0
      Locals:         1       0       0       0
      Temps:          2       0       0       0
      Totals:         3       0       0       0
Total ram usage:        3 bytes
 Hardware stack levels used:    1
 Hardware stack levels required when called:    1
 This function calls:
		_processRFID
 This function is called by:
		Interrupt level 2
 This function uses a non-reentrant model


 *************** function _processRFID *****************
 Defined at:
		line 34 in file "RFID.c"
 Parameters:    Size  Location     Type
  RFIDbuf         2    0[COMRAM] PTR unsigned char 
		 -> RFIDbuf(12), 
  latestChar      1    2[COMRAM] unsigned char 
 Auto vars:     Size  Location     Type
  i               1    3[COMRAM] unsigned char 
 Return value:  Size  Location     Type
                  1    wreg      unsigned char 
 Registers used:
		wreg, fsr2l, fsr2h, status,2, status,0
 Tracked objects:
		On entry : 
		On exit  : 
		Unchanged: 
 Data sizes:     COMRAM   BANK0   BANK1   BANK2
      Params:         3       0       0       0
      Locals:         1       0       0       0
      Temps:          0       0       0       0
      Totals:         4       0       0       0
Total ram usage:        4 bytes
 Hardware stack levels used:    1
 This function calls:
		Nothing
 This function is called by:
		_InterruptHandlerHigh
 This function uses a non-reentrant model



MODULE INFORMATION

Module		Function		Class		Link	Load	Size
C:\Program Files (x86)\Microchip\xc8\v2.05\pic\sources\c99\common\putch.c
		_putch         		CODE           	1552	0000	3

C:\Program Files (x86)\Microchip\xc8\v2.05\pic\sources\c99\common\putch.c estimated size: 3

dc_motor.c
		_moveForward   		CODE           	10CC	0000	113
		_stop          		CODE           	12B2	0000	79
		_moveBackward  		CODE           	113C	0000	113
		_turnRight     		CODE           	0FD6	0000	127
		_setMotorPWM   		CODE           	09CA	0000	293
		_init_motor_struct		CODE           	0AEE	0000	235
		_initPWM       		CODE           	14E0	0000	27

dc_motor.c estimated size: 987

C:\Program Files (x86)\Microchip\xc8\v2.05\pic\sources\c99\common\nf_fputc.c
		_fputc         		CODE           	0E1C	0000	161

C:\Program Files (x86)\Microchip\xc8\v2.05\pic\sources\c99\common\nf_fputc.c estimated size: 161

C:\Program Files (x86)\Microchip\xc8\v2.05\pic\sources\c99\common\lodiv.c
		___lodiv       		CODE           	0BD8	0000	207

C:\Program Files (x86)\Microchip\xc8\v2.05\pic\sources\c99\common\lodiv.c estimated size: 207

signal_processing.c
		_init_sensor   		CODE           	1514	0000	25
		_classify_data 		CODE           	152C	0000	25

signal_processing.c estimated size: 50

C:\Program Files (x86)\Microchip\xc8\v2.05\pic\sources\c99\common\strlen.c
		_strlen        		CODE           	1450	0000	43

C:\Program Files (x86)\Microchip\xc8\v2.05\pic\sources\c99\common\strlen.c estimated size: 43

RFID.c
		_processRFID   		CODE           	1300	0000	77
		_display_RFID  		CODE           	134C	0000	65
		_check_RFID    		CODE           	087A	0000	337
		_init_RFID     		CODE           	14C6	0000	27

RFID.c estimated size: 506

C:\Program Files (x86)\Microchip\xc8\v2.05\pic\sources\c99\common\awdiv.c
		___awdiv       		CODE           	0F52	0000	133

C:\Program Files (x86)\Microchip\xc8\v2.05\pic\sources\c99\common\awdiv.c estimated size: 133

C:\Program Files (x86)\Microchip\xc8\v2.05\pic\sources\c99\common\doprnt.c
		_vfpfcnvrt     		CODE           	0710	0000	363
		_pad           		CODE           	0EBC	0000	151
		_vfprintf      		CODE           	120A	0000	87
		_utoa          		CODE           	0562	0000	431

C:\Program Files (x86)\Microchip\xc8\v2.05\pic\sources\c99\common\doprnt.c estimated size: 1032

shared
		__initialization		CODE           	147A	0000	25

shared estimated size: 25

C:\Program Files (x86)\Microchip\xc8\v2.05\pic\sources\c99\common\nf_sprintf.c
		_sprintf       		CODE           	1260	0000	83

C:\Program Files (x86)\Microchip\xc8\v2.05\pic\sources\c99\common\nf_sprintf.c estimated size: 83

C:\Program Files (x86)\Microchip\xc8\v2.05\pic\sources\c99\common\Umul16.c
		___wmul        		CODE           	14A0	0000	39

C:\Program Files (x86)\Microchip\xc8\v2.05\pic\sources\c99\common\Umul16.c estimated size: 39

C:\Program Files (x86)\Microchip\xc8\v2.05\pic\sources\c99\common\nf_fputs.c
		_fputs         		CODE           	138C	0000	57

C:\Program Files (x86)\Microchip\xc8\v2.05\pic\sources\c99\common\nf_fputs.c estimated size: 57

LCDIO.c
		_SetLine       		CODE           	1422	0000	47
		_LCD_String    		CODE           	11AC	0000	95
		_SendLCD       		CODE           	13C4	0000	49
		_E_TOG         		CODE           	1544	0000	15
		_init_LCD      		CODE           	0CA6	0000	201
		_ClearLCD      		CODE           	14FA	0000	27
		_LCDout        		CODE           	1054	0000	121

LCDIO.c estimated size: 555

main.c
		_main          		CODE           	0340	0000	547
		_InterruptHandlerHigh		CODE           	0008	0000	57
		_setup         		CODE           	13F4	0000	47

main.c estimated size: 651

C:\Program Files (x86)\Microchip\xc8\v2.05\pic\sources\c99\common\lomod.c
		___lomod       		CODE           	0D6E	0000	175

C:\Program Files (x86)\Microchip\xc8\v2.05\pic\sources\c99\common\lomod.c estimated size: 175

