Microchip MPLAB XC8 Compiler V2.05 ()

Linker command line:

-W-3 --edf=C:\Program Files (x86)\Microchip\xc8\v2.05\pic\dat\en_msgs.txt \
  -cs -h+dist/default/production\ECM_Final_Project.X.production.sym \
  --cmf=dist/default/production\ECM_Final_Project.X.production.cmf -z \
  -Q18F4331 -oC:\Users\charl\AppData\Local\Temp\s40o.2 \
  --defsym=__MPLAB_BUILD=1 \
  -Mdist/default/production/ECM_Final_Project.X.production.map -E1 -ver=XC8 \
  --acfsm=1493 -ASTACK=065h-02FFh -pstack=STACK -ACODE=00h-01FFFh \
  -ACONST=00h-01FFFh -ASMALLCONST=0300h-03FFhx29 -AMEDIUMCONST=0300h-01FFFh \
  -ACOMRAM=01h-05Fh -AABS1=00h-02FFh -ABIGRAM=01h-02FFh \
  -ARAM=060h-0FFh,0100h-01FFhx2 -ABANK0=060h-0FFh -ABANK1=0100h-01FFh \
  -ABANK2=0200h-02FFh -ASFR=0F60h-0FFFh \
  -preset_vec=00h,intcode=08h,intcodelo=018h,powerup,init -pramtop=0300h \
  -psmallconst=SMALLCONST -pmediumconst=MEDIUMCONST -pconst=CONST \
  -AFARRAM=00h-00h -ACONFIG=0300000h-030000Dh -pconfig=CONFIG \
  -AIDLOC=0200000h-0200007h -pidloc=IDLOC -AEEDATA=0F00000h-0F000FFh \
  -peeprom_data=EEDATA \
  -prdata=COMRAM,nvrram=COMRAM,nvbit=COMRAM,rbss=COMRAM,rbit=COMRAM \
  -pfarbss=FARRAM,fardata=FARRAM,nvFARRAM=FARRAM \
  -pintsave_regs=BIGRAM,bigbss=BIGRAM,bigdata=BIGRAM -pbss=RAM \
  -pidata=CODE,irdata=CODE,ibigdata=CODE,ifardata=CODE -prparam=COMRAM \
  C:\Users\charl\AppData\Local\Temp\s40o.o \
  dist/default/production\ECM_Final_Project.X.production.o 

Object code version is 3.11

Machine type is 18F4331

Call graph: (short form)




                Name                               Link     Load   Length Selector   Space Scale
C:\Users\charl\AppData\Local\Temp\s40o.o
                init                                 26       26        4        C       0
                reset_vec                             0        0        4        0       0
                idloc                            200000   200000        8   200000       0
                config                           300000   300000        E   300000       0
dist/default/production\ECM_Final_Project.X.production.o
                intcodelo                            18       18        E        C       0
                intcode                               8        8        6        4       0
                temp                                 37       37        1        1       1
                smallconst                          300      300       22      180       0
                text16                              894      894        E      191       0
                text15                              650      650       78      191       0
                text14                              7A6      7A6       30      191       0
                text13                              770      770       36      191       0
                text12                              7D6      7D6       2E      191       0
                text11                              322      322      150      191       0
                text10                              83C      83C       1A      191       0
                text9                               54C      54C       88      191       0
                intcode_body                        6C8      6C8       70      191       0
                text6                               886      886        E      191       0
                text5                               5D4      5D4       7C      191       0
                text4                               738      738       38      191       0
                text3                               472      472       DA      191       0
                text2                               86E      86E       18      191       0
                text1                               856      856       18      191       0
                text0                               822      822       1A      191       0
                cstackCOMRAM                          1        1       28        1       1
                cstackBANK0                          60       60        5       60       1
                bssCOMRAM                            29       29        E        1       1
                cinit                               804      804       1E      191       0

TOTAL           Name                               Link     Load   Length     Space
        CLASS   STACK          

        CLASS   CODE           
                intcodelo                            18       18        E         0
                intcode                               8        8        6         0
                init                                 26       26        4         0
                reset_vec                             0        0        4         0
                text16                              894      894        E         0
                text15                              650      650       78         0
                text14                              7A6      7A6       30         0
                text13                              770      770       36         0
                text12                              7D6      7D6       2E         0
                text11                              322      322      150         0
                text10                              83C      83C       1A         0
                text9                               54C      54C       88         0
                intcode_body                        6C8      6C8       70         0
                text6                               886      886        E         0
                text5                               5D4      5D4       7C         0
                text4                               738      738       38         0
                text3                               472      472       DA         0
                text2                               86E      86E       18         0
                text1                               856      856       18         0
                text0                               822      822       1A         0
                cinit                               804      804       1E         0

        CLASS   CONST          

        CLASS   SMALLCONST     
                smallconst                          300      300       22         0

        CLASS   MEDIUMCONST    

        CLASS   COMRAM         
                temp                                 37       37        1         1
                cstackCOMRAM                          1        1       28         1
                bssCOMRAM                            29       29        E         1

        CLASS   ABS1           

        CLASS   BIGRAM         

        CLASS   RAM            

        CLASS   BANK0          
                cstackBANK0                          60       60        5         1

        CLASS   BANK1          

        CLASS   BANK2          

        CLASS   SFR            

        CLASS   FARRAM         

        CLASS   CONFIG         
                config                           300000   300000        E         0

        CLASS   IDLOC          
                idloc                            200000   200000        8         0

        CLASS   EEDATA         



SEGMENTS        Name                           Load    Length   Top    Selector   Space  Class

                reset_vec                      000000  000004  000004         0       0  CODE    
                cstackCOMRAM                   000001  000037  000038         1       1  COMRAM  
                intcode                        000008  000006  00000E         4       0  CODE    
                intcodelo                      000018  000012  00002A         C       0  CODE    
                cstackBANK0                    000060  000005  000065        60       1  BANK0   
                smallconst                     000300  000022  000322       180       0  SMALLCON
                text11                         000322  000580  0008A2       191       0  CODE    
                idloc                          200000  000008  200008    200000       0  IDLOC   
                config                         300000  00000E  30000E    300000       0  CONFIG  


UNUSED ADDRESS RANGES

        Name                Unused          Largest block    Delta
        BANK0            000065-0000FF               9B
        BANK1            000100-0001FF              100
        BANK2            000200-0002FF              100
        BIGRAM           000038-00005F               28
                         000065-0002FF              29B
        CODE             000004-000007                4
                         00000E-000017                A
                         00002A-0002FF              2D6
                         0008A2-001FFF             175E
        COMRAM           000038-00005F               28
        CONST            000004-000007                4
                         00000E-000017                A
                         00002A-0002FF              2D6
                         0008A2-001FFF             175E
        EEDATA           F00000-F000FF              100
        MEDIUMCONST      0008A2-001FFF             175E
        RAM              000065-0002FF              100
        SFR              000F60-000FFF               A0
        SMALLCONST       0008A2-001FFF              100
        STACK            000065-0002FF              29B

                                  Symbol Table

InterruptHandlerHigh@RFID_flag cstackCOMRAM 000027
LCD_String@string              cstackCOMRAM 000005
LCDout@number                  cstackBANK0  000061
SendLCD@Byte                   cstackBANK0  000063
SendLCD@type                   cstackBANK0  000062
SetLine@line                   cstackCOMRAM 000005
_BAUDCONbits                   (abs)        000FAA
_ClearLCD                      text10       00083C
_E_TOG                         text6        000886
_INTCONbits                    (abs)        000FF2
_InterruptHandlerHigh          intcode      000008
_InterruptHandlerLow           intcodelo    000018
_LATAbits                      (abs)        000F89
_LATB                          (abs)        000F8A
_LATCbits                      (abs)        000F8B
_LATDbits                      (abs)        000F8C
_LCD_Init                      text3        000472
_LCD_String                    text13       000770
_LCDout                        text5        0005D4
_OSCCON                        (abs)        000FD3
_OSCCONbits                    (abs)        000FD3
_PIE1bits                      (abs)        000F9D
_PIR1bits                      (abs)        000F9E
_PTCON0                        (abs)        000F7F
_PTCON1                        (abs)        000F7E
_PTPERH                        (abs)        000F7A
_PTPERL                        (abs)        000F7B
_PWMCON0                       (abs)        000F6F
_PWMCON1                       (abs)        000F6E
_RCONbits                      (abs)        000FD0
_RCREG                         (abs)        000FAE
_RCSTAbits                     (abs)        000FAB
_RFIDbuf                       bssCOMRAM    00002B
_SPBRG                         (abs)        000FAF
_SPBRGH                        (abs)        000FB0
_SendLCD                       text4        000738
_SetLine                       text12       0007D6
_TRISAbits                     (abs)        000F92
_TRISCbits                     (abs)        000F94
_TRISDbits                     (abs)        000F95
_TXSTAbits                     (abs)        000FAC
__CFG_LVP$OFF                  (abs)        000000
__CFG_MCLRE$OFF                (abs)        000000
__CFG_OSC$IRCIO                (abs)        000000
__HRAM                         (abs)        000000
__Habs1                        abs1         000000
__Hbank0                       bank0        000000
__Hbank1                       bank1        000000
__Hbank2                       bank2        000000
__Hbigbss                      bigbss       000000
__Hbigdata                     bigdata      000000
__Hbigram                      bigram       000000
__Hbss                         bss          000000
__HbssCOMRAM                   bssCOMRAM    000000
__Hcinit                       cinit        000000
__Hclrtext                     clrtext      000000
__Hcomram                      comram       000000
__Hconfig                      config       30000E
__Hconst                       const        000000
__HcstackBANK0                 cstackBANK0  000000
__HcstackCOMRAM                cstackCOMRAM 000000
__Hdata                        data         000000
__Heeprom_data                 eeprom_data  000000
__Hfarbss                      farbss       000000
__Hfardata                     fardata      000000
__Hibigdata                    ibigdata     000000
__Hidata                       idata        000000
__Hidloc                       idloc        200008
__Hifardata                    ifardata     000000
__Hinit                        init         00002A
__Hintcode                     intcode      00000E
__Hintcode_body                intcode_body 000000
__Hintcodelo                   intcodelo    000026
__Hintentry                    intentry     000000
__Hintret                      intret       000000
__Hintsave_regs                intsave_regs 000000
__Hirdata                      irdata       000000
__Hmediumconst                 mediumconst  000000
__HnvFARRAM                    nvFARRAM     000000
__Hnvbit                       nvbit        000000
__Hnvrram                      nvrram       000000
__Hparam                       rparam       000000
__Hpowerup                     powerup      000026
__Hram                         ram          000000
__Hramtop                      ramtop       000300
__Hrbit                        rbit         000000
__Hrbss                        rbss         000000
__Hrdata                       rdata        000000
__Hreset_vec                   reset_vec    000004
__Hrparam                      rparam       000000
__Hsfr                         sfr          000000
__Hsmallconst                  smallconst   000322
__Hspace_0                     (abs)        30000E
__Hspace_1                     (abs)        000065
__Hspace_2                     (abs)        000000
__Hstack                       stack        000000
__Hstruct                      struct       000000
__Htemp                        temp         000038
__Htext                        text         000000
__Htext0                       text0        000000
__Htext1                       text1        000000
__Htext10                      text10       000000
__Htext11                      text11       000000
__Htext12                      text12       000000
__Htext13                      text13       000000
__Htext14                      text14       000000
__Htext15                      text15       000000
__Htext16                      text16       000000
__Htext2                       text2        000000
__Htext3                       text3        000000
__Htext4                       text4        000000
__Htext5                       text5        000000
__Htext6                       text6        000000
__Htext9                       text9        000000
__LRAM                         (abs)        000001
__Labs1                        abs1         000000
__Lbank0                       bank0        000000
__Lbank1                       bank1        000000
__Lbank2                       bank2        000000
__Lbigbss                      bigbss       000000
__Lbigdata                     bigdata      000000
__Lbigram                      bigram       000000
__Lbss                         bss          000000
__LbssCOMRAM                   bssCOMRAM    000000
__Lcinit                       cinit        000000
__Lclrtext                     clrtext      000000
__Lcomram                      comram       000000
__Lconfig                      config       300000
__Lconst                       const        000000
__LcstackBANK0                 cstackBANK0  000000
__LcstackCOMRAM                cstackCOMRAM 000000
__Ldata                        data         000000
__Leeprom_data                 eeprom_data  000000
__Lfarbss                      farbss       000000
__Lfardata                     fardata      000000
__Libigdata                    ibigdata     000000
__Lidata                       idata        000000
__Lidloc                       idloc        200000
__Lifardata                    ifardata     000000
__Linit                        init         000026
__Lintcode                     intcode      000008
__Lintcode_body                intcode_body 000000
__Lintcodelo                   intcodelo    000018
__Lintentry                    intentry     000000
__Lintret                      intret       000000
__Lintsave_regs                intsave_regs 000000
__Lirdata                      irdata       000000
__Lmediumconst                 mediumconst  000000
__LnvFARRAM                    nvFARRAM     000000
__Lnvbit                       nvbit        000000
__Lnvrram                      nvrram       000000
__Lparam                       rparam       000000
__Lpowerup                     powerup      000026
__Lram                         ram          000000
__Lramtop                      ramtop       000300
__Lrbit                        rbit         000000
__Lrbss                        rbss         000000
__Lrdata                       rdata        000000
__Lreset_vec                   reset_vec    000000
__Lrparam                      rparam       000000
__Lsfr                         sfr          000000
__Lsmallconst                  smallconst   000300
__Lspace_0                     (abs)        000000
__Lspace_1                     (abs)        000000
__Lspace_2                     (abs)        000000
__Lstack                       stack        000000
__Lstruct                      struct       000000
__Ltemp                        temp         000037
__Ltext                        text         000000
__Ltext0                       text0        000000
__Ltext1                       text1        000000
__Ltext10                      text10       000000
__Ltext11                      text11       000000
__Ltext12                      text12       000000
__Ltext13                      text13       000000
__Ltext14                      text14       000000
__Ltext15                      text15       000000
__Ltext16                      text16       000000
__Ltext2                       text2        000000
__Ltext3                       text3        000000
__Ltext4                       text4        000000
__Ltext5                       text5        000000
__Ltext6                       text6        000000
__Ltext9                       text9        000000
__S0                           (abs)        30000E
__S1                           (abs)        000065
__S2                           (abs)        000000
___inthi_sp                    stack        000000
___intlo_sp                    stack        000000
___param_bank                  (abs)        000000
___rparam_used                 (abs)        000001
___sp                          stack        000000
__accesstop                    (abs)        000060
__activetblptr                 (abs)        000001
__end_of_ClearLCD              text10       000856
__end_of_E_TOG                 text6        000894
__end_of_InterruptHandlerHigh  intcode_body 000738
__end_of_InterruptHandlerLow   intcodelo    000026
__end_of_LCD_Init              text3        00054C
__end_of_LCD_String            text13       0007A6
__end_of_LCDout                text5        000650
__end_of_SendLCD               text4        000770
__end_of_SetLine               text12       000804
__end_of__initialization       cinit        000810
__end_of_check_RFID            text11       000472
__end_of_init_RFID             text2        000886
__end_of_main                  text0        00083C
__end_of_processRFID           text9        0005D4
__end_of_setup                 text1        00086E
__end_ofi2_E_TOG               text16       0008A2
__end_ofi2_LCDout              text15       0006C8
__end_ofi2_SendLCD             text14       0007D6
__initialization               cinit        000804
__mediumconst                  mediumconst  000000
__pbssCOMRAM                   bssCOMRAM    000029
__pcinit                       cinit        000804
__pcstackBANK0                 cstackBANK0  000060
__pcstackCOMRAM                cstackCOMRAM 000001
__pintcode                     intcode      000008
__pintcode_body                intcode_body 0006C8
__pintcodelo                   intcodelo    000018
__psmallconst                  smallconst   000300
__ptext0                       text0        000822
__ptext1                       text1        000856
__ptext10                      text10       00083C
__ptext11                      text11       000322
__ptext12                      text12       0007D6
__ptext13                      text13       000770
__ptext14                      text14       0007A6
__ptext15                      text15       000650
__ptext16                      text16       000894
__ptext2                       text2        00086E
__ptext3                       text3        000472
__ptext4                       text4        000738
__ptext5                       text5        0005D4
__ptext6                       text6        000886
__ptext9                       text9        00054C
__ramtop                       ramtop       000300
__size_of_ClearLCD             (abs)        000000
__size_of_E_TOG                (abs)        000000
__size_of_InterruptHandlerHigh (abs)        000000
__size_of_InterruptHandlerLow  (abs)        000000
__size_of_LCD_Init             (abs)        000000
__size_of_LCD_String           (abs)        000000
__size_of_LCDout               (abs)        000000
__size_of_SendLCD              (abs)        000000
__size_of_SetLine              (abs)        000000
__size_of_check_RFID           (abs)        000000
__size_of_init_RFID            (abs)        000000
__size_of_main                 (abs)        000000
__size_of_processRFID          (abs)        000000
__size_of_setup                (abs)        000000
__size_ofi2_E_TOG              (abs)        000000
__size_ofi2_LCDout             (abs)        000000
__size_ofi2_SendLCD            (abs)        000000
__smallconst                   smallconst   000300
_check_RFID                    text11       000322
_init_RFID                     text2        00086E
_main                          text0        000822
_processRFID                   text9        00054C
_robot_mode                    bssCOMRAM    00002A
_setup                         text1        000856
btemp                          temp         000037
check_RFID@byte1               cstackCOMRAM 000017
check_RFID@byte2               cstackCOMRAM 000018
check_RFID@byte3               cstackCOMRAM 000019
check_RFID@byte4               cstackCOMRAM 00001A
check_RFID@byte5               cstackCOMRAM 00001B
check_RFID@checksum            cstackCOMRAM 00001C
check_RFID@dataBuf             cstackCOMRAM 000007
check_RFID@hexBuf              cstackCOMRAM 00000B
check_RFID@i                   cstackCOMRAM 00001D
end_of_initialization          cinit        000810
i2LCDout@number                cstackCOMRAM 000002
i2SendLCD@Byte                 cstackCOMRAM 000004
i2SendLCD@type                 cstackCOMRAM 000003
i2_E_TOG                       text16       000894
i2_LCDout                      text15       000650
i2_SendLCD                     text14       0007A6
int$flags                      temp         000037
int_func                       intcode_body 0006C8
intlevel0                      text         000000
intlevel1                      text         000000
intlevel2                      text         000000
intlevel3                      text         000000
processRFID@RFIDbuf            cstackCOMRAM 000006
processRFID@i                  cstackCOMRAM 000009
processRFID@i_941              cstackCOMRAM 00000B
processRFID@latestChar         cstackCOMRAM 000008
processRFID@position_in_buf    bssCOMRAM    000029
stackhi                        (abs)        0002FF
stacklo                        (abs)        000065
start                          init         000026
start_initialization           cinit        000804
ttemp5                         temp         000038
ttemp6                         temp         00003B
ttemp7                         temp         00003F
wtemp8                         temp         000038


FUNCTION INFORMATION:

 *************** function _main *****************
 Defined at:
		line 78 in file "main.c"
 Parameters:    Size  Location     Type
		None
 Auto vars:     Size  Location     Type
		None
 Return value:  Size  Location     Type
                  1    wreg      void 
 Registers used:
		wreg, status,2, status,0, cstack
 Tracked objects:
		On entry : 
		On exit  : 
		Unchanged: 
 Data sizes:     COMRAM   BANK0   BANK1   BANK2
      Params:         0       0       0       0
      Locals:         0       0       0       0
      Temps:          0       0       0       0
      Totals:         0       0       0       0
Total ram usage:        0 bytes
 Hardware stack levels required when called:   12
 This function calls:
		_setup
 This function is called by:
		Startup code after reset
 This function uses a non-reentrant model


 *************** function _setup *****************
 Defined at:
		line 35 in file "main.c"
 Parameters:    Size  Location     Type
		None
 Auto vars:     Size  Location     Type
		None
 Return value:  Size  Location     Type
                  1    wreg      void 
 Registers used:
		wreg, status,2, status,0, cstack
 Tracked objects:
		On entry : 
		On exit  : 
		Unchanged: 
 Data sizes:     COMRAM   BANK0   BANK1   BANK2
      Params:         0       0       0       0
      Locals:         0       0       0       0
      Temps:          0       0       0       0
      Totals:         0       0       0       0
Total ram usage:        0 bytes
 Hardware stack levels used:    1
 Hardware stack levels required when called:   11
 This function calls:
		_LCD_Init
		_init_RFID
 This function is called by:
		_main
 This function uses a non-reentrant model


 *************** function _init_RFID *****************
 Defined at:
		line 12 in file "RFID.c"
 Parameters:    Size  Location     Type
		None
 Auto vars:     Size  Location     Type
		None
 Return value:  Size  Location     Type
                  1    wreg      void 
 Registers used:
		wreg, status,2
 Tracked objects:
		On entry : 
		On exit  : 
		Unchanged: 
 Data sizes:     COMRAM   BANK0   BANK1   BANK2
      Params:         0       0       0       0
      Locals:         0       0       0       0
      Temps:          0       0       0       0
      Totals:         0       0       0       0
Total ram usage:        0 bytes
 Hardware stack levels used:    1
 Hardware stack levels required when called:    7
 This function calls:
		Nothing
 This function is called by:
		_setup
 This function uses a non-reentrant model


 *************** function _LCD_Init *****************
 Defined at:
		line 56 in file "LCDIO.c"
 Parameters:    Size  Location     Type
		None
 Auto vars:     Size  Location     Type
		None
 Return value:  Size  Location     Type
                  1    wreg      void 
 Registers used:
		wreg, status,2, status,0, cstack
 Tracked objects:
		On entry : 
		On exit  : 
		Unchanged: 
 Data sizes:     COMRAM   BANK0   BANK1   BANK2
      Params:         0       0       0       0
      Locals:         0       0       0       0
      Temps:          0       1       0       0
      Totals:         0       1       0       0
Total ram usage:        1 bytes
 Hardware stack levels used:    1
 Hardware stack levels required when called:   10
 This function calls:
		_LCDout
		_SendLCD
 This function is called by:
		_setup
 This function uses a non-reentrant model


 *************** function _SendLCD *****************
 Defined at:
		line 44 in file "LCDIO.c"
 Parameters:    Size  Location     Type
  Byte            1    wreg     unsigned char 
  type            1    2[BANK0 ] unsigned char 
 Auto vars:     Size  Location     Type
  Byte            1    3[BANK0 ] unsigned char 
 Return value:  Size  Location     Type
                  1    wreg      void 
 Registers used:
		wreg, status,2, status,0, cstack
 Tracked objects:
		On entry : 
		On exit  : 
		Unchanged: 
 Data sizes:     COMRAM   BANK0   BANK1   BANK2
      Params:         0       1       0       0
      Locals:         0       1       0       0
      Temps:          0       0       0       0
      Totals:         0       2       0       0
Total ram usage:        2 bytes
 Hardware stack levels used:    1
 Hardware stack levels required when called:    9
 This function calls:
		_LCDout
 This function is called by:
		_LCD_Init
		_ShiftLeft
		_ShiftRight
 This function uses a non-reentrant model


 *************** function _LCDout *****************
 Defined at:
		line 31 in file "LCDIO.c"
 Parameters:    Size  Location     Type
  number          1    wreg     unsigned char 
 Auto vars:     Size  Location     Type
  number          1    1[BANK0 ] unsigned char 
 Return value:  Size  Location     Type
                  1    wreg      void 
 Registers used:
		wreg, status,2, status,0, cstack
 Tracked objects:
		On entry : 
		On exit  : 
		Unchanged: 
 Data sizes:     COMRAM   BANK0   BANK1   BANK2
      Params:         0       0       0       0
      Locals:         0       1       0       0
      Temps:          0       1       0       0
      Totals:         0       2       0       0
Total ram usage:        2 bytes
 Hardware stack levels used:    1
 Hardware stack levels required when called:    8
 This function calls:
		_E_TOG
 This function is called by:
		_SendLCD
		_LCD_Init
 This function uses a non-reentrant model


 *************** function _E_TOG *****************
 Defined at:
		line 23 in file "LCDIO.c"
 Parameters:    Size  Location     Type
		None
 Auto vars:     Size  Location     Type
		None
 Return value:  Size  Location     Type
                  1    wreg      void 
 Registers used:
		wreg
 Tracked objects:
		On entry : 
		On exit  : 
		Unchanged: 
 Data sizes:     COMRAM   BANK0   BANK1   BANK2
      Params:         0       0       0       0
      Locals:         0       0       0       0
      Temps:          0       0       0       0
      Totals:         0       0       0       0
Total ram usage:        0 bytes
 Hardware stack levels used:    1
 Hardware stack levels required when called:    7
 This function calls:
		Nothing
 This function is called by:
		_LCDout
 This function uses a non-reentrant model


 *************** function _InterruptHandlerLow *****************
 Defined at:
		line 72 in file "main.c"
 Parameters:    Size  Location     Type
		None
 Auto vars:     Size  Location     Type
		None
 Return value:  Size  Location     Type
                  1    wreg      void 
 Registers used:
		None
 Tracked objects:
		On entry : 
		On exit  : 
		Unchanged: 
 Data sizes:     COMRAM   BANK0   BANK1   BANK2
      Params:         0       0       0       0
      Locals:         0       0       0       0
      Temps:          1       0       0       0
      Totals:         1       0       0       0
Total ram usage:        1 bytes
 Hardware stack levels used:    1
 Hardware stack levels required when called:    6
 This function calls:
		Nothing
 This function is called by:
		Interrupt level 1
 This function uses a non-reentrant model


 *************** function _InterruptHandlerHigh *****************
 Defined at:
		line 49 in file "main.c"
 Parameters:    Size  Location     Type
		None
 Auto vars:     Size  Location     Type
  RFID_flag       1   38[COMRAM] unsigned char 
 Return value:  Size  Location     Type
                  1    wreg      void 
 Registers used:
		wreg, fsr1l, fsr1h, fsr2l, fsr2h, status,2, status,0, tblptrl, tblptrh, tblptru, cstack
 Tracked objects:
		On entry : 
		On exit  : 
		Unchanged: 
 Data sizes:     COMRAM   BANK0   BANK1   BANK2
      Params:         0       0       0       0
      Locals:         1       0       0       0
      Temps:          8       0       0       0
      Totals:         9       0       0       0
Total ram usage:        9 bytes
 Hardware stack levels used:    1
 Hardware stack levels required when called:    5
 This function calls:
		_check_RFID
		_processRFID
 This function is called by:
		Interrupt level 2
 This function uses a non-reentrant model


 *************** function _processRFID *****************
 Defined at:
		line 32 in file "RFID.c"
 Parameters:    Size  Location     Type
  RFIDbuf         2    5[COMRAM] PTR unsigned char 
		 -> RFIDbuf(12), 
  latestChar      1    7[COMRAM] unsigned char 
 Auto vars:     Size  Location     Type
  i               1   10[COMRAM] unsigned char 
  i               2    8[COMRAM] int 
 Return value:  Size  Location     Type
                  1    wreg      unsigned char 
 Registers used:
		wreg, fsr2l, fsr2h, status,2, status,0, cstack
 Tracked objects:
		On entry : 
		On exit  : 
		Unchanged: 
 Data sizes:     COMRAM   BANK0   BANK1   BANK2
      Params:         3       0       0       0
      Locals:         3       0       0       0
      Temps:          0       0       0       0
      Totals:         6       0       0       0
Total ram usage:        6 bytes
 Hardware stack levels used:    1
 Hardware stack levels required when called:    4
 This function calls:
		_ClearLCD
		_SetLine
		i2_SendLCD
 This function is called by:
		_InterruptHandlerHigh
 This function uses a non-reentrant model


 *************** function _ClearLCD *****************
 Defined at:
		line 137 in file "LCDIO.c"
 Parameters:    Size  Location     Type
		None
 Auto vars:     Size  Location     Type
		None
 Return value:  Size  Location     Type
                  1    wreg      void 
 Registers used:
		wreg, status,2, status,0, cstack
 Tracked objects:
		On entry : 
		On exit  : 
		Unchanged: 
 Data sizes:     COMRAM   BANK0   BANK1   BANK2
      Params:         0       0       0       0
      Locals:         0       0       0       0
      Temps:          1       0       0       0
      Totals:         1       0       0       0
Total ram usage:        1 bytes
 Hardware stack levels used:    1
 Hardware stack levels required when called:    3
 This function calls:
		i2_SendLCD
 This function is called by:
		_processRFID
 This function uses a non-reentrant model


 *************** function _check_RFID *****************
 Defined at:
		line 77 in file "RFID.c"
 Parameters:    Size  Location     Type
  dataBuf         2    6[COMRAM] PTR unsigned char 
		 -> RFIDbuf(12), 
 Auto vars:     Size  Location     Type
  i               2   28[COMRAM] int 
  hexBuf         12   10[COMRAM] unsigned char [12]
  checksum        1   27[COMRAM] unsigned char 
  byte5           1   26[COMRAM] unsigned char 
  byte4           1   25[COMRAM] unsigned char 
  byte3           1   24[COMRAM] unsigned char 
  byte2           1   23[COMRAM] unsigned char 
  byte1           1   22[COMRAM] unsigned char 
 Return value:  Size  Location     Type
                  1    wreg      void 
 Registers used:
		wreg, fsr1l, fsr1h, fsr2l, fsr2h, status,2, status,0, tblptrl, tblptrh, tblptru, cstack
 Tracked objects:
		On entry : 
		On exit  : 
		Unchanged: 
 Data sizes:     COMRAM   BANK0   BANK1   BANK2
      Params:         2       0       0       0
      Locals:        20       0       0       0
      Temps:          2       0       0       0
      Totals:        24       0       0       0
Total ram usage:       24 bytes
 Hardware stack levels used:    1
 Hardware stack levels required when called:    4
 This function calls:
		_LCD_String
		_SetLine
 This function is called by:
		_InterruptHandlerHigh
 This function uses a non-reentrant model


 *************** function _SetLine *****************
 Defined at:
		line 107 in file "LCDIO.c"
 Parameters:    Size  Location     Type
  line            1    wreg     unsigned char 
 Auto vars:     Size  Location     Type
  line            1    4[COMRAM] unsigned char 
 Return value:  Size  Location     Type
                  1    wreg      void 
 Registers used:
		wreg, status,2, status,0, cstack
 Tracked objects:
		On entry : 
		On exit  : 
		Unchanged: 
 Data sizes:     COMRAM   BANK0   BANK1   BANK2
      Params:         0       0       0       0
      Locals:         1       0       0       0
      Temps:          0       0       0       0
      Totals:         1       0       0       0
Total ram usage:        1 bytes
 Hardware stack levels used:    1
 Hardware stack levels required when called:    3
 This function calls:
		i2_SendLCD
 This function is called by:
		_processRFID
		_check_RFID
 This function uses a non-reentrant model


 *************** function _LCD_String *****************
 Defined at:
		line 119 in file "LCDIO.c"
 Parameters:    Size  Location     Type
  string          2    4[COMRAM] PTR unsigned char 
		 -> STR_2(16), STR_1(16), 
 Auto vars:     Size  Location     Type
		None
 Return value:  Size  Location     Type
                  1    wreg      void 
 Registers used:
		wreg, status,2, status,0, tblptrl, tblptrh, tblptru, cstack
 Tracked objects:
		On entry : 
		On exit  : 
		Unchanged: 
 Data sizes:     COMRAM   BANK0   BANK1   BANK2
      Params:         2       0       0       0
      Locals:         0       0       0       0
      Temps:          0       0       0       0
      Totals:         2       0       0       0
Total ram usage:        2 bytes
 Hardware stack levels used:    1
 Hardware stack levels required when called:    3
 This function calls:
		i2_SendLCD
 This function is called by:
		_check_RFID
 This function uses a non-reentrant model


 *************** function i2_SendLCD *****************
 Defined at:
		line 44 in file "LCDIO.c"
 Parameters:    Size  Location     Type
  Byte            1    wreg     unsigned char 
  type            1    2[COMRAM] unsigned char 
 Auto vars:     Size  Location     Type
  Byte            1    3[COMRAM] unsigned char 
 Return value:  Size  Location     Type
                  1    wreg      void 
 Registers used:
		wreg, status,2, status,0, cstack
 Tracked objects:
		On entry : 
		On exit  : 
		Unchanged: 
 Data sizes:     COMRAM   BANK0   BANK1   BANK2
      Params:         1       0       0       0
      Locals:         1       0       0       0
      Temps:          0       0       0       0
      Totals:         2       0       0       0
Total ram usage:        2 bytes
 Hardware stack levels used:    1
 Hardware stack levels required when called:    2
 This function calls:
		i2_LCDout
 This function is called by:
		_SetLine
		_LCD_String
		_ClearLCD
		_processRFID
 This function uses a non-reentrant model


 *************** function i2_LCDout *****************
 Defined at:
		line 31 in file "LCDIO.c"
 Parameters:    Size  Location     Type
  number          1    wreg     unsigned char 
 Auto vars:     Size  Location     Type
  number          1    1[COMRAM] unsigned char 
 Return value:  Size  Location     Type
                  1    wreg      void 
 Registers used:
		wreg, status,2, status,0, cstack
 Tracked objects:
		On entry : 
		On exit  : 
		Unchanged: 
 Data sizes:     COMRAM   BANK0   BANK1   BANK2
      Params:         0       0       0       0
      Locals:         1       0       0       0
      Temps:          1       0       0       0
      Totals:         2       0       0       0
Total ram usage:        2 bytes
 Hardware stack levels used:    1
 Hardware stack levels required when called:    1
 This function calls:
		i2_E_TOG
 This function is called by:
		i2_SendLCD
 This function uses a non-reentrant model


 *************** function i2_E_TOG *****************
 Defined at:
		line 23 in file "LCDIO.c"
 Parameters:    Size  Location     Type
		None
 Auto vars:     Size  Location     Type
		None
 Return value:  Size  Location     Type
                  1    wreg      void 
 Registers used:
		wreg
 Tracked objects:
		On entry : 
		On exit  : 
		Unchanged: 
 Data sizes:     COMRAM   BANK0   BANK1   BANK2
      Params:         0       0       0       0
      Locals:         0       0       0       0
      Temps:          0       0       0       0
      Totals:         0       0       0       0
Total ram usage:        0 bytes
 Hardware stack levels used:    1
 This function calls:
		Nothing
 This function is called by:
		i2_LCDout
 This function uses a non-reentrant model



MODULE INFORMATION

Module		Function		Class		Link	Load	Size
RFID.c
		_processRFID   		CODE           	054C	0000	137
		_check_RFID    		CODE           	0322	0000	337
		_init_RFID     		CODE           	086E	0000	25

RFID.c estimated size: 499

shared
		i2_LCDout      		CODE           	0650	0000	121
		i2_E_TOG       		CODE           	0894	0000	15
		__initialization		CODE           	0804	0000	13
		i2_SendLCD     		CODE           	07A6	0000	49

shared estimated size: 198

LCDIO.c
		_SetLine       		CODE           	07D6	0000	47
		_LCD_String    		CODE           	0770	0000	55
		_LCD_Init      		CODE           	0472	0000	219
		_SendLCD       		CODE           	0738	0000	57
		_E_TOG         		CODE           	0886	0000	15
		_ClearLCD      		CODE           	083C	0000	27
		_LCDout        		CODE           	05D4	0000	125

LCDIO.c estimated size: 545

main.c
		_main          		CODE           	0822	0000	27
		_InterruptHandlerLow		CODE           	0018	0000	15
		_InterruptHandlerHigh		CODE           	0008	0000	119
		_setup         		CODE           	0856	0000	25

main.c estimated size: 186

