Microchip MPLAB XC8 Compiler V2.05 ()

Linker command line:

-W-3 --edf=C:\Program Files (x86)\Microchip\xc8\v2.05\pic\dat\en_msgs.txt \
  -cs -h+dist/default/production\ECM_Final_Project.X.production.sym \
  --cmf=dist/default/production\ECM_Final_Project.X.production.cmf -z \
  -Q18F4331 -oC:\Users\charl\AppData\Local\Temp\s5gg.2 \
  --defsym=__MPLAB_BUILD=1 \
  -Mdist/default/production/ECM_Final_Project.X.production.map -E1 -ver=XC8 \
  --acfsm=1493 -ASTACK=015Dh-02FFh -pstack=STACK -ACODE=00h-01FFFh \
  -ACONST=00h-01FFFh -ASMALLCONST=0300h-03FFhx29 -AMEDIUMCONST=0300h-01FFFh \
  -ACOMRAM=01h-05Fh -AABS1=00h-02FFh -ABIGRAM=01h-02FFh \
  -ARAM=060h-0FFh,0100h-01FFhx2 -ABANK0=060h-0FFh -ABANK1=0100h-01FFh \
  -ABANK2=0200h-02FFh -ASFR=0F60h-0FFFh \
  -preset_vec=00h,intcode=08h,intcodelo=018h,powerup,init -pramtop=0300h \
  -psmallconst=SMALLCONST -pmediumconst=MEDIUMCONST -pconst=CONST \
  -AFARRAM=00h-00h -ACONFIG=0300000h-030000Dh -pconfig=CONFIG \
  -AIDLOC=0200000h-0200007h -pidloc=IDLOC -AEEDATA=0F00000h-0F000FFh \
  -peeprom_data=EEDATA \
  -prdata=COMRAM,nvrram=COMRAM,nvbit=COMRAM,rbss=COMRAM,rbit=COMRAM \
  -pfarbss=FARRAM,fardata=FARRAM,nvFARRAM=FARRAM \
  -pintsave_regs=BIGRAM,bigbss=BIGRAM,bigdata=BIGRAM -pbss=RAM \
  -pidata=CODE,irdata=CODE,ibigdata=CODE,ifardata=CODE -prparam=COMRAM \
  C:\Users\charl\AppData\Local\Temp\s5gg.o \
  dist/default/production\ECM_Final_Project.X.production.o 

Object code version is 3.11

Machine type is 18F4331

Call graph: (short form)




                Name                               Link     Load   Length Selector   Space Scale
C:\Users\charl\AppData\Local\Temp\s5gg.o
                init                                 26       26        4        C       0
                reset_vec                             0        0        4        0       0
                idloc                            200000   200000        8   200000       0
                config                           300000   300000        E   300000       0
dist/default/production\ECM_Final_Project.X.production.o
                intcodelo                            18       18        E        C       0
                intcode                               8        8        6        4       0
                temp                                 39       39        1        1       1
                smallconst                          300      300       46      180       0
                text42                             17DC     17DC        E      1A3       0
                text41                             129C     129C       78      1A3       0
                text40                             168C     168C       30      1A3       0
                text39                             13EA     13EA       5E      1A3       0
                text38                             16EA     16EA       2E      1A3       0
                text37                              806      806      150      1A3       0
                text36                             17B4     17B4       1A      1A3       0
                text35                             1012     1012       88      1A3       0
                intcode_body                       1222     1222       7A      1A3       0
                text32                             17CE     17CE        E      1A3       0
                text31                             11A6     11A6       7C      1A3       0
                text30                             15BC     15BC       38      1A3       0
                text29                             1740     1740       20      1A3       0
                text28                             1388     1388       62      1A3       0
                text27                             1628     1628       34      1A3       0
                text26                             1542     1542       3E      1A3       0
                text25                              B5E      B5E       D4      1A3       0
                text24                             1120     1120       86      1A3       0
                text23                             1718     1718       28      1A3       0
                text22                              956      956      12E      1A3       0
                text21                             1314     1314       74      1A3       0
                text20                             14F0     14F0       52      1A3       0
                text19                             109A     109A       86      1A3       0
                text18                              F88      F88       8A      1A3       0
                text17                              EF2      EF2       96      1A3       0
                text16                             177E     177E       1C      1A3       0
                text15                              A84      A84       DA      1A3       0
                text14                             179A     179A       1A      1A3       0
                text13                             1760     1760       1E      1A3       0
                text12                             165C     165C       30      1A3       0
                text11                              C32      C32       D0      1A3       0
                text10                              D02      D02       B0      1A3       0
                text9                              17EA     17EA        2      1A3       0
                text8                               DB2      DB2       A2      1A3       0
                text7                              1580     1580       3C      1A3       0
                text6                              16BC     16BC       2E      1A3       0
                text5                               E54      E54       9E      1A3       0
                text4                               346      346      1B4      1A3       0
                text3                               698      698      16E      1A3       0
                text2                              1448     1448       56      1A3       0
                text1                              149E     149E       52      1A3       0
                text0                               4FA      4FA      19E      1A3       0
                cstackCOMRAM                          1        1       28        1       1
                cstackBANK0                          60       60       68       60       1
                cstackBANK1                         100      100       3D      100       1
                bssBANK1                            13D      13D       20      100       1
                bssBANK0                             C8       C8        6       60       1
                bssCOMRAM                            29       29       10        1       1
                cinit                              15F4     15F4       34      1A3       0

TOTAL           Name                               Link     Load   Length     Space
        CLASS   STACK          

        CLASS   CODE           
                intcodelo                            18       18        E         0
                intcode                               8        8        6         0
                init                                 26       26        4         0
                reset_vec                             0        0        4         0
                text42                             17DC     17DC        E         0
                text41                             129C     129C       78         0
                text40                             168C     168C       30         0
                text39                             13EA     13EA       5E         0
                text38                             16EA     16EA       2E         0
                text37                              806      806      150         0
                text36                             17B4     17B4       1A         0
                text35                             1012     1012       88         0
                intcode_body                       1222     1222       7A         0
                text32                             17CE     17CE        E         0
                text31                             11A6     11A6       7C         0
                text30                             15BC     15BC       38         0
                text29                             1740     1740       20         0
                text28                             1388     1388       62         0
                text27                             1628     1628       34         0
                text26                             1542     1542       3E         0
                text25                              B5E      B5E       D4         0
                text24                             1120     1120       86         0
                text23                             1718     1718       28         0
                text22                              956      956      12E         0
                text21                             1314     1314       74         0
                text20                             14F0     14F0       52         0
                text19                             109A     109A       86         0
                text18                              F88      F88       8A         0
                text17                              EF2      EF2       96         0
                text16                             177E     177E       1C         0
                text15                              A84      A84       DA         0
                text14                             179A     179A       1A         0
                text13                             1760     1760       1E         0
                text12                             165C     165C       30         0
                text11                              C32      C32       D0         0
                text10                              D02      D02       B0         0
                text9                              17EA     17EA        2         0
                text8                               DB2      DB2       A2         0
                text7                              1580     1580       3C         0
                text6                              16BC     16BC       2E         0
                text5                               E54      E54       9E         0
                text4                               346      346      1B4         0
                text3                               698      698      16E         0
                text2                              1448     1448       56         0
                text1                              149E     149E       52         0
                text0                               4FA      4FA      19E         0
                cinit                              15F4     15F4       34         0

        CLASS   CONST          

        CLASS   SMALLCONST     
                smallconst                          300      300       46         0

        CLASS   MEDIUMCONST    

        CLASS   COMRAM         
                temp                                 39       39        1         1
                cstackCOMRAM                          1        1       28         1
                bssCOMRAM                            29       29       10         1

        CLASS   ABS1           

        CLASS   BIGRAM         

        CLASS   RAM            

        CLASS   BANK0          
                cstackBANK0                          60       60       68         1
                bssBANK0                             C8       C8        6         1

        CLASS   BANK1          
                cstackBANK1                         100      100       3D         1
                bssBANK1                            13D      13D       20         1

        CLASS   BANK2          

        CLASS   SFR            

        CLASS   FARRAM         

        CLASS   CONFIG         
                config                           300000   300000        E         0

        CLASS   IDLOC          
                idloc                            200000   200000        8         0

        CLASS   EEDATA         



SEGMENTS        Name                           Load    Length   Top    Selector   Space  Class

                reset_vec                      000000  000004  000004         0       0  CODE    
                cstackCOMRAM                   000001  000039  00003A         1       1  COMRAM  
                intcode                        000008  000006  00000E         4       0  CODE    
                intcodelo                      000018  000012  00002A         C       0  CODE    
                cstackBANK0                    000060  00006E  0000CE        60       1  BANK0   
                cstackBANK1                    000100  00005D  00015D       100       1  BANK1   
                smallconst                     000300  000046  000346       180       0  SMALLCON
                text4                          000346  0014A6  0017EC       1A3       0  CODE    
                idloc                          200000  000008  200008    200000       0  IDLOC   
                config                         300000  00000E  30000E    300000       0  CONFIG  


UNUSED ADDRESS RANGES

        Name                Unused          Largest block    Delta
        BANK0            0000CE-0000FF               32
        BANK1            00015D-0001FF               A3
        BANK2            000200-0002FF              100
        BIGRAM           00003A-00005F               26
                         0000CE-0000FF               32
                         00015D-0002FF              1A3
        CODE             000004-000007                4
                         00000E-000017                A
                         00002A-0002FF              2D6
                         0017EC-001FFF              814
        COMRAM           00003A-00005F               26
        CONST            000004-000007                4
                         00000E-000017                A
                         00002A-0002FF              2D6
                         0017EC-001FFF              814
        EEDATA           F00000-F000FF              100
        MEDIUMCONST      0017EC-001FFF              814
        RAM              0000CE-0000FF               32
                         00015D-0002FF               A3
        SFR              000F60-000FFF               A0
        SMALLCONST       0017EC-001FFF              100
        STACK            00015D-0002FF              1A3

                                  Symbol Table

?___awdiv                      cstackBANK0  000061
?___lodiv                      cstackBANK0  000061
?___lomod                      cstackBANK0  000061
?___wmul                       cstackBANK0  000069
?_pad                          cstackBANK0  000071
?_sprintf                      cstackBANK0  0000B6
?_strlen                       cstackBANK0  000061
?_utoa                         cstackBANK0  00007C
?_vfpfcnvrt                    cstackBANK0  00009C
?_vfprintf                     cstackBANK0  0000AE
InterruptHandlerHigh@RFID_flag cstackCOMRAM 000028
InterruptHandlerHigh@RFIDbuf   bssCOMRAM    00002D
LCD_String@string              cstackBANK0  000065
LCDout@number                  cstackBANK0  000062
SendLCD@Byte                   cstackBANK0  000064
SendLCD@type                   cstackBANK0  000063
SetLine@line                   cstackBANK0  000065
_ANSEL0                        (abs)        000FB8
_ANSEL1                        (abs)        000FB9
_BAUDCONbits                   (abs)        000FAA
_CAP1BUFH                      (abs)        000F69
_CAP1BUFL                      (abs)        000F68
_CAP1CON                       (abs)        000F63
_CAP2BUFH                      (abs)        000F67
_CAP2BUFL                      (abs)        000F66
_CAP2CON                       (abs)        000F62
_ClearLCD                      text29       001740
_DFLTCON                       (abs)        000F60
_E_TOG                         text32       0017CE
_INTCONbits                    (abs)        000FF2
_IPR1bits                      (abs)        000F9F
_InterruptHandlerHigh          intcode      000008
_InterruptHandlerLow           intcodelo    000018
_LATAbits                      (abs)        000F89
_LATB                          (abs)        000F8A
_LATCbits                      (abs)        000F8B
_LATDbits                      (abs)        000F8C
_LCD_String                    text28       001388
_LCDout                        text31       0011A6
_OSCCON                        (abs)        000FD3
_OSCCONbits                    (abs)        000FD3
_PDC0H                         (abs)        000F78
_PDC0L                         (abs)        000F79
_PDC1H                         (abs)        000F76
_PDC1L                         (abs)        000F77
_PIE1bits                      (abs)        000F9D
_PIR1bits                      (abs)        000F9E
_PORTDbits                     (abs)        000F83
_PTCON0                        (abs)        000F7F
_PTCON1                        (abs)        000F7E
_PTPERH                        (abs)        000F7A
_PTPERL                        (abs)        000F7B
_PWMCON0                       (abs)        000F6F
_PWMCON1                       (abs)        000F6E
_RCONbits                      (abs)        000FD0
_RCREG                         (abs)        000FAE
_RCSTAbits                     (abs)        000FAB
_SPBRG                         (abs)        000FAF
_SPBRGH                        (abs)        000FB0
_SendLCD                       text30       0015BC
_SetLine                       text27       001628
_T5CON                         (abs)        000FB7
_TRISAbits                     (abs)        000F92
_TRISBbits                     (abs)        000F93
_TRISCbits                     (abs)        000F94
_TRISDbits                     (abs)        000F95
_TXSTAbits                     (abs)        000FAC
__CFG_LVP$OFF                  (abs)        000000
__CFG_MCLRE$OFF                (abs)        000000
__CFG_OSC$IRCIO                (abs)        000000
__HRAM                         (abs)        000000
__Habs1                        abs1         000000
__Hbank0                       bank0        000000
__Hbank1                       bank1        000000
__Hbank2                       bank2        000000
__Hbigbss                      bigbss       000000
__Hbigdata                     bigdata      000000
__Hbigram                      bigram       000000
__Hbss                         bss          000000
__HbssBANK0                    bssBANK0     000000
__HbssBANK1                    bssBANK1     000000
__HbssCOMRAM                   bssCOMRAM    000000
__Hcinit                       cinit        000000
__Hclrtext                     clrtext      000000
__Hcomram                      comram       000000
__Hconfig                      config       30000E
__Hconst                       const        000000
__HcstackBANK0                 cstackBANK0  000000
__HcstackBANK1                 cstackBANK1  000000
__HcstackCOMRAM                cstackCOMRAM 000000
__Hdata                        data         000000
__Heeprom_data                 eeprom_data  000000
__Hfarbss                      farbss       000000
__Hfardata                     fardata      000000
__Hibigdata                    ibigdata     000000
__Hidata                       idata        000000
__Hidloc                       idloc        200008
__Hifardata                    ifardata     000000
__Hinit                        init         00002A
__Hintcode                     intcode      00000E
__Hintcode_body                intcode_body 000000
__Hintcodelo                   intcodelo    000026
__Hintentry                    intentry     000000
__Hintret                      intret       000000
__Hintsave_regs                intsave_regs 000000
__Hirdata                      irdata       000000
__Hmediumconst                 mediumconst  000000
__HnvFARRAM                    nvFARRAM     000000
__Hnvbit                       nvbit        000000
__Hnvrram                      nvrram       000000
__Hparam                       rparam       000000
__Hpowerup                     powerup      000026
__Hram                         ram          000000
__Hramtop                      ramtop       000300
__Hrbit                        rbit         000000
__Hrbss                        rbss         000000
__Hrdata                       rdata        000000
__Hreset_vec                   reset_vec    000004
__Hrparam                      rparam       000000
__Hsfr                         sfr          000000
__Hsmallconst                  smallconst   000346
__Hspace_0                     (abs)        30000E
__Hspace_1                     (abs)        00015D
__Hspace_2                     (abs)        000000
__Hstack                       stack        000000
__Hstruct                      struct       000000
__Htemp                        temp         00003A
__Htext                        text         000000
__Htext0                       text0        000000
__Htext1                       text1        000000
__Htext10                      text10       000000
__Htext11                      text11       000000
__Htext12                      text12       000000
__Htext13                      text13       000000
__Htext14                      text14       000000
__Htext15                      text15       000000
__Htext16                      text16       000000
__Htext17                      text17       000000
__Htext18                      text18       000000
__Htext19                      text19       000000
__Htext2                       text2        000000
__Htext20                      text20       000000
__Htext21                      text21       000000
__Htext22                      text22       000000
__Htext23                      text23       000000
__Htext24                      text24       000000
__Htext25                      text25       000000
__Htext26                      text26       000000
__Htext27                      text27       000000
__Htext28                      text28       000000
__Htext29                      text29       000000
__Htext3                       text3        000000
__Htext30                      text30       000000
__Htext31                      text31       000000
__Htext32                      text32       000000
__Htext35                      text35       000000
__Htext36                      text36       000000
__Htext37                      text37       000000
__Htext38                      text38       000000
__Htext39                      text39       000000
__Htext4                       text4        000000
__Htext40                      text40       000000
__Htext41                      text41       000000
__Htext42                      text42       000000
__Htext5                       text5        000000
__Htext6                       text6        000000
__Htext7                       text7        000000
__Htext8                       text8        000000
__Htext9                       text9        000000
__LRAM                         (abs)        000001
__Labs1                        abs1         000000
__Lbank0                       bank0        000000
__Lbank1                       bank1        000000
__Lbank2                       bank2        000000
__Lbigbss                      bigbss       000000
__Lbigdata                     bigdata      000000
__Lbigram                      bigram       000000
__Lbss                         bss          000000
__LbssBANK0                    bssBANK0     000000
__LbssBANK1                    bssBANK1     000000
__LbssCOMRAM                   bssCOMRAM    000000
__Lcinit                       cinit        000000
__Lclrtext                     clrtext      000000
__Lcomram                      comram       000000
__Lconfig                      config       300000
__Lconst                       const        000000
__LcstackBANK0                 cstackBANK0  000000
__LcstackBANK1                 cstackBANK1  000000
__LcstackCOMRAM                cstackCOMRAM 000000
__Ldata                        data         000000
__Leeprom_data                 eeprom_data  000000
__Lfarbss                      farbss       000000
__Lfardata                     fardata      000000
__Libigdata                    ibigdata     000000
__Lidata                       idata        000000
__Lidloc                       idloc        200000
__Lifardata                    ifardata     000000
__Linit                        init         000026
__Lintcode                     intcode      000008
__Lintcode_body                intcode_body 000000
__Lintcodelo                   intcodelo    000018
__Lintentry                    intentry     000000
__Lintret                      intret       000000
__Lintsave_regs                intsave_regs 000000
__Lirdata                      irdata       000000
__Lmediumconst                 mediumconst  000000
__LnvFARRAM                    nvFARRAM     000000
__Lnvbit                       nvbit        000000
__Lnvrram                      nvrram       000000
__Lparam                       rparam       000000
__Lpowerup                     powerup      000026
__Lram                         ram          000000
__Lramtop                      ramtop       000300
__Lrbit                        rbit         000000
__Lrbss                        rbss         000000
__Lrdata                       rdata        000000
__Lreset_vec                   reset_vec    000000
__Lrparam                      rparam       000000
__Lsfr                         sfr          000000
__Lsmallconst                  smallconst   000300
__Lspace_0                     (abs)        000000
__Lspace_1                     (abs)        000000
__Lspace_2                     (abs)        000000
__Lstack                       stack        000000
__Lstruct                      struct       000000
__Ltemp                        temp         000039
__Ltext                        text         000000
__Ltext0                       text0        000000
__Ltext1                       text1        000000
__Ltext10                      text10       000000
__Ltext11                      text11       000000
__Ltext12                      text12       000000
__Ltext13                      text13       000000
__Ltext14                      text14       000000
__Ltext15                      text15       000000
__Ltext16                      text16       000000
__Ltext17                      text17       000000
__Ltext18                      text18       000000
__Ltext19                      text19       000000
__Ltext2                       text2        000000
__Ltext20                      text20       000000
__Ltext21                      text21       000000
__Ltext22                      text22       000000
__Ltext23                      text23       000000
__Ltext24                      text24       000000
__Ltext25                      text25       000000
__Ltext26                      text26       000000
__Ltext27                      text27       000000
__Ltext28                      text28       000000
__Ltext29                      text29       000000
__Ltext3                       text3        000000
__Ltext30                      text30       000000
__Ltext31                      text31       000000
__Ltext32                      text32       000000
__Ltext35                      text35       000000
__Ltext36                      text36       000000
__Ltext37                      text37       000000
__Ltext38                      text38       000000
__Ltext39                      text39       000000
__Ltext4                       text4        000000
__Ltext40                      text40       000000
__Ltext41                      text41       000000
__Ltext42                      text42       000000
__Ltext5                       text5        000000
__Ltext6                       text6        000000
__Ltext7                       text7        000000
__Ltext8                       text8        000000
__Ltext9                       text9        000000
__S0                           (abs)        30000E
__S1                           (abs)        00015D
__S2                           (abs)        000000
___awdiv                       text24       001120
___awdiv@counter               cstackBANK0  000065
___awdiv@dividend              cstackBANK0  000061
___awdiv@divisor               cstackBANK0  000063
___awdiv@quotient              cstackBANK0  000067
___awdiv@sign                  cstackBANK0  000066
___inthi_sp                    stack        000000
___intlo_sp                    stack        000000
___lodiv                       text11       000C32
___lodiv@counter               cstackBANK0  000079
___lodiv@dividend              cstackBANK0  000061
___lodiv@divisor               cstackBANK0  000069
___lodiv@quotient              cstackBANK0  000071
___lomod                       text10       000D02
___lomod@counter               cstackBANK0  000071
___lomod@dividend              cstackBANK0  000061
___lomod@divisor               cstackBANK0  000069
___param_bank                  (abs)        000000
___rparam_used                 (abs)        000001
___sp                          stack        000000
___wmul                        text23       001718
___wmul@multiplicand           cstackBANK0  00006B
___wmul@multiplier             cstackBANK0  000069
___wmul@product                cstackBANK0  00006D
__accesstop                    (abs)        000060
__activetblptr                 (abs)        000002
__end_of_ClearLCD              text29       001760
__end_of_E_TOG                 text32       0017DC
__end_of_InterruptHandlerHigh  intcode_body 00129C
__end_of_InterruptHandlerLow   intcodelo    000026
__end_of_LCD_String            text28       0013EA
__end_of_LCDout                text31       001222
__end_of_SendLCD               text30       0015F4
__end_of_SetLine               text27       00165C
__end_of___awdiv               text24       0011A6
__end_of___lodiv               text11       000D02
__end_of___lomod               text10       000DB2
__end_of___wmul                text23       001740
__end_of__initialization       cinit        00161A
__end_of_check_RFID            text37       000956
__end_of_classify_data         text26       001580
__end_of_fputc                 text8        000E54
__end_of_fputs                 text7        0015BC
__end_of_fullSpeedAhead        text21       001388
__end_of_initPWM               text16       00179A
__end_of_init_LCD              text15       000B5E
__end_of_init_RFID             text14       0017B4
__end_of_init_motors           text25       000C32
__end_of_init_sensors          text13       00177E
__end_of_main                  text0        000698
__end_of_moveToBeacon          text18       001012
__end_of_pad                   text5        000EF2
__end_of_processRFID           text35       00109A
__end_of_process_signal        text17       000F88
__end_of_putch                 text9        0017EC
__end_of_setMotorPWM           text22       000A84
__end_of_setup                 text12       00168C
__end_of_sprintf               text1        0014F0
__end_of_stop                  text20       001542
__end_of_strlen                text6        0016EA
__end_of_turnLeft              text19       001120
__end_of_utoa                  text4        0004FA
__end_of_vfpfcnvrt             text3        000806
__end_of_vfprintf              text2        00149E
__end_ofi2_ClearLCD            text36       0017CE
__end_ofi2_E_TOG               text42       0017EA
__end_ofi2_LCD_String          text39       001448
__end_ofi2_LCDout              text41       001314
__end_ofi2_SendLCD             text40       0016BC
__end_ofi2_SetLine             text38       001718
__initialization               cinit        0015F4
__mediumconst                  mediumconst  000000
__pbssBANK0                    bssBANK0     0000C8
__pbssBANK1                    bssBANK1     00013D
__pbssCOMRAM                   bssCOMRAM    000029
__pcinit                       cinit        0015F4
__pcstackBANK0                 cstackBANK0  000060
__pcstackBANK1                 cstackBANK1  000100
__pcstackCOMRAM                cstackCOMRAM 000001
__pintcode                     intcode      000008
__pintcode_body                intcode_body 001222
__pintcodelo                   intcodelo    000018
__psmallconst                  smallconst   000300
__ptext0                       text0        0004FA
__ptext1                       text1        00149E
__ptext10                      text10       000D02
__ptext11                      text11       000C32
__ptext12                      text12       00165C
__ptext13                      text13       001760
__ptext14                      text14       00179A
__ptext15                      text15       000A84
__ptext16                      text16       00177E
__ptext17                      text17       000EF2
__ptext18                      text18       000F88
__ptext19                      text19       00109A
__ptext2                       text2        001448
__ptext20                      text20       0014F0
__ptext21                      text21       001314
__ptext22                      text22       000956
__ptext23                      text23       001718
__ptext24                      text24       001120
__ptext25                      text25       000B5E
__ptext26                      text26       001542
__ptext27                      text27       001628
__ptext28                      text28       001388
__ptext29                      text29       001740
__ptext3                       text3        000698
__ptext30                      text30       0015BC
__ptext31                      text31       0011A6
__ptext32                      text32       0017CE
__ptext35                      text35       001012
__ptext36                      text36       0017B4
__ptext37                      text37       000806
__ptext38                      text38       0016EA
__ptext39                      text39       0013EA
__ptext4                       text4        000346
__ptext40                      text40       00168C
__ptext41                      text41       00129C
__ptext42                      text42       0017DC
__ptext5                       text5        000E54
__ptext6                       text6        0016BC
__ptext7                       text7        001580
__ptext8                       text8        000DB2
__ptext9                       text9        0017EA
__ramtop                       ramtop       000300
__size_of_ClearLCD             (abs)        000000
__size_of_E_TOG                (abs)        000000
__size_of_InterruptHandlerHigh (abs)        000000
__size_of_InterruptHandlerLow  (abs)        000000
__size_of_LCD_String           (abs)        000000
__size_of_LCDout               (abs)        000000
__size_of_SendLCD              (abs)        000000
__size_of_SetLine              (abs)        000000
__size_of___awdiv              (abs)        000000
__size_of___lodiv              (abs)        000000
__size_of___lomod              (abs)        000000
__size_of___wmul               (abs)        000000
__size_of_check_RFID           (abs)        000000
__size_of_classify_data        (abs)        000000
__size_of_fputc                (abs)        000000
__size_of_fputs                (abs)        000000
__size_of_fullSpeedAhead       (abs)        000000
__size_of_initPWM              (abs)        000000
__size_of_init_LCD             (abs)        000000
__size_of_init_RFID            (abs)        000000
__size_of_init_motors          (abs)        000000
__size_of_init_sensors         (abs)        000000
__size_of_main                 (abs)        000000
__size_of_moveToBeacon         (abs)        000000
__size_of_pad                  (abs)        000000
__size_of_processRFID          (abs)        000000
__size_of_process_signal       (abs)        000000
__size_of_putch                (abs)        000000
__size_of_setMotorPWM          (abs)        000000
__size_of_setup                (abs)        000000
__size_of_sprintf              (abs)        000000
__size_of_stop                 (abs)        000000
__size_of_strlen               (abs)        000000
__size_of_turnLeft             (abs)        000000
__size_of_utoa                 (abs)        000000
__size_of_vfpfcnvrt            (abs)        000000
__size_of_vfprintf             (abs)        000000
__size_ofi2_ClearLCD           (abs)        000000
__size_ofi2_E_TOG              (abs)        000000
__size_ofi2_LCD_String         (abs)        000000
__size_ofi2_LCDout             (abs)        000000
__size_ofi2_SendLCD            (abs)        000000
__size_ofi2_SetLine            (abs)        000000
__smallconst                   smallconst   000300
_check_RFID                    text37       000806
_classify_data                 text26       001542
_dbuf                          bssBANK1     00013D
_flags                         bssBANK0     0000CC
_fputc                         text8        000DB2
_fputs                         text7        001580
_fullSpeedAhead                text21       001314
_initPWM                       text16       00177E
_init_LCD                      text15       000A84
_init_RFID                     text14       00179A
_init_motors                   text25       000B5E
_init_sensors                  text13       001760
_main                          text0        0004FA
_moveToBeacon                  text18       000F88
_nout                          bssCOMRAM    000029
_pad                           text5        000E54
_prec                          bssBANK0     0000CA
_processRFID                   text35       001012
_process_signal                text17       000EF2
_putch                         text9        0017EA
_robot_mode                    bssCOMRAM    00002C
_setMotorPWM                   text22       000956
_setup                         text12       00165C
_sprintf                       text1        00149E
_stop                          text20       0014F0
_strlen                        text6        0016BC
_turnLeft                      text19       00109A
_utoa                          text4        000346
_vfpfcnvrt                     text3        000698
_vfprintf                      text2        001448
_width                         bssBANK0     0000C8
btemp                          temp         000039
check_RFID@byte1               cstackCOMRAM 000017
check_RFID@byte2               cstackCOMRAM 000018
check_RFID@byte3               cstackCOMRAM 000019
check_RFID@byte4               cstackCOMRAM 00001A
check_RFID@byte5               cstackCOMRAM 00001B
check_RFID@checksum            cstackCOMRAM 00001C
check_RFID@dataBuf             cstackCOMRAM 000007
check_RFID@hexBuf              cstackCOMRAM 00000B
check_RFID@i                   cstackCOMRAM 00001D
classify_data@difference       cstackBANK0  000065
classify_data@left_smoothed    cstackBANK0  000061
classify_data@right_smoothed   cstackBANK0  000063
end_of_initialization          cinit        00161A
fputc@c                        cstackBANK0  000061
fputc@fp                       cstackBANK0  000063
fputs@c                        cstackBANK0  00006E
fputs@fp                       cstackBANK0  00006C
fputs@i                        cstackBANK0  00006F
fputs@s                        cstackBANK0  00006A
fullSpeedAhead@i               cstackBANK0  00007C
fullSpeedAhead@mL              cstackBANK0  000078
fullSpeedAhead@mR              cstackBANK0  00007A
i2LCD_String@string            cstackCOMRAM 000005
i2LCDout@number                cstackCOMRAM 000002
i2SendLCD@Byte                 cstackCOMRAM 000004
i2SendLCD@type                 cstackCOMRAM 000003
i2SetLine@line                 cstackCOMRAM 000005
i2_ClearLCD                    text36       0017B4
i2_E_TOG                       text42       0017DC
i2_LCD_String                  text39       0013EA
i2_LCDout                      text41       00129C
i2_SendLCD                     text40       00168C
i2_SetLine                     text38       0016EA
initPWM@PWMperiod              cstackBANK0  000061
init_motors@mL                 cstackBANK0  000061
init_motors@mR                 cstackBANK0  000063
int$flags                      temp         000039
int_func                       intcode_body 001222
intlevel0                      text         000000
intlevel1                      text         000000
intlevel2                      text         000000
intlevel3                      text         000000
main@beacon_location           cstackBANK1  000120
main@i                         cstackBANK1  000121
main@motorL                    cstackBANK1  000123
main@motorR                    cstackBANK1  00012C
main@sensorL                   cstackBANK1  000135
main@sensorR                   cstackBANK1  000139
main@temp1                     cstackBANK1  000110
main@temp2                     cstackBANK1  000100
moveToBeacon@beacon_location   cstackBANK0  000083
moveToBeacon@mL                cstackBANK0  00007F
moveToBeacon@mR                cstackBANK0  000081
pad@buf                        cstackBANK0  000073
pad@fp                         cstackBANK0  000071
pad@i                          cstackBANK0  000078
pad@p                          cstackBANK0  000075
pad@w                          cstackBANK0  00007A
processRFID@RFIDbuf            cstackCOMRAM 000006
processRFID@i                  cstackCOMRAM 000009
processRFID@i_1218             cstackCOMRAM 00000B
processRFID@latestChar         cstackCOMRAM 000008
processRFID@position_in_buf    bssCOMRAM    00002B
process_signal@S               cstackBANK0  00006F
setMotorPWM@PWMduty            cstackBANK0  000076
setMotorPWM@m                  cstackBANK0  00006F
sprintf@ap                     cstackBANK0  0000BE
sprintf@f                      cstackBANK0  0000C0
sprintf@fmt                    cstackBANK0  0000B8
sprintf@s                      cstackBANK0  0000B6
stackhi                        (abs)        0002FF
stacklo                        (abs)        00015D
start                          init         000026
start_initialization           cinit        0015F4
stop@i                         cstackBANK0  00007C
stop@mL                        cstackBANK0  000078
stop@mR                        cstackBANK0  00007A
strlen@a                       cstackBANK0  000063
strlen@s                       cstackBANK0  000061
ttemp5                         temp         00003A
ttemp6                         temp         00003D
ttemp7                         temp         000041
turnLeft@i                     cstackBANK0  00007D
turnLeft@mL                    cstackBANK0  000078
turnLeft@mR                    cstackBANK0  00007A
utoa@d                         cstackBANK0  00007E
utoa@fp                        cstackBANK0  00007C
utoa@i                         cstackBANK0  00009A
utoa@n                         cstackBANK0  000092
utoa@p                         cstackBANK0  00008E
utoa@w                         cstackBANK0  000090
vfpfcnvrt@ap                   cstackBANK0  0000A0
vfpfcnvrt@fmt                  cstackBANK0  00009E
vfpfcnvrt@fp                   cstackBANK0  00009C
vfpfcnvrt@llu                  cstackBANK0  0000A6
vfprintf@ap                    cstackBANK0  0000B2
vfprintf@cfmt                  cstackBANK0  0000B4
vfprintf@fmt                   cstackBANK0  0000B0
vfprintf@fp                    cstackBANK0  0000AE
wtemp8                         temp         00003A


FUNCTION INFORMATION:

 *************** function _main *****************
 Defined at:
		line 93 in file "main.c"
 Parameters:    Size  Location     Type
		None
 Auto vars:     Size  Location     Type
  i               2   33[BANK1 ] int 
  temp1          16   16[BANK1 ] unsigned char [16]
  temp2          16    0[BANK1 ] unsigned char [16]
  beacon_locat    1   32[BANK1 ] unsigned char 
  motorR          9   44[BANK1 ] struct DC_motor
  motorL          9   35[BANK1 ] struct DC_motor
  sensorR         4   57[BANK1 ] struct Sensor
  sensorL         4   53[BANK1 ] struct Sensor
 Return value:  Size  Location     Type
                  1    wreg      void 
 Registers used:
		wreg, fsr1l, fsr1h, fsr2l, fsr2h, status,2, status,0, tblptrl, tblptrh, tblptru, prodl, prodh, cstack
 Tracked objects:
		On entry : 
		On exit  : 
		Unchanged: 
 Data sizes:     COMRAM   BANK0   BANK1   BANK2
      Params:         0       0       0       0
      Locals:         0       0      61       0
      Temps:          0       2       0       0
      Totals:         0       2      61       0
Total ram usage:       63 bytes
 Hardware stack levels required when called:   15
 This function calls:
		_ClearLCD
		_LCD_String
		_SetLine
		_classify_data
		_init_motors
		_moveToBeacon
		_process_signal
		_setup
		_sprintf
 This function is called by:
		Startup code after reset
 This function uses a non-reentrant model


 *************** function _sprintf *****************
 Defined at:
		line 9 in file "C:\Program Files (x86)\Microchip\xc8\v2.05\pic\sources\c99\common\nf_sprintf.c"
 Parameters:    Size  Location     Type
  s               2   86[BANK0 ] PTR unsigned char 
		 -> main@temp1(16), main@temp2(16), 
  fmt             2   88[BANK0 ] PTR const unsigned char 
		 -> STR_2(10), STR_1(9), 
 Auto vars:     Size  Location     Type
  f               6   96[BANK0 ] struct _IO_FILE
  ap              2   94[BANK0 ] PTR void [1]
		 -> ?_sprintf(2), 
  ret             2    0        int 
 Return value:  Size  Location     Type
                  2   86[BANK0 ] int 
 Registers used:
		wreg, fsr1l, fsr1h, fsr2l, fsr2h, status,2, status,0, tblptrl, tblptrh, tblptru, cstack
 Tracked objects:
		On entry : 
		On exit  : 
		Unchanged: 
 Data sizes:     COMRAM   BANK0   BANK1   BANK2
      Params:         0       6       0       0
      Locals:         0      10       0       0
      Temps:          0       0       0       0
      Totals:         0      16       0       0
Total ram usage:       16 bytes
 Hardware stack levels used:    1
 Hardware stack levels required when called:   14
 This function calls:
		_vfprintf
 This function is called by:
		_main
 This function uses a non-reentrant model


 *************** function _vfprintf *****************
 Defined at:
		line 1368 in file "C:\Program Files (x86)\Microchip\xc8\v2.05\pic\sources\c99\common\doprnt.c"
 Parameters:    Size  Location     Type
  fp              2   78[BANK0 ] PTR struct _IO_FILE
		 -> sprintf@f(6), 
  fmt             2   80[BANK0 ] PTR const unsigned char 
		 -> STR_2(10), STR_1(9), 
  ap              2   82[BANK0 ] PTR PTR void 
		 -> sprintf@ap(2), 
 Auto vars:     Size  Location     Type
  cfmt            2   84[BANK0 ] PTR unsigned char 
		 -> STR_2(10), STR_1(9), 
 Return value:  Size  Location     Type
                  2   78[BANK0 ] int 
 Registers used:
		wreg, fsr1l, fsr1h, fsr2l, fsr2h, status,2, status,0, tblptrl, tblptrh, tblptru, cstack
 Tracked objects:
		On entry : 
		On exit  : 
		Unchanged: 
 Data sizes:     COMRAM   BANK0   BANK1   BANK2
      Params:         0       6       0       0
      Locals:         0       2       0       0
      Temps:          0       0       0       0
      Totals:         0       8       0       0
Total ram usage:        8 bytes
 Hardware stack levels used:    1
 Hardware stack levels required when called:   13
 This function calls:
		_vfpfcnvrt
 This function is called by:
		_sprintf
 This function uses a non-reentrant model


 *************** function _vfpfcnvrt *****************
 Defined at:
		line 670 in file "C:\Program Files (x86)\Microchip\xc8\v2.05\pic\sources\c99\common\doprnt.c"
 Parameters:    Size  Location     Type
  fp              2   60[BANK0 ] PTR struct _IO_FILE
		 -> sprintf@f(6), 
  fmt             2   62[BANK0 ] PTR PTR unsigned char 
		 -> vfprintf@cfmt(2), 
  ap              2   64[BANK0 ] PTR PTR void 
		 -> sprintf@ap(2), 
 Auto vars:     Size  Location     Type
  llu             8   70[BANK0 ] unsigned long long 
  ll              8    0        long long 
  f               4    0        long long 
  vp              3    0        PTR void 
  ct              3    0        unsigned char [3]
  cp              3    0        PTR unsigned char 
  i               2    0        int 
  done            2    0        int 
  c               1    0        unsigned char 
 Return value:  Size  Location     Type
                  2   60[BANK0 ] int 
 Registers used:
		wreg, fsr1l, fsr1h, fsr2l, fsr2h, status,2, status,0, tblptrl, tblptrh, tblptru, cstack
 Tracked objects:
		On entry : 
		On exit  : 
		Unchanged: 
 Data sizes:     COMRAM   BANK0   BANK1   BANK2
      Params:         0       6       0       0
      Locals:         0       8       0       0
      Temps:          0       4       0       0
      Totals:         0      18       0       0
Total ram usage:       18 bytes
 Hardware stack levels used:    1
 Hardware stack levels required when called:   12
 This function calls:
		_fputc
		_utoa
 This function is called by:
		_vfprintf
 This function uses a non-reentrant model


 *************** function _utoa *****************
 Defined at:
		line 593 in file "C:\Program Files (x86)\Microchip\xc8\v2.05\pic\sources\c99\common\doprnt.c"
 Parameters:    Size  Location     Type
  fp              2   28[BANK0 ] PTR struct _IO_FILE
		 -> sprintf@f(6), 
  d               8   30[BANK0 ] unsigned long long 
 Auto vars:     Size  Location     Type
  n               8   50[BANK0 ] unsigned long long 
  i               2   58[BANK0 ] int 
  w               2   48[BANK0 ] int 
  p               2   46[BANK0 ] int 
 Return value:  Size  Location     Type
                  2   28[BANK0 ] int 
 Registers used:
		wreg, fsr1l, fsr1h, fsr2l, fsr2h, status,2, status,0, cstack
 Tracked objects:
		On entry : 
		On exit  : 
		Unchanged: 
 Data sizes:     COMRAM   BANK0   BANK1   BANK2
      Params:         0      10       0       0
      Locals:         0      14       0       0
      Temps:          0       8       0       0
      Totals:         0      32       0       0
Total ram usage:       32 bytes
 Hardware stack levels used:    1
 Hardware stack levels required when called:   11
 This function calls:
		___lodiv
		___lomod
		_pad
 This function is called by:
		_vfpfcnvrt
 This function uses a non-reentrant model


 *************** function _pad *****************
 Defined at:
		line 72 in file "C:\Program Files (x86)\Microchip\xc8\v2.05\pic\sources\c99\common\doprnt.c"
 Parameters:    Size  Location     Type
  fp              2   17[BANK0 ] PTR struct _IO_FILE
		 -> sprintf@f(6), 
  buf             2   19[BANK0 ] PTR unsigned char 
		 -> dbuf(32), 
  p               2   21[BANK0 ] int 
 Auto vars:     Size  Location     Type
  w               2   26[BANK0 ] int 
  i               2   24[BANK0 ] int 
 Return value:  Size  Location     Type
                  2   17[BANK0 ] int 
 Registers used:
		wreg, fsr1l, fsr1h, fsr2l, fsr2h, status,2, status,0, cstack
 Tracked objects:
		On entry : 
		On exit  : 
		Unchanged: 
 Data sizes:     COMRAM   BANK0   BANK1   BANK2
      Params:         0       6       0       0
      Locals:         0       4       0       0
      Temps:          0       1       0       0
      Totals:         0      11       0       0
Total ram usage:       11 bytes
 Hardware stack levels used:    1
 Hardware stack levels required when called:   10
 This function calls:
		_fputc
		_fputs
		_strlen
 This function is called by:
		_utoa
 This function uses a non-reentrant model


 *************** function _strlen *****************
 Defined at:
		line 12 in file "C:\Program Files (x86)\Microchip\xc8\v2.05\pic\sources\c99\common\strlen.c"
 Parameters:    Size  Location     Type
  s               2    1[BANK0 ] PTR const unsigned char 
		 -> dbuf(32), 
 Auto vars:     Size  Location     Type
  a               2    3[BANK0 ] PTR const unsigned char 
		 -> dbuf(32), 
 Return value:  Size  Location     Type
                  2    1[BANK0 ] unsigned int 
 Registers used:
		wreg, fsr2l, fsr2h, status,2, status,0
 Tracked objects:
		On entry : 
		On exit  : 
		Unchanged: 
 Data sizes:     COMRAM   BANK0   BANK1   BANK2
      Params:         0       2       0       0
      Locals:         0       2       0       0
      Temps:          0       0       0       0
      Totals:         0       4       0       0
Total ram usage:        4 bytes
 Hardware stack levels used:    1
 Hardware stack levels required when called:    7
 This function calls:
		Nothing
 This function is called by:
		_pad
 This function uses a non-reentrant model


 *************** function _fputs *****************
 Defined at:
		line 8 in file "C:\Program Files (x86)\Microchip\xc8\v2.05\pic\sources\c99\common\nf_fputs.c"
 Parameters:    Size  Location     Type
  s               2   10[BANK0 ] PTR const unsigned char 
		 -> dbuf(32), 
  fp              2   12[BANK0 ] PTR struct _IO_FILE
		 -> sprintf@f(6), 
 Auto vars:     Size  Location     Type
  i               2   15[BANK0 ] int 
  c               1   14[BANK0 ] unsigned char 
 Return value:  Size  Location     Type
                  2   10[BANK0 ] int 
 Registers used:
		wreg, fsr1l, fsr1h, fsr2l, fsr2h, status,2, status,0, cstack
 Tracked objects:
		On entry : 
		On exit  : 
		Unchanged: 
 Data sizes:     COMRAM   BANK0   BANK1   BANK2
      Params:         0       4       0       0
      Locals:         0       3       0       0
      Temps:          0       0       0       0
      Totals:         0       7       0       0
Total ram usage:        7 bytes
 Hardware stack levels used:    1
 Hardware stack levels required when called:    9
 This function calls:
		_fputc
 This function is called by:
		_pad
 This function uses a non-reentrant model


 *************** function _fputc *****************
 Defined at:
		line 8 in file "C:\Program Files (x86)\Microchip\xc8\v2.05\pic\sources\c99\common\nf_fputc.c"
 Parameters:    Size  Location     Type
  c               2    1[BANK0 ] int 
  fp              2    3[BANK0 ] PTR struct _IO_FILE
		 -> sprintf@f(6), 
 Auto vars:     Size  Location     Type
		None
 Return value:  Size  Location     Type
                  2    1[BANK0 ] int 
 Registers used:
		wreg, fsr1l, fsr1h, fsr2l, fsr2h, status,2, status,0, cstack
 Tracked objects:
		On entry : 
		On exit  : 
		Unchanged: 
 Data sizes:     COMRAM   BANK0   BANK1   BANK2
      Params:         0       4       0       0
      Locals:         0       0       0       0
      Temps:          0       5       0       0
      Totals:         0       9       0       0
Total ram usage:        9 bytes
 Hardware stack levels used:    1
 Hardware stack levels required when called:    8
 This function calls:
		_putch
 This function is called by:
		_pad
		_vfpfcnvrt
		_fputs
 This function uses a non-reentrant model


 *************** function _putch *****************
 Defined at:
		line 7 in file "C:\Program Files (x86)\Microchip\xc8\v2.05\pic\sources\c99\common\putch.c"
 Parameters:    Size  Location     Type
  c               1    wreg     unsigned char 
 Auto vars:     Size  Location     Type
  c               1    0[COMRAM] unsigned char 
 Return value:  Size  Location     Type
                  1    wreg      void 
 Registers used:
		wreg
 Tracked objects:
		On entry : 
		On exit  : 
		Unchanged: 
 Data sizes:     COMRAM   BANK0   BANK1   BANK2
      Params:         0       0       0       0
      Locals:         0       0       0       0
      Temps:          0       0       0       0
      Totals:         0       0       0       0
Total ram usage:        0 bytes
 Hardware stack levels used:    1
 Hardware stack levels required when called:    7
 This function calls:
		Nothing
 This function is called by:
		_fputc
 This function uses a non-reentrant model


 *************** function ___lomod *****************
 Defined at:
		line 9 in file "C:\Program Files (x86)\Microchip\xc8\v2.05\pic\sources\c99\common\lomod.c"
 Parameters:    Size  Location     Type
  dividend        8    1[BANK0 ] unsigned long long 
  divisor         8    9[BANK0 ] unsigned long long 
 Auto vars:     Size  Location     Type
  counter         1   17[BANK0 ] unsigned char 
 Return value:  Size  Location     Type
                  8    1[BANK0 ] unsigned long long 
 Registers used:
		wreg, status,2, status,0
 Tracked objects:
		On entry : 
		On exit  : 
		Unchanged: 
 Data sizes:     COMRAM   BANK0   BANK1   BANK2
      Params:         0      16       0       0
      Locals:         0       1       0       0
      Temps:          0       0       0       0
      Totals:         0      17       0       0
Total ram usage:       17 bytes
 Hardware stack levels used:    1
 Hardware stack levels required when called:    7
 This function calls:
		Nothing
 This function is called by:
		_utoa
 This function uses a non-reentrant model


 *************** function ___lodiv *****************
 Defined at:
		line 9 in file "C:\Program Files (x86)\Microchip\xc8\v2.05\pic\sources\c99\common\lodiv.c"
 Parameters:    Size  Location     Type
  dividend        8    1[BANK0 ] unsigned long long 
  divisor         8    9[BANK0 ] unsigned long long 
 Auto vars:     Size  Location     Type
  quotient        8   17[BANK0 ] unsigned long long 
  counter         1   25[BANK0 ] unsigned char 
 Return value:  Size  Location     Type
                  8    1[BANK0 ] unsigned long long 
 Registers used:
		wreg, fsr2l, fsr2h, status,2, status,0
 Tracked objects:
		On entry : 
		On exit  : 
		Unchanged: 
 Data sizes:     COMRAM   BANK0   BANK1   BANK2
      Params:         0      16       0       0
      Locals:         0       9       0       0
      Temps:          0       0       0       0
      Totals:         0      25       0       0
Total ram usage:       25 bytes
 Hardware stack levels used:    1
 Hardware stack levels required when called:    7
 This function calls:
		Nothing
 This function is called by:
		_utoa
 This function uses a non-reentrant model


 *************** function _setup *****************
 Defined at:
		line 33 in file "main.c"
 Parameters:    Size  Location     Type
		None
 Auto vars:     Size  Location     Type
		None
 Return value:  Size  Location     Type
                  1    wreg      void 
 Registers used:
		wreg, status,2, status,0, cstack
 Tracked objects:
		On entry : 
		On exit  : 
		Unchanged: 
 Data sizes:     COMRAM   BANK0   BANK1   BANK2
      Params:         0       0       0       0
      Locals:         0       0       0       0
      Temps:          0       0       0       0
      Totals:         0       0       0       0
Total ram usage:        0 bytes
 Hardware stack levels used:    1
 Hardware stack levels required when called:   11
 This function calls:
		_initPWM
		_init_LCD
		_init_RFID
		_init_sensors
 This function is called by:
		_main
 This function uses a non-reentrant model


 *************** function _init_sensors *****************
 Defined at:
		line 14 in file "signal_processing.c"
 Parameters:    Size  Location     Type
		None
 Auto vars:     Size  Location     Type
		None
 Return value:  Size  Location     Type
                  1    wreg      void 
 Registers used:
		wreg, status,2
 Tracked objects:
		On entry : 
		On exit  : 
		Unchanged: 
 Data sizes:     COMRAM   BANK0   BANK1   BANK2
      Params:         0       0       0       0
      Locals:         0       0       0       0
      Temps:          0       0       0       0
      Totals:         0       0       0       0
Total ram usage:        0 bytes
 Hardware stack levels used:    1
 Hardware stack levels required when called:    7
 This function calls:
		Nothing
 This function is called by:
		_setup
 This function uses a non-reentrant model


 *************** function _init_RFID *****************
 Defined at:
		line 13 in file "RFID.c"
 Parameters:    Size  Location     Type
		None
 Auto vars:     Size  Location     Type
		None
 Return value:  Size  Location     Type
                  1    wreg      void 
 Registers used:
		wreg, status,2
 Tracked objects:
		On entry : 
		On exit  : 
		Unchanged: 
 Data sizes:     COMRAM   BANK0   BANK1   BANK2
      Params:         0       0       0       0
      Locals:         0       0       0       0
      Temps:          0       0       0       0
      Totals:         0       0       0       0
Total ram usage:        0 bytes
 Hardware stack levels used:    1
 Hardware stack levels required when called:    7
 This function calls:
		Nothing
 This function is called by:
		_setup
 This function uses a non-reentrant model


 *************** function _init_LCD *****************
 Defined at:
		line 56 in file "LCDIO.c"
 Parameters:    Size  Location     Type
		None
 Auto vars:     Size  Location     Type
		None
 Return value:  Size  Location     Type
                  1    wreg      void 
 Registers used:
		wreg, status,2, status,0, cstack
 Tracked objects:
		On entry : 
		On exit  : 
		Unchanged: 
 Data sizes:     COMRAM   BANK0   BANK1   BANK2
      Params:         0       0       0       0
      Locals:         0       0       0       0
      Temps:          0       1       0       0
      Totals:         0       1       0       0
Total ram usage:        1 bytes
 Hardware stack levels used:    1
 Hardware stack levels required when called:   10
 This function calls:
		_LCDout
		_SendLCD
 This function is called by:
		_setup
 This function uses a non-reentrant model


 *************** function _initPWM *****************
 Defined at:
		line 5 in file "dc_motor.c"
 Parameters:    Size  Location     Type
  PWMperiod       2    1[BANK0 ] int 
 Auto vars:     Size  Location     Type
		None
 Return value:  Size  Location     Type
                  1    wreg      void 
 Registers used:
		wreg, status,2
 Tracked objects:
		On entry : 
		On exit  : 
		Unchanged: 
 Data sizes:     COMRAM   BANK0   BANK1   BANK2
      Params:         0       2       0       0
      Locals:         0       0       0       0
      Temps:          0       0       0       0
      Totals:         0       2       0       0
Total ram usage:        2 bytes
 Hardware stack levels used:    1
 Hardware stack levels required when called:    7
 This function calls:
		Nothing
 This function is called by:
		_setup
 This function uses a non-reentrant model


 *************** function _process_signal *****************
 Defined at:
		line 32 in file "signal_processing.c"
 Parameters:    Size  Location     Type
  S               2   15[BANK0 ] PTR struct Sensor
		 -> main@sensorR(4), main@sensorL(4), 
 Auto vars:     Size  Location     Type
  smoothing_co    1    0        unsigned char 
 Return value:  Size  Location     Type
                  1    wreg      void 
 Registers used:
		wreg, fsr2l, fsr2h, status,2, status,0, prodl, prodh, cstack
 Tracked objects:
		On entry : 
		On exit  : 
		Unchanged: 
 Data sizes:     COMRAM   BANK0   BANK1   BANK2
      Params:         0       2       0       0
      Locals:         0       1       0       0
      Temps:          0       0       0       0
      Totals:         0       3       0       0
Total ram usage:        3 bytes
 Hardware stack levels used:    1
 Hardware stack levels required when called:    8
 This function calls:
		___awdiv
		___wmul
 This function is called by:
		_main
 This function uses a non-reentrant model


 *************** function _moveToBeacon *****************
 Defined at:
		line 117 in file "dc_motor.c"
 Parameters:    Size  Location     Type
  beacon_locat    1    wreg     unsigned char 
  mL              2   31[BANK0 ] PTR struct DC_motor
		 -> main@motorR(9), main@motorL(9), 
  mR              2   33[BANK0 ] PTR struct DC_motor
		 -> main@motorR(9), main@motorL(9), 
 Auto vars:     Size  Location     Type
  beacon_locat    1   35[BANK0 ] unsigned char 
 Return value:  Size  Location     Type
                  1    wreg      void 
 Registers used:
		wreg, fsr2l, fsr2h, status,2, status,0, prodl, prodh, cstack
 Tracked objects:
		On entry : 
		On exit  : 
		Unchanged: 
 Data sizes:     COMRAM   BANK0   BANK1   BANK2
      Params:         0       4       0       0
      Locals:         0       1       0       0
      Temps:          0       0       0       0
      Totals:         0       5       0       0
Total ram usage:        5 bytes
 Hardware stack levels used:    1
 Hardware stack levels required when called:   10
 This function calls:
		_fullSpeedAhead
		_stop
		_turnLeft
 This function is called by:
		_main
 This function uses a non-reentrant model


 *************** function _turnLeft *****************
 Defined at:
		line 70 in file "dc_motor.c"
 Parameters:    Size  Location     Type
  mL              2   24[BANK0 ] PTR struct DC_motor
		 -> moveToBeacon@mL(2), 
  mR              2   26[BANK0 ] PTR struct DC_motor
		 -> moveToBeacon@mR(2), 
 Auto vars:     Size  Location     Type
  i               2   29[BANK0 ] int 
 Return value:  Size  Location     Type
                  1    wreg      void 
 Registers used:
		wreg, fsr2l, fsr2h, status,2, status,0, prodl, prodh, cstack
 Tracked objects:
		On entry : 
		On exit  : 
		Unchanged: 
 Data sizes:     COMRAM   BANK0   BANK1   BANK2
      Params:         0       4       0       0
      Locals:         0       2       0       0
      Temps:          0       1       0       0
      Totals:         0       7       0       0
Total ram usage:        7 bytes
 Hardware stack levels used:    1
 Hardware stack levels required when called:    9
 This function calls:
		_setMotorPWM
 This function is called by:
		_moveToBeacon
 This function uses a non-reentrant model


 *************** function _stop *****************
 Defined at:
		line 58 in file "dc_motor.c"
 Parameters:    Size  Location     Type
  mL              2   24[BANK0 ] PTR struct DC_motor
		 -> moveToBeacon@mL(2), 
  mR              2   26[BANK0 ] PTR struct DC_motor
		 -> moveToBeacon@mR(2), 
 Auto vars:     Size  Location     Type
  i               2   28[BANK0 ] int 
 Return value:  Size  Location     Type
                  1    wreg      void 
 Registers used:
		wreg, fsr2l, fsr2h, status,2, status,0, prodl, prodh, cstack
 Tracked objects:
		On entry : 
		On exit  : 
		Unchanged: 
 Data sizes:     COMRAM   BANK0   BANK1   BANK2
      Params:         0       4       0       0
      Locals:         0       2       0       0
      Temps:          0       0       0       0
      Totals:         0       6       0       0
Total ram usage:        6 bytes
 Hardware stack levels used:    1
 Hardware stack levels required when called:    9
 This function calls:
		_setMotorPWM
 This function is called by:
		_moveToBeacon
 This function uses a non-reentrant model


 *************** function _fullSpeedAhead *****************
 Defined at:
		line 103 in file "dc_motor.c"
 Parameters:    Size  Location     Type
  mL              2   24[BANK0 ] PTR struct DC_motor
		 -> moveToBeacon@mL(2), 
  mR              2   26[BANK0 ] PTR struct DC_motor
		 -> moveToBeacon@mR(2), 
 Auto vars:     Size  Location     Type
  i               2   28[BANK0 ] int 
 Return value:  Size  Location     Type
                  1    wreg      void 
 Registers used:
		wreg, fsr2l, fsr2h, status,2, status,0, prodl, prodh, cstack
 Tracked objects:
		On entry : 
		On exit  : 
		Unchanged: 
 Data sizes:     COMRAM   BANK0   BANK1   BANK2
      Params:         0       4       0       0
      Locals:         0       2       0       0
      Temps:          0       0       0       0
      Totals:         0       6       0       0
Total ram usage:        6 bytes
 Hardware stack levels used:    1
 Hardware stack levels required when called:    9
 This function calls:
		_setMotorPWM
 This function is called by:
		_moveToBeacon
 This function uses a non-reentrant model


 *************** function _setMotorPWM *****************
 Defined at:
		line 18 in file "dc_motor.c"
 Parameters:    Size  Location     Type
  m               2   15[BANK0 ] PTR struct DC_motor
		 -> moveToBeacon@mR(2), moveToBeacon@mL(2), 
 Auto vars:     Size  Location     Type
  PWMduty         2   22[BANK0 ] int 
 Return value:  Size  Location     Type
                  1    wreg      void 
 Registers used:
		wreg, fsr2l, fsr2h, status,2, status,0, prodl, prodh, cstack
 Tracked objects:
		On entry : 
		On exit  : 
		Unchanged: 
 Data sizes:     COMRAM   BANK0   BANK1   BANK2
      Params:         0       2       0       0
      Locals:         0       2       0       0
      Temps:          0       5       0       0
      Totals:         0       9       0       0
Total ram usage:        9 bytes
 Hardware stack levels used:    1
 Hardware stack levels required when called:    8
 This function calls:
		___awdiv
		___wmul
 This function is called by:
		_stop
		_turnLeft
		_fullSpeedAhead
		_setMotorFullSpeed
		_stopMotor
		_turnRight
 This function uses a non-reentrant model


 *************** function ___wmul *****************
 Defined at:
		line 15 in file "C:\Program Files (x86)\Microchip\xc8\v2.05\pic\sources\c99\common\Umul16.c"
 Parameters:    Size  Location     Type
  multiplier      2    9[BANK0 ] unsigned int 
  multiplicand    2   11[BANK0 ] unsigned int 
 Auto vars:     Size  Location     Type
  product         2   13[BANK0 ] unsigned int 
 Return value:  Size  Location     Type
                  2    9[BANK0 ] unsigned int 
 Registers used:
		wreg, status,2, status,0, prodl, prodh
 Tracked objects:
		On entry : 
		On exit  : 
		Unchanged: 
 Data sizes:     COMRAM   BANK0   BANK1   BANK2
      Params:         0       4       0       0
      Locals:         0       2       0       0
      Temps:          0       0       0       0
      Totals:         0       6       0       0
Total ram usage:        6 bytes
 Hardware stack levels used:    1
 Hardware stack levels required when called:    7
 This function calls:
		Nothing
 This function is called by:
		_setMotorPWM
		_process_signal
 This function uses a non-reentrant model


 *************** function ___awdiv *****************
 Defined at:
		line 7 in file "C:\Program Files (x86)\Microchip\xc8\v2.05\pic\sources\c99\common\awdiv.c"
 Parameters:    Size  Location     Type
  dividend        2    1[BANK0 ] int 
  divisor         2    3[BANK0 ] int 
 Auto vars:     Size  Location     Type
  quotient        2    7[BANK0 ] int 
  sign            1    6[BANK0 ] unsigned char 
  counter         1    5[BANK0 ] unsigned char 
 Return value:  Size  Location     Type
                  2    1[BANK0 ] int 
 Registers used:
		wreg, status,2, status,0
 Tracked objects:
		On entry : 
		On exit  : 
		Unchanged: 
 Data sizes:     COMRAM   BANK0   BANK1   BANK2
      Params:         0       4       0       0
      Locals:         0       4       0       0
      Temps:          0       0       0       0
      Totals:         0       8       0       0
Total ram usage:        8 bytes
 Hardware stack levels used:    1
 Hardware stack levels required when called:    7
 This function calls:
		Nothing
 This function is called by:
		_setMotorPWM
		_process_signal
 This function uses a non-reentrant model


 *************** function _init_motors *****************
 Defined at:
		line 144 in file "dc_motor.c"
 Parameters:    Size  Location     Type
  mL              2    1[BANK0 ] PTR struct DC_motor
		 -> main@motorL(9), 
  mR              2    3[BANK0 ] PTR struct DC_motor
		 -> main@motorR(9), 
 Auto vars:     Size  Location     Type
		None
 Return value:  Size  Location     Type
                  1    wreg      void 
 Registers used:
		wreg, fsr2l, fsr2h, status,2, status,0
 Tracked objects:
		On entry : 
		On exit  : 
		Unchanged: 
 Data sizes:     COMRAM   BANK0   BANK1   BANK2
      Params:         0       4       0       0
      Locals:         0       0       0       0
      Temps:          0       0       0       0
      Totals:         0       4       0       0
Total ram usage:        4 bytes
 Hardware stack levels used:    1
 Hardware stack levels required when called:    7
 This function calls:
		Nothing
 This function is called by:
		_main
 This function uses a non-reentrant model


 *************** function _classify_data *****************
 Defined at:
		line 45 in file "signal_processing.c"
 Parameters:    Size  Location     Type
  left_smoothe    2    1[BANK0 ] int 
  right_smooth    2    3[BANK0 ] int 
 Auto vars:     Size  Location     Type
  difference      2    5[BANK0 ] int 
 Return value:  Size  Location     Type
                  1    wreg      unsigned char 
 Registers used:
		wreg, status,2, status,0
 Tracked objects:
		On entry : 
		On exit  : 
		Unchanged: 
 Data sizes:     COMRAM   BANK0   BANK1   BANK2
      Params:         0       4       0       0
      Locals:         0       2       0       0
      Temps:          0       0       0       0
      Totals:         0       6       0       0
Total ram usage:        6 bytes
 Hardware stack levels used:    1
 Hardware stack levels required when called:    7
 This function calls:
		Nothing
 This function is called by:
		_main
 This function uses a non-reentrant model


 *************** function _SetLine *****************
 Defined at:
		line 107 in file "LCDIO.c"
 Parameters:    Size  Location     Type
  line            1    wreg     unsigned char 
 Auto vars:     Size  Location     Type
  line            1    5[BANK0 ] unsigned char 
 Return value:  Size  Location     Type
                  1    wreg      void 
 Registers used:
		wreg, status,2, status,0, cstack
 Tracked objects:
		On entry : 
		On exit  : 
		Unchanged: 
 Data sizes:     COMRAM   BANK0   BANK1   BANK2
      Params:         0       0       0       0
      Locals:         0       1       0       0
      Temps:          0       0       0       0
      Totals:         0       1       0       0
Total ram usage:        1 bytes
 Hardware stack levels used:    1
 Hardware stack levels required when called:   10
 This function calls:
		_SendLCD
 This function is called by:
		_main
 This function uses a non-reentrant model


 *************** function _LCD_String *****************
 Defined at:
		line 119 in file "LCDIO.c"
 Parameters:    Size  Location     Type
  string          2    5[BANK0 ] PTR unsigned char 
		 -> STR_5(16), STR_4(16), STR_3(16), main@temp1(16), 
		 -> main@temp2(16), 
 Auto vars:     Size  Location     Type
		None
 Return value:  Size  Location     Type
                  1    wreg      void 
 Registers used:
		wreg, fsr1l, fsr1h, status,2, status,0, tblptrl, tblptrh, tblptru, cstack
 Tracked objects:
		On entry : 
		On exit  : 
		Unchanged: 
 Data sizes:     COMRAM   BANK0   BANK1   BANK2
      Params:         0       2       0       0
      Locals:         0       0       0       0
      Temps:          0       0       0       0
      Totals:         0       2       0       0
Total ram usage:        2 bytes
 Hardware stack levels used:    1
 Hardware stack levels required when called:   10
 This function calls:
		_SendLCD
 This function is called by:
		_main
 This function uses a non-reentrant model


 *************** function _ClearLCD *****************
 Defined at:
		line 137 in file "LCDIO.c"
 Parameters:    Size  Location     Type
		None
 Auto vars:     Size  Location     Type
		None
 Return value:  Size  Location     Type
                  1    wreg      void 
 Registers used:
		wreg, status,2, status,0, cstack
 Tracked objects:
		On entry : 
		On exit  : 
		Unchanged: 
 Data sizes:     COMRAM   BANK0   BANK1   BANK2
      Params:         0       0       0       0
      Locals:         0       0       0       0
      Temps:          0       1       0       0
      Totals:         0       1       0       0
Total ram usage:        1 bytes
 Hardware stack levels used:    1
 Hardware stack levels required when called:   10
 This function calls:
		_SendLCD
 This function is called by:
		_main
 This function uses a non-reentrant model


 *************** function _SendLCD *****************
 Defined at:
		line 44 in file "LCDIO.c"
 Parameters:    Size  Location     Type
  Byte            1    wreg     unsigned char 
  type            1    3[BANK0 ] unsigned char 
 Auto vars:     Size  Location     Type
  Byte            1    4[BANK0 ] unsigned char 
 Return value:  Size  Location     Type
                  1    wreg      void 
 Registers used:
		wreg, status,2, status,0, cstack
 Tracked objects:
		On entry : 
		On exit  : 
		Unchanged: 
 Data sizes:     COMRAM   BANK0   BANK1   BANK2
      Params:         0       1       0       0
      Locals:         0       1       0       0
      Temps:          0       0       0       0
      Totals:         0       2       0       0
Total ram usage:        2 bytes
 Hardware stack levels used:    1
 Hardware stack levels required when called:    9
 This function calls:
		_LCDout
 This function is called by:
		_init_LCD
		_SetLine
		_LCD_String
		_ClearLCD
		_ShiftLeft
		_ShiftRight
 This function uses a non-reentrant model


 *************** function _LCDout *****************
 Defined at:
		line 31 in file "LCDIO.c"
 Parameters:    Size  Location     Type
  number          1    wreg     unsigned char 
 Auto vars:     Size  Location     Type
  number          1    2[BANK0 ] unsigned char 
 Return value:  Size  Location     Type
                  1    wreg      void 
 Registers used:
		wreg, status,2, status,0, cstack
 Tracked objects:
		On entry : 
		On exit  : 
		Unchanged: 
 Data sizes:     COMRAM   BANK0   BANK1   BANK2
      Params:         0       0       0       0
      Locals:         0       1       0       0
      Temps:          0       1       0       0
      Totals:         0       2       0       0
Total ram usage:        2 bytes
 Hardware stack levels used:    1
 Hardware stack levels required when called:    8
 This function calls:
		_E_TOG
 This function is called by:
		_SendLCD
		_init_LCD
 This function uses a non-reentrant model


 *************** function _E_TOG *****************
 Defined at:
		line 23 in file "LCDIO.c"
 Parameters:    Size  Location     Type
		None
 Auto vars:     Size  Location     Type
		None
 Return value:  Size  Location     Type
                  1    wreg      void 
 Registers used:
		wreg
 Tracked objects:
		On entry : 
		On exit  : 
		Unchanged: 
 Data sizes:     COMRAM   BANK0   BANK1   BANK2
      Params:         0       0       0       0
      Locals:         0       0       0       0
      Temps:          0       0       0       0
      Totals:         0       0       0       0
Total ram usage:        0 bytes
 Hardware stack levels used:    1
 Hardware stack levels required when called:    7
 This function calls:
		Nothing
 This function is called by:
		_LCDout
 This function uses a non-reentrant model


 *************** function _InterruptHandlerLow *****************
 Defined at:
		line 86 in file "main.c"
 Parameters:    Size  Location     Type
		None
 Auto vars:     Size  Location     Type
		None
 Return value:  Size  Location     Type
                  1    wreg      void 
 Registers used:
		None
 Tracked objects:
		On entry : 
		On exit  : 
		Unchanged: 
 Data sizes:     COMRAM   BANK0   BANK1   BANK2
      Params:         0       0       0       0
      Locals:         0       0       0       0
      Temps:          0       1       0       0
      Totals:         0       1       0       0
Total ram usage:        1 bytes
 Hardware stack levels used:    1
 Hardware stack levels required when called:    6
 This function calls:
		Nothing
 This function is called by:
		Interrupt level 1
 This function uses a non-reentrant model


 *************** function _InterruptHandlerHigh *****************
 Defined at:
		line 54 in file "main.c"
 Parameters:    Size  Location     Type
		None
 Auto vars:     Size  Location     Type
  throwaway       1    0        unsigned char 
  RFID_flag       1   39[COMRAM] unsigned char 
 Return value:  Size  Location     Type
                  1    wreg      void 
 Registers used:
		wreg, fsr1l, fsr1h, fsr2l, fsr2h, status,2, status,0, tblptrl, tblptrh, tblptru, cstack
 Tracked objects:
		On entry : 
		On exit  : 
		Unchanged: 
 Data sizes:     COMRAM   BANK0   BANK1   BANK2
      Params:         0       0       0       0
      Locals:         2       0       0       0
      Temps:          8       0       0       0
      Totals:        10       0       0       0
Total ram usage:       10 bytes
 Hardware stack levels used:    1
 Hardware stack levels required when called:    5
 This function calls:
		_check_RFID
		_processRFID
 This function is called by:
		Interrupt level 2
 This function uses a non-reentrant model


 *************** function _processRFID *****************
 Defined at:
		line 34 in file "RFID.c"
 Parameters:    Size  Location     Type
  RFIDbuf         2    5[COMRAM] PTR unsigned char 
		 -> InterruptHandlerHigh@RFIDbuf(12), 
  latestChar      1    7[COMRAM] unsigned char 
 Auto vars:     Size  Location     Type
  i               1   10[COMRAM] unsigned char 
  i               2    8[COMRAM] int 
 Return value:  Size  Location     Type
                  1    wreg      unsigned char 
 Registers used:
		wreg, fsr2l, fsr2h, status,2, status,0, cstack
 Tracked objects:
		On entry : 
		On exit  : 
		Unchanged: 
 Data sizes:     COMRAM   BANK0   BANK1   BANK2
      Params:         3       0       0       0
      Locals:         3       0       0       0
      Temps:          0       0       0       0
      Totals:         6       0       0       0
Total ram usage:        6 bytes
 Hardware stack levels used:    1
 Hardware stack levels required when called:    4
 This function calls:
		i2_ClearLCD
		i2_SendLCD
		i2_SetLine
 This function is called by:
		_InterruptHandlerHigh
 This function uses a non-reentrant model


 *************** function i2_ClearLCD *****************
 Defined at:
		line 137 in file "LCDIO.c"
 Parameters:    Size  Location     Type
		None
 Auto vars:     Size  Location     Type
		None
 Return value:  Size  Location     Type
                  1    wreg      void 
 Registers used:
		wreg, status,2, status,0, cstack
 Tracked objects:
		On entry : 
		On exit  : 
		Unchanged: 
 Data sizes:     COMRAM   BANK0   BANK1   BANK2
      Params:         0       0       0       0
      Locals:         0       0       0       0
      Temps:          1       0       0       0
      Totals:         1       0       0       0
Total ram usage:        1 bytes
 Hardware stack levels used:    1
 Hardware stack levels required when called:    3
 This function calls:
		i2_SendLCD
 This function is called by:
		_processRFID
 This function uses a non-reentrant model


 *************** function _check_RFID *****************
 Defined at:
		line 79 in file "RFID.c"
 Parameters:    Size  Location     Type
  dataBuf         2    6[COMRAM] PTR unsigned char 
		 -> InterruptHandlerHigh@RFIDbuf(12), 
 Auto vars:     Size  Location     Type
  i               2   28[COMRAM] int 
  hexBuf         12   10[COMRAM] unsigned char [12]
  checksum        1   27[COMRAM] unsigned char 
  byte5           1   26[COMRAM] unsigned char 
  byte4           1   25[COMRAM] unsigned char 
  byte3           1   24[COMRAM] unsigned char 
  byte2           1   23[COMRAM] unsigned char 
  byte1           1   22[COMRAM] unsigned char 
 Return value:  Size  Location     Type
                  1    wreg      void 
 Registers used:
		wreg, fsr1l, fsr1h, fsr2l, fsr2h, status,2, status,0, tblptrl, tblptrh, tblptru, cstack
 Tracked objects:
		On entry : 
		On exit  : 
		Unchanged: 
 Data sizes:     COMRAM   BANK0   BANK1   BANK2
      Params:         2       0       0       0
      Locals:        20       0       0       0
      Temps:          2       0       0       0
      Totals:        24       0       0       0
Total ram usage:       24 bytes
 Hardware stack levels used:    1
 Hardware stack levels required when called:    4
 This function calls:
		i2_LCD_String
		i2_SetLine
 This function is called by:
		_InterruptHandlerHigh
 This function uses a non-reentrant model


 *************** function i2_SetLine *****************
 Defined at:
		line 107 in file "LCDIO.c"
 Parameters:    Size  Location     Type
  line            1    wreg     unsigned char 
 Auto vars:     Size  Location     Type
  line            1    4[COMRAM] unsigned char 
 Return value:  Size  Location     Type
                  1    wreg      void 
 Registers used:
		wreg, status,2, status,0, cstack
 Tracked objects:
		On entry : 
		On exit  : 
		Unchanged: 
 Data sizes:     COMRAM   BANK0   BANK1   BANK2
      Params:         0       0       0       0
      Locals:         1       0       0       0
      Temps:          0       0       0       0
      Totals:         1       0       0       0
Total ram usage:        1 bytes
 Hardware stack levels used:    1
 Hardware stack levels required when called:    3
 This function calls:
		i2_SendLCD
 This function is called by:
		_processRFID
		_check_RFID
 This function uses a non-reentrant model


 *************** function i2_LCD_String *****************
 Defined at:
		line 119 in file "LCDIO.c"
 Parameters:    Size  Location     Type
  string          2    4[COMRAM] PTR unsigned char 
		 -> STR_5(16), STR_4(16), STR_3(16), main@temp1(16), 
		 -> main@temp2(16), 
 Auto vars:     Size  Location     Type
		None
 Return value:  Size  Location     Type
                  1    wreg      void 
 Registers used:
		wreg, fsr1l, fsr1h, status,2, status,0, tblptrl, tblptrh, tblptru, cstack
 Tracked objects:
		On entry : 
		On exit  : 
		Unchanged: 
 Data sizes:     COMRAM   BANK0   BANK1   BANK2
      Params:         2       0       0       0
      Locals:         0       0       0       0
      Temps:          0       0       0       0
      Totals:         2       0       0       0
Total ram usage:        2 bytes
 Hardware stack levels used:    1
 Hardware stack levels required when called:    3
 This function calls:
		i2_SendLCD
 This function is called by:
		_check_RFID
 This function uses a non-reentrant model


 *************** function i2_SendLCD *****************
 Defined at:
		line 44 in file "LCDIO.c"
 Parameters:    Size  Location     Type
  Byte            1    wreg     unsigned char 
  type            1    2[COMRAM] unsigned char 
 Auto vars:     Size  Location     Type
  Byte            1    3[COMRAM] unsigned char 
 Return value:  Size  Location     Type
                  1    wreg      void 
 Registers used:
		wreg, status,2, status,0, cstack
 Tracked objects:
		On entry : 
		On exit  : 
		Unchanged: 
 Data sizes:     COMRAM   BANK0   BANK1   BANK2
      Params:         1       0       0       0
      Locals:         1       0       0       0
      Temps:          0       0       0       0
      Totals:         2       0       0       0
Total ram usage:        2 bytes
 Hardware stack levels used:    1
 Hardware stack levels required when called:    2
 This function calls:
		i2_LCDout
 This function is called by:
		_processRFID
		i2_SetLine
		i2_LCD_String
		i2_ClearLCD
 This function uses a non-reentrant model


 *************** function i2_LCDout *****************
 Defined at:
		line 31 in file "LCDIO.c"
 Parameters:    Size  Location     Type
  number          1    wreg     unsigned char 
 Auto vars:     Size  Location     Type
  number          1    1[COMRAM] unsigned char 
 Return value:  Size  Location     Type
                  1    wreg      void 
 Registers used:
		wreg, status,2, status,0, cstack
 Tracked objects:
		On entry : 
		On exit  : 
		Unchanged: 
 Data sizes:     COMRAM   BANK0   BANK1   BANK2
      Params:         0       0       0       0
      Locals:         1       0       0       0
      Temps:          1       0       0       0
      Totals:         2       0       0       0
Total ram usage:        2 bytes
 Hardware stack levels used:    1
 Hardware stack levels required when called:    1
 This function calls:
		i2_E_TOG
 This function is called by:
		i2_SendLCD
 This function uses a non-reentrant model


 *************** function i2_E_TOG *****************
 Defined at:
		line 23 in file "LCDIO.c"
 Parameters:    Size  Location     Type
		None
 Auto vars:     Size  Location     Type
		None
 Return value:  Size  Location     Type
                  1    wreg      void 
 Registers used:
		wreg
 Tracked objects:
		On entry : 
		On exit  : 
		Unchanged: 
 Data sizes:     COMRAM   BANK0   BANK1   BANK2
      Params:         0       0       0       0
      Locals:         0       0       0       0
      Temps:          0       0       0       0
      Totals:         0       0       0       0
Total ram usage:        0 bytes
 Hardware stack levels used:    1
 This function calls:
		Nothing
 This function is called by:
		i2_LCDout
 This function uses a non-reentrant model



MODULE INFORMATION

Module		Function		Class		Link	Load	Size
C:\Program Files (x86)\Microchip\xc8\v2.05\pic\sources\c99\common\putch.c
		_putch         		CODE           	17EA	0000	3

C:\Program Files (x86)\Microchip\xc8\v2.05\pic\sources\c99\common\putch.c estimated size: 3

dc_motor.c
		_fullSpeedAhead		CODE           	1314	0000	117
		_turnLeft      		CODE           	109A	0000	135
		_stop          		CODE           	14F0	0000	83
		_init_motors   		CODE           	0B5E	0000	213
		_setMotorPWM   		CODE           	0956	0000	303
		_moveToBeacon  		CODE           	0F88	0000	139
		_initPWM       		CODE           	177E	0000	29

dc_motor.c estimated size: 1019

C:\Program Files (x86)\Microchip\xc8\v2.05\pic\sources\c99\common\nf_fputc.c
		_fputc         		CODE           	0DB2	0000	163

C:\Program Files (x86)\Microchip\xc8\v2.05\pic\sources\c99\common\nf_fputc.c estimated size: 163

C:\Program Files (x86)\Microchip\xc8\v2.05\pic\sources\c99\common\lodiv.c
		___lodiv       		CODE           	0C32	0000	209

C:\Program Files (x86)\Microchip\xc8\v2.05\pic\sources\c99\common\lodiv.c estimated size: 209

signal_processing.c
		_process_signal		CODE           	0EF2	0000	151
		_init_sensors  		CODE           	1760	0000	31
		_classify_data 		CODE           	1542	0000	63

signal_processing.c estimated size: 245

C:\Program Files (x86)\Microchip\xc8\v2.05\pic\sources\c99\common\strlen.c
		_strlen        		CODE           	16BC	0000	47

C:\Program Files (x86)\Microchip\xc8\v2.05\pic\sources\c99\common\strlen.c estimated size: 47

RFID.c
		_processRFID   		CODE           	1012	0000	137
		_check_RFID    		CODE           	0806	0000	337
		_init_RFID     		CODE           	179A	0000	27

RFID.c estimated size: 501

C:\Program Files (x86)\Microchip\xc8\v2.05\pic\sources\c99\common\awdiv.c
		___awdiv       		CODE           	1120	0000	135

C:\Program Files (x86)\Microchip\xc8\v2.05\pic\sources\c99\common\awdiv.c estimated size: 135

C:\Program Files (x86)\Microchip\xc8\v2.05\pic\sources\c99\common\doprnt.c
		_vfpfcnvrt     		CODE           	0698	0000	367
		_pad           		CODE           	0E54	0000	159
		_vfprintf      		CODE           	1448	0000	87
		_utoa          		CODE           	0346	0000	437

C:\Program Files (x86)\Microchip\xc8\v2.05\pic\sources\c99\common\doprnt.c estimated size: 1050

shared
		i2_ClearLCD    		CODE           	17B4	0000	27
		i2_LCDout      		CODE           	129C	0000	121
		i2_LCD_String  		CODE           	13EA	0000	95
		i2_SetLine     		CODE           	16EA	0000	47
		i2_E_TOG       		CODE           	17DC	0000	15
		__initialization		CODE           	15F4	0000	39
		i2_SendLCD     		CODE           	168C	0000	49

shared estimated size: 393

C:\Program Files (x86)\Microchip\xc8\v2.05\pic\sources\c99\common\nf_sprintf.c
		_sprintf       		CODE           	149E	0000	83

C:\Program Files (x86)\Microchip\xc8\v2.05\pic\sources\c99\common\nf_sprintf.c estimated size: 83

C:\Program Files (x86)\Microchip\xc8\v2.05\pic\sources\c99\common\Umul16.c
		___wmul        		CODE           	1718	0000	41

C:\Program Files (x86)\Microchip\xc8\v2.05\pic\sources\c99\common\Umul16.c estimated size: 41

C:\Program Files (x86)\Microchip\xc8\v2.05\pic\sources\c99\common\nf_fputs.c
		_fputs         		CODE           	1580	0000	61

C:\Program Files (x86)\Microchip\xc8\v2.05\pic\sources\c99\common\nf_fputs.c estimated size: 61

LCDIO.c
		_SetLine       		CODE           	1628	0000	53
		_LCD_String    		CODE           	1388	0000	99
		_SendLCD       		CODE           	15BC	0000	57
		_E_TOG         		CODE           	17CE	0000	15
		_init_LCD      		CODE           	0A84	0000	219
		_ClearLCD      		CODE           	1740	0000	33
		_LCDout        		CODE           	11A6	0000	125

LCDIO.c estimated size: 601

main.c
		_main          		CODE           	04FA	0000	415
		_InterruptHandlerLow		CODE           	0018	0000	15
		_InterruptHandlerHigh		CODE           	0008	0000	129
		_setup         		CODE           	165C	0000	49

main.c estimated size: 608

C:\Program Files (x86)\Microchip\xc8\v2.05\pic\sources\c99\common\lomod.c
		___lomod       		CODE           	0D02	0000	177

C:\Program Files (x86)\Microchip\xc8\v2.05\pic\sources\c99\common\lomod.c estimated size: 177

